=== wrap_vol sheet 500 ===
args: {'sheet_mm': 500.0, 'sheet_x_mm': 0.0, 'sheet_y_mm': 0.0, 'out': 'grasp/out_g', 'mug': 'mug.stl', 'carton': 'carton_w131.usd', 'tex': 'bubble_normal.png', 'tex_mm': 200.0, 'thick_mm': 4.0, 'nxy': 35, 'young': 2000.0, 'poisson': 0.45, 'areal': 0.1, 'fric': 0.8, 'cont': 0.002, 'rest': 0.0005, 'solver': 128, 'dt': 0.004166666666666667, 'margin': 0.012, 'wall': 0.006, 'fold_span': 3.0, 'fold_hold': 0.5, 'slow': '', 'tip_extra': '', 'tip_over_mm': 30.0, 'lid_span': 4.0, 'open_span': 3.0, 'movebox': '0,0.20,0.10', 'move_t': 6.0, 'base_collider_pad': 0.02, 'squeeze_t': 2.5, 'squeeze_mm': 3.0, 'until': 'all', 'rest_npz': '', 'cam_ref': 0.586, 'meas_dt': 0.5, 'fps': 30, 'tuck': 1, 'grasp': 1, 'grasp_rank': 1, 'pick_mm': 25.0, 'pick_in_mm': 25.0, 'arc_k': 0.8, 'peel_t': 6.0, 'gap_mm': 4.5, 'ffric': 2.0, 'pick_mode': 'jaw', 'chord': 1, 'arc2': 0, 'clear_mm': 6.0, 'steep_deg': 45.0, 'second': 1, 'gcam_focal': 2.8}
杯子躺平 133 x 107 x 93 mm;杯口 +y、杯耳 +x;watertight=True
折線 CX=84.63 CY=71.50 mm;折邊長 x 165.4 / y 178.5 mm
set_physics_volume_deformable_body(/World/plate) -> True
  collider /World/plate:schema 預設 contactOffset=-inf restOffset=-inf → 設 0.002 / 0.0005
板 500x500x4mm:2592 點 6125 tets;dxy 14.29mm;solver 128 dt 1/240
視覺網格 /World/sheet_vis:5180 三角形(上/下/側面),泡泡法線貼圖 bubble_normal.png
杯子 kinematic,底 z=6.5 頂 z=99.1 mm
錨 xp:最外圈 72 點中 SIDEPICK 歸本邊 68,綁 20 點(上下兩層)
錨 xn:最外圈 72 點中 SIDEPICK 歸本邊 68,綁 20 點(上下兩層)
錨 yp:最外圈 72 點中 SIDEPICK 歸本邊 72,綁 24 點(上下兩層)
錨 yn:最外圈 72 點中 SIDEPICK 歸本邊 72,綁 24 點(上下兩層)
  xp:折線 84.6、折邊 165.4、已疊 0 層 → 尖端中面 z=103.1(底面 101.1)、越過頂面 arm 64.7 → 尖端 along=19.9 mm(搆不到中線)
  xn:折線 84.6、折邊 165.4、已疊 0 層 → 尖端中面 z=103.1(底面 101.1)、越過頂面 arm 64.7 → 尖端 along=19.9 mm(搆不到中線)
  yp:折線 71.5、折邊 178.5、已疊 1 層 → 尖端中面 z=108.1(底面 106.1)、越過頂面 arm 72.9 → 尖端 along=-1.4 mm(到/越過中線)
  yn:折線 71.5、折邊 178.5、已疊 2 層 → 尖端中面 z=113.1(底面 111.1)、越過頂面 arm 67.9 → 尖端 along=3.6 mm(搆不到中線)
錨:26 個 kinematic 錨體(x 邊各 1 根桿;y 邊每欄 1 個,共 24 欄),全部無碰撞;VtxXformAttachment 掛 /World/attach/*
★ 紙箱 carton_w131.usd(meta carton_w131.meta.json):5 剛體 kinematic;bbox 270x230x134;箱底內面 z=3.0、箱口最高 133.9;內腔 ±132 x ±112;鉸鏈 123.0/129.5
★ 底板碰撞加厚 20mm(不可見)
  蓋 fxp:USD 預設中心 z=126.4 → 關;開 = 轉 +180°
  蓋 fxn:USD 預設中心 z=126.4 → 關;開 = 轉 +180°
  蓋 fyp:USD 預設中心 z=131.7 → 關;開 = 轉 +180°
  蓋 fyn:USD 預設中心 z=131.7 → 關;開 = 轉 +180°
★ 紙箱 reset 前擺到旁邊 [-800.  450.   -3.] mm、蓋子開(180°);箱底內面對齊地面(z 偏 −3.0mm)
★ --grasp 1:kinematic 指 rod [ 8. 30.  8.] / 上下指 [20. 20.  8.] mm,指面摩擦 2.0(rod 0.5),cont 1 / rest 0;停在 [3. 3. 1.]
錨 rigid body view:26 個(kinematic target)
抓取指 rigid body view:3 個
抓取段:open hold 完 45.90 → settle → yn@46.90 / yp@66.60 每片 19.7s(挑角 0~4.5、下指進 ~7.1、夾好 9.7、掀 6.0s、停 2.0s、放開);結束 86.30
時間表:折 xp@0.5(3.0s) xn@4.0(3.0s) yp@7.5(3.0s) yn@11.0(3.0s) | 折完 14.50 | 入箱 17.50 | 關下蓋 18.50 | 關上蓋 22.50 | 放錨+杯動態 26.50 | 搬 28.90~34.90 | 開上蓋 36.90 | 開下蓋 39.90 | 結束 45.90(本次跑到 86.30)
渲染 30 fps,每幀 8 物理步;共 2589 幀
t=  0.03 settle                   bbox 500x500x  5 | 自穿    0 | 布穿杯   0 | 反轉   0 | 體積比 0.9993 | 邊長比 [0.995,1.006] | 杯心 (  0.0,  0.0, 52.8) | 杯頂上 0 層 間距 nan 頂厚 nan
t=  0.53 fold xp                  bbox 500x500x  5 | 自穿    0 | 布穿杯   0 | 反轉   0 | 體積比 0.9993 | 邊長比 [0.993,1.007] | 杯心 (  0.0,  0.0, 52.8)
t=  1.03 fold xp                  bbox 499x500x 47 | 自穿    0 | 布穿杯   0 | 反轉   0 | 體積比 1.0001 | 邊長比 [0.886,1.215] | 杯心 (  0.0,  0.0, 52.8)
t=  1.53 fold xp                  bbox 475x500x129 | 自穿    0 | 布穿杯   0 | 反轉   0 | 體積比 1.0009 | 邊長比 [0.805,1.479] | 杯心 (  0.0,  0.0, 52.8)
t=  2.03 fold xp                  bbox 385x510x167 | 自穿    0 | 布穿杯   0 | 反轉   0 | 體積比 1.0002 | 邊長比 [0.840,1.380] | 杯心 (  0.0,  0.0, 52.8) | 杯頂上 0 層 間距 nan 頂厚 nan
t=  2.53 fold xp                  bbox 365x503x149 | 自穿    0 | 布穿杯   0 | 反轉   0 | 體積比 0.9995 | 邊長比 [0.876,1.252] | 杯心 (  0.0,  0.0, 52.8)
t=  3.03 fold xp                  bbox 368x501x117 | 自穿    0 | 布穿杯   0 | 反轉   0 | 體積比 0.9989 | 邊長比 [0.866,1.188] | 杯心 (  0.0,  0.0, 52.8)
t=  3.53 fold xp                  bbox 373x502x104 | 自穿    0 | 布穿杯   0 | 反轉   0 | 體積比 0.9987 | 邊長比 [0.855,1.222] | 杯心 (  0.0,  0.0, 52.8)
t=  4.03 fold xn                  bbox 372x502x104 | 自穿    0 | 布穿杯   0 | 反轉   0 | 體積比 0.9986 | 邊長比 [0.848,1.246] | 杯心 (  0.0,  0.0, 52.8) | 杯頂上 0 層 間距 nan 頂厚 31.1
t=  4.53 fold xn                  bbox 370x503x104 | 自穿    0 | 布穿杯   0 | 反轉   0 | 體積比 0.9994 | 邊長比 [0.839,1.253] | 杯心 (  0.0,  0.0, 52.8)
t=  5.03 fold xn                  bbox 343x503x129 | 自穿    0 | 布穿杯   0 | 反轉   0 | 體積比 1.0002 | 邊長比 [0.819,1.458] | 杯心 (  0.0,  0.0, 52.8)
t=  5.53 fold xn                  bbox 253x507x167 | 自穿    0 | 布穿杯   0 | 反轉   0 | 體積比 0.9995 | 邊長比 [0.839,1.348] | 杯心 (  0.0,  0.0, 52.8)
t=  6.03 fold xn                  bbox 235x503x149 | 自穿    0 | 布穿杯   0 | 反轉   0 | 體積比 0.9989 | 邊長比 [0.841,1.251] | 杯心 (  0.0,  0.0, 52.8) | 杯頂上 0 層 間距 nan 頂厚 36.5
t=  6.53 fold xn                  bbox 238x503x117 | 自穿    0 | 布穿杯   0 | 反轉   0 | 體積比 0.9983 | 邊長比 [0.840,1.250] | 杯心 (  0.0,  0.0, 52.8)
t=  7.03 fold xn                  bbox 242x503x105 | 自穿    0 | 布穿杯   0 | 反轉   0 | 體積比 0.9978 | 邊長比 [0.839,1.246] | 杯心 (  0.0,  0.0, 52.8)
t=  7.53 fold yp                  bbox 242x503x105 | 自穿    0 | 布穿杯   0 | 反轉   0 | 體積比 0.9978 | 邊長比 [0.841,1.251] | 杯心 (  0.0,  0.0, 52.8)
t=  8.03 fold yp                  bbox 244x500x105 | 自穿    0 | 布穿杯   0 | 反轉   0 | 體積比 0.9981 | 邊長比 [0.798,1.248] | 杯心 (  0.0,  0.0, 52.8) | 杯頂上 1 層 間距 nan 頂厚 12.2
t=  8.53 fold yp                  bbox 247x452x147 | 自穿    0 | 布穿杯   0 | 反轉   0 | 體積比 0.9984 | 邊長比 [0.777,1.377] | 杯心 (  0.0,  0.0, 52.8)
t=  9.03 fold yp                  bbox 248x380x181 | 自穿    0 | 布穿杯   0 | 反轉   0 | 體積比 0.9971 | 邊長比 [0.686,1.407] | 杯心 (  0.0,  0.0, 52.8)
t=  9.53 fold yp                  bbox 245x369x159 | 自穿    0 | 布穿杯   0 | 反轉   0 | 體積比 0.9965 | 邊長比 [0.626,1.507] | 杯心 (  0.0,  0.0, 52.8)
t= 10.03 fold yp                  bbox 244x368x124 | 自穿    0 | 布穿杯   0 | 反轉   0 | 體積比 0.9960 | 邊長比 [0.606,1.485] | 杯心 (  0.0,  0.0, 52.8) | 杯頂上 1 層 間距 10.73 頂厚 27.0
t= 10.53 fold yp                  bbox 245x370x118 | 自穿    0 | 布穿杯   0 | 反轉   0 | 體積比 0.9956 | 邊長比 [0.592,1.478] | 杯心 (  0.0,  0.0, 52.8)
t= 11.03 fold yn                  bbox 245x369x118 | 自穿    0 | 布穿杯   0 | 反轉   0 | 體積比 0.9957 | 邊長比 [0.609,1.495] | 杯心 (  0.0,  0.0, 52.8)
t= 11.53 fold yn                  bbox 248x368x119 | 自穿    0 | 布穿杯   0 | 反轉   0 | 體積比 0.9958 | 邊長比 [0.592,1.494] | 杯心 (  0.0,  0.0, 52.8)
t= 12.03 fold yn                  bbox 254x319x148 | 自穿    0 | 布穿杯   0 | 反轉   0 | 體積比 0.9959 | 邊長比 [0.570,1.480] | 杯心 (  0.0,  0.0, 52.8) | 杯頂上 1 層 間距 7.14 頂厚 21.5
t= 12.53 fold yn                  bbox 249x246x181 | 自穿    0 | 布穿杯   0 | 反轉   0 | 體積比 0.9950 | 邊長比 [0.614,1.477] | 杯心 (  0.0,  0.0, 52.8)
t= 13.03 fold yn                  bbox 246x236x161 | 自穿    0 | 布穿杯   0 | 反轉   0 | 體積比 0.9940 | 邊長比 [0.613,1.474] | 杯心 (  0.0,  0.0, 52.8)
t= 13.53 fold yn                  bbox 249x238x133 | 自穿    0 | 布穿杯   0 | 反轉   0 | 體積比 0.9936 | 邊長比 [0.610,1.485] | 杯心 (  0.0,  0.0, 52.8)
t= 14.03 fold yn                  bbox 246x239x126 | 自穿   12 | 布穿杯   0 | 反轉   5 | 體積比 0.9899 | 邊長比 [0.150,2.141] | 杯心 (  0.0,  0.0, 52.8) | 杯頂上 3 層 間距 7.39 頂厚 26.5
t= 14.53 tuck ears (side squeeze) bbox 249x240x126 | 自穿    7 | 布穿杯   0 | 反轉   0 | 體積比 0.9916 | 邊長比 [0.607,1.470] | 杯心 (  0.0,  0.0, 52.8)
t= 15.03 tuck ears (side squeeze) bbox 249x240x125 | 自穿    8 | 布穿杯   0 | 反轉   0 | 體積比 0.9922 | 邊長比 [0.610,1.489] | 杯心 (  0.0,  0.0, 52.8)
t= 15.53 tuck ears (side squeeze) bbox 248x241x126 | 自穿    5 | 布穿杯   0 | 反轉   0 | 體積比 0.9921 | 邊長比 [0.595,1.483] | 杯心 (  0.0,  0.0, 52.8)
t= 16.03 tuck ears (side squeeze) bbox 248x242x126 | 自穿    4 | 布穿杯   0 | 反轉   0 | 體積比 0.9921 | 邊長比 [0.608,1.472] | 杯心 (  0.0,  0.0, 52.8) | 杯頂上 3 層 間距 7.16 頂厚 27.1
t= 16.53 tuck ears (side squeeze) bbox 249x242x127 | 自穿    5 | 布穿杯   0 | 反轉   0 | 體積比 0.9924 | 邊長比 [0.603,1.475] | 杯心 (  0.0,  0.0, 52.8)
t= 17.03 tuck ears (side squeeze) bbox 250x216x127 | 自穿    4 | 布穿杯   0 | 反轉   0 | 體積比 0.9899 | 邊長比 [0.566,1.554] | 杯心 (  0.0,  0.0, 52.8)
  箱子 tensor set_transforms 瞬移 5 個剛體(base + 4 蓋)

★ t=17.500 入箱:包裹(布)bbox 中心 (0.0,0.0) mm,杯心 (0.0,0.0,52.8);箱子剛性瞬移到 [ 0.  0. -3.] mm(箱底內面 = 地面)
  入箱前(瞬移前)以箱子目標位置比對內腔:
  布     2592 點;超出內腔 0 | x 超 0 / y 超 0 / 低於底 0(最深 0.00mm)/ 高於口 0 | x -123.8~126.0(±132) y -108.0~108.0(±112) z 3.5~130.5(3.0~133.9)
  杯子   24832 點;超出內腔 0 | x 超 0 / y 超 0 / 低於底 0(最深 0.00mm)/ 高於口 0 | x -66.6~66.6(±132) y -53.5~53.5(±112) z 9.5~102.1(3.0~133.9)
  地板碰撞關閉(1 collider);箱底(+pad)接手
t= 17.53 into box                 bbox 249x216x128 | 自穿    3 | 布穿杯   0 | 反轉   0 | 體積比 0.9898 | 邊長比 [0.571,1.552] | 杯心 (  0.0,  0.0, 52.8) | 箱位移 (0,0,0) 蓋z(相對箱底) fxp=116.6 fxn=116.6 fyp=124.3 fyn=124.3
t= 18.03 into box                 bbox 249x216x128 | 自穿    4 | 布穿杯   0 | 反轉   0 | 體積比 0.9900 | 邊長比 [0.573,1.552] | 杯心 (  0.0,  0.0, 52.8) | 箱位移 (0,0,0) 蓋z(相對箱底) fxp=116.6 fxn=116.6 fyp=124.3 fyn=124.3 | 杯頂上 3 層 間距 7.07 頂厚 25.8
t= 18.53 close lower lids         bbox 250x216x128 | 自穿    4 | 布穿杯   0 | 反轉   0 | 體積比 0.9899 | 邊長比 [0.568,1.549] | 杯心 (  0.0,  0.0, 52.8) | 箱位移 (0,0,0) 蓋z(相對箱底) fxp=116.7 fxn=116.7 fyp=124.3 fyn=124.3
t= 19.03 close lower lids         bbox 250x216x128 | 自穿    3 | 布穿杯   0 | 反轉   0 | 體積比 0.9896 | 邊長比 [0.570,1.550] | 杯心 (  0.0,  0.0, 52.8) | 箱位移 (0,0,0) 蓋z(相對箱底) fxp=125.4 fxn=125.4 fyp=124.3 fyn=124.3
t= 19.53 close lower lids         bbox 249x216x128 | 自穿    3 | 布穿杯   0 | 反轉   0 | 體積比 0.9899 | 邊長比 [0.568,1.552] | 杯心 (  0.0,  0.0, 52.8) | 箱位移 (0,0,0) 蓋z(相對箱底) fxp=145.6 fxn=145.6 fyp=124.3 fyn=124.3
t= 20.03 close lower lids         bbox 250x216x128 | 自穿    3 | 布穿杯   0 | 反轉   0 | 體積比 0.9898 | 邊長比 [0.568,1.551] | 杯心 (  0.0,  0.0, 52.8) | 箱位移 (0,0,0) 蓋z(相對箱底) fxp=167.5 fxn=167.5 fyp=124.3 fyn=124.3 | 杯頂上 3 層 間距 6.90 頂厚 25.8
t= 20.53 close lower lids         bbox 250x216x128 | 自穿    3 | 布穿杯   0 | 反轉   0 | 體積比 0.9899 | 邊長比 [0.569,1.553] | 杯心 (  0.0,  0.0, 52.8) | 箱位移 (0,0,0) 蓋z(相對箱底) fxp=177.5 fxn=177.5 fyp=124.3 fyn=124.3
t= 21.03 close lower lids         bbox 250x216x128 | 自穿    3 | 布穿杯   0 | 反轉   0 | 體積比 0.9897 | 邊長比 [0.569,1.552] | 杯心 (  0.0,  0.0, 52.8) | 箱位移 (0,0,0) 蓋z(相對箱底) fxp=168.9 fxn=168.9 fyp=124.3 fyn=124.3
t= 21.53 close lower lids         bbox 250x216x127 | 自穿    2 | 布穿杯   0 | 反轉   0 | 體積比 0.9899 | 邊長比 [0.567,1.545] | 杯心 (  0.0,  0.0, 52.8) | 箱位移 (0,0,0) 蓋z(相對箱底) fxp=148.6 fxn=148.6 fyp=124.3 fyn=124.3
t= 22.03 close lower lids         bbox 250x216x123 | 自穿    2 | 布穿杯   0 | 反轉   0 | 體積比 0.9897 | 邊長比 [0.570,1.547] | 杯心 (  0.0,  0.0, 52.8) | 箱位移 (0,0,0) 蓋z(相對箱底) fxp=130.1 fxn=130.1 fyp=124.3 fyn=124.3 | 杯頂上 3 層 間距 6.93 頂厚 26.5
t= 22.53 close upper lids         bbox 250x216x120 | 自穿    2 | 布穿杯   0 | 反轉   0 | 體積比 0.9896 | 邊長比 [0.569,1.551] | 杯心 (  0.0,  0.0, 52.8) | 箱位移 (0,0,0) 蓋z(相對箱底) fxp=123.4 fxn=123.4 fyp=124.3 fyn=124.3
t= 23.03 close upper lids         bbox 251x216x120 | 自穿    6 | 布穿杯   0 | 反轉   0 | 體積比 0.9896 | 邊長比 [0.571,1.548] | 杯心 (  0.0,  0.0, 52.8) | 箱位移 (0,0,0) 蓋z(相對箱底) fxp=123.4 fxn=123.4 fyp=132.7 fyn=132.7
t= 23.53 close upper lids         bbox 251x216x120 | 自穿    3 | 布穿杯   0 | 反轉   0 | 體積比 0.9890 | 邊長比 [0.576,1.554] | 杯心 (  0.0,  0.0, 52.8) | 箱位移 (0,0,0) 蓋z(相對箱底) fxp=123.4 fxn=123.4 fyp=152.1 fyn=152.1
t= 24.03 close upper lids         bbox 252x216x120 | 自穿    2 | 布穿杯   0 | 反轉   0 | 體積比 0.9895 | 邊長比 [0.573,1.554] | 杯心 (  0.0,  0.0, 52.8) | 箱位移 (0,0,0) 蓋z(相對箱底) fxp=123.4 fxn=123.4 fyp=172.7 fyn=172.7 | 杯頂上 3 層 間距 6.79 頂厚 25.4
t= 24.53 close upper lids         bbox 251x216x120 | 自穿    2 | 布穿杯   0 | 反轉   0 | 體積比 0.9894 | 邊長比 [0.573,1.556] | 杯心 (  0.0,  0.0, 52.8) | 箱位移 (0,0,0) 蓋z(相對箱底) fxp=123.4 fxn=123.4 fyp=181.8 fyn=181.8
t= 25.03 close upper lids         bbox 252x216x120 | 自穿    3 | 布穿杯   0 | 反轉   0 | 體積比 0.9895 | 邊長比 [0.574,1.548] | 杯心 (  0.0,  0.0, 52.8) | 箱位移 (0,0,0) 蓋z(相對箱底) fxp=123.4 fxn=123.4 fyp=172.9 fyn=172.9
t= 25.53 close upper lids         bbox 252x216x121 | 自穿    4 | 布穿杯   0 | 反轉   0 | 體積比 0.9893 | 邊長比 [0.573,1.547] | 杯心 (  0.0,  0.0, 52.8) | 箱位移 (0,0,0) 蓋z(相對箱底) fxp=123.4 fxn=123.4 fyp=153.1 fyn=153.1
t= 26.03 close upper lids         bbox 252x216x120 | 自穿    4 | 布穿杯   0 | 反轉   0 | 體積比 0.9899 | 邊長比 [0.569,1.551] | 杯心 (  0.0,  0.0, 52.8) | 箱位移 (0,0,0) 蓋z(相對箱底) fxp=123.4 fxn=123.4 fyp=135.2 fyn=135.2 | 杯頂上 3 層 間距 6.56 頂厚 25.4
t= 26.53 release paddles          bbox 252x219x120 | 自穿    2 | 布穿杯   0 | 反轉   0 | 體積比 0.9899 | 邊長比 [0.579,1.539] | 杯心 (  0.0,  0.0, 52.8) | 箱位移 (0,0,0) 蓋z(相對箱底) fxp=123.4 fxn=123.4 fyp=128.7 fyn=128.7

★ t=26.900 關蓋完成 → RemovePrim 全部錨點(4 scope);杯子轉 dynamic
t= 27.03 release anchors / settle bbox 256x223x123 | 自穿    2 | 布穿杯   0 | 反轉   0 | 體積比 0.9874 | 邊長比 [0.545,1.590] | 杯心 (  4.9, -5.1, 47.0) | 箱位移 (0,0,0) 蓋z(相對箱底) fxp=123.4 fxn=123.4 fyp=128.7 fyn=128.7
t= 27.53 release anchors / settle bbox 256x223x123 | 自穿    2 | 布穿杯   0 | 反轉   0 | 體積比 0.9871 | 邊長比 [0.390,1.594] | 杯心 (  7.7, -3.4, 44.7) | 箱位移 (0,0,0) 蓋z(相對箱底) fxp=123.4 fxn=123.4 fyp=128.7 fyn=128.7
t= 28.03 release anchors / settle bbox 263x223x121 | 自穿    1 | 布穿杯   0 | 反轉   0 | 體積比 0.9875 | 邊長比 [0.559,1.586] | 杯心 (  5.7, -6.1, 44.3) | 箱位移 (0,0,0) 蓋z(相對箱底) fxp=123.4 fxn=123.4 fyp=128.7 fyn=128.7 | 杯頂上 1 層 間距 10.06 頂厚 18.0
t= 28.53 release anchors / settle bbox 263x223x123 | 自穿    1 | 布穿杯   0 | 反轉   0 | 體積比 0.9875 | 邊長比 [0.558,1.577] | 杯心 (  5.7, -5.4, 43.6) | 箱位移 (0,0,0) 蓋z(相對箱底) fxp=123.4 fxn=123.4 fyp=128.7 fyn=128.7
t= 29.03 move box                 bbox 263x223x121 | 自穿    1 | 布穿杯   0 | 反轉   0 | 體積比 0.9868 | 邊長比 [0.538,1.579] | 杯心 (  5.8, -5.2, 43.5) | 箱位移 (0,0,0) 蓋z(相對箱底) fxp=123.4 fxn=123.4 fyp=128.7 fyn=128.7
t= 29.53 move box                 bbox 263x223x123 | 自穿    2 | 布穿杯   0 | 反轉   0 | 體積比 0.9870 | 邊長比 [0.563,1.583] | 杯心 (  6.6,  0.2, 45.9) | 箱位移 (0,6,3) 蓋z(相對箱底) fxp=123.4 fxn=123.4 fyp=128.7 fyn=128.7
t= 30.03 move box                 bbox 263x223x122 | 自穿    1 | 布穿杯   0 | 反轉   0 | 體積比 0.9865 | 邊長比 [0.571,1.603] | 杯心 (  6.1, 12.4, 52.0) | 箱位移 (0,19,9) 蓋z(相對箱底) fxp=123.4 fxn=123.4 fyp=128.7 fyn=128.7 | 杯頂上 1 層 間距 14.19 頂厚 18.1
t= 30.53 move box                 bbox 263x223x121 | 自穿    1 | 布穿杯   0 | 反轉   0 | 體積比 0.9862 | 邊長比 [0.549,1.589] | 杯心 (  6.9, 30.3, 60.3) | 箱位移 (0,36,18) 蓋z(相對箱底) fxp=123.4 fxn=123.4 fyp=128.7 fyn=128.7
t= 31.03 move box                 bbox 264x223x121 | 自穿    1 | 布穿杯   0 | 反轉   0 | 體積比 0.9857 | 邊長比 [0.564,1.698] | 杯心 (  4.9, 51.6, 71.0) | 箱位移 (0,58,29) 蓋z(相對箱底) fxp=123.4 fxn=123.4 fyp=128.7 fyn=128.7
t= 31.53 move box                 bbox 263x223x121 | 自穿    3 | 布穿杯   0 | 反轉   0 | 體積比 0.9859 | 邊長比 [0.549,1.583] | 杯心 (  6.1, 75.5, 82.5) | 箱位移 (0,82,41) 蓋z(相對箱底) fxp=123.4 fxn=123.4 fyp=128.7 fyn=128.7
t= 32.03 move box                 bbox 263x223x121 | 自穿    1 | 布穿杯   0 | 反轉   0 | 體積比 0.9858 | 邊長比 [0.542,1.678] | 杯心 (  6.1,100.9, 94.9) | 箱位移 (0,107,53) 蓋z(相對箱底) fxp=123.4 fxn=123.4 fyp=128.7 fyn=128.7 | 杯頂上 1 層 間距 16.17 頂厚 15.8
t= 32.53 move box                 bbox 263x223x120 | 自穿    1 | 布穿杯   0 | 反轉   0 | 體積比 0.9853 | 邊長比 [0.535,1.686] | 杯心 (  5.0,125.8,107.6) | 箱位移 (0,131,66) 蓋z(相對箱底) fxp=123.4 fxn=123.4 fyp=128.7 fyn=128.7
t= 33.03 move box                 bbox 263x223x121 | 自穿    0 | 布穿杯   0 | 反轉   0 | 體積比 0.9863 | 邊長比 [0.542,1.586] | 杯心 (  4.5,150.1,118.8) | 箱位移 (0,154,77) 蓋z(相對箱底) fxp=123.4 fxn=123.4 fyp=128.7 fyn=128.7
t= 33.53 move box                 bbox 264x223x121 | 自穿    1 | 布穿杯   0 | 反轉   0 | 體積比 0.9858 | 邊長比 [0.530,1.587] | 杯心 (  3.6,169.3,128.3) | 箱位移 (0,174,87) 蓋z(相對箱底) fxp=123.4 fxn=123.4 fyp=128.7 fyn=128.7
t= 34.03 move box                 bbox 264x223x120 | 自穿    2 | 布穿杯   0 | 反轉   0 | 體積比 0.9860 | 邊長比 [0.519,1.585] | 杯心 (  2.6,185.3,135.8) | 箱位移 (0,189,94) 蓋z(相對箱底) fxp=123.4 fxn=123.4 fyp=128.7 fyn=128.7 | 杯頂上 1 層 間距 10.60 頂厚 15.0
t= 34.53 move box                 bbox 264x223x122 | 自穿    1 | 布穿杯   0 | 反轉   0 | 體積比 0.9856 | 邊長比 [0.475,1.576] | 杯心 (  1.0,194.9,140.5) | 箱位移 (0,198,99) 蓋z(相對箱底) fxp=123.4 fxn=123.4 fyp=128.7 fyn=128.7
t= 35.03 settle                   bbox 264x223x122 | 自穿    0 | 布穿杯   0 | 反轉   0 | 體積比 0.9858 | 邊長比 [0.520,1.569] | 杯心 (  0.8,197.6,141.2) | 箱位移 (0,200,100) 蓋z(相對箱底) fxp=123.4 fxn=123.4 fyp=128.7 fyn=128.7
t= 35.53 settle                   bbox 264x223x122 | 自穿    1 | 布穿杯   0 | 反轉   0 | 體積比 0.9858 | 邊長比 [0.496,1.568] | 杯心 (  0.1,198.0,141.0) | 箱位移 (0,200,100) 蓋z(相對箱底) fxp=123.4 fxn=123.4 fyp=128.7 fyn=128.7
t= 36.03 settle                   bbox 263x223x120 | 自穿    0 | 布穿杯   0 | 反轉   0 | 體積比 0.9858 | 邊長比 [0.456,1.580] | 杯心 (  0.3,197.9,141.2) | 箱位移 (0,200,100) 蓋z(相對箱底) fxp=123.4 fxn=123.4 fyp=128.7 fyn=128.7 | 杯頂上 1 層 間距 10.30 頂厚 15.7
t= 36.53 settle                   bbox 263x223x122 | 自穿    0 | 布穿杯   0 | 反轉   0 | 體積比 0.9857 | 邊長比 [0.428,1.566] | 杯心 ( -0.6,198.2,141.2) | 箱位移 (0,200,100) 蓋z(相對箱底) fxp=123.4 fxn=123.4 fyp=128.7 fyn=128.7
t= 37.03 open upper lids          bbox 263x223x121 | 自穿    2 | 布穿杯   0 | 反轉   0 | 體積比 0.9856 | 邊長比 [0.459,1.580] | 杯心 ( -2.3,198.6,141.4) | 箱位移 (0,200,100) 蓋z(相對箱底) fxp=123.4 fxn=123.4 fyp=129.7 fyn=129.7
t= 37.53 open upper lids          bbox 263x223x122 | 自穿    0 | 布穿杯   0 | 反轉   0 | 體積比 0.9860 | 邊長比 [0.432,1.571] | 杯心 ( -1.1,198.2,141.4) | 箱位移 (0,200,100) 蓋z(相對箱底) fxp=123.4 fxn=123.4 fyp=148.1 fyn=148.1
t= 38.03 open upper lids          bbox 264x223x122 | 自穿    0 | 布穿杯   0 | 反轉   0 | 體積比 0.9864 | 邊長比 [0.500,1.586] | 杯心 ( -0.5,197.8,141.4) | 箱位移 (0,200,100) 蓋z(相對箱底) fxp=123.4 fxn=123.4 fyp=174.3 fyn=174.3 | 杯頂上 1 層 間距 12.61 頂厚 16.1
t= 38.53 open upper lids          bbox 263x223x122 | 自穿    0 | 布穿杯   0 | 反轉   0 | 體積比 0.9865 | 邊長比 [0.475,1.576] | 杯心 ( -0.4,197.6,141.4) | 箱位移 (0,200,100) 蓋z(相對箱底) fxp=123.4 fxn=123.4 fyp=180.1 fyn=180.1
t= 39.03 open upper lids          bbox 263x223x122 | 自穿    0 | 布穿杯   0 | 反轉   0 | 體積比 0.9862 | 邊長比 [0.479,1.574] | 杯心 ( -0.7,197.4,141.2) | 箱位移 (0,200,100) 蓋z(相對箱底) fxp=123.4 fxn=123.4 fyp=157.5 fyn=157.5
t= 39.53 open upper lids          bbox 263x223x122 | 自穿    0 | 布穿杯   0 | 反轉   0 | 體積比 0.9865 | 邊長比 [0.502,1.571] | 杯心 ( -0.3,197.3,141.3) | 箱位移 (0,200,100) 蓋z(相對箱底) fxp=123.4 fxn=123.4 fyp=131.4 fyn=131.4
t= 40.03 open lower lids          bbox 263x223x122 | 自穿    0 | 布穿杯   0 | 反轉   0 | 體積比 0.9864 | 邊長比 [0.441,1.570] | 杯心 (  0.0,197.2,141.2) | 箱位移 (0,200,100) 蓋z(相對箱底) fxp=124.4 fxn=124.4 fyp=124.3 fyn=124.3 | 杯頂上 1 層 間距 12.33 頂厚 16.5
t= 40.53 open lower lids          bbox 263x223x124 | 自穿    1 | 布穿杯   0 | 反轉   0 | 體積比 0.9864 | 邊長比 [0.478,1.598] | 杯心 (  0.4,196.9,141.2) | 箱位移 (0,200,100) 蓋z(相對箱底) fxp=143.4 fxn=143.4 fyp=124.3 fyn=124.3
t= 41.03 open lower lids          bbox 263x223x125 | 自穿    0 | 布穿杯   0 | 反轉   0 | 體積比 0.9866 | 邊長比 [0.497,1.575] | 杯心 (  0.4,197.0,141.3) | 箱位移 (0,200,100) 蓋z(相對箱底) fxp=170.3 fxn=170.3 fyp=124.3 fyn=124.3
t= 41.53 open lower lids          bbox 263x223x126 | 自穿    0 | 布穿杯   0 | 反轉   0 | 體積比 0.9866 | 邊長比 [0.502,1.592] | 杯心 (  0.6,196.9,141.3) | 箱位移 (0,200,100) 蓋z(相對箱底) fxp=175.5 fxn=175.5 fyp=124.3 fyn=124.3
t= 42.03 open lower lids          bbox 263x223x126 | 自穿    0 | 布穿杯   0 | 反轉   0 | 體積比 0.9864 | 邊長比 [0.483,1.572] | 杯心 (  0.7,196.9,141.2) | 箱位移 (0,200,100) 蓋z(相對箱底) fxp=151.4 fxn=151.4 fyp=124.3 fyn=124.3 | 杯頂上 1 層 間距 12.41 頂厚 17.0
t= 42.53 open lower lids          bbox 263x223x127 | 自穿    0 | 布穿杯   0 | 反轉   0 | 體積比 0.9867 | 邊長比 [0.506,1.576] | 杯心 (  1.0,196.6,141.2) | 箱位移 (0,200,100) 蓋z(相對箱底) fxp=124.1 fxn=124.1 fyp=124.3 fyn=124.3
t= 43.03 hold                     bbox 263x223x127 | 自穿    0 | 布穿杯   0 | 反轉   0 | 體積比 0.9867 | 邊長比 [0.504,1.572] | 杯心 (  1.0,196.7,141.1) | 箱位移 (0,200,100) 蓋z(相對箱底) fxp=116.6 fxn=116.6 fyp=124.3 fyn=124.3
t= 43.53 hold                     bbox 263x223x126 | 自穿    0 | 布穿杯   0 | 反轉   0 | 體積比 0.9867 | 邊長比 [0.499,1.580] | 杯心 (  1.1,196.6,141.2) | 箱位移 (0,200,100) 蓋z(相對箱底) fxp=116.6 fxn=116.6 fyp=124.3 fyn=124.3
t= 44.03 hold                     bbox 263x223x126 | 自穿    0 | 布穿杯   0 | 反轉   0 | 體積比 0.9862 | 邊長比 [0.498,1.574] | 杯心 (  0.2,197.4,141.1) | 箱位移 (0,200,100) 蓋z(相對箱底) fxp=116.6 fxn=116.6 fyp=124.3 fyn=124.3 | 杯頂上 1 層 間距 11.32 頂厚 17.4
t= 44.53 hold                     bbox 263x223x125 | 自穿    0 | 布穿杯   0 | 反轉   0 | 體積比 0.9860 | 邊長比 [0.501,1.586] | 杯心 (  0.2,197.4,141.1) | 箱位移 (0,200,100) 蓋z(相對箱底) fxp=116.6 fxn=116.6 fyp=124.3 fyn=124.3
t= 45.03 hold                     bbox 264x223x126 | 自穿    0 | 布穿杯   0 | 反轉   0 | 體積比 0.9864 | 邊長比 [0.496,1.606] | 杯心 ( -0.1,197.1,141.2) | 箱位移 (0,200,100) 蓋z(相對箱底) fxp=116.6 fxn=116.6 fyp=124.3 fyn=124.3
t= 45.53 hold                     bbox 264x223x124 | 自穿    0 | 布穿杯   0 | 反轉   0 | 體積比 0.9859 | 邊長比 [0.466,1.594] | 杯心 ( -0.0,197.1,141.1) | 箱位移 (0,200,100) 蓋z(相對箱底) fxp=116.6 fxn=116.6 fyp=124.3 fyn=124.3
t= 46.03 grasp settle             bbox 263x223x126 | 自穿    0 | 布穿杯   0 | 反轉   0 | 體積比 0.9858 | 邊長比 [0.491,1.615] | 杯心 ( -1.4,197.7,141.1) | 箱位移 (0,200,100) 蓋z(相對箱底) fxp=116.6 fxn=116.6 fyp=124.3 fyn=124.3 | 杯頂上 1 層 間距 14.48 頂厚 18.2
t= 46.53 grasp settle             bbox 263x223x124 | 自穿    0 | 布穿杯   0 | 反轉   0 | 體積比 0.9859 | 邊長比 [0.437,1.619] | 杯心 ( -1.5,198.1,141.3) | 箱位移 (0,200,100) 蓋z(相對箱底) fxp=116.6 fxn=116.6 fyp=124.3 fyn=124.3

★ t=46.90 [yn] 抓取點即時排名(60 候選,(a)上方沒被壓 11 / (b)掃掠不撞 5 / (c)下方空隙>=6mm 23 / 全過 4;算了 109.0s)
   #1 v10   tip  yn   flat(-107,-250) 位置(箱局部) (-101.9, -24.2, 125.6) 坡度  41.8° 下方空隙  35.3 上方他層 0 掃掠 牆/底/杯/布 0/0/0/0 OK
   #2 v11   tip  yn   flat( -93,-250) 位置(箱局部) ( -88.0, -24.8, 122.7) 坡度  40.8° 下方空隙  32.9 上方他層 0 掃掠 牆/底/杯/布 0/0/0/0 OK
   #3 v9    tip  yn   flat(-121,-250) 位置(箱局部) (-116.8, -21.0, 125.7) 坡度  42.4° 下方空隙  32.8 上方他層 0 掃掠 牆/底/杯/布 0/0/0/0 OK
   #4 v12   tip  yn   flat( -79,-250) 位置(箱局部) ( -73.9, -25.6, 119.9) 坡度  39.8° 下方空隙  25.8 上方他層 0 掃掠 牆/底/杯/布 0/0/0/0 OK
   #5 v8    tip  yn   flat(-136,-250) 位置(箱局部) (-126.4, -13.2, 118.0) 坡度  43.7° 下方空隙  27.1 上方他層 0 掃掠 牆/底/杯/布 449/0/0/0 NG
   #6 v7    tip  yn   flat(-150,-250) 位置(箱局部) (-125.0,  -4.0, 107.7) 坡度  46.6° 下方空隙  13.7 上方他層 0 掃掠 牆/底/杯/布 602/0/0/0 NG
  [yn] 選 合格第 1 名:v10(tip)位置 (-101.9,-24.2,125.6) mm、邊坡度 41.8°、下方空隙 35.3 mm;外法線 u=(0.13,0.73,0.67);指面沿邊置中在 v10/v11 之間(t 偏 6.9mm)
  [yn] 挑角路徑(jaw 模式,箱局部 mm):下指從上方降到 [-91.4  -5.1 128. ](足跡 u∈[+7,+27]、頂面在布底下 6mm)→ 沿 −u 伸進 25mm 到 [-94.7 -23.4 111.3](足跡 u∈[-18,2])→ 上抬 25mm 到 [-94.7 -23.4 136.3]
  [yn] 翻面量測集:yn 片在折線(y=-71.5mm)內側的頂點 308 個;他片 yp/xp/xn 共 1728 頂點;杯頂俯視覆蓋 86%(露出 14%)
t= 47.03 yn pick: lower jaw to corner bbox 263x223x125 | 自穿    0 | 布穿杯   0 | 反轉   0 | 體積比 0.9857 | 邊長比 [0.473,1.604] | 杯心 ( -1.1,197.4,141.2) | 箱位移 (0,200,100) 蓋z(相對箱底) fxp=116.6 fxn=116.6 fyp=124.3 fyn=124.3
  G[yn] t= 47.03 yn pick: lower jaw to corner 上指 (3000.0,2900.0, 903.0) 下指 (2849.8,2854.0, 869.2) | 夾到  0 | 滑動 中位 - 最大 - | yn 越過折線   0%(整片  50%)| 他片 >10mm    0(0.0%)最大   6.8 | 杯位移 0.7 | 自穿 0 穿杯 0 反轉 0
t= 47.53 yn pick: lower jaw to corner bbox 263x223x125 | 自穿    0 | 布穿杯   0 | 反轉   0 | 體積比 0.9855 | 邊長比 [0.439,1.587] | 杯心 ( -1.8,199.2,141.0) | 箱位移 (0,200,100) 蓋z(相對箱底) fxp=116.6 fxn=116.6 fyp=124.3 fyn=124.3
  G[yn] t= 47.53 yn pick: lower jaw to corner 上指 (3000.0,2900.0, 903.0) 下指 ( 850.7, 910.7, 419.8) | 夾到  0 | 滑動 中位 - 最大 - | yn 越過折線   0%(整片  48%)| 他片 >10mm    0(0.0%)最大   9.3 | 杯位移 1.7 | 自穿 0 穿杯 0 反轉 0
t= 48.03 yn pick: lower jaw to corner bbox 263x223x125 | 自穿    0 | 布穿杯   0 | 反轉   0 | 體積比 0.9856 | 邊長比 [0.450,1.587] | 杯心 ( -1.9,198.7,141.2) | 箱位移 (0,200,100) 蓋z(相對箱底) fxp=116.6 fxn=116.6 fyp=124.3 fyn=124.3 | 杯頂上 1 層 間距 11.85 頂厚 16.8
  G[yn] t= 48.03 yn pick: lower jaw to corner 上指 (3000.0,2900.0, 903.0) 下指 ( -91.4,  -5.1, 204.1) | 夾到  0 | 滑動 中位 - 最大 - | yn 越過折線   0%(整片  49%)| 他片 >10mm    0(0.0%)最大   7.3 | 杯位移 1.3 | 自穿 0 穿杯 0 反轉 0
    pick t=48.40 下指足跡內:頂面上 0~8mm 0 點 / 穿進指內 0 點 / 底面下 0~8mm 0 點;角 v10 z=125.4
    pick t=48.50 下指足跡內:頂面上 0~8mm 0 點 / 穿進指內 0 點 / 底面下 0~8mm 0 點;角 v10 z=126.2
t= 48.53 yn pick: lower jaw to corner bbox 263x223x124 | 自穿    0 | 布穿杯   0 | 反轉   0 | 體積比 0.9861 | 邊長比 [0.439,1.572] | 杯心 ( -1.0,197.8,141.2) | 箱位移 (0,200,100) 蓋z(相對箱底) fxp=116.6 fxn=116.6 fyp=124.3 fyn=124.3
  G[yn] t= 48.53 yn pick: lower jaw to corner 上指 (3000.0,2900.0, 903.0) 下指 ( -91.4,  -5.1, 152.4) | 夾到  0 | 滑動 中位 - 最大 - | yn 越過折線   0%(整片  50%)| 他片 >10mm    0(0.0%)最大   4.0 | 杯位移 0.3 | 自穿 0 穿杯 0 反轉 0
    pick t=48.60 下指足跡內:頂面上 0~8mm 0 點 / 穿進指內 0 點 / 底面下 0~8mm 0 點;角 v10 z=125.7
    pick t=48.70 下指足跡內:頂面上 0~8mm 0 點 / 穿進指內 0 點 / 底面下 0~8mm 0 點;角 v10 z=125.5
    pick t=48.80 下指足跡內:頂面上 0~8mm 0 點 / 穿進指內 0 點 / 底面下 0~8mm 0 點;角 v10 z=126.0
    pick t=48.90 下指足跡內:頂面上 0~8mm 0 點 / 穿進指內 0 點 / 底面下 0~8mm 0 點;角 v10 z=125.5
    pick t=49.00 下指足跡內:頂面上 0~8mm 0 點 / 穿進指內 0 點 / 底面下 0~8mm 0 點;角 v10 z=126.0
t= 49.03 yn pick: lower jaw insert bbox 263x223x125 | 自穿    0 | 布穿杯   0 | 反轉   0 | 體積比 0.9857 | 邊長比 [0.487,1.572] | 杯心 ( -0.6,198.2,141.2) | 箱位移 (0,200,100) 蓋z(相對箱底) fxp=116.6 fxn=116.6 fyp=124.3 fyn=124.3
  G[yn] t= 49.03 yn pick: lower jaw insert  上指 (3000.0,2900.0, 903.0) 下指 ( -91.6,  -6.0, 127.2) | 夾到  0 | 滑動 中位 - 最大 - | yn 越過折線   0%(整片  50%)| 他片 >10mm    0(0.0%)最大   5.1 | 杯位移 0.4 | 自穿 0 穿杯 0 反轉 0
    pick t=49.10 下指足跡內:頂面上 0~8mm 0 點 / 穿進指內 0 點 / 底面下 0~8mm 0 點;角 v10 z=125.9
    pick t=49.20 下指足跡內:頂面上 0~8mm 0 點 / 穿進指內 0 點 / 底面下 0~8mm 0 點;角 v10 z=127.4
    pick t=49.30 下指足跡內:頂面上 0~8mm 3 點 / 穿進指內 0 點 / 底面下 0~8mm 0 點;角 v10 z=125.6
    pick t=49.40 下指足跡內:頂面上 0~8mm 3 點 / 穿進指內 0 點 / 底面下 0~8mm 0 點;角 v10 z=126.4
    pick t=49.50 下指足跡內:頂面上 0~8mm 1 點 / 穿進指內 0 點 / 底面下 0~8mm 0 點;角 v10 z=126.8
t= 49.53 yn pick: lower jaw insert bbox 263x223x126 | 自穿    0 | 布穿杯   0 | 反轉   0 | 體積比 0.9860 | 邊長比 [0.484,1.579] | 杯心 ( -2.1,199.5,141.2) | 箱位移 (0,200,100) 蓋z(相對箱底) fxp=116.6 fxn=116.6 fyp=124.3 fyn=124.3
  G[yn] t= 49.53 yn pick: lower jaw insert  上指 (3000.0,2900.0, 903.0) 下指 ( -93.7, -17.8, 116.4) | 夾到  0 | 滑動 中位 - 最大 - | yn 越過折線   0%(整片  49%)| 他片 >10mm    0(0.0%)最大   8.9 | 杯位移 2.0 | 自穿 0 穿杯 0 反轉 0
    pick t=49.60 下指足跡內:頂面上 0~8mm 1 點 / 穿進指內 0 點 / 底面下 0~8mm 0 點;角 v10 z=127.5
    pick t=49.70 下指足跡內:頂面上 0~8mm 4 點 / 穿進指內 0 點 / 底面下 0~8mm 0 點;角 v10 z=126.5
    pick t=49.80 下指足跡內:頂面上 0~8mm 5 點 / 穿進指內 0 點 / 底面下 0~8mm 0 點;角 v10 z=126.4
    pick t=49.90 下指足跡內:頂面上 0~8mm 6 點 / 穿進指內 0 點 / 底面下 0~8mm 0 點;角 v10 z=125.8
    pick t=50.00 下指足跡內:頂面上 0~8mm 6 點 / 穿進指內 0 點 / 底面下 0~8mm 0 點;角 v10 z=127.0
t= 50.03 yn pick: lift corner     bbox 263x223x126 | 自穿    0 | 布穿杯   0 | 反轉   0 | 體積比 0.9859 | 邊長比 [0.489,1.643] | 杯心 ( -2.4,200.0,141.2) | 箱位移 (0,200,100) 蓋z(相對箱底) fxp=116.6 fxn=116.6 fyp=124.3 fyn=124.3 | 杯頂上 1 層 間距 12.44 頂厚 17.0
  G[yn] t= 50.03 yn pick: lift corner       上指 (3000.0,2900.0, 903.0) 下指 ( -94.7, -23.4, 112.5) | 夾到  0 | 滑動 中位 - 最大 - | yn 越過折線   0%(整片  49%)| 他片 >10mm    0(0.0%)最大   9.6 | 杯位移 2.6 | 自穿 0 穿杯 0 反轉 0
    pick t=50.10 下指足跡內:頂面上 0~8mm 6 點 / 穿進指內 0 點 / 底面下 0~8mm 0 點;角 v10 z=127.3
    pick t=50.20 下指足跡內:頂面上 0~8mm 4 點 / 穿進指內 0 點 / 底面下 0~8mm 0 點;角 v10 z=127.0
    pick t=50.30 下指足跡內:頂面上 0~8mm 4 點 / 穿進指內 0 點 / 底面下 0~8mm 0 點;角 v10 z=128.9
    pick t=50.40 下指足跡內:頂面上 0~8mm 4 點 / 穿進指內 0 點 / 底面下 0~8mm 0 點;角 v10 z=130.9
    pick t=50.50 下指足跡內:頂面上 0~8mm 3 點 / 穿進指內 0 點 / 底面下 0~8mm 0 點;角 v10 z=133.4
t= 50.53 yn pick: lift corner     bbox 263x223x131 | 自穿    0 | 布穿杯   0 | 反轉   0 | 體積比 0.9861 | 邊長比 [0.487,1.575] | 杯心 ( -2.8,199.8,141.1) | 箱位移 (0,200,100) 蓋z(相對箱底) fxp=116.6 fxn=116.6 fyp=124.3 fyn=124.3
  G[yn] t= 50.53 yn pick: lift corner       上指 (3000.0,2900.0, 903.0) 下指 ( -94.7, -23.4, 128.7) | 夾到  0 | 滑動 中位 - 最大 - | yn 越過折線   0%(整片  50%)| 他片 >10mm    0(0.0%)最大   9.9 | 杯位移 2.7 | 自穿 0 穿杯 0 反轉 0
    pick t=50.60 下指足跡內:頂面上 0~8mm 4 點 / 穿進指內 0 點 / 底面下 0~8mm 0 點;角 v10 z=134.7
    pick t=50.70 下指足跡內:頂面上 0~8mm 4 點 / 穿進指內 0 點 / 底面下 0~8mm 0 點;角 v10 z=136.1
    pick t=50.80 下指足跡內:頂面上 0~8mm 3 點 / 穿進指內 0 點 / 底面下 0~8mm 0 點;角 v10 z=136.6
    pick t=50.90 下指足跡內:頂面上 0~8mm 3 點 / 穿進指內 0 點 / 底面下 0~8mm 0 點;角 v10 z=137.2
    pick t=51.00 下指足跡內:頂面上 0~8mm 3 點 / 穿進指內 0 點 / 底面下 0~8mm 0 點;角 v10 z=136.8
t= 51.03 yn pick: lift corner     bbox 263x223x135 | 自穿    0 | 布穿杯   0 | 反轉   0 | 體積比 0.9857 | 邊長比 [0.470,1.579] | 杯心 ( -2.7,200.1,141.1) | 箱位移 (0,200,100) 蓋z(相對箱底) fxp=116.6 fxn=116.6 fyp=124.3 fyn=124.3
  G[yn] t= 51.03 yn pick: lift corner       上指 (3000.0,2900.0, 903.0) 下指 ( -94.7, -23.4, 136.3) | 夾到  0 | 滑動 中位 - 最大 - | yn 越過折線   0%(整片  50%)| 他片 >10mm    0(0.0%)最大   9.8 | 杯位移 2.9 | 自穿 0 穿杯 0 反轉 0
    pick t=51.10 下指足跡內:頂面上 0~8mm 3 點 / 穿進指內 0 點 / 底面下 0~8mm 0 點;角 v10 z=136.9
    pick t=51.20 下指足跡內:頂面上 0~8mm 3 點 / 穿進指內 0 點 / 底面下 0~8mm 0 點;角 v10 z=136.7
    pick t=51.30 下指足跡內:頂面上 0~8mm 3 點 / 穿進指內 0 點 / 底面下 0~8mm 0 點;角 v10 z=136.9
    pick t=51.40 下指足跡內:頂面上 0~8mm 3 點 / 穿進指內 0 點 / 底面下 0~8mm 0 點;角 v10 z=136.3

★ t=51.40 [yn] 挑角完:角 v10 z 125.6 → 136.3 mm(+10.6);下方空隙 35.3 → 44.3 mm;相鄰層(非 yn 片)位移 >10mm 頂點 1 / 1968,最大 10.3 mm
  [yn] 上指:從 +z 降到下指正上方 [-98.  -41.5 156.8] → 沿 −n 合 15mm 到 [-96.2 -31.6 145.7](指面間距 4.5mm);挑角後躺在下指頂面上(0~7mm)的布頂點 3 個
t= 51.53 yn upper jaw down        bbox 263x223x135 | 自穿    0 | 布穿杯   0 | 反轉   0 | 體積比 0.9860 | 邊長比 [0.485,1.583] | 杯心 ( -2.9,199.9,141.1) | 箱位移 (0,200,100) 蓋z(相對箱底) fxp=116.6 fxn=116.6 fyp=124.3 fyn=124.3
  G[yn] t= 51.53 yn upper jaw down          上指 (2770.5,2682.1, 852.2) 下指 ( -94.7, -23.4, 136.3) | 夾到  0 | 滑動 中位 - 最大 - | yn 越過折線   0%(整片  49%)| 他片 >10mm    1(0.1%)最大  10.1 | 杯位移 2.8 | 自穿 0 穿杯 0 反轉 0
t= 52.03 yn upper jaw down        bbox 263x223x134 | 自穿    0 | 布穿杯   0 | 反轉   0 | 體積比 0.9861 | 邊長比 [0.486,1.579] | 杯心 ( -3.4,200.2,141.2) | 箱位移 (0,200,100) 蓋z(相對箱底) fxp=116.6 fxn=116.6 fyp=124.3 fyn=124.3 | 杯頂上 1 層 間距 12.36 頂厚 18.2
  G[yn] t= 52.03 yn upper jaw down          上指 ( 249.4, 288.4, 293.8) 下指 ( -94.7, -23.4, 136.3) | 夾到  0 | 滑動 中位 - 最大 - | yn 越過折線   0%(整片  50%)| 他片 >10mm    1(0.1%)最大  10.3 | 杯位移 3.4 | 自穿 0 穿杯 0 反轉 0
t= 52.53 yn upper jaw down        bbox 263x223x135 | 自穿    0 | 布穿杯   0 | 反轉   0 | 體積比 0.9860 | 邊長比 [0.484,1.620] | 杯心 ( -4.2,200.4,141.2) | 箱位移 (0,200,100) 蓋z(相對箱底) fxp=116.6 fxn=116.6 fyp=124.3 fyn=124.3
  G[yn] t= 52.53 yn upper jaw down          上指 ( -98.0, -41.5, 194.3) 下指 ( -94.7, -23.4, 136.3) | 夾到  0 | 滑動 中位 - 最大 - | yn 越過折線   0%(整片  49%)| 他片 >10mm    1(0.1%)最大  10.7 | 杯位移 4.2 | 自穿 0 穿杯 0 反轉 0
t= 53.03 yn close jaws            bbox 263x223x135 | 自穿    0 | 布穿杯   0 | 反轉   0 | 體積比 0.9860 | 邊長比 [0.401,1.645] | 杯心 ( -4.6,201.0,141.0) | 箱位移 (0,200,100) 蓋z(相對箱底) fxp=116.6 fxn=116.6 fyp=124.3 fyn=124.3
  G[yn] t= 53.03 yn close jaws              上指 ( -98.0, -41.4, 156.8) 下指 ( -94.7, -23.4, 136.3) | 夾到  0 | 滑動 中位 - 最大 - | yn 越過折線   0%(整片  49%)| 他片 >10mm    0(0.0%)最大   9.1 | 杯位移 4.9 | 自穿 0 穿杯 0 反轉 0
t= 53.53 yn close jaws            bbox 263x223x135 | 自穿    0 | 布穿杯   0 | 反轉   0 | 體積比 0.9865 | 邊長比 [0.482,1.591] | 杯心 ( -5.6,201.3,141.4) | 箱位移 (0,200,100) 蓋z(相對箱底) fxp=116.6 fxn=116.6 fyp=124.3 fyn=124.3
  G[yn] t= 53.53 yn close jaws              上指 ( -96.7, -34.2, 148.6) 下指 ( -94.7, -23.4, 136.3) | 夾到  1 | 滑動 中位 - 最大 - | yn 越過折線   0%(整片  49%)| 他片 >10mm   30(1.7%)最大  15.3 | 杯位移 5.8 | 自穿 0 穿杯 0 反轉 0
t= 54.03 yn grip hold             bbox 263x223x133 | 自穿    0 | 布穿杯   0 | 反轉   0 | 體積比 0.9865 | 邊長比 [0.469,1.615] | 杯心 ( -5.6,200.7,141.3) | 箱位移 (0,200,100) 蓋z(相對箱底) fxp=116.6 fxn=116.6 fyp=124.3 fyn=124.3 | 杯頂上 1 層 間距 10.16 頂厚 17.7
  G[yn] t= 54.03 yn grip hold               上指 ( -96.2, -31.6, 145.7) 下指 ( -94.7, -23.4, 136.3) | 夾到  3 | 滑動 中位 - 最大 - | yn 越過折線   0%(整片  49%)| 他片 >10mm   34(2.0%)最大  15.5 | 杯位移 5.6 | 自穿 0 穿杯 0 反轉 0
t= 54.53 yn grip hold             bbox 263x223x133 | 自穿    0 | 布穿杯   0 | 反轉   0 | 體積比 0.9861 | 邊長比 [0.497,1.614] | 杯心 ( -6.1,201.0,141.2) | 箱位移 (0,200,100) 蓋z(相對箱底) fxp=116.6 fxn=116.6 fyp=124.3 fyn=124.3
  G[yn] t= 54.53 yn grip hold               上指 ( -96.2, -31.6, 145.7) 下指 ( -94.7, -23.4, 136.3) | 夾到  3 | 滑動 中位 - 最大 - | yn 越過折線   0%(整片  49%)| 他片 >10mm   35(2.0%)最大  16.9 | 杯位移 6.2 | 自穿 0 穿杯 0 反轉 0
t= 55.03 yn grip hold             bbox 263x223x134 | 自穿    0 | 布穿杯   0 | 反轉   0 | 體積比 0.9861 | 邊長比 [0.496,1.583] | 杯心 ( -6.4,201.0,141.0) | 箱位移 (0,200,100) 蓋z(相對箱底) fxp=116.6 fxn=116.6 fyp=124.3 fyn=124.3
  G[yn] t= 55.03 yn grip hold               上指 ( -96.2, -31.6, 145.7) 下指 ( -94.7, -23.4, 136.3) | 夾到  3 | 滑動 中位 - 最大 - | yn 越過折線   0%(整片  49%)| 他片 >10mm   33(1.9%)最大  15.7 | 杯位移 6.5 | 自穿 0 穿杯 0 反轉 0
t= 55.53 yn grip hold             bbox 263x223x133 | 自穿    0 | 布穿杯   0 | 反轉   0 | 體積比 0.9863 | 邊長比 [0.474,1.602] | 杯心 ( -7.0,201.2,141.1) | 箱位移 (0,200,100) 蓋z(相對箱底) fxp=116.6 fxn=116.6 fyp=124.3 fyn=124.3
  G[yn] t= 55.53 yn grip hold               上指 ( -96.2, -31.6, 145.7) 下指 ( -94.7, -23.4, 136.3) | 夾到  3 | 滑動 中位 - 最大 - | yn 越過折線   0%(整片  49%)| 他片 >10mm   68(3.9%)最大  14.8 | 杯位移 7.0 | 自穿 0 穿杯 0 反轉 0
t= 56.03 yn grip hold             bbox 263x223x134 | 自穿    0 | 布穿杯   0 | 反轉   0 | 體積比 0.9868 | 邊長比 [0.496,1.606] | 杯心 ( -7.0,201.1,141.3) | 箱位移 (0,200,100) 蓋z(相對箱底) fxp=116.6 fxn=116.6 fyp=124.3 fyn=124.3 | 杯頂上 1 層 間距 10.41 頂厚 19.4
  G[yn] t= 56.03 yn grip hold               上指 ( -96.2, -31.6, 145.7) 下指 ( -94.7, -23.4, 136.3) | 夾到  3 | 滑動 中位 - 最大 - | yn 越過折線   0%(整片  49%)| 他片 >10mm   65(3.8%)最大  15.8 | 杯位移 6.9 | 自穿 0 穿杯 0 反轉 0
t= 56.53 yn grip hold             bbox 263x223x134 | 自穿    0 | 布穿杯   0 | 反轉   0 | 體積比 0.9867 | 邊長比 [0.497,1.609] | 杯心 ( -7.5,201.0,141.3) | 箱位移 (0,200,100) 蓋z(相對箱底) fxp=116.6 fxn=116.6 fyp=124.3 fyn=124.3
  G[yn] t= 56.53 yn grip hold               上指 ( -96.2, -31.6, 145.7) 下指 ( -94.7, -23.4, 136.3) | 夾到  3 | 滑動 中位 - 最大 - | yn 越過折線   0%(整片  49%)| 他片 >10mm  108(6.2%)最大  15.4 | 杯位移 7.4 | 自穿 0 穿杯 0 反轉 0
  [yn] 實際 rod 位置(箱局部)[3000. 2800.  903.] mm vs 目標 [3000. 2800.  903.]
  [yn] 實際 up 位置(箱局部)[-96.2 -31.6 145.7] mm vs 目標 [-96.2 -31.6 145.7]
  [yn] 實際 lo 位置(箱局部)[-94.7 -23.4 136.3] mm vs 目標 [-94.7 -23.4 136.3]

★ t=56.60 [yn] 夾好:指面之間(間距 4.5mm、足跡 20x20)的布頂點 3 個(歸屬 {'yn': 3})
  [yn] 參考:足跡外擴 2.5mm、離指面 <=2.5mm 的布頂點 4 個;夾爪 30mm 內布頂點的 (t,u,n) mm:v9(-21,-9,1); v10(-5,-10,2); v11(10,-9,2); v12(26,-10,-3); v45(-19,-23,1); v46(-4,-24,2); v47(11,-24,2); v48(25,-24,-3); v1305(-20,-9,-2); v1306(-5,-9,-2); v1307(10,-9,-2); v1308(24,-10,-7); v1340(-30,-22,-10); v1341(-18,-23,-3)
  [yn] 弧線:彎折處(夾點那欄,即時)y=-99.3 z=79.0 mm(|flat x|<CX 各欄中位 y=-101.5 z=57.3;題目名義折線 y=-71.5);材料長度 現在 86.5 / flat 85.7 mm → 半徑 0.80 x (86.5 − 7.5) = 63.2 mm(夾爪中心起始離彎折處 94.8 mm,前 30% 角度內漸變)
  [yn] 第 1 段繞彎折處 41° → 105°(指向箱壁外頂角 y=-113.5 z=130.5);第 2 段 略過(半徑剩 9.8mm;--arc2 0);箱外指頭最低點 >= 蓋頂 129.5 + T + 2 = 135.5 mm;終點夾爪中心 (-95.5,-116.1,149.4) mm;6.0s 後停 2.0s 再放開
t= 57.03 yn PEEL arc              bbox 263x223x134 | 自穿    0 | 布穿杯   0 | 反轉   0 | 體積比 0.9867 | 邊長比 [0.496,1.579] | 杯心 ( -8.8,201.1,141.4) | 箱位移 (0,200,100) 蓋z(相對箱底) fxp=116.6 fxn=116.6 fyp=124.3 fyn=124.3
  G[yn] t= 57.03 yn PEEL arc                上指 ( -96.2, -33.9, 145.7) 下指 ( -94.7, -25.6, 136.6) | 夾到  3 | 滑動 中位 0.1 最大 0.1 | yn 越過折線   0%(整片  49%)| 他片 >10mm  148(8.6%)最大  18.0 | 杯位移 8.6 | 自穿 0 穿杯 0 反轉 0
t= 57.53 yn PEEL arc              bbox 263x223x135 | 自穿    1 | 布穿杯   0 | 反轉   0 | 體積比 0.9865 | 邊長比 [0.492,1.605] | 杯心 ( -8.9,201.3,141.3) | 箱位移 (0,200,100) 蓋z(相對箱底) fxp=116.6 fxn=116.6 fyp=124.3 fyn=124.3
  G[yn] t= 57.53 yn PEEL arc                上指 ( -96.2, -41.5, 145.6) 下指 ( -94.7, -32.7, 136.9) | 夾到  4 | 滑動 中位 0.2 最大 0.4 | yn 越過折線   1%(整片  49%)| 他片 >10mm  138(8.0%)最大  18.9 | 杯位移 8.7 | 自穿 1 穿杯 0 反轉 0
t= 58.03 yn PEEL arc              bbox 263x223x134 | 自穿    0 | 布穿杯   0 | 反轉   0 | 體積比 0.9865 | 邊長比 [0.495,1.615] | 杯心 ( -8.7,201.2,141.5) | 箱位移 (0,200,100) 蓋z(相對箱底) fxp=116.6 fxn=116.6 fyp=124.3 fyn=124.3 | 杯頂上 1 層 間距 10.38 頂厚 20.6
  G[yn] t= 58.03 yn PEEL arc                上指 ( -96.2, -53.0, 144.1) 下指 ( -94.7, -43.4, 136.2) | 夾到  2 | 滑動 中位 0.7 最大 2.0 | yn 越過折線   3%(整片  50%)| 他片 >10mm  125(7.2%)最大  19.6 | 杯位移 8.6 | 自穿 0 穿杯 0 反轉 0
t= 58.53 yn PEEL arc              bbox 263x223x133 | 自穿    0 | 布穿杯   0 | 反轉   0 | 體積比 0.9857 | 邊長比 [0.495,1.706] | 杯心 ( -9.2,201.0,141.5) | 箱位移 (0,200,100) 蓋z(相對箱底) fxp=116.6 fxn=116.6 fyp=124.3 fyn=124.3
  G[yn] t= 58.53 yn PEEL arc                上指 ( -96.2, -66.5, 140.1) 下指 ( -94.7, -56.1, 133.3) | 夾到  3 | 滑動 中位 0.8 最大 2.1 | yn 越過折線   7%(整片  53%)| 他片 >10mm  155(9.0%)最大  18.6 | 杯位移 9.0 | 自穿 0 穿杯 0 反轉 0

★ t=58.60 [yn] peel_1_3
  G[yn] t= 58.60 yn PEEL arc                上指 ( -96.2, -68.3, 139.3) 下指 ( -94.7, -57.8, 132.8) | 夾到  3 | 滑動 中位 0.8 最大 2.3 | yn 越過折線   8%(整片  53%)| 他片 >10mm  144(8.3%)最大  17.5 | 杯位移 8.8 | 自穿 0 穿杯 0 反轉 0
t= 59.03 yn PEEL arc              bbox 263x223x133 | 自穿    1 | 布穿杯   0 | 反轉   0 | 體積比 0.9851 | 邊長比 [0.500,1.663] | 杯心 ( -9.3,200.8,141.4) | 箱位移 (0,200,100) 蓋z(相對箱底) fxp=116.6 fxn=116.6 fyp=124.3 fyn=124.3
  G[yn] t= 59.03 yn PEEL arc                上指 ( -96.2, -77.2, 138.6) 下指 ( -94.7, -66.0, 133.3) | 夾到  2 | 滑動 中位 1.1 最大 2.2 | yn 越過折線  12%(整片  55%)| 他片 >10mm  163(9.4%)最大  20.6 | 杯位移 9.0 | 自穿 1 穿杯 0 反轉 0
t= 59.53 yn PEEL arc              bbox 263x223x134 | 自穿    0 | 布穿杯   0 | 反轉   0 | 體積比 0.9856 | 邊長比 [0.473,1.574] | 杯心 ( -9.0,201.3,141.5) | 箱位移 (0,200,100) 蓋z(相對箱底) fxp=116.6 fxn=116.6 fyp=124.3 fyn=124.3
  G[yn] t= 59.53 yn PEEL arc                上指 ( -96.2, -85.7, 141.1) 下指 ( -94.7, -73.9, 137.3) | 夾到  3 | 滑動 中位 1.5 最大 2.1 | yn 越過折線  14%(整片  56%)| 他片 >10mm   74(4.3%)最大  18.2 | 杯位移 8.9 | 自穿 0 穿杯 0 反轉 0
t= 60.03 yn PEEL arc              bbox 263x223x133 | 自穿    1 | 布穿杯   0 | 反轉   0 | 體積比 0.9848 | 邊長比 [0.437,1.633] | 杯心 ( -9.2,201.7,141.4) | 箱位移 (0,200,100) 蓋z(相對箱底) fxp=116.6 fxn=116.6 fyp=124.3 fyn=124.3 | 杯頂上 1 層 間距 8.05 頂厚 16.1
  G[yn] t= 60.03 yn PEEL arc                上指 ( -96.2, -94.5, 142.3) 下指 ( -94.7, -82.3, 140.3) | 夾到  3 | 滑動 中位 4.1 最大 4.2 | yn 越過折線  16%(整片  57%)| 他片 >10mm   54(3.1%)最大  19.9 | 杯位移 9.2 | 自穿 1 穿杯 0 反轉 0
t= 60.53 yn PEEL arc              bbox 263x223x135 | 自穿    1 | 布穿杯   0 | 反轉   0 | 體積比 0.9847 | 邊長比 [0.412,1.582] | 杯心 ( -9.4,202.3,141.4) | 箱位移 (0,200,100) 蓋z(相對箱底) fxp=116.6 fxn=116.6 fyp=124.3 fyn=124.3
  G[yn] t= 60.53 yn PEEL arc                上指 ( -96.2,-103.0, 142.4) 下指 ( -94.7, -90.6, 142.0) | 夾到  1 | 滑動 中位 6.0 最大 7.8 | yn 越過折線  16%(整片  57%)| 他片 >10mm   65(3.8%)最大  19.7 | 杯位移 9.6 | 自穿 1 穿杯 0 反轉 0

★ t=60.60 [yn] peel_2_3
  G[yn] t= 60.60 yn PEEL arc                上指 ( -96.2,-104.0, 146.7) 下指 ( -94.7, -91.6, 146.5) | 夾到  1 | 滑動 中位 6.2 最大 6.9 | yn 越過折線  17%(整片  58%)| 他片 >10mm   59(3.4%)最大  21.5 | 杯位移 9.3 | 自穿 2 穿杯 0 反轉 0
t= 61.03 yn PEEL arc              bbox 263x223x139 | 自穿    1 | 布穿杯   0 | 反轉   0 | 體積比 0.9851 | 邊長比 [0.412,1.590] | 杯心 ( -9.0,202.1,141.3) | 箱位移 (0,200,100) 蓋z(相對箱底) fxp=116.6 fxn=116.6 fyp=124.3 fyn=124.3
  G[yn] t= 61.03 yn PEEL arc                上指 ( -96.2,-110.5, 147.1) 下指 ( -94.7, -98.1, 148.2) | 夾到  1 | 滑動 中位 6.5 最大 7.4 | yn 越過折線  19%(整片  58%)| 他片 >10mm   66(3.8%)最大  18.8 | 杯位移 9.2 | 自穿 1 穿杯 0 反轉 0
t= 61.53 yn PEEL arc              bbox 263x223x140 | 自穿    0 | 布穿杯   0 | 反轉   0 | 體積比 0.9848 | 邊長比 [0.433,1.587] | 杯心 ( -8.7,202.7,141.4) | 箱位移 (0,200,100) 蓋z(相對箱底) fxp=116.6 fxn=116.6 fyp=124.3 fyn=124.3
  G[yn] t= 61.53 yn PEEL arc                上指 ( -96.2,-116.4, 147.5) 下指 ( -94.7,-104.2, 149.7) | 夾到  1 | 滑動 中位 6.6 最大 7.4 | yn 越過折線  21%(整片  59%)| 他片 >10mm   77(4.5%)最大  18.9 | 杯位移 9.2 | 自穿 0 穿杯 0 反轉 0
t= 62.03 yn PEEL arc              bbox 263x227x141 | 自穿    0 | 布穿杯   0 | 反轉   0 | 體積比 0.9852 | 邊長比 [0.412,1.580] | 杯心 ( -9.0,202.5,141.4) | 箱位移 (0,200,100) 蓋z(相對箱底) fxp=116.6 fxn=116.6 fyp=124.3 fyn=124.3 | 杯頂上 1 層 間距 8.37 頂厚 15.5
  G[yn] t= 62.03 yn PEEL arc                上指 ( -96.2,-120.4, 147.6) 下指 ( -94.7,-108.4, 150.7) | 夾到  1 | 滑動 中位 6.6 最大 7.3 | yn 越過折線  22%(整片  59%)| 他片 >10mm   92(5.3%)最大  20.7 | 杯位移 9.4 | 自穿 0 穿杯 0 反轉 0
t= 62.53 yn PEEL arc              bbox 263x229x142 | 自穿    1 | 布穿杯   0 | 反轉   0 | 體積比 0.9856 | 邊長比 [0.439,1.599] | 杯心 ( -9.4,202.5,141.4) | 箱位移 (0,200,100) 蓋z(相對箱底) fxp=116.6 fxn=116.6 fyp=124.3 fyn=124.3
  G[yn] t= 62.53 yn PEEL arc                上指 ( -96.2,-122.1, 147.7) 下指 ( -94.7,-110.1, 151.1) | 夾到  1 | 滑動 中位 6.6 最大 7.2 | yn 越過折線  22%(整片  59%)| 他片 >10mm   81(4.7%)最大  20.2 | 杯位移 9.7 | 自穿 1 穿杯 0 反轉 0

★ t=62.60 [yn] peeled
  G[yn] t= 62.60 yn hold peeled             上指 ( -96.2,-122.1, 147.7) 下指 ( -94.7,-110.2, 151.1) | 夾到  1 | 滑動 中位 6.6 最大 7.2 | yn 越過折線  22%(整片  59%)| 他片 >10mm   86(5.0%)最大  21.9 | 杯位移 9.8 | 自穿 2 穿杯 0 反轉 0
t= 63.03 yn hold peeled           bbox 263x229x142 | 自穿    0 | 布穿杯   0 | 反轉   0 | 體積比 0.9855 | 邊長比 [0.422,1.594] | 杯心 ( -9.3,202.6,141.4) | 箱位移 (0,200,100) 蓋z(相對箱底) fxp=116.6 fxn=116.6 fyp=124.3 fyn=124.3
  G[yn] t= 63.03 yn hold peeled             上指 ( -96.2,-122.1, 147.7) 下指 ( -94.7,-110.2, 151.1) | 夾到  1 | 滑動 中位 6.6 最大 7.2 | yn 越過折線  22%(整片  59%)| 他片 >10mm   94(5.4%)最大  20.7 | 杯位移 9.7 | 自穿 0 穿杯 0 反轉 0
t= 63.53 yn hold peeled           bbox 263x229x142 | 自穿    0 | 布穿杯   0 | 反轉   0 | 體積比 0.9856 | 邊長比 [0.419,1.595] | 杯心 ( -9.3,202.7,141.4) | 箱位移 (0,200,100) 蓋z(相對箱底) fxp=116.6 fxn=116.6 fyp=124.3 fyn=124.3
  G[yn] t= 63.53 yn hold peeled             上指 ( -96.2,-122.1, 147.7) 下指 ( -94.7,-110.2, 151.1) | 夾到  1 | 滑動 中位 6.6 最大 7.0 | yn 越過折線  22%(整片  59%)| 他片 >10mm   91(5.3%)最大  20.7 | 杯位移 9.8 | 自穿 0 穿杯 0 反轉 0
t= 64.03 yn hold peeled           bbox 263x229x142 | 自穿    0 | 布穿杯   0 | 反轉   0 | 體積比 0.9861 | 邊長比 [0.480,1.606] | 杯心 ( -8.4,202.2,141.5) | 箱位移 (0,200,100) 蓋z(相對箱底) fxp=116.6 fxn=116.6 fyp=124.3 fyn=124.3 | 杯頂上 1 層 間距 9.05 頂厚 18.8
  G[yn] t= 64.03 yn hold peeled             上指 ( -96.2,-122.1, 147.7) 下指 ( -94.7,-110.2, 151.1) | 夾到  1 | 滑動 中位 6.4 最大 7.2 | yn 越過折線  22%(整片  60%)| 他片 >10mm   83(4.8%)最大  22.4 | 杯位移 8.7 | 自穿 0 穿杯 0 反轉 0
t= 64.53 yn hold peeled           bbox 263x229x142 | 自穿    0 | 布穿杯   0 | 反轉   0 | 體積比 0.9859 | 邊長比 [0.411,1.578] | 杯心 ( -8.6,202.3,141.4) | 箱位移 (0,200,100) 蓋z(相對箱底) fxp=116.6 fxn=116.6 fyp=124.3 fyn=124.3
  G[yn] t= 64.53 yn hold peeled             上指 ( -96.2,-122.1, 147.7) 下指 ( -94.7,-110.2, 151.1) | 夾到  1 | 滑動 中位 6.5 最大 7.1 | yn 越過折線  22%(整片  60%)| 他片 >10mm  108(6.2%)最大  23.3 | 杯位移 9.0 | 自穿 0 穿杯 0 反轉 0

★ t=64.60 [yn] held
  G[yn] t= 64.60 yn hold peeled             上指 ( -96.2,-122.1, 147.7) 下指 ( -94.7,-110.2, 151.1) | 夾到  1 | 滑動 中位 6.4 最大 7.3 | yn 越過折線  23%(整片  61%)| 他片 >10mm  118(6.8%)最大  24.4 | 杯位移 9.0 | 自穿 1 穿杯 0 反轉 0
  杯頂俯視覆蓋 81% → 露出 19%(開始時 14%)
t= 65.03 yn release               bbox 263x223x145 | 自穿    1 | 布穿杯   0 | 反轉   0 | 體積比 0.9857 | 邊長比 [0.435,1.574] | 杯心 ( -8.0,202.1,141.4) | 箱位移 (0,200,100) 蓋z(相對箱底) fxp=116.6 fxn=116.6 fyp=124.3 fyn=124.3
  G[yn] t= 65.03 yn release                 上指 ( -97.3,-131.2, 145.1) 下指 ( -93.6,-101.1, 153.7) | 夾到  0 | 滑動 中位 - 最大 - | yn 越過折線  22%(整片  60%)| 他片 >10mm   51(3.0%)最大  21.8 | 杯位移 8.4 | 自穿 1 穿杯 0 反轉 0
t= 65.53 yn release               bbox 263x223x122 | 自穿    2 | 布穿杯   0 | 反轉   0 | 體積比 0.9862 | 邊長比 [0.496,1.574] | 杯心 ( -6.8,202.1,141.5) | 箱位移 (0,200,100) 蓋z(相對箱底) fxp=116.6 fxn=116.6 fyp=124.3 fyn=124.3
  G[yn] t= 65.53 yn release                 上指 ( -93.6,-139.9, 172.0) 下指 ( -89.8,-108.8, 180.9) | 夾到  0 | 滑動 中位 - 最大 - | yn 越過折線   0%(整片  50%)| 他片 >10mm   65(3.8%)最大  25.3 | 杯位移 7.3 | 自穿 2 穿杯 0 反轉 0
t= 66.03 yn release               bbox 263x223x124 | 自穿    0 | 布穿杯   0 | 反轉   0 | 體積比 0.9859 | 邊長比 [0.399,1.569] | 杯心 ( -6.1,202.1,141.3) | 箱位移 (0,200,100) 蓋z(相對箱底) fxp=116.6 fxn=116.6 fyp=124.3 fyn=124.3 | 杯頂上 1 層 間距 7.37 頂厚 14.7
  G[yn] t= 66.03 yn release                 上指 ( -93.4,-140.3, 227.4) 下指 ( -89.6,-109.2, 236.3) | 夾到  0 | 滑動 中位 - 最大 - | yn 越過折線   1%(整片  50%)| 他片 >10mm  105(6.1%)最大  23.2 | 杯位移 6.8 | 自穿 0 穿杯 0 反轉 0
t= 66.53 yn release               bbox 263x223x124 | 自穿    2 | 布穿杯   0 | 反轉   0 | 體積比 0.9865 | 邊長比 [0.447,1.573] | 杯心 ( -5.7,202.1,141.5) | 箱位移 (0,200,100) 蓋z(相對箱底) fxp=116.6 fxn=116.6 fyp=124.3 fyn=124.3
  G[yn] t= 66.53 yn release                 上指 ( -93.4,-140.3, 253.4) 下指 ( -89.6,-109.2, 262.3) | 夾到  0 | 滑動 中位 - 最大 - | yn 越過折線   1%(整片  51%)| 他片 >10mm   96(5.6%)最大  26.9 | 杯位移 6.4 | 自穿 2 穿杯 0 反轉 0

★ t=66.55 [yn] released
  G[yn] t= 66.55 yn release                 上指 ( -93.4,-140.3, 253.4) 下指 ( -89.6,-109.2, 262.3) | 夾到  0 | 滑動 中位 - 最大 - | yn 越過折線   1%(整片  51%)| 他片 >10mm  110(6.4%)最大  24.8 | 杯位移 6.4 | 自穿 0 穿杯 0 反轉 0
  杯頂俯視覆蓋 88% → 露出 12%(開始時 14%)

★ t=66.60 [yp] 抓取點即時排名(60 候選,(a)上方沒被壓 5 / (b)掃掠不撞 1 / (c)下方空隙>=6mm 17 / 全過 0;算了 183.4s)
   #1 v1282 tip  yp   flat(  64, 250) 位置(箱局部) (  43.9,  -2.8,  85.5) 坡度   6.1° 下方空隙  28.8 上方他層 0 掃掠 牆/底/杯/布 0/0/0/29 NG
   #2 v1281 tip  yp   flat(  50, 250) 位置(箱局部) (  30.8,  -0.0,  90.8) 坡度   5.5° 下方空隙  20.1 上方他層 0 掃掠 牆/底/杯/布 0/0/0/5 NG
   #3 v1277 tip  yp   flat(  -7, 250) 位置(箱局部) ( -18.0,   6.5, 113.8) 坡度   4.6° 下方空隙   8.9 上方他層 1 掃掠 牆/底/杯/布 0/0/0/0 NG
   #4 v1278 tip  yp   flat(   7, 250) 位置(箱局部) (  -5.3,   6.0, 110.2) 坡度   4.1° 下方空隙   5.8 上方他層 0 掃掠 牆/底/杯/布 0/0/9/0 NG
   #5 v1280 tip  yp   flat(  36, 250) 位置(箱局部) (  18.5,   2.5,  97.1) 坡度   4.6° 下方空隙   4.4 上方他層 0 掃掠 牆/底/杯/布 0/0/3/6 NG
   #6 v1279 tip  yp   flat(  21, 250) 位置(箱局部) (   6.9,   4.8, 103.8) 坡度   3.6° 下方空隙   3.0 上方他層 0 掃掠 牆/底/杯/布 0/0/12/1 NG
  [yp] 選 ★ 沒有合格點 → 退而求其次:下方空隙最大:v828(side)位置 (-33.0,73.4,78.8) mm、邊坡度 44.2°、下方空隙 77.7 mm;外法線 u=(0.72,-0.02,0.70);指面沿邊置中在 v828/v828 之間(t 偏 0.0mm)
  [yp] 挑角路徑(jaw 模式,箱局部 mm):下指從上方降到 [-12.6  72.8  82.1](足跡 u∈[+7,+27]、頂面在布底下 6mm)→ 沿 −u 伸進 25mm 到 [-30.5  73.3  64.7](足跡 u∈[-18,2])→ 上抬 25mm 到 [-30.5  73.3  89.7]
  [yp] 翻面量測集:yp 片在折線(y=+71.5mm)內側的頂點 352 個;他片 xp/xn 共 1104 頂點;杯頂俯視覆蓋 87%(露出 13%)
t= 67.03 yp pick: lower jaw to corner bbox 263x223x122 | 自穿    1 | 布穿杯   0 | 反轉   0 | 體積比 0.9861 | 邊長比 [0.431,1.576] | 杯心 ( -5.3,202.0,141.4) | 箱位移 (0,200,100) 蓋z(相對箱底) fxp=116.6 fxn=116.6 fyp=124.3 fyn=124.3
  G[yp] t= 67.03 yp pick: lower jaw to corner 上指 ( -93.4,-140.3, 253.4) 下指 ( -58.7, -36.3, 222.2) | 夾到  0 | 滑動 中位 - 最大 - | yp 越過折線   0%(整片  41%)| 他片 >10mm    0(0.0%)最大   2.7 | 杯位移 0.2 | 自穿 1 穿杯 0 反轉 0
t= 67.53 yp pick: lower jaw to corner bbox 263x223x123 | 自穿    1 | 布穿杯   0 | 反轉   0 | 體積比 0.9862 | 邊長比 [0.448,1.578] | 杯心 ( -5.3,202.5,141.5) | 箱位移 (0,200,100) 蓋z(相對箱底) fxp=116.6 fxn=116.6 fyp=124.3 fyn=124.3
  G[yp] t= 67.53 yp pick: lower jaw to corner 上指 ( -93.4,-140.3, 253.4) 下指 ( -13.6,  70.4, 163.4) | 夾到  0 | 滑動 中位 - 最大 - | yp 越過折線   0%(整片  42%)| 他片 >10mm    0(0.0%)最大   3.2 | 杯位移 0.3 | 自穿 1 穿杯 0 反轉 0
t= 68.03 yp pick: lower jaw to corner bbox 263x223x122 | 自穿    1 | 布穿杯   0 | 反轉   0 | 體積比 0.9861 | 邊長比 [0.428,1.576] | 杯心 ( -5.0,202.2,141.5) | 箱位移 (0,200,100) 蓋z(相對箱底) fxp=116.6 fxn=116.6 fyp=124.3 fyn=124.3 | 杯頂上 1 層 間距 7.99 頂厚 13.9
  G[yp] t= 68.03 yp pick: lower jaw to corner 上指 ( -93.4,-140.3, 253.4) 下指 ( -12.6,  72.8, 130.1) | 夾到  0 | 滑動 中位 - 最大 - | yp 越過折線   0%(整片  41%)| 他片 >10mm    0(0.0%)最大   3.4 | 杯位移 0.3 | 自穿 1 穿杯 0 反轉 0
    pick t=68.10 下指足跡內:頂面上 0~8mm 0 點 / 穿進指內 0 點 / 底面下 0~8mm 0 點;角 v828 z=78.6
    pick t=68.20 下指足跡內:頂面上 0~8mm 0 點 / 穿進指內 0 點 / 底面下 0~8mm 0 點;角 v828 z=77.9
    pick t=68.30 下指足跡內:頂面上 0~8mm 0 點 / 穿進指內 0 點 / 底面下 0~8mm 0 點;角 v828 z=76.7
    pick t=68.40 下指足跡內:頂面上 0~8mm 0 點 / 穿進指內 0 點 / 底面下 0~8mm 1 點;角 v828 z=75.4
    pick t=68.50 下指足跡內:頂面上 0~8mm 0 點 / 穿進指內 0 點 / 底面下 0~8mm 2 點;角 v828 z=74.0
t= 68.53 yp pick: lower jaw to corner bbox 263x223x124 | 自穿    1 | 布穿杯   0 | 反轉   0 | 體積比 0.9852 | 邊長比 [0.404,2.630] | 杯心 ( -4.9,202.5,141.5) | 箱位移 (0,200,100) 蓋z(相對箱底) fxp=116.6 fxn=116.6 fyp=124.3 fyn=124.3
  G[yp] t= 68.53 yp pick: lower jaw to corner 上指 ( -93.4,-140.3, 253.4) 下指 ( -12.6,  72.8,  83.2) | 夾到  0 | 滑動 中位 - 最大 - | yp 越過折線   0%(整片  42%)| 他片 >10mm    7(0.6%)最大  11.2 | 杯位移 0.5 | 自穿 1 穿杯 0 反轉 0
    pick t=68.60 下指足跡內:頂面上 0~8mm 0 點 / 穿進指內 0 點 / 底面下 0~8mm 2 點;角 v828 z=73.5
    pick t=68.70 下指足跡內:頂面上 0~8mm 0 點 / 穿進指內 0 點 / 底面下 0~8mm 2 點;角 v828 z=72.9
    pick t=68.80 下指足跡內:頂面上 0~8mm 0 點 / 穿進指內 0 點 / 底面下 0~8mm 2 點;角 v828 z=71.8
    pick t=68.90 下指足跡內:頂面上 0~8mm 0 點 / 穿進指內 0 點 / 底面下 0~8mm 2 點;角 v828 z=71.5
    pick t=69.00 下指足跡內:頂面上 0~8mm 0 點 / 穿進指內 0 點 / 底面下 0~8mm 2 點;角 v828 z=72.0
t= 69.03 yp pick: lower jaw insert bbox 263x223x124 | 自穿    3 | 布穿杯   0 | 反轉   0 | 體積比 0.9845 | 邊長比 [0.441,3.178] | 杯心 ( -5.2,202.4,141.5) | 箱位移 (0,200,100) 蓋z(相對箱底) fxp=116.6 fxn=116.6 fyp=124.3 fyn=124.3
  G[yp] t= 69.03 yp pick: lower jaw insert  上指 ( -93.4,-140.3, 253.4) 下指 ( -19.7,  73.0,  75.2) | 夾到  0 | 滑動 中位 - 最大 - | yp 越過折線   0%(整片  42%)| 他片 >10mm   53(4.8%)最大  17.5 | 杯位移 0.3 | 自穿 3 穿杯 0 反轉 0
    pick t=69.10 下指足跡內:頂面上 0~8mm 1 點 / 穿進指內 0 點 / 底面下 0~8mm 2 點;角 v828 z=70.5
    pick t=69.20 下指足跡內:頂面上 0~8mm 0 點 / 穿進指內 0 點 / 底面下 0~8mm 2 點;角 v828 z=67.8
    pick t=69.30 下指足跡內:頂面上 0~8mm 0 點 / 穿進指內 0 點 / 底面下 0~8mm 2 點;角 v828 z=64.7
    pick t=69.40 下指足跡內:頂面上 0~8mm 0 點 / 穿進指內 0 點 / 底面下 0~8mm 2 點;角 v828 z=62.5
    pick t=69.50 下指足跡內:頂面上 0~8mm 0 點 / 穿進指內 0 點 / 底面下 0~8mm 1 點;角 v828 z=60.5
t= 69.53 yp pick: lower jaw insert bbox 263x223x125 | 自穿    1 | 布穿杯   0 | 反轉   0 | 體積比 0.9819 | 邊長比 [0.461,2.207] | 杯心 ( -4.4,202.2,141.3) | 箱位移 (0,200,100) 蓋z(相對箱底) fxp=116.6 fxn=116.6 fyp=124.3 fyn=124.3
  G[yp] t= 69.53 yp pick: lower jaw insert  上指 ( -93.4,-140.3, 253.4) 下指 ( -30.3,  73.3,  64.9) | 夾到  0 | 滑動 中位 - 最大 - | yp 越過折線   0%(整片  42%)| 他片 >10mm  142(12.9%)最大  26.2 | 杯位移 1.0 | 自穿 1 穿杯 0 反轉 0
    pick t=69.60 下指足跡內:頂面上 0~8mm 0 點 / 穿進指內 0 點 / 底面下 0~8mm 2 點;角 v828 z=59.7
    pick t=69.70 下指足跡內:頂面上 0~8mm 0 點 / 穿進指內 0 點 / 底面下 0~8mm 1 點;角 v828 z=59.8
    pick t=69.80 下指足跡內:頂面上 0~8mm 0 點 / 穿進指內 0 點 / 底面下 0~8mm 0 點;角 v828 z=61.5
    pick t=69.90 下指足跡內:頂面上 0~8mm 0 點 / 穿進指內 0 點 / 底面下 0~8mm 0 點;角 v828 z=63.9
    pick t=70.00 下指足跡內:頂面上 0~8mm 0 點 / 穿進指內 0 點 / 底面下 0~8mm 1 點;角 v828 z=66.5
t= 70.03 yp pick: lift corner     bbox 263x223x123 | 自穿    0 | 布穿杯   0 | 反轉   0 | 體積比 0.9835 | 邊長比 [0.458,1.892] | 杯心 ( -4.1,202.2,141.4) | 箱位移 (0,200,100) 蓋z(相對箱底) fxp=116.6 fxn=116.6 fyp=124.3 fyn=124.3 | 杯頂上 1 層 間距 8.23 頂厚 16.9
  G[yp] t= 70.03 yp pick: lift corner       上指 ( -93.4,-140.3, 253.4) 下指 ( -30.5,  73.3,  74.7) | 夾到  0 | 滑動 中位 - 最大 - | yp 越過折線   0%(整片  42%)| 他片 >10mm  149(13.5%)最大  24.8 | 杯位移 1.3 | 自穿 0 穿杯 0 反轉 0
    pick t=70.10 下指足跡內:頂面上 0~8mm 0 點 / 穿進指內 0 點 / 底面下 0~8mm 0 點;角 v828 z=68.1
    pick t=70.20 下指足跡內:頂面上 0~8mm 0 點 / 穿進指內 0 點 / 底面下 0~8mm 0 點;角 v828 z=69.5
    pick t=70.30 下指足跡內:頂面上 0~8mm 0 點 / 穿進指內 0 點 / 底面下 0~8mm 0 點;角 v828 z=70.1
    pick t=70.40 下指足跡內:頂面上 0~8mm 0 點 / 穿進指內 0 點 / 底面下 0~8mm 0 點;角 v828 z=70.7
    pick t=70.50 下指足跡內:頂面上 0~8mm 0 點 / 穿進指內 0 點 / 底面下 0~8mm 0 點;角 v828 z=71.1
t= 70.53 yp pick: lift corner     bbox 263x223x124 | 自穿    0 | 布穿杯   0 | 反轉   0 | 體積比 0.9838 | 邊長比 [0.476,1.591] | 杯心 ( -3.5,201.2,141.3) | 箱位移 (0,200,100) 蓋z(相對箱底) fxp=116.6 fxn=116.6 fyp=124.3 fyn=124.3
  G[yp] t= 70.53 yp pick: lift corner       上指 ( -93.4,-140.3, 253.4) 下指 ( -30.5,  73.3,  89.4) | 夾到  0 | 滑動 中位 - 最大 - | yp 越過折線   0%(整片  42%)| 他片 >10mm  142(12.9%)最大  20.2 | 杯位移 2.1 | 自穿 0 穿杯 0 反轉 0
    pick t=70.60 下指足跡內:頂面上 0~8mm 0 點 / 穿進指內 0 點 / 底面下 0~8mm 0 點;角 v828 z=71.5
    pick t=70.70 下指足跡內:頂面上 0~8mm 0 點 / 穿進指內 0 點 / 底面下 0~8mm 0 點;角 v828 z=72.3
    pick t=70.80 下指足跡內:頂面上 0~8mm 0 點 / 穿進指內 0 點 / 底面下 0~8mm 0 點;角 v828 z=71.7
    pick t=70.90 下指足跡內:頂面上 0~8mm 0 點 / 穿進指內 0 點 / 底面下 0~8mm 0 點;角 v828 z=72.4
    pick t=71.00 下指足跡內:頂面上 0~8mm 0 點 / 穿進指內 0 點 / 底面下 0~8mm 0 點;角 v828 z=71.7
t= 71.03 yp pick: lift corner     bbox 263x223x127 | 自穿    0 | 布穿杯   0 | 反轉   0 | 體積比 0.9845 | 邊長比 [0.479,1.587] | 杯心 ( -3.8,201.0,141.4) | 箱位移 (0,200,100) 蓋z(相對箱底) fxp=116.6 fxn=116.6 fyp=124.3 fyn=124.3
  G[yp] t= 71.03 yp pick: lift corner       上指 ( -93.4,-140.3, 253.4) 下指 ( -30.5,  73.3,  89.7) | 夾到  0 | 滑動 中位 - 最大 - | yp 越過折線   0%(整片  42%)| 他片 >10mm  150(13.6%)最大  21.5 | 杯位移 2.0 | 自穿 0 穿杯 0 反轉 0
    pick t=71.10 下指足跡內:頂面上 0~8mm 0 點 / 穿進指內 0 點 / 底面下 0~8mm 0 點;角 v828 z=71.7

★ t=71.10 [yp] 挑角完:角 v828 z 78.8 → 71.7 mm(+-7.1);下方空隙 77.7 → 84.1 mm;相鄰層(非 yp 片)位移 >10mm 頂點 184 / 1968,最大 20.7 mm
  [yp] 上指:從 +z 降到下指正上方 [-49.6  73.9 109.4] → 沿 −n 合 15mm 到 [-39.2  73.6  98.7](指面間距 4.5mm);挑角後躺在下指頂面上(0~7mm)的布頂點 0 個
t= 71.53 yp upper jaw down        bbox 263x223x127 | 自穿    0 | 布穿杯   0 | 反轉   0 | 體積比 0.9842 | 邊長比 [0.473,1.589] | 杯心 ( -3.9,200.6,141.2) | 箱位移 (0,200,100) 蓋z(相對箱底) fxp=116.6 fxn=116.6 fyp=124.3 fyn=124.3
  G[yp] t= 71.53 yp upper jaw down          上指 ( -68.8, -19.8, 206.2) 下指 ( -30.5,  73.3,  89.7) | 夾到  0 | 滑動 中位 - 最大 - | yp 越過折線   0%(整片  42%)| 他片 >10mm  143(13.0%)最大  21.0 | 杯位移 2.1 | 自穿 0 穿杯 0 反轉 0
t= 72.03 yp upper jaw down        bbox 263x223x126 | 自穿    0 | 布穿杯   0 | 反轉   0 | 體積比 0.9845 | 邊長比 [0.483,1.586] | 杯心 ( -3.8,200.2,141.4) | 箱位移 (0,200,100) 蓋z(相對箱底) fxp=116.6 fxn=116.6 fyp=124.3 fyn=124.3 | 杯頂上 1 層 間距 10.24 頂厚 18.3
  G[yp] t= 72.03 yp upper jaw down          上指 ( -49.6,  73.9, 165.0) 下指 ( -30.5,  73.3,  89.7) | 夾到  0 | 滑動 中位 - 最大 - | yp 越過折線   0%(整片  42%)| 他片 >10mm  143(13.0%)最大  21.3 | 杯位移 2.4 | 自穿 0 穿杯 0 反轉 0
t= 72.53 yp upper jaw down        bbox 263x223x127 | 自穿    0 | 布穿杯   0 | 反轉   0 | 體積比 0.9847 | 邊長比 [0.461,1.589] | 杯心 ( -3.6,200.0,141.4) | 箱位移 (0,200,100) 蓋z(相對箱底) fxp=116.6 fxn=116.6 fyp=124.3 fyn=124.3
  G[yp] t= 72.53 yp upper jaw down          上指 ( -49.6,  73.9, 116.2) 下指 ( -30.5,  73.3,  89.7) | 夾到  0 | 滑動 中位 - 最大 - | yp 越過折線   0%(整片  42%)| 他片 >10mm  144(13.0%)最大  20.1 | 杯位移 2.8 | 自穿 0 穿杯 0 反轉 0
t= 73.03 yp close jaws            bbox 263x223x126 | 自穿    0 | 布穿杯   0 | 反轉   0 | 體積比 0.9842 | 邊長比 [0.476,1.593] | 杯心 ( -3.2,199.9,141.4) | 箱位移 (0,200,100) 蓋z(相對箱底) fxp=116.6 fxn=116.6 fyp=124.3 fyn=124.3
  G[yp] t= 73.03 yp close jaws              上指 ( -45.7,  73.8, 105.4) 下指 ( -30.5,  73.3,  89.7) | 夾到  0 | 滑動 中位 - 最大 - | yp 越過折線   0%(整片  42%)| 他片 >10mm  154(13.9%)最大  20.1 | 杯位移 3.2 | 自穿 0 穿杯 0 反轉 0
t= 73.53 yp grip hold             bbox 263x223x127 | 自穿    0 | 布穿杯   0 | 反轉   0 | 體積比 0.9840 | 邊長比 [0.462,1.592] | 杯心 ( -1.4,198.2,141.3) | 箱位移 (0,200,100) 蓋z(相對箱底) fxp=116.6 fxn=116.6 fyp=124.3 fyn=124.3
  G[yp] t= 73.53 yp grip hold               上指 ( -39.2,  73.6,  98.7) 下指 ( -30.5,  73.3,  89.7) | 夾到  0 | 滑動 中位 - 最大 - | yp 越過折線   0%(整片  42%)| 他片 >10mm  159(14.4%)最大  20.8 | 杯位移 5.6 | 自穿 0 穿杯 0 反轉 0
t= 74.03 yp grip hold             bbox 263x223x126 | 自穿    0 | 布穿杯   0 | 反轉   0 | 體積比 0.9843 | 邊長比 [0.476,1.593] | 杯心 ( -0.9,197.4,141.3) | 箱位移 (0,200,100) 蓋z(相對箱底) fxp=116.6 fxn=116.6 fyp=124.3 fyn=124.3 | 杯頂上 1 層 間距 9.81 頂厚 19.6
  G[yp] t= 74.03 yp grip hold               上指 ( -39.2,  73.6,  98.7) 下指 ( -30.5,  73.3,  89.7) | 夾到  0 | 滑動 中位 - 最大 - | yp 越過折線   0%(整片  42%)| 他片 >10mm  162(14.7%)最大  20.3 | 杯位移 6.5 | 自穿 0 穿杯 0 反轉 0
t= 74.53 yp grip hold             bbox 263x223x127 | 自穿    0 | 布穿杯   0 | 反轉   0 | 體積比 0.9845 | 邊長比 [0.475,1.593] | 杯心 (  0.2,197.1,141.4) | 箱位移 (0,200,100) 蓋z(相對箱底) fxp=116.6 fxn=116.6 fyp=124.3 fyn=124.3
  G[yp] t= 74.53 yp grip hold               上指 ( -39.2,  73.6,  98.7) 下指 ( -30.5,  73.3,  89.7) | 夾到  0 | 滑動 中位 - 最大 - | yp 越過折線   0%(整片  42%)| 他片 >10mm  165(14.9%)最大  20.6 | 杯位移 7.5 | 自穿 0 穿杯 0 反轉 0
t= 75.03 yp grip hold             bbox 263x223x127 | 自穿    0 | 布穿杯   0 | 反轉   0 | 體積比 0.9842 | 邊長比 [0.474,1.591] | 杯心 (  0.4,197.0,141.2) | 箱位移 (0,200,100) 蓋z(相對箱底) fxp=116.6 fxn=116.6 fyp=124.3 fyn=124.3
  G[yp] t= 75.03 yp grip hold               上指 ( -39.2,  73.6,  98.7) 下指 ( -30.5,  73.3,  89.7) | 夾到  0 | 滑動 中位 - 最大 - | yp 越過折線   0%(整片  42%)| 他片 >10mm  169(15.3%)最大  21.0 | 杯位移 7.7 | 自穿 0 穿杯 0 反轉 0
t= 75.53 yp grip hold             bbox 263x223x127 | 自穿    0 | 布穿杯   0 | 反轉   0 | 體積比 0.9846 | 邊長比 [0.481,1.587] | 杯心 (  0.8,196.6,141.3) | 箱位移 (0,200,100) 蓋z(相對箱底) fxp=116.6 fxn=116.6 fyp=124.3 fyn=124.3
  G[yp] t= 75.53 yp grip hold               上指 ( -39.2,  73.6,  98.7) 下指 ( -30.5,  73.3,  89.7) | 夾到  0 | 滑動 中位 - 最大 - | yp 越過折線   0%(整片  42%)| 他片 >10mm  162(14.7%)最大  21.0 | 杯位移 8.3 | 自穿 0 穿杯 0 反轉 0
t= 76.03 yp grip hold             bbox 263x223x125 | 自穿    0 | 布穿杯   0 | 反轉   0 | 體積比 0.9843 | 邊長比 [0.479,1.589] | 杯心 (  0.9,196.6,141.3) | 箱位移 (0,200,100) 蓋z(相對箱底) fxp=116.6 fxn=116.6 fyp=124.3 fyn=124.3 | 杯頂上 1 層 間距 9.76 頂厚 19.5
  G[yp] t= 76.03 yp grip hold               上指 ( -39.2,  73.6,  98.7) 下指 ( -30.5,  73.3,  89.7) | 夾到  0 | 滑動 中位 - 最大 - | yp 越過折線   0%(整片  42%)| 他片 >10mm  163(14.8%)最大  21.4 | 杯位移 8.4 | 自穿 0 穿杯 0 反轉 0
  [yp] 實際 rod 位置(箱局部)[3000. 2800.  903.] mm vs 目標 [3000. 2800.  903.]
  [yp] 實際 up 位置(箱局部)[-39.2  73.6  98.7] mm vs 目標 [-39.2  73.6  98.7]
  [yp] 實際 lo 位置(箱局部)[-30.5  73.3  89.7] mm vs 目標 [-30.5  73.3  89.7]

★ t=76.30 [yp] 夾好:指面之間(間距 4.5mm、足跡 20x20)的布頂點 0 個(歸屬 {})
  [yp] 參考:足跡外擴 2.5mm、離指面 <=2.5mm 的布頂點 0 個;夾爪 30mm 內布頂點的 (t,u,n) mm:v756(21,-15,9); v757(22,-30,8); v792(8,-19,-3); v828(2,-20,-18); v936(-25,-19,-29); v972(-20,-21,-18); v1008(-9,-19,-11); v1044(3,-13,-5); v1045(4,-28,-5); v1058(-21,-26,6); v1059(-21,-16,-5); v1060(-19,-12,-18); v1061(-17,-3,-28); v1080(15,-16,4)
  [yp] 弧線:彎折處(夾點那欄,即時)y=77.3 z=57.2 mm(|flat x|<CX 各欄中位 y=101.1 z=63.6;題目名義折線 y=+71.5);材料長度 現在 152.2 / flat 14.3 mm → 半徑 0.80 x (152.2 − 7.5) = 115.8 mm(夾爪中心起始離彎折處 37.2 mm,前 30% 角度內漸變)
  [yp] 第 1 段繞彎折處 84° → 116°(指向箱壁外頂角 y=+113.5 z=130.5);第 2 段 略過(半徑剩 34.0mm;--arc2 0);箱外指頭最低點 >= 蓋頂 129.5 + T + 2 = 135.5 mm;終點夾爪中心 (-34.8,128.5,161.0) mm;6.0s 後停 2.0s 再放開
t= 76.53 yp PEEL arc              bbox 263x223x126 | 自穿    0 | 布穿杯   0 | 反轉   0 | 體積比 0.9846 | 邊長比 [0.471,1.588] | 杯心 (  0.7,196.4,141.2) | 箱位移 (0,200,100) 蓋z(相對箱底) fxp=116.6 fxn=116.6 fyp=124.3 fyn=124.3
  G[yp] t= 76.53 yp PEEL arc                上指 ( -39.2,  73.6,  99.8) 下指 ( -30.5,  73.3,  90.9) | 夾到  0 | 滑動 中位 - 最大 - | yp 越過折線   0%(整片  42%)| 他片 >10mm  164(14.9%)最大  20.6 | 杯位移 8.4 | 自穿 0 穿杯 0 反轉 0
t= 77.03 yp PEEL arc              bbox 263x223x127 | 自穿    0 | 布穿杯   0 | 反轉   0 | 體積比 0.9852 | 邊長比 [0.471,1.578] | 杯心 (  1.3,195.7,141.3) | 箱位移 (0,200,100) 蓋z(相對箱底) fxp=116.6 fxn=116.6 fyp=124.3 fyn=124.3
  G[yp] t= 77.03 yp PEEL arc                上指 ( -39.2,  73.7, 109.5) 下指 ( -30.5,  73.2, 100.5) | 夾到  0 | 滑動 中位 - 最大 - | yp 越過折線   0%(整片  42%)| 他片 >10mm  139(12.6%)最大  18.2 | 杯位移 9.2 | 自穿 0 穿杯 0 反轉 0
t= 77.53 yp PEEL arc              bbox 263x223x127 | 自穿    0 | 布穿杯   0 | 反轉   0 | 體積比 0.9860 | 邊長比 [0.491,1.580] | 杯心 (  0.9,196.5,141.3) | 箱位移 (0,200,100) 蓋z(相對箱底) fxp=116.6 fxn=116.6 fyp=124.3 fyn=124.3
  G[yp] t= 77.53 yp PEEL arc                上指 ( -39.2,  74.9, 127.4) 下指 ( -30.5,  74.1, 118.5) | 夾到  0 | 滑動 中位 - 最大 - | yp 越過折線   0%(整片  43%)| 他片 >10mm   51(4.6%)最大  15.3 | 杯位移 8.5 | 自穿 0 穿杯 0 反轉 0
t= 78.03 yp PEEL arc              bbox 264x223x126 | 自穿    0 | 布穿杯   0 | 反轉   0 | 體積比 0.9861 | 邊長比 [0.498,1.580] | 杯心 (  0.8,196.8,141.4) | 箱位移 (0,200,100) 蓋z(相對箱底) fxp=116.6 fxn=116.6 fyp=124.3 fyn=124.3 | 杯頂上 1 層 間距 10.62 頂厚 19.0
  G[yp] t= 78.03 yp PEEL arc                上指 ( -39.2,  78.9, 151.7) 下指 ( -30.5,  77.6, 142.9) | 夾到  0 | 滑動 中位 - 最大 - | yp 越過折線   1%(整片  43%)| 他片 >10mm   37(3.4%)最大  14.9 | 杯位移 8.2 | 自穿 0 穿杯 0 反轉 0

★ t=78.30 [yp] peel_1_3
  G[yp] t= 78.30 yp PEEL arc                上指 ( -39.2,  82.5, 166.6) 下指 ( -30.5,  81.0, 157.8) | 夾到  0 | 滑動 中位 - 最大 - | yp 越過折線   1%(整片  43%)| 他片 >10mm   51(4.6%)最大  15.2 | 杯位移 7.8 | 自穿 0 穿杯 0 反轉 0
t= 78.53 yp PEEL arc              bbox 263x223x127 | 自穿    0 | 布穿杯   0 | 反轉   0 | 體積比 0.9859 | 邊長比 [0.493,1.583] | 杯心 (  0.3,196.8,141.2) | 箱位移 (0,200,100) 蓋z(相對箱底) fxp=116.6 fxn=116.6 fyp=124.3 fyn=124.3
  G[yp] t= 78.53 yp PEEL arc                上指 ( -39.2,  86.6, 177.0) 下指 ( -30.5,  84.7, 168.2) | 夾到  0 | 滑動 中位 - 最大 - | yp 越過折線   0%(整片  43%)| 他片 >10mm   40(3.6%)最大  15.5 | 杯位移 7.8 | 自穿 0 穿杯 0 反轉 0
t= 79.03 yp PEEL arc              bbox 263x223x126 | 自穿    0 | 布穿杯   0 | 反轉   0 | 體積比 0.9864 | 邊長比 [0.501,1.578] | 杯心 (  0.4,196.8,141.3) | 箱位移 (0,200,100) 蓋z(相對箱底) fxp=116.6 fxn=116.6 fyp=124.3 fyn=124.3
  G[yp] t= 79.03 yp PEEL arc                上指 ( -39.2,  94.7, 176.1) 下指 ( -30.5,  92.3, 167.5) | 夾到  0 | 滑動 中位 - 最大 - | yp 越過折線   1%(整片  43%)| 他片 >10mm   39(3.5%)最大  17.6 | 杯位移 7.8 | 自穿 0 穿杯 0 反轉 0
t= 79.53 yp PEEL arc              bbox 264x223x126 | 自穿    0 | 布穿杯   0 | 反轉   0 | 體積比 0.9861 | 邊長比 [0.493,1.591] | 杯心 (  0.1,197.4,141.3) | 箱位移 (0,200,100) 蓋z(相對箱底) fxp=116.6 fxn=116.6 fyp=124.3 fyn=124.3
  G[yp] t= 79.53 yp PEEL arc                上指 ( -39.2, 103.0, 174.6) 下指 ( -30.5, 100.0, 166.1) | 夾到  0 | 滑動 中位 - 最大 - | yp 越過折線   1%(整片  43%)| 他片 >10mm   41(3.7%)最大  15.7 | 杯位移 7.3 | 自穿 0 穿杯 0 反轉 0
t= 80.03 yp PEEL arc              bbox 263x223x125 | 自穿    0 | 布穿杯   0 | 反轉   0 | 體積比 0.9859 | 邊長比 [0.498,1.586] | 杯心 ( -0.0,197.6,141.3) | 箱位移 (0,200,100) 蓋z(相對箱底) fxp=116.6 fxn=116.6 fyp=124.3 fyn=124.3 | 杯頂上 1 層 間距 9.28 頂厚 18.3
  G[yp] t= 80.03 yp PEEL arc                上指 ( -39.2, 110.9, 172.6) 下指 ( -30.5, 107.3, 164.3) | 夾到  0 | 滑動 中位 - 最大 - | yp 越過折線   1%(整片  43%)| 他片 >10mm   26(2.4%)最大  12.9 | 杯位移 7.0 | 自穿 0 穿杯 0 反轉 0

★ t=80.30 [yp] peel_2_3
  G[yp] t= 80.30 yp PEEL arc                上指 ( -39.2, 114.9, 171.3) 下指 ( -30.5, 111.0, 163.3) | 夾到  0 | 滑動 中位 - 最大 - | yp 越過折線   1%(整片  44%)| 他片 >10mm   45(4.1%)最大  15.6 | 杯位移 6.6 | 自穿 0 穿杯 0 反轉 0
t= 80.53 yp PEEL arc              bbox 263x223x126 | 自穿    0 | 布穿杯   0 | 反轉   0 | 體積比 0.9857 | 邊長比 [0.490,1.589] | 杯心 ( -0.4,198.4,141.3) | 箱位移 (0,200,100) 蓋z(相對箱底) fxp=116.6 fxn=116.6 fyp=124.3 fyn=124.3
  G[yp] t= 80.53 yp PEEL arc                上指 ( -39.2, 118.1, 170.2) 下指 ( -30.5, 114.0, 162.3) | 夾到  0 | 滑動 中位 - 最大 - | yp 越過折線   1%(整片  44%)| 他片 >10mm   35(3.2%)最大  14.9 | 杯位移 6.2 | 自穿 0 穿杯 0 反轉 0
t= 81.03 yp PEEL arc              bbox 263x223x126 | 自穿    0 | 布穿杯   0 | 反轉   0 | 體積比 0.9861 | 邊長比 [0.494,1.586] | 杯心 ( -0.1,198.8,141.3) | 箱位移 (0,200,100) 蓋z(相對箱底) fxp=116.6 fxn=116.6 fyp=124.3 fyn=124.3
  G[yp] t= 81.03 yp PEEL arc                上指 ( -39.2, 124.0, 167.9) 下指 ( -30.5, 119.5, 160.2) | 夾到  0 | 滑動 中位 - 最大 - | yp 越過折線   2%(整片  44%)| 他片 >10mm   21(1.9%)最大  14.8 | 杯位移 6.3 | 自穿 0 穿杯 0 反轉 0
t= 81.53 yp PEEL arc              bbox 263x223x126 | 自穿    0 | 布穿杯   0 | 反轉   0 | 體積比 0.9859 | 邊長比 [0.493,1.587] | 杯心 ( -0.3,198.4,141.3) | 箱位移 (0,200,100) 蓋z(相對箱底) fxp=116.6 fxn=116.6 fyp=124.3 fyn=124.3
  G[yp] t= 81.53 yp PEEL arc                上指 ( -39.2, 128.3, 166.0) 下指 ( -30.5, 123.5, 158.4) | 夾到  0 | 滑動 中位 - 最大 - | yp 越過折線   1%(整片  43%)| 他片 >10mm    6(0.5%)最大  13.2 | 杯位移 6.3 | 自穿 0 穿杯 0 反轉 0
t= 82.03 yp PEEL arc              bbox 263x223x124 | 自穿    0 | 布穿杯   0 | 反轉   0 | 體積比 0.9856 | 邊長比 [0.496,1.585] | 杯心 (  0.0,199.0,141.2) | 箱位移 (0,200,100) 蓋z(相對箱底) fxp=116.6 fxn=116.6 fyp=124.3 fyn=124.3 | 杯頂上 1 層 間距 10.01 頂厚 17.6
  G[yp] t= 82.03 yp PEEL arc                上指 ( -39.2, 130.7, 164.8) 下指 ( -30.5, 125.7, 157.4) | 夾到  0 | 滑動 中位 - 最大 - | yp 越過折線   1%(整片  44%)| 他片 >10mm   13(1.2%)最大  14.0 | 杯位移 6.2 | 自穿 0 穿杯 0 反轉 0

★ t=82.30 [yp] peeled
  G[yp] t= 82.30 yp PEEL arc                上指 ( -39.2, 131.0, 164.7) 下指 ( -30.5, 126.0, 157.2) | 夾到  0 | 滑動 中位 - 最大 - | yp 越過折線   1%(整片  44%)| 他片 >10mm   11(1.0%)最大  13.5 | 杯位移 6.3 | 自穿 0 穿杯 0 反轉 0
t= 82.53 yp hold peeled           bbox 263x223x124 | 自穿    0 | 布穿杯   0 | 反轉   0 | 體積比 0.9861 | 邊長比 [0.500,1.579] | 杯心 (  0.1,199.2,141.4) | 箱位移 (0,200,100) 蓋z(相對箱底) fxp=116.6 fxn=116.6 fyp=124.3 fyn=124.3
  G[yp] t= 82.53 yp hold peeled             上指 ( -39.2, 131.0, 164.7) 下指 ( -30.5, 126.0, 157.2) | 夾到  0 | 滑動 中位 - 最大 - | yp 越過折線   1%(整片  44%)| 他片 >10mm   12(1.1%)最大  13.9 | 杯位移 6.2 | 自穿 0 穿杯 0 反轉 0
t= 83.03 yp hold peeled           bbox 263x223x126 | 自穿    0 | 布穿杯   0 | 反轉   0 | 體積比 0.9855 | 邊長比 [0.494,1.585] | 杯心 (  0.1,199.2,141.0) | 箱位移 (0,200,100) 蓋z(相對箱底) fxp=116.6 fxn=116.6 fyp=124.3 fyn=124.3
  G[yp] t= 83.03 yp hold peeled             上指 ( -39.2, 131.0, 164.7) 下指 ( -30.5, 126.0, 157.2) | 夾到  0 | 滑動 中位 - 最大 - | yp 越過折線   1%(整片  44%)| 他片 >10mm    9(0.8%)最大  12.6 | 杯位移 6.2 | 自穿 0 穿杯 0 反轉 0
t= 83.53 yp hold peeled           bbox 263x223x124 | 自穿    0 | 布穿杯   0 | 反轉   0 | 體積比 0.9857 | 邊長比 [0.495,1.585] | 杯心 (  0.2,198.9,141.4) | 箱位移 (0,200,100) 蓋z(相對箱底) fxp=116.6 fxn=116.6 fyp=124.3 fyn=124.3
  G[yp] t= 83.53 yp hold peeled             上指 ( -39.2, 131.0, 164.7) 下指 ( -30.5, 126.0, 157.2) | 夾到  0 | 滑動 中位 - 最大 - | yp 越過折線   1%(整片  44%)| 他片 >10mm    8(0.7%)最大  12.8 | 杯位移 6.4 | 自穿 0 穿杯 0 反轉 0
t= 84.03 yp hold peeled           bbox 265x223x125 | 自穿    0 | 布穿杯   0 | 反轉   0 | 體積比 0.9860 | 邊長比 [0.494,1.586] | 杯心 (  0.6,198.6,141.3) | 箱位移 (0,200,100) 蓋z(相對箱底) fxp=116.6 fxn=116.6 fyp=124.3 fyn=124.3 | 杯頂上 1 層 間距 10.45 頂厚 16.6
  G[yp] t= 84.03 yp hold peeled             上指 ( -39.2, 131.0, 164.7) 下指 ( -30.5, 126.0, 157.2) | 夾到  0 | 滑動 中位 - 最大 - | yp 越過折線   1%(整片  44%)| 他片 >10mm    7(0.6%)最大  12.6 | 杯位移 7.0 | 自穿 0 穿杯 0 反轉 0

★ t=84.30 [yp] held
  G[yp] t= 84.30 yp hold peeled             上指 ( -39.2, 131.0, 164.7) 下指 ( -30.5, 126.0, 157.2) | 夾到  0 | 滑動 中位 - 最大 - | yp 越過折線   1%(整片  43%)| 他片 >10mm    6(0.5%)最大  12.1 | 杯位移 7.0 | 自穿 0 穿杯 0 反轉 0
  杯頂俯視覆蓋 84% → 露出 16%(開始時 13%)
t= 84.53 yp release               bbox 263x223x125 | 自穿    0 | 布穿杯   0 | 反轉   0 | 體積比 0.9860 | 邊長比 [0.499,1.580] | 杯心 (  0.3,198.9,141.4) | 箱位移 (0,200,100) 蓋z(相對箱底) fxp=116.6 fxn=116.6 fyp=124.3 fyn=124.3
  G[yp] t= 84.53 yp release                 上指 ( -42.3, 132.8, 167.4) 下指 ( -27.3, 124.2, 154.6) | 夾到  0 | 滑動 中位 - 最大 - | yp 越過折線   1%(整片  44%)| 他片 >10mm    8(0.7%)最大  12.8 | 杯位移 6.6 | 自穿 0 穿杯 0 反轉 0
t= 85.03 yp release               bbox 263x223x125 | 自穿    0 | 布穿杯   0 | 反轉   0 | 體積比 0.9863 | 邊長比 [0.498,1.586] | 杯心 (  0.5,198.7,141.4) | 箱位移 (0,200,100) 蓋z(相對箱底) fxp=116.6 fxn=116.6 fyp=124.3 fyn=124.3
  G[yp] t= 85.03 yp release                 上指 ( -36.5, 139.8, 178.8) 下指 ( -13.8, 126.8, 159.4) | 夾到  0 | 滑動 中位 - 最大 - | yp 越過折線   0%(整片  43%)| 他片 >10mm    8(0.7%)最大  11.7 | 杯位移 6.8 | 自穿 0 穿杯 0 反轉 0
t= 85.53 yp release               bbox 263x223x125 | 自穿    0 | 布穿杯   0 | 反轉   0 | 體積比 0.9862 | 邊長比 [0.499,1.580] | 杯心 (  0.6,198.8,141.4) | 箱位移 (0,200,100) 蓋z(相對箱底) fxp=116.6 fxn=116.6 fyp=124.3 fyn=124.3
  G[yp] t= 85.53 yp release                 上指 ( -24.7, 145.6, 209.4) 下指 (  -2.0, 132.6, 190.1) | 夾到  0 | 滑動 中位 - 最大 - | yp 越過折線   0%(整片  43%)| 他片 >10mm   11(1.0%)最大  10.9 | 杯位移 6.9 | 自穿 0 穿杯 0 反轉 0
t= 86.03 yp release               bbox 265x223x125 | 自穿    0 | 布穿杯   0 | 反轉   0 | 體積比 0.9858 | 邊長比 [0.507,1.579] | 杯心 (  0.6,198.9,141.2) | 箱位移 (0,200,100) 蓋z(相對箱底) fxp=116.6 fxn=116.6 fyp=124.3 fyn=124.3 | 杯頂上 1 層 間距 10.60 頂厚 16.4
  G[yp] t= 86.03 yp release                 上指 ( -24.7, 145.6, 268.7) 下指 (  -2.0, 132.6, 249.3) | 夾到  0 | 滑動 中位 - 最大 - | yp 越過折線   0%(整片  43%)| 他片 >10mm   12(1.1%)最大  11.0 | 杯位移 6.8 | 自穿 0 穿杯 0 反轉 0

★ t=86.25 [yp] released
  G[yp] t= 86.25 yp release                 上指 ( -24.7, 145.6, 268.7) 下指 (  -2.0, 132.6, 249.3) | 夾到  0 | 滑動 中位 - 最大 - | yp 越過折線   0%(整片  43%)| 他片 >10mm   12(1.1%)最大  10.9 | 杯位移 6.7 | 自穿 0 穿杯 0 反轉 0
  杯頂俯視覆蓋 85% → 露出 15%(開始時 13%)
t= 86.30 yp release               bbox 263x223x126 | 自穿    0 | 布穿杯   0 | 反轉   0 | 體積比 0.9864 | 邊長比 [0.509,1.575] | 杯心 (  0.5,198.8,141.2) | 箱位移 (0,200,100) 蓋z(相對箱底) fxp=116.6 fxn=116.6 fyp=124.3 fyn=124.3 | 杯頂上 1 層 間距 10.14 頂厚 16.3
  G[yp] t= 86.30 yp release                 上指 ( -24.7, 145.6, 268.7) 下指 (  -2.0, 132.6, 249.3) | 夾到  0 | 滑動 中位 - 最大 - | yp 越過折線   0%(整片  43%)| 他片 >10mm   11(1.0%)最大  11.1 | 杯位移 6.8 | 自穿 0 穿杯 0 反轉 0

影片 → grasp/out_g/wrap.mp4(2589 幀);wall 893.8s / sim 86.30s = 10.36

===== 判讀 wrap_vol sheet 500(跑到 all)=====
  fold_xn                t=  7.47 bbox 布 242x503x105 / 含杯 242x503x105 | 體積÷杯 9.64 | 自穿 0 | 布穿杯 0 | 反轉 0 | 體積比 0.9977 | 杯頂上 1.0 層(分佈 {0: 128, 1: 208})間距 nan 頂厚 12.2 第1層離杯頂 8.2 | 杯頂俯視覆蓋 70%
  fold_end               t= 17.50 bbox 布 250x216x127 / 含杯 250x216x127 | 體積÷杯 5.19 | 自穿 4 | 布穿杯 0 | 反轉 0 | 體積比 0.9896 | 杯頂上 3.0 層(分佈 {0: 6, 1: 89, 2: 40, 3: 181, 4: 20})間距 6.83 頂厚 26.1 第1層離杯頂 17.3 | 杯頂俯視覆蓋 99%
  closed_pre_release     t= 26.90 bbox 布 253x223x120 / 含杯 253x223x120 | 體積÷杯 5.12 | 自穿 5 | 布穿杯 0 | 反轉 0 | 體積比 0.9906 | 杯頂上 3.0 層(分佈 {0: 6, 1: 100, 2: 39, 3: 178, 4: 13})間距 6.80 頂厚 25.4 第1層離杯頂 18.9 | 杯頂俯視覆蓋 99%
  before_move            t= 28.87 bbox 布 264x223x121 / 含杯 264x223x121 | 體積÷杯 5.40 | 自穿 0 | 布穿杯 0 | 反轉 0 | 體積比 0.9877 | 杯頂上 1.0 層(分佈 {0: 76, 1: 152, 2: 63, 3: 87})間距 11.51 頂厚 17.3 第1層離杯頂 7.4 | 杯頂俯視覆蓋 88%
  after_move             t= 36.87 bbox 布 263x223x122 / 含杯 263x223x122 | 體積÷杯 5.41 | 自穿 1 | 布穿杯 0 | 反轉 0 | 體積比 0.9855 | 杯頂上 1.0 層(分佈 {0: 95, 1: 181, 2: 36, 3: 44, 4: 4})間距 11.10 頂厚 16.9 第1層離杯頂 10.2 | 杯頂俯視覆蓋 85%
  end                    t= 45.87 bbox 布 263x223x122 / 含杯 263x223x122 | 體積÷杯 5.43 | 自穿 0 | 布穿杯 0 | 反轉 0 | 體積比 0.9860 | 杯頂上 1.0 層(分佈 {0: 82, 1: 192, 2: 32, 3: 46, 4: 8})間距 11.91 頂厚 16.5 第1層離杯頂 8.7 | 杯頂俯視覆蓋 87%
  final                  t= 86.30 bbox 布 263x223x126 / 含杯 263x223x126 | 體積÷杯 5.59 | 自穿 0 | 布穿杯 0 | 反轉 0 | 體積比 0.9864 | 杯頂上 1.0 層(分佈 {0: 94, 1: 183, 2: 34, 3: 42, 4: 7})間距 10.14 頂厚 16.3 第1層離杯頂 8.7 | 杯頂俯視覆蓋 85%
  全程最大:自穿 12(t=14.03 fold yn)| 布穿杯 0 | 反轉 5 | 邊長比 [0.150, 3.178]
  每階段結束時自穿:
    settle                     結束 t=0.03 自穿 0
    fold xp                    結束 t=3.53 自穿 0
    fold xn                    結束 t=7.03 自穿 0
    fold yp                    結束 t=10.53 自穿 0
    fold yn                    結束 t=14.03 自穿 12
    tuck ears (side squeeze)   結束 t=17.03 自穿 4
    into box                   結束 t=18.03 自穿 4
    close lower lids           結束 t=22.03 自穿 2
    close upper lids           結束 t=26.03 自穿 4
    release paddles            結束 t=26.53 自穿 2
    release anchors / settle   結束 t=28.53 自穿 1
    move box                   結束 t=34.53 自穿 1
    settle                     結束 t=36.53 自穿 0
    open upper lids            結束 t=39.53 自穿 0
    open lower lids            結束 t=42.53 自穿 0
    hold                       結束 t=45.53 自穿 0
    grasp settle               結束 t=46.53 自穿 0
    yn pick: lower jaw to corner 結束 t=48.53 自穿 0
    yn pick: lower jaw insert  結束 t=49.53 自穿 0
    yn pick: lift corner       結束 t=51.03 自穿 0
    yn upper jaw down          結束 t=52.53 自穿 0
    yn close jaws              結束 t=53.53 自穿 0
    yn grip hold               結束 t=56.53 自穿 0
    yn PEEL arc                結束 t=62.53 自穿 1
    yn hold peeled             結束 t=64.53 自穿 0
    yn release                 結束 t=66.53 自穿 2
    yp pick: lower jaw to corner 結束 t=68.53 自穿 1
    yp pick: lower jaw insert  結束 t=69.53 自穿 1
    yp pick: lift corner       結束 t=71.03 自穿 0
    yp upper jaw down          結束 t=72.53 自穿 0
    yp close jaws              結束 t=73.03 自穿 0
    yp grip hold               結束 t=76.03 自穿 0
    yp PEEL arc                結束 t=82.03 自穿 0
    yp hold peeled             結束 t=84.03 自穿 0
    yp release                 結束 t=86.30 自穿 0
  折 xp 尖端(綁的、|x|<=CX 的 20 點)along 19.7~20.0 z 100.4~104.7 mm(目標 along 19.9 z 103.1±2)
  折 xn 尖端(綁的、|x|<=CX 的 20 點)along 19.8~19.9 z 100.5~104.7 mm(目標 along 19.9 z 103.1±2)
  折 yp 尖端(綁的、|x|<=CX 的 24 點)along -1.4~-0.9 z 105.4~109.7 mm(目標 along -1.4 z 108.1±2)
  折 yn 尖端(綁的、|x|<=CX 的 24 點)along 3.6~4.0 z 110.6~114.8 mm(目標 along 3.6 z 113.1±2)

===== 真的入箱了嗎(逐頂點比對內腔)=====
 關蓋後(放錨前):
  布     2592 點;超出內腔 0 | x 超 0 / y 超 0 / 低於底 0(最深 0.00mm)/ 高於口 0 | x -126.2~126.4(±132) y -111.5~111.5(±112) z 3.5~123.4(3.0~133.9)
  杯子   24832 點;超出內腔 0 | x 超 0 / y 超 0 / 低於底 0(最深 0.00mm)/ 高於口 0 | x -66.6~66.6(±132) y -53.5~53.5(±112) z 9.5~102.1(3.0~133.9)
 搬前:
  布     2592 點;超出內腔 2 | x 超 1 / y 超 0 / 低於底 1(最深 0.75mm)/ 高於口 0 | x -132.1~131.5(±132) y -111.5~111.5(±112) z 2.3~123.5(3.0~133.9)
  杯子   24832 點;超出內腔 0 | x 超 0 / y 超 0 / 低於底 0(最深 0.00mm)/ 高於口 0 | x -58.5~73.1(±132) y -62.2~56.2(±112) z 8.4~104.3(3.0~133.9)
 搬後(原點 = 箱子最終位置):
  布     2592 點;超出內腔 0 | x 超 0 / y 超 0 / 低於底 0(最深 0.00mm)/ 高於口 0 | x -131.5~131.5(±132) y -111.5~111.5(±112) z 3.3~125.1(3.0~133.9)
  杯子   24832 點;超出內腔 0 | x 超 0 / y 超 0 / 低於底 0(最深 0.00mm)/ 高於口 0 | x -65.0~63.4(±132) y -58.3~59.3(±112) z 8.4~104.3(3.0~133.9)
  搬箱:箱位移 (0.0,200.0,100.0) mm;布質心相對箱 搬前→搬後 差 5.4 mm;杯心相對箱 差 8.8 mm
  杯心相對箱中心(搬後):(-2.0, -1.1, +41.3) mm(z 相對箱底內面)
 開蓋後(結束):
  布     2592 點;超出內腔 0 | x 超 0 / y 超 0 / 低於底 0(最深 0.00mm)/ 高於口 0 | x -131.5~131.5(±132) y -111.5~111.5(±112) z 3.5~125.8(3.0~133.9)
  杯子   24832 點;超出內腔 0 | x 超 0 / y 超 0 / 低於底 0(最深 0.00mm)/ 高於口 0 | x -63.8~64.0(±132) y -59.9~56.4(±112) z 8.6~104.2(3.0~133.9)
  蓋中心 z(相對箱底內面):fxp=116.6 fxn=116.6 fyp=124.3 fyn=124.3;關著時預設 fxp=123.4 fxn=123.4 fyp=128.7 fyn=128.7
  驗收:pre_in PASS(布 0 杯 0) | closed PASS(布 0 杯 0) | bm FAIL(布 2 杯 0) | am PASS(布 0 杯 0) | end PASS(布 0 杯 0)(pre_in / end 蓋子開著,只計 x/y/底)
  杯子姿態:相對初始轉了 26.9°(dynamic 之後)

===== SUMMARY =====
  E 2e+03 T 4.0mm 面密度 0.10 cont 2.00 rest 0.50 tuck 1
  四折後(收耳前 t=14.03)bbox 246x239x126;側板內縮目標 258x218 ⇒ 側板會碰到布(四折後 bbox 是否超出)
  收耳後/入箱前 bbox 250x216x127
  關蓋後 bbox 253x223x120 體積÷杯 5.12
  頂力代理:下蓋底面 120.0mm;布頂 z(max/99%)放錨前 120.4/117.1 → 放錨後 2s 120.5/111.1;離蓋底 <2mm 的頂點 17 → 4
  開蓋後 3s:布頂 z max 122.8 / 99% 112.0 mm(箱口 130.9);杯頂俯視覆蓋 87%
  全程最大 自穿 12 布穿杯 0 反轉 5 邊長比 [0.150,3.178] 體積比 [0.9819,1.0009]
  wall 893.8s

===== 抓取段判讀(--grasp 1;rank 1、挑角 25/25mm、半徑係數 0.80、掀 6.0s、間距 4.5mm、指面摩擦 2.0)=====
  [yn] 抓取點 v10 位置 (-101.9,-24.2,125.6) 坡度 41.8° 空隙 35.3 | 挑角後 z 125.6→136.3 空隙 35.3→44.3 相鄰層 >10mm 1(最大 10.3)
  [yn] 夾到 3 NG | 滑動(夾持中 中位/最大頂點)6.6 / 7.8 mm OK | 越過折線 23%(整片 61%)NG;放開後 1% | 他片 >10mm 118(6.8%)最大 24.4 mm {'yp': 52, 'xp': 44, 'xn': 22} NG | 杯位移最大 9.8 mm NG | 自穿最多 2 穿杯 0 OK 反轉 0 | 露出 14% → 19%(放開後 12%)⇒ FAIL
  [yp] 抓取點 v828 位置 (-33.0,73.4,78.8) 坡度 44.2° 空隙 77.7 | 挑角後 z 78.8→71.7 空隙 77.7→84.1 相鄰層 >10mm 184(最大 20.7)
  [yp] 夾到 0 NG | 滑動(夾持中 中位/最大頂點)nan / nan mm NG | 越過折線 1%(整片 43%)NG;放開後 0% | 他片 >10mm 6(0.5%)最大 12.1 mm {'xp': 1, 'xn': 5} OK | 杯位移最大 9.2 mm NG | 自穿最多 3 穿杯 0 OK 反轉 0 | 露出 13% → 16%(放開後 15%)⇒ FAIL
  抓取段明細 → grasp/out_g/grasp.json
npz → grasp/out_g/wrap.npz
