=== wrap_vol sheet 500 ===
args: {'sheet_mm': 500.0, 'sheet_x_mm': 0.0, 'sheet_y_mm': 0.0, 'out': 'grasp/out_g', 'mug': 'mug.stl', 'carton': 'carton_w131.usd', 'tex': 'bubble_normal.png', 'tex_mm': 200.0, 'thick_mm': 4.0, 'nxy': 35, 'young': 2000.0, 'poisson': 0.45, 'areal': 0.1, 'fric': 0.8, 'cont': 0.002, 'rest': 0.0005, 'solver': 128, 'dt': 0.004166666666666667, 'margin': 0.012, 'wall': 0.006, 'fold_span': 3.0, 'fold_hold': 0.5, 'slow': '', 'tip_extra': '', 'tip_over_mm': 30.0, 'lid_span': 4.0, 'open_span': 3.0, 'movebox': '0,0.20,0.10', 'move_t': 6.0, 'base_collider_pad': 0.02, 'squeeze_t': 2.5, 'squeeze_mm': 3.0, 'until': 'all', 'rest_npz': '', 'cam_ref': 0.586, 'meas_dt': 0.5, 'fps': 30, 'tuck': 1, 'grasp': 1, 'grasp_rank': 1, 'pick_mm': 25.0, 'pick_in_mm': 25.0, 'arc_k': 0.8, 'peel_t': 6.0, 'gap_mm': 4.5, 'ffric': 2.0, 'pick_mode': 'jaw', 'chord': 2, 'arc2': 0, 'second': 1, 'gcam_focal': 2.8}
杯子躺平 133 x 107 x 93 mm;杯口 +y、杯耳 +x;watertight=True
折線 CX=84.63 CY=71.50 mm;折邊長 x 165.4 / y 178.5 mm
set_physics_volume_deformable_body(/World/plate) -> True
  collider /World/plate:schema 預設 contactOffset=-inf restOffset=-inf → 設 0.002 / 0.0005
板 500x500x4mm:2592 點 6125 tets;dxy 14.29mm;solver 128 dt 1/240
視覺網格 /World/sheet_vis:5180 三角形(上/下/側面),泡泡法線貼圖 bubble_normal.png
杯子 kinematic,底 z=6.5 頂 z=99.1 mm
錨 xp:最外圈 72 點中 SIDEPICK 歸本邊 68,綁 20 點(上下兩層)
錨 xn:最外圈 72 點中 SIDEPICK 歸本邊 68,綁 20 點(上下兩層)
錨 yp:最外圈 72 點中 SIDEPICK 歸本邊 72,綁 24 點(上下兩層)
錨 yn:最外圈 72 點中 SIDEPICK 歸本邊 72,綁 24 點(上下兩層)
  xp:折線 84.6、折邊 165.4、已疊 0 層 → 尖端中面 z=103.1(底面 101.1)、越過頂面 arm 64.7 → 尖端 along=19.9 mm(搆不到中線)
  xn:折線 84.6、折邊 165.4、已疊 0 層 → 尖端中面 z=103.1(底面 101.1)、越過頂面 arm 64.7 → 尖端 along=19.9 mm(搆不到中線)
  yp:折線 71.5、折邊 178.5、已疊 1 層 → 尖端中面 z=108.1(底面 106.1)、越過頂面 arm 72.9 → 尖端 along=-1.4 mm(到/越過中線)
  yn:折線 71.5、折邊 178.5、已疊 2 層 → 尖端中面 z=113.1(底面 111.1)、越過頂面 arm 67.9 → 尖端 along=3.6 mm(搆不到中線)
錨:26 個 kinematic 錨體(x 邊各 1 根桿;y 邊每欄 1 個,共 24 欄),全部無碰撞;VtxXformAttachment 掛 /World/attach/*
★ 紙箱 carton_w131.usd(meta carton_w131.meta.json):5 剛體 kinematic;bbox 270x230x134;箱底內面 z=3.0、箱口最高 133.9;內腔 ±132 x ±112;鉸鏈 123.0/129.5
★ 底板碰撞加厚 20mm(不可見)
  蓋 fxp:USD 預設中心 z=126.4 → 關;開 = 轉 +180°
  蓋 fxn:USD 預設中心 z=126.4 → 關;開 = 轉 +180°
  蓋 fyp:USD 預設中心 z=131.7 → 關;開 = 轉 +180°
  蓋 fyn:USD 預設中心 z=131.7 → 關;開 = 轉 +180°
★ 紙箱 reset 前擺到旁邊 [-800.  450.   -3.] mm、蓋子開(180°);箱底內面對齊地面(z 偏 −3.0mm)
★ --grasp 1:kinematic 指 rod [ 8. 30.  8.] / 上下指 [20. 20.  8.] mm,指面摩擦 2.0(rod 0.5),cont 1 / rest 0;停在 [3. 3. 1.]
錨 rigid body view:26 個(kinematic target)
抓取指 rigid body view:3 個
抓取段:open hold 完 45.90 → settle → yn@46.90 / yp@66.60 每片 19.7s(挑角 0~4.5、下指進 ~7.1、夾好 9.7、掀 6.0s、停 2.0s、放開);結束 86.30
時間表:折 xp@0.5(3.0s) xn@4.0(3.0s) yp@7.5(3.0s) yn@11.0(3.0s) | 折完 14.50 | 入箱 17.50 | 關下蓋 18.50 | 關上蓋 22.50 | 放錨+杯動態 26.50 | 搬 28.90~34.90 | 開上蓋 36.90 | 開下蓋 39.90 | 結束 45.90(本次跑到 86.30)
渲染 30 fps,每幀 8 物理步;共 2589 幀
t=  0.03 settle                   bbox 500x500x  5 | 自穿    0 | 布穿杯   0 | 反轉   0 | 體積比 0.9993 | 邊長比 [0.995,1.006] | 杯心 (  0.0,  0.0, 52.8) | 杯頂上 0 層 間距 nan 頂厚 nan
t=  0.53 fold xp                  bbox 500x500x  5 | 自穿    0 | 布穿杯   0 | 反轉   0 | 體積比 0.9993 | 邊長比 [0.993,1.007] | 杯心 (  0.0,  0.0, 52.8)
t=  1.03 fold xp                  bbox 499x500x 47 | 自穿    0 | 布穿杯   0 | 反轉   0 | 體積比 1.0001 | 邊長比 [0.885,1.214] | 杯心 (  0.0,  0.0, 52.8)
t=  1.53 fold xp                  bbox 474x500x129 | 自穿    0 | 布穿杯   0 | 反轉   0 | 體積比 1.0009 | 邊長比 [0.792,1.484] | 杯心 (  0.0,  0.0, 52.8)
t=  2.03 fold xp                  bbox 384x509x167 | 自穿    0 | 布穿杯   0 | 反轉   0 | 體積比 1.0002 | 邊長比 [0.837,1.390] | 杯心 (  0.0,  0.0, 52.8) | 杯頂上 0 層 間距 nan 頂厚 nan
t=  2.53 fold xp                  bbox 365x503x149 | 自穿    0 | 布穿杯   0 | 反轉   0 | 體積比 0.9995 | 邊長比 [0.882,1.252] | 杯心 (  0.0,  0.0, 52.8)
t=  3.03 fold xp                  bbox 368x501x117 | 自穿    0 | 布穿杯   0 | 反轉   0 | 體積比 0.9989 | 邊長比 [0.865,1.188] | 杯心 (  0.0,  0.0, 52.8)
t=  3.53 fold xp                  bbox 373x502x104 | 自穿    0 | 布穿杯   0 | 反轉   0 | 體積比 0.9987 | 邊長比 [0.856,1.223] | 杯心 (  0.0,  0.0, 52.8)
t=  4.03 fold xn                  bbox 372x503x104 | 自穿    0 | 布穿杯   0 | 反轉   0 | 體積比 0.9986 | 邊長比 [0.846,1.248] | 杯心 (  0.0,  0.0, 52.8) | 杯頂上 0 層 間距 nan 頂厚 31.1
t=  4.53 fold xn                  bbox 370x503x104 | 自穿    0 | 布穿杯   0 | 反轉   0 | 體積比 0.9993 | 邊長比 [0.842,1.256] | 杯心 (  0.0,  0.0, 52.8)
t=  5.03 fold xn                  bbox 346x503x129 | 自穿    0 | 布穿杯   0 | 反轉   0 | 體積比 1.0002 | 邊長比 [0.814,1.459] | 杯心 (  0.0,  0.0, 52.8)
t=  5.53 fold xn                  bbox 251x507x167 | 自穿    0 | 布穿杯   0 | 反轉   0 | 體積比 0.9995 | 邊長比 [0.840,1.344] | 杯心 (  0.0,  0.0, 52.8)
t=  6.03 fold xn                  bbox 235x503x149 | 自穿    0 | 布穿杯   0 | 反轉   0 | 體積比 0.9989 | 邊長比 [0.841,1.254] | 杯心 (  0.0,  0.0, 52.8) | 杯頂上 0 層 間距 nan 頂厚 36.5
t=  6.53 fold xn                  bbox 239x503x117 | 自穿    0 | 布穿杯   0 | 反轉   0 | 體積比 0.9982 | 邊長比 [0.843,1.248] | 杯心 (  0.0,  0.0, 52.8)
t=  7.03 fold xn                  bbox 242x503x105 | 自穿    0 | 布穿杯   0 | 反轉   0 | 體積比 0.9976 | 邊長比 [0.845,1.249] | 杯心 (  0.0,  0.0, 52.8)
t=  7.53 fold yp                  bbox 241x503x105 | 自穿    0 | 布穿杯   0 | 反轉   0 | 體積比 0.9977 | 邊長比 [0.844,1.257] | 杯心 (  0.0,  0.0, 52.8)
t=  8.03 fold yp                  bbox 245x500x105 | 自穿    0 | 布穿杯   0 | 反轉   0 | 體積比 0.9981 | 邊長比 [0.776,1.250] | 杯心 (  0.0,  0.0, 52.8) | 杯頂上 1 層 間距 nan 頂厚 11.8
t=  8.53 fold yp                  bbox 248x451x148 | 自穿    0 | 布穿杯   0 | 反轉   0 | 體積比 0.9983 | 邊長比 [0.754,1.352] | 杯心 (  0.0,  0.0, 52.8)
t=  9.03 fold yp                  bbox 246x380x181 | 自穿    0 | 布穿杯   0 | 反轉   0 | 體積比 0.9971 | 邊長比 [0.680,1.418] | 杯心 (  0.0,  0.0, 52.8)
t=  9.53 fold yp                  bbox 245x369x159 | 自穿    0 | 布穿杯   0 | 反轉   0 | 體積比 0.9964 | 邊長比 [0.629,1.518] | 杯心 (  0.0,  0.0, 52.8)
t= 10.03 fold yp                  bbox 244x369x124 | 自穿    0 | 布穿杯   0 | 反轉   0 | 體積比 0.9961 | 邊長比 [0.599,1.505] | 杯心 (  0.0,  0.0, 52.8) | 杯頂上 1 層 間距 10.85 頂厚 27.1
t= 10.53 fold yp                  bbox 244x370x121 | 自穿    1 | 布穿杯   0 | 反轉   0 | 體積比 0.9959 | 邊長比 [0.609,1.490] | 杯心 (  0.0,  0.0, 52.8)
t= 11.03 fold yn                  bbox 244x370x119 | 自穿    1 | 布穿杯   0 | 反轉   0 | 體積比 0.9957 | 邊長比 [0.603,1.497] | 杯心 (  0.0,  0.0, 52.8)
t= 11.53 fold yn                  bbox 248x368x119 | 自穿    1 | 布穿杯   0 | 反轉   0 | 體積比 0.9960 | 邊長比 [0.605,1.509] | 杯心 (  0.0,  0.0, 52.8)
t= 12.03 fold yn                  bbox 250x319x146 | 自穿    1 | 布穿杯   0 | 反轉   0 | 體積比 0.9962 | 邊長比 [0.606,1.491] | 杯心 (  0.0,  0.0, 52.8) | 杯頂上 1 層 間距 7.30 頂厚 22.1
t= 12.53 fold yn                  bbox 249x245x181 | 自穿    1 | 布穿杯   0 | 反轉   0 | 體積比 0.9948 | 邊長比 [0.609,1.485] | 杯心 (  0.0,  0.0, 52.8)
t= 13.03 fold yn                  bbox 245x237x161 | 自穿    1 | 布穿杯   0 | 反轉   0 | 體積比 0.9944 | 邊長比 [0.608,1.520] | 杯心 (  0.0,  0.0, 52.8)
t= 13.53 fold yn                  bbox 248x239x133 | 自穿    1 | 布穿杯   0 | 反轉   0 | 體積比 0.9939 | 邊長比 [0.604,1.503] | 杯心 (  0.0,  0.0, 52.8)
t= 14.03 fold yn                  bbox 251x241x127 | 自穿   11 | 布穿杯   0 | 反轉   0 | 體積比 0.9929 | 邊長比 [0.592,1.497] | 杯心 (  0.0,  0.0, 52.8) | 杯頂上 3 層 間距 6.57 頂厚 25.5
t= 14.53 tuck ears (side squeeze) bbox 253x241x126 | 自穿    5 | 布穿杯   0 | 反轉   0 | 體積比 0.9928 | 邊長比 [0.583,1.489] | 杯心 (  0.0,  0.0, 52.8)
t= 15.03 tuck ears (side squeeze) bbox 253x241x127 | 自穿    7 | 布穿杯   0 | 反轉   0 | 體積比 0.9931 | 邊長比 [0.592,1.485] | 杯心 (  0.0,  0.0, 52.8)
t= 15.53 tuck ears (side squeeze) bbox 252x241x128 | 自穿    4 | 布穿杯   0 | 反轉   0 | 體積比 0.9931 | 邊長比 [0.590,1.492] | 杯心 (  0.0,  0.0, 52.8)
t= 16.03 tuck ears (side squeeze) bbox 251x241x128 | 自穿    5 | 布穿杯   0 | 反轉   0 | 體積比 0.9922 | 邊長比 [0.590,1.492] | 杯心 (  0.0,  0.0, 52.8) | 杯頂上 3 層 間距 6.66 頂厚 25.8
t= 16.53 tuck ears (side squeeze) bbox 252x242x126 | 自穿    3 | 布穿杯   0 | 反轉   0 | 體積比 0.9931 | 邊長比 [0.586,1.488] | 杯心 (  0.0,  0.0, 52.8)
t= 17.03 tuck ears (side squeeze) bbox 253x216x126 | 自穿    4 | 布穿杯   0 | 反轉   0 | 體積比 0.9906 | 邊長比 [0.564,1.562] | 杯心 (  0.0,  0.0, 52.8)
  箱子 tensor set_transforms 瞬移 5 個剛體(base + 4 蓋)

★ t=17.500 入箱:包裹(布)bbox 中心 (0.0,0.0) mm,杯心 (0.0,0.0,52.8);箱子剛性瞬移到 [ 0.  0. -3.] mm(箱底內面 = 地面)
  入箱前(瞬移前)以箱子目標位置比對內腔:
  布     2592 點;超出內腔 0 | x 超 0 / y 超 0 / 低於底 0(最深 0.00mm)/ 高於口 0 | x -126.5~126.3(±132) y -108.0~108.0(±112) z 3.5~129.2(3.0~133.9)
  杯子   24832 點;超出內腔 0 | x 超 0 / y 超 0 / 低於底 0(最深 0.00mm)/ 高於口 0 | x -66.6~66.6(±132) y -53.5~53.5(±112) z 9.5~102.1(3.0~133.9)
  地板碰撞關閉(1 collider);箱底(+pad)接手
t= 17.53 into box                 bbox 252x216x125 | 自穿    3 | 布穿杯   0 | 反轉   0 | 體積比 0.9902 | 邊長比 [0.562,1.567] | 杯心 (  0.0,  0.0, 52.8) | 箱位移 (0,0,0) 蓋z(相對箱底) fxp=116.6 fxn=116.6 fyp=124.3 fyn=124.3
t= 18.03 into box                 bbox 252x216x126 | 自穿    3 | 布穿杯   0 | 反轉   0 | 體積比 0.9903 | 邊長比 [0.559,1.567] | 杯心 (  0.0,  0.0, 52.8) | 箱位移 (0,0,0) 蓋z(相對箱底) fxp=116.6 fxn=116.6 fyp=124.3 fyn=124.3 | 杯頂上 3 層 間距 6.73 頂厚 25.4
t= 18.53 close lower lids         bbox 251x216x126 | 自穿    2 | 布穿杯   0 | 反轉   0 | 體積比 0.9905 | 邊長比 [0.559,1.564] | 杯心 (  0.0,  0.0, 52.8) | 箱位移 (0,0,0) 蓋z(相對箱底) fxp=116.7 fxn=116.7 fyp=124.3 fyn=124.3
t= 19.03 close lower lids         bbox 252x216x126 | 自穿    4 | 布穿杯   0 | 反轉   0 | 體積比 0.9901 | 邊長比 [0.565,1.561] | 杯心 (  0.0,  0.0, 52.8) | 箱位移 (0,0,0) 蓋z(相對箱底) fxp=125.4 fxn=125.4 fyp=124.3 fyn=124.3
t= 19.53 close lower lids         bbox 251x216x126 | 自穿    2 | 布穿杯   0 | 反轉   0 | 體積比 0.9896 | 邊長比 [0.557,1.565] | 杯心 (  0.0,  0.0, 52.8) | 箱位移 (0,0,0) 蓋z(相對箱底) fxp=145.6 fxn=145.6 fyp=124.3 fyn=124.3
t= 20.03 close lower lids         bbox 251x216x126 | 自穿    2 | 布穿杯   0 | 反轉   0 | 體積比 0.9898 | 邊長比 [0.562,1.565] | 杯心 (  0.0,  0.0, 52.8) | 箱位移 (0,0,0) 蓋z(相對箱底) fxp=167.5 fxn=167.5 fyp=124.3 fyn=124.3 | 杯頂上 3 層 間距 6.49 頂厚 24.9
t= 20.53 close lower lids         bbox 252x216x126 | 自穿    1 | 布穿杯   0 | 反轉   0 | 體積比 0.9900 | 邊長比 [0.567,1.565] | 杯心 (  0.0,  0.0, 52.8) | 箱位移 (0,0,0) 蓋z(相對箱底) fxp=177.5 fxn=177.5 fyp=124.3 fyn=124.3
t= 21.03 close lower lids         bbox 252x216x126 | 自穿    1 | 布穿杯   0 | 反轉   0 | 體積比 0.9899 | 邊長比 [0.563,1.571] | 杯心 (  0.0,  0.0, 52.8) | 箱位移 (0,0,0) 蓋z(相對箱底) fxp=168.9 fxn=168.9 fyp=124.3 fyn=124.3
t= 21.53 close lower lids         bbox 253x216x127 | 自穿    1 | 布穿杯   0 | 反轉   0 | 體積比 0.9903 | 邊長比 [0.566,1.569] | 杯心 (  0.0,  0.0, 52.8) | 箱位移 (0,0,0) 蓋z(相對箱底) fxp=148.6 fxn=148.6 fyp=124.3 fyn=124.3
t= 22.03 close lower lids         bbox 252x216x123 | 自穿    0 | 布穿杯   0 | 反轉   0 | 體積比 0.9890 | 邊長比 [0.561,1.566] | 杯心 (  0.0,  0.0, 52.8) | 箱位移 (0,0,0) 蓋z(相對箱底) fxp=130.1 fxn=130.1 fyp=124.3 fyn=124.3 | 杯頂上 3 層 間距 6.44 頂厚 24.8
t= 22.53 close upper lids         bbox 253x216x120 | 自穿    0 | 布穿杯   0 | 反轉   0 | 體積比 0.9892 | 邊長比 [0.561,1.564] | 杯心 (  0.0,  0.0, 52.8) | 箱位移 (0,0,0) 蓋z(相對箱底) fxp=123.4 fxn=123.4 fyp=124.3 fyn=124.3
t= 23.03 close upper lids         bbox 253x216x120 | 自穿    0 | 布穿杯   0 | 反轉   0 | 體積比 0.9896 | 邊長比 [0.552,1.568] | 杯心 (  0.0,  0.0, 52.8) | 箱位移 (0,0,0) 蓋z(相對箱底) fxp=123.4 fxn=123.4 fyp=132.7 fyn=132.7
t= 23.53 close upper lids         bbox 252x216x122 | 自穿    1 | 布穿杯   0 | 反轉   0 | 體積比 0.9902 | 邊長比 [0.554,1.565] | 杯心 (  0.0,  0.0, 52.8) | 箱位移 (0,0,0) 蓋z(相對箱底) fxp=123.4 fxn=123.4 fyp=152.1 fyn=152.1
t= 24.03 close upper lids         bbox 252x216x121 | 自穿    1 | 布穿杯   0 | 反轉   0 | 體積比 0.9901 | 邊長比 [0.561,1.565] | 杯心 (  0.0,  0.0, 52.8) | 箱位移 (0,0,0) 蓋z(相對箱底) fxp=123.4 fxn=123.4 fyp=172.7 fyn=172.7 | 杯頂上 3 層 間距 6.54 頂厚 25.1
t= 24.53 close upper lids         bbox 252x216x120 | 自穿    2 | 布穿杯   0 | 反轉   0 | 體積比 0.9904 | 邊長比 [0.571,1.558] | 杯心 (  0.0,  0.0, 52.8) | 箱位移 (0,0,0) 蓋z(相對箱底) fxp=123.4 fxn=123.4 fyp=181.8 fyn=181.8
t= 25.03 close upper lids         bbox 252x216x120 | 自穿    0 | 布穿杯   0 | 反轉   0 | 體積比 0.9901 | 邊長比 [0.569,1.562] | 杯心 (  0.0,  0.0, 52.8) | 箱位移 (0,0,0) 蓋z(相對箱底) fxp=123.4 fxn=123.4 fyp=172.9 fyn=172.9
t= 25.53 close upper lids         bbox 252x216x120 | 自穿    2 | 布穿杯   0 | 反轉   0 | 體積比 0.9899 | 邊長比 [0.563,1.565] | 杯心 (  0.0,  0.0, 52.8) | 箱位移 (0,0,0) 蓋z(相對箱底) fxp=123.4 fxn=123.4 fyp=153.1 fyn=153.1
t= 26.03 close upper lids         bbox 253x216x122 | 自穿    1 | 布穿杯   0 | 反轉   0 | 體積比 0.9903 | 邊長比 [0.563,1.565] | 杯心 (  0.0,  0.0, 52.8) | 箱位移 (0,0,0) 蓋z(相對箱底) fxp=123.4 fxn=123.4 fyp=135.2 fyn=135.2 | 杯頂上 3 層 間距 6.90 頂厚 25.3
t= 26.53 release paddles          bbox 253x219x120 | 自穿    0 | 布穿杯   0 | 反轉   0 | 體積比 0.9902 | 邊長比 [0.566,1.558] | 杯心 (  0.0,  0.0, 52.8) | 箱位移 (0,0,0) 蓋z(相對箱底) fxp=123.4 fxn=123.4 fyp=128.7 fyn=128.7

★ t=26.900 關蓋完成 → RemovePrim 全部錨點(4 scope);杯子轉 dynamic
t= 27.03 release anchors / settle bbox 254x223x123 | 自穿    1 | 布穿杯   0 | 反轉   0 | 體積比 0.9887 | 邊長比 [0.556,1.568] | 杯心 (  2.5, -4.5, 48.3) | 箱位移 (0,0,0) 蓋z(相對箱底) fxp=123.4 fxn=123.4 fyp=128.7 fyn=128.7
t= 27.53 release anchors / settle bbox 257x223x124 | 自穿    0 | 布穿杯   0 | 反轉   0 | 體積比 0.9886 | 邊長比 [0.544,1.578] | 杯心 (  4.1, -3.9, 47.4) | 箱位移 (0,0,0) 蓋z(相對箱底) fxp=123.4 fxn=123.4 fyp=128.7 fyn=128.7
t= 28.03 release anchors / settle bbox 257x223x123 | 自穿    0 | 布穿杯   0 | 反轉   0 | 體積比 0.9883 | 邊長比 [0.398,1.568] | 杯心 (  4.3, -4.1, 47.2) | 箱位移 (0,0,0) 蓋z(相對箱底) fxp=123.4 fxn=123.4 fyp=128.7 fyn=128.7 | 杯頂上 2 層 間距 7.59 頂厚 22.4
t= 28.53 release anchors / settle bbox 259x223x123 | 自穿    0 | 布穿杯   0 | 反轉   0 | 體積比 0.9884 | 邊長比 [0.384,1.555] | 杯心 (  3.6, -4.2, 47.3) | 箱位移 (0,0,0) 蓋z(相對箱底) fxp=123.4 fxn=123.4 fyp=128.7 fyn=128.7
t= 29.03 move box                 bbox 260x223x122 | 自穿    0 | 布穿杯   0 | 反轉   0 | 體積比 0.9885 | 邊長比 [0.436,1.555] | 杯心 (  3.0, -3.8, 47.6) | 箱位移 (0,0,0) 蓋z(相對箱底) fxp=123.4 fxn=123.4 fyp=128.7 fyn=128.7
t= 29.53 move box                 bbox 260x223x121 | 自穿    0 | 布穿杯   0 | 反轉   0 | 體積比 0.9883 | 邊長比 [0.482,1.548] | 杯心 (  3.4,  2.2, 50.2) | 箱位移 (0,6,3) 蓋z(相對箱底) fxp=123.4 fxn=123.4 fyp=128.7 fyn=128.7
t= 30.03 move box                 bbox 258x223x122 | 自穿    0 | 布穿杯   0 | 反轉   0 | 體積比 0.9884 | 邊長比 [0.511,1.552] | 杯心 (  3.7, 14.5, 56.3) | 箱位移 (0,19,9) 蓋z(相對箱底) fxp=123.4 fxn=123.4 fyp=128.7 fyn=128.7 | 杯頂上 2 層 間距 7.21 頂厚 18.5
t= 30.53 move box                 bbox 261x223x120 | 自穿    0 | 布穿杯   0 | 反轉   0 | 體積比 0.9883 | 邊長比 [0.388,1.544] | 杯心 (  3.5, 32.6, 65.2) | 箱位移 (0,36,18) 蓋z(相對箱底) fxp=123.4 fxn=123.4 fyp=128.7 fyn=128.7
t= 31.03 move box                 bbox 261x223x121 | 自穿    0 | 布穿杯   0 | 反轉   0 | 體積比 0.9884 | 邊長比 [0.575,1.556] | 杯心 (  4.0, 54.5, 75.5) | 箱位移 (0,58,29) 蓋z(相對箱底) fxp=123.4 fxn=123.4 fyp=128.7 fyn=128.7
t= 31.53 move box                 bbox 263x223x120 | 自穿    0 | 布穿杯   0 | 反轉   0 | 體積比 0.9882 | 邊長比 [0.556,1.558] | 杯心 (  5.3, 77.6, 86.8) | 箱位移 (0,82,41) 蓋z(相對箱底) fxp=123.4 fxn=123.4 fyp=128.7 fyn=128.7
t= 32.03 move box                 bbox 261x223x121 | 自穿    0 | 布穿杯   0 | 反轉   0 | 體積比 0.9882 | 邊長比 [0.561,1.570] | 杯心 (  6.5,102.7, 98.2) | 箱位移 (0,107,53) 蓋z(相對箱底) fxp=123.4 fxn=123.4 fyp=128.7 fyn=128.7 | 杯頂上 2 層 間距 8.59 頂厚 17.6
t= 32.53 move box                 bbox 262x223x123 | 自穿    0 | 布穿杯   0 | 反轉   0 | 體積比 0.9887 | 邊長比 [0.575,1.564] | 杯心 (  6.5,127.0,109.8) | 箱位移 (0,131,66) 蓋z(相對箱底) fxp=123.4 fxn=123.4 fyp=128.7 fyn=128.7
t= 33.03 move box                 bbox 263x223x121 | 自穿    0 | 布穿杯   0 | 反轉   0 | 體積比 0.9879 | 邊長比 [0.581,1.538] | 杯心 (  8.0,150.1,119.4) | 箱位移 (0,154,77) 蓋z(相對箱底) fxp=123.4 fxn=123.4 fyp=128.7 fyn=128.7
t= 33.53 move box                 bbox 263x223x121 | 自穿    0 | 布穿杯   0 | 反轉   0 | 體積比 0.9882 | 邊長比 [0.587,1.534] | 杯心 (  8.4,169.9,128.9) | 箱位移 (0,174,87) 蓋z(相對箱底) fxp=123.4 fxn=123.4 fyp=128.7 fyn=128.7
t= 34.03 move box                 bbox 264x223x121 | 自穿    0 | 布穿杯   0 | 反轉   0 | 體積比 0.9877 | 邊長比 [0.558,1.534] | 杯心 (  8.2,185.2,136.2) | 箱位移 (0,189,94) 蓋z(相對箱底) fxp=123.4 fxn=123.4 fyp=128.7 fyn=128.7 | 杯頂上 1 層 間距 7.76 頂厚 16.4
t= 34.53 move box                 bbox 263x223x121 | 自穿    0 | 布穿杯   0 | 反轉   0 | 體積比 0.9883 | 邊長比 [0.567,1.541] | 杯心 (  7.5,194.3,140.9) | 箱位移 (0,198,99) 蓋z(相對箱底) fxp=123.4 fxn=123.4 fyp=128.7 fyn=128.7
t= 35.03 settle                   bbox 263x223x121 | 自穿    0 | 布穿杯   0 | 反轉   0 | 體積比 0.9880 | 邊長比 [0.544,1.544] | 杯心 (  7.7,196.6,141.8) | 箱位移 (0,200,100) 蓋z(相對箱底) fxp=123.4 fxn=123.4 fyp=128.7 fyn=128.7
t= 35.53 settle                   bbox 263x223x121 | 自穿    0 | 布穿杯   0 | 反轉   0 | 體積比 0.9880 | 邊長比 [0.577,1.545] | 杯心 (  7.7,196.7,141.8) | 箱位移 (0,200,100) 蓋z(相對箱底) fxp=123.4 fxn=123.4 fyp=128.7 fyn=128.7
t= 36.03 settle                   bbox 263x223x121 | 自穿    1 | 布穿杯   0 | 反轉   0 | 體積比 0.9878 | 邊長比 [0.573,1.550] | 杯心 (  8.0,197.1,141.6) | 箱位移 (0,200,100) 蓋z(相對箱底) fxp=123.4 fxn=123.4 fyp=128.7 fyn=128.7 | 杯頂上 1 層 間距 8.07 頂厚 15.0
t= 36.53 settle                   bbox 263x223x121 | 自穿    0 | 布穿杯   0 | 反轉   0 | 體積比 0.9875 | 邊長比 [0.566,1.549] | 杯心 (  7.7,197.2,141.6) | 箱位移 (0,200,100) 蓋z(相對箱底) fxp=123.4 fxn=123.4 fyp=128.7 fyn=128.7
t= 37.03 open upper lids          bbox 263x223x120 | 自穿    0 | 布穿杯   0 | 反轉   0 | 體積比 0.9876 | 邊長比 [0.572,1.551] | 杯心 (  7.5,197.1,141.6) | 箱位移 (0,200,100) 蓋z(相對箱底) fxp=123.4 fxn=123.4 fyp=129.7 fyn=129.7
t= 37.53 open upper lids          bbox 263x223x122 | 自穿    0 | 布穿杯   0 | 反轉   0 | 體積比 0.9877 | 邊長比 [0.566,1.547] | 杯心 (  7.7,197.0,141.4) | 箱位移 (0,200,100) 蓋z(相對箱底) fxp=123.4 fxn=123.4 fyp=148.1 fyn=148.1
t= 38.03 open upper lids          bbox 263x223x121 | 自穿    0 | 布穿杯   0 | 反轉   0 | 體積比 0.9876 | 邊長比 [0.565,1.545] | 杯心 (  7.7,196.9,141.4) | 箱位移 (0,200,100) 蓋z(相對箱底) fxp=123.4 fxn=123.4 fyp=174.3 fyn=174.3 | 杯頂上 1 層 間距 8.36 頂厚 14.3
t= 38.53 open upper lids          bbox 263x223x120 | 自穿    1 | 布穿杯   0 | 反轉   0 | 體積比 0.9877 | 邊長比 [0.515,1.547] | 杯心 (  7.5,196.7,141.5) | 箱位移 (0,200,100) 蓋z(相對箱底) fxp=123.4 fxn=123.4 fyp=180.1 fyn=180.1
t= 39.03 open upper lids          bbox 263x223x120 | 自穿    0 | 布穿杯   0 | 反轉   0 | 體積比 0.9877 | 邊長比 [0.499,1.546] | 杯心 (  7.1,196.5,141.4) | 箱位移 (0,200,100) 蓋z(相對箱底) fxp=123.4 fxn=123.4 fyp=157.5 fyn=157.5
t= 39.53 open upper lids          bbox 263x223x123 | 自穿    0 | 布穿杯   0 | 反轉   0 | 體積比 0.9876 | 邊長比 [0.494,1.546] | 杯心 (  7.2,196.3,141.3) | 箱位移 (0,200,100) 蓋z(相對箱底) fxp=123.4 fxn=123.4 fyp=131.4 fyn=131.4
t= 40.03 open lower lids          bbox 263x223x125 | 自穿    0 | 布穿杯   0 | 反轉   0 | 體積比 0.9881 | 邊長比 [0.523,1.548] | 杯心 (  6.9,196.2,141.5) | 箱位移 (0,200,100) 蓋z(相對箱底) fxp=124.4 fxn=124.4 fyp=124.3 fyn=124.3 | 杯頂上 1 層 間距 8.95 頂厚 15.7
t= 40.53 open lower lids          bbox 263x223x125 | 自穿    0 | 布穿杯   0 | 反轉   0 | 體積比 0.9880 | 邊長比 [0.469,1.551] | 杯心 (  7.0,196.1,141.4) | 箱位移 (0,200,100) 蓋z(相對箱底) fxp=143.4 fxn=143.4 fyp=124.3 fyn=124.3
t= 41.03 open lower lids          bbox 263x223x129 | 自穿    0 | 布穿杯   0 | 反轉   0 | 體積比 0.9880 | 邊長比 [0.466,1.548] | 杯心 (  7.0,196.1,141.4) | 箱位移 (0,200,100) 蓋z(相對箱底) fxp=170.3 fxn=170.3 fyp=124.3 fyn=124.3
t= 41.53 open lower lids          bbox 263x223x129 | 自穿    0 | 布穿杯   0 | 反轉   0 | 體積比 0.9877 | 邊長比 [0.518,1.547] | 杯心 (  7.1,196.5,141.4) | 箱位移 (0,200,100) 蓋z(相對箱底) fxp=175.5 fxn=175.5 fyp=124.3 fyn=124.3
t= 42.03 open lower lids          bbox 263x223x128 | 自穿    0 | 布穿杯   0 | 反轉   0 | 體積比 0.9877 | 邊長比 [0.550,1.546] | 杯心 (  7.3,196.6,141.4) | 箱位移 (0,200,100) 蓋z(相對箱底) fxp=151.4 fxn=151.4 fyp=124.3 fyn=124.3 | 杯頂上 1 層 間距 9.50 頂厚 16.5
t= 42.53 open lower lids          bbox 263x223x130 | 自穿    0 | 布穿杯   0 | 反轉   0 | 體積比 0.9878 | 邊長比 [0.557,1.547] | 杯心 (  7.4,196.3,141.4) | 箱位移 (0,200,100) 蓋z(相對箱底) fxp=124.1 fxn=124.1 fyp=124.3 fyn=124.3
t= 43.03 hold                     bbox 263x223x130 | 自穿    0 | 布穿杯   0 | 反轉   0 | 體積比 0.9877 | 邊長比 [0.534,1.550] | 杯心 (  7.4,196.4,141.3) | 箱位移 (0,200,100) 蓋z(相對箱底) fxp=116.6 fxn=116.6 fyp=124.3 fyn=124.3
t= 43.53 hold                     bbox 263x223x130 | 自穿    0 | 布穿杯   0 | 反轉   0 | 體積比 0.9882 | 邊長比 [0.553,1.548] | 杯心 (  7.4,196.4,141.4) | 箱位移 (0,200,100) 蓋z(相對箱底) fxp=116.6 fxn=116.6 fyp=124.3 fyn=124.3
t= 44.03 hold                     bbox 263x223x124 | 自穿    0 | 布穿杯   0 | 反轉   0 | 體積比 0.9872 | 邊長比 [0.537,1.551] | 杯心 (  6.9,196.6,141.3) | 箱位移 (0,200,100) 蓋z(相對箱底) fxp=116.6 fxn=116.6 fyp=124.3 fyn=124.3 | 杯頂上 1 層 間距 8.89 頂厚 15.3
t= 44.53 hold                     bbox 263x223x128 | 自穿    0 | 布穿杯   0 | 反轉   0 | 體積比 0.9877 | 邊長比 [0.552,1.549] | 杯心 (  6.9,196.1,141.4) | 箱位移 (0,200,100) 蓋z(相對箱底) fxp=116.6 fxn=116.6 fyp=124.3 fyn=124.3
t= 45.03 hold                     bbox 263x234x162 | 自穿    0 | 布穿杯   0 | 反轉   0 | 體積比 0.9883 | 邊長比 [0.548,1.548] | 杯心 (  7.0,194.7,141.3) | 箱位移 (0,200,100) 蓋z(相對箱底) fxp=116.6 fxn=116.6 fyp=124.3 fyn=124.3
t= 45.53 hold                     bbox 264x225x162 | 自穿    0 | 布穿杯   0 | 反轉   0 | 體積比 0.9887 | 邊長比 [0.497,1.540] | 杯心 (  7.3,194.7,141.3) | 箱位移 (0,200,100) 蓋z(相對箱底) fxp=116.6 fxn=116.6 fyp=124.3 fyn=124.3
t= 46.03 grasp settle             bbox 263x223x163 | 自穿    0 | 布穿杯   0 | 反轉   0 | 體積比 0.9891 | 邊長比 [0.556,1.547] | 杯心 (  7.0,194.7,141.3) | 箱位移 (0,200,100) 蓋z(相對箱底) fxp=116.6 fxn=116.6 fyp=124.3 fyn=124.3 | 杯頂上 1 層 間距 12.37 頂厚 19.7
t= 46.53 grasp settle             bbox 263x223x161 | 自穿    0 | 布穿杯   0 | 反轉   0 | 體積比 0.9890 | 邊長比 [0.554,1.538] | 杯心 (  6.8,194.3,141.5) | 箱位移 (0,200,100) 蓋z(相對箱底) fxp=116.6 fxn=116.6 fyp=124.3 fyn=124.3

★ t=46.90 [yn] 抓取點即時排名(60 候選,(a)上方沒被壓 22 / (b)掃掠不撞 21 / (c)下方空隙>=6mm 40 / 全過 16;算了 14.4s)
   #1 v9    tip  yn   flat(-121,-250) 位置(箱局部) (-118.7, -48.4, 148.0) 坡度  64.7° 下方空隙 125.9 上方他層 0 掃掠 牆/底/杯/布 0/0/0/0 OK
   #2 v17   tip  yn   flat(  -7,-250) 位置(箱局部) ( -10.0, -82.5, 150.5) 坡度  75.1° 下方空隙  91.3 上方他層 0 掃掠 牆/底/杯/布 0/0/0/0 OK
   #3 v16   tip  yn   flat( -21,-250) 位置(箱局部) ( -23.2, -77.7, 149.7) 坡度  73.7° 下方空隙  54.9 上方他層 0 掃掠 牆/底/杯/布 0/0/0/0 OK
   #4 v15   tip  yn   flat( -36,-250) 位置(箱局部) ( -36.3, -73.2, 149.2) 坡度  72.1° 下方空隙  52.9 上方他層 0 掃掠 牆/底/杯/布 0/0/0/0 OK
   #5 v13   tip  yn   flat( -64,-250) 位置(箱局部) ( -63.1, -65.1, 148.7) 坡度  68.9° 下方空隙  52.4 上方他層 0 掃掠 牆/底/杯/布 0/0/0/0 OK
   #6 v14   tip  yn   flat( -50,-250) 位置(箱局部) ( -49.8, -68.9, 148.9) 坡度  70.4° 下方空隙  51.9 上方他層 0 掃掠 牆/底/杯/布 0/0/0/0 OK
  [yn] 選 合格第 1 名:v9(tip)位置 (-118.7,-48.4,148.0) mm、邊坡度 63.1°、下方空隙 125.9 mm;外法線 u=(0.01,0.45,0.89);指面沿邊置中在 v9/v10 之間(t 偏 6.8mm)
  [yn] 挑角路徑(jaw 模式,箱局部 mm):下指從上方降到 [-111.6  -33.   159.2](足跡 u∈[+7,+27]、頂面在布底下 3mm)→ 沿 −u 伸進 25mm 到 [-111.8  -44.3  136.9](足跡 u∈[-18,2])→ 上抬 25mm 到 [-111.8  -44.3  161.9]
  [yn] 翻面量測集:yn 片在折線(y=-71.5mm)內側的頂點 100 個;他片 yp/xp/xn 共 1728 頂點;杯頂俯視覆蓋 68%(露出 32%)
t= 47.03 yn pick: lower jaw to corner bbox 263x223x161 | 自穿    0 | 布穿杯   0 | 反轉   0 | 體積比 0.9887 | 邊長比 [0.440,1.533] | 杯心 (  6.7,194.2,141.3) | 箱位移 (0,200,100) 蓋z(相對箱底) fxp=116.6 fxn=116.6 fyp=124.3 fyn=124.3
  G[yn] t= 47.03 yn pick: lower jaw to corner 上指 (3000.0,2900.0, 903.0) 下指 (2848.8,2852.6, 870.7) | 夾到  0 | 滑動 中位 - 最大 - | yn 越過折線   0%(整片  83%)| 他片 >10mm    0(0.0%)最大   1.5 | 杯位移 0.1 | 自穿 0 穿杯 0 反轉 0
t= 47.53 yn pick: lower jaw to corner bbox 263x223x159 | 自穿    0 | 布穿杯   0 | 反轉   0 | 體積比 0.9885 | 邊長比 [0.552,1.532] | 杯心 (  6.8,194.5,141.4) | 箱位移 (0,200,100) 蓋z(相對箱底) fxp=116.6 fxn=116.6 fyp=124.3 fyn=124.3
  G[yn] t= 47.53 yn pick: lower jaw to corner 上指 (3000.0,2900.0, 903.0) 下指 ( 836.6, 891.3, 441.5) | 夾到  0 | 滑動 中位 - 最大 - | yn 越過折線   0%(整片  73%)| 他片 >10mm   16(0.9%)最大  17.0 | 杯位移 0.3 | 自穿 0 穿杯 0 反轉 0
t= 48.03 yn pick: lower jaw to corner bbox 263x223x148 | 自穿    0 | 布穿杯   0 | 反轉   0 | 體積比 0.9882 | 邊長比 [0.429,1.536] | 杯心 (  6.6,195.4,141.5) | 箱位移 (0,200,100) 蓋z(相對箱底) fxp=116.6 fxn=116.6 fyp=124.3 fyn=124.3 | 杯頂上 1 層 間距 11.44 頂厚 17.9
  G[yn] t= 48.03 yn pick: lower jaw to corner 上指 (3000.0,2900.0, 903.0) 下指 (-111.6, -33.0, 235.3) | 夾到  0 | 滑動 中位 - 最大 - | yn 越過折線   0%(整片  56%)| 他片 >10mm  120(6.9%)最大  44.0 | 杯位移 1.1 | 自穿 0 穿杯 0 反轉 0
    pick t=48.40 下指足跡內:頂面上 0~8mm 0 點 / 穿進指內 0 點 / 底面下 0~8mm 0 點;角 v9 z=127.7
    pick t=48.50 下指足跡內:頂面上 0~8mm 0 點 / 穿進指內 0 點 / 底面下 0~8mm 0 點;角 v9 z=129.9
t= 48.53 yn pick: lower jaw to corner bbox 263x223x131 | 自穿    0 | 布穿杯   0 | 反轉   0 | 體積比 0.9886 | 邊長比 [0.552,1.536] | 杯心 (  6.4,195.5,141.4) | 箱位移 (0,200,100) 蓋z(相對箱底) fxp=116.6 fxn=116.6 fyp=124.3 fyn=124.3
  G[yn] t= 48.53 yn pick: lower jaw to corner 上指 (3000.0,2900.0, 903.0) 下指 (-111.6, -33.0, 183.6) | 夾到  0 | 滑動 中位 - 最大 - | yn 越過折線   0%(整片  50%)| 他片 >10mm   53(3.1%)最大  68.9 | 杯位移 1.2 | 自穿 0 穿杯 0 反轉 0
    pick t=48.60 下指足跡內:頂面上 0~8mm 0 點 / 穿進指內 0 點 / 底面下 0~8mm 0 點;角 v9 z=133.8
    pick t=48.70 下指足跡內:頂面上 0~8mm 0 點 / 穿進指內 0 點 / 底面下 0~8mm 0 點;角 v9 z=132.1
    pick t=48.80 下指足跡內:頂面上 0~8mm 0 點 / 穿進指內 0 點 / 底面下 0~8mm 0 點;角 v9 z=130.0
    pick t=48.90 下指足跡內:頂面上 0~8mm 0 點 / 穿進指內 0 點 / 底面下 0~8mm 0 點;角 v9 z=129.5
    pick t=49.00 下指足跡內:頂面上 0~8mm 0 點 / 穿進指內 0 點 / 底面下 0~8mm 0 點;角 v9 z=131.2
t= 49.03 yn pick: lower jaw insert bbox 263x223x131 | 自穿    0 | 布穿杯   0 | 反轉   0 | 體積比 0.9880 | 邊長比 [0.497,1.534] | 杯心 (  6.5,194.8,141.3) | 箱位移 (0,200,100) 蓋z(相對箱底) fxp=116.6 fxn=116.6 fyp=124.3 fyn=124.3
  G[yn] t= 49.03 yn pick: lower jaw insert  上指 (3000.0,2900.0, 903.0) 下指 (-111.6, -33.5, 158.1) | 夾到  0 | 滑動 中位 - 最大 - | yn 越過折線   0%(整片  49%)| 他片 >10mm  120(6.9%)最大  78.6 | 杯位移 0.5 | 自穿 0 穿杯 0 反轉 0
    pick t=49.10 下指足跡內:頂面上 0~8mm 0 點 / 穿進指內 0 點 / 底面下 0~8mm 0 點;角 v9 z=130.2
    pick t=49.20 下指足跡內:頂面上 0~8mm 0 點 / 穿進指內 0 點 / 底面下 0~8mm 0 點;角 v9 z=131.5
    pick t=49.30 下指足跡內:頂面上 0~8mm 0 點 / 穿進指內 0 點 / 底面下 0~8mm 0 點;角 v9 z=132.0
    pick t=49.40 下指足跡內:頂面上 0~8mm 0 點 / 穿進指內 0 點 / 底面下 0~8mm 0 點;角 v9 z=131.8
    pick t=49.50 下指足跡內:頂面上 0~8mm 0 點 / 穿進指內 0 點 / 底面下 0~8mm 0 點;角 v9 z=128.6
t= 49.53 yn pick: lower jaw insert bbox 263x223x128 | 自穿    0 | 布穿杯   0 | 反轉   0 | 體積比 0.9879 | 邊長比 [0.558,1.537] | 杯心 (  6.5,195.2,141.3) | 箱位移 (0,200,100) 蓋z(相對箱底) fxp=116.6 fxn=116.6 fyp=124.3 fyn=124.3
  G[yn] t= 49.53 yn pick: lower jaw insert  上指 (3000.0,2900.0, 903.0) 下指 (-111.8, -40.8, 143.7) | 夾到  0 | 滑動 中位 - 最大 - | yn 越過折線   0%(整片  49%)| 他片 >10mm  179(10.4%)最大  77.9 | 杯位移 0.9 | 自穿 0 穿杯 0 反轉 0
    pick t=49.60 下指足跡內:頂面上 0~8mm 0 點 / 穿進指內 0 點 / 底面下 0~8mm 0 點;角 v9 z=125.4
    pick t=49.70 下指足跡內:頂面上 0~8mm 0 點 / 穿進指內 0 點 / 底面下 0~8mm 0 點;角 v9 z=124.2
    pick t=49.80 下指足跡內:頂面上 0~8mm 0 點 / 穿進指內 0 點 / 底面下 0~8mm 0 點;角 v9 z=124.0
    pick t=49.90 下指足跡內:頂面上 0~8mm 0 點 / 穿進指內 0 點 / 底面下 0~8mm 0 點;角 v9 z=121.1
    pick t=50.00 下指足跡內:頂面上 0~8mm 0 點 / 穿進指內 0 點 / 底面下 0~8mm 0 點;角 v9 z=119.1
t= 50.03 yn pick: lift corner     bbox 263x223x120 | 自穿    0 | 布穿杯   0 | 反轉   0 | 體積比 0.9877 | 邊長比 [0.487,1.550] | 杯心 (  6.7,195.7,141.5) | 箱位移 (0,200,100) 蓋z(相對箱底) fxp=116.6 fxn=116.6 fyp=124.3 fyn=124.3 | 杯頂上 1 層 間距 9.90 頂厚 15.7
  G[yn] t= 50.03 yn pick: lift corner       上指 (3000.0,2900.0, 903.0) 下指 (-111.8, -44.3, 138.1) | 夾到  0 | 滑動 中位 - 最大 - | yn 越過折線   0%(整片  48%)| 他片 >10mm  247(14.3%)最大  82.8 | 杯位移 1.4 | 自穿 0 穿杯 0 反轉 0
    pick t=50.10 下指足跡內:頂面上 0~8mm 0 點 / 穿進指內 0 點 / 底面下 0~8mm 0 點;角 v9 z=118.3
    pick t=50.20 下指足跡內:頂面上 0~8mm 0 點 / 穿進指內 0 點 / 底面下 0~8mm 0 點;角 v9 z=118.9
    pick t=50.30 下指足跡內:頂面上 0~8mm 0 點 / 穿進指內 0 點 / 底面下 0~8mm 0 點;角 v9 z=118.5
    pick t=50.40 下指足跡內:頂面上 0~8mm 0 點 / 穿進指內 0 點 / 底面下 0~8mm 0 點;角 v9 z=117.0
    pick t=50.50 下指足跡內:頂面上 0~8mm 0 點 / 穿進指內 0 點 / 底面下 0~8mm 0 點;角 v9 z=116.8
t= 50.53 yn pick: lift corner     bbox 265x223x118 | 自穿    0 | 布穿杯   0 | 反轉   0 | 體積比 0.9872 | 邊長比 [0.537,1.557] | 杯心 (  7.1,195.9,141.5) | 箱位移 (0,200,100) 蓋z(相對箱底) fxp=116.6 fxn=116.6 fyp=124.3 fyn=124.3
  G[yn] t= 50.53 yn pick: lift corner       上指 (3000.0,2900.0, 903.0) 下指 (-111.8, -44.3, 154.3) | 夾到  0 | 滑動 中位 - 最大 - | yn 越過折線   0%(整片  48%)| 他片 >10mm  287(16.6%)最大  71.4 | 杯位移 1.7 | 自穿 0 穿杯 0 反轉 0
    pick t=50.60 下指足跡內:頂面上 0~8mm 0 點 / 穿進指內 0 點 / 底面下 0~8mm 0 點;角 v9 z=117.3
    pick t=50.70 下指足跡內:頂面上 0~8mm 0 點 / 穿進指內 0 點 / 底面下 0~8mm 0 點;角 v9 z=117.7
    pick t=50.80 下指足跡內:頂面上 0~8mm 0 點 / 穿進指內 0 點 / 底面下 0~8mm 0 點;角 v9 z=119.7
    pick t=50.90 下指足跡內:頂面上 0~8mm 0 點 / 穿進指內 0 點 / 底面下 0~8mm 0 點;角 v9 z=122.8
    pick t=51.00 下指足跡內:頂面上 0~8mm 0 點 / 穿進指內 0 點 / 底面下 0~8mm 0 點;角 v9 z=120.5
t= 51.03 yn pick: lift corner     bbox 263x223x120 | 自穿    0 | 布穿杯   0 | 反轉   0 | 體積比 0.9870 | 邊長比 [0.536,1.560] | 杯心 (  7.5,195.7,141.4) | 箱位移 (0,200,100) 蓋z(相對箱底) fxp=116.6 fxn=116.6 fyp=124.3 fyn=124.3
  G[yn] t= 51.03 yn pick: lift corner       上指 (3000.0,2900.0, 903.0) 下指 (-111.8, -44.3, 161.9) | 夾到  0 | 滑動 中位 - 最大 - | yn 越過折線   0%(整片  49%)| 他片 >10mm  302(17.5%)最大  75.1 | 杯位移 1.7 | 自穿 0 穿杯 0 反轉 0
    pick t=51.10 下指足跡內:頂面上 0~8mm 0 點 / 穿進指內 0 點 / 底面下 0~8mm 0 點;角 v9 z=118.6
    pick t=51.20 下指足跡內:頂面上 0~8mm 0 點 / 穿進指內 0 點 / 底面下 0~8mm 0 點;角 v9 z=118.0
    pick t=51.30 下指足跡內:頂面上 0~8mm 0 點 / 穿進指內 0 點 / 底面下 0~8mm 0 點;角 v9 z=117.5
    pick t=51.40 下指足跡內:頂面上 0~8mm 0 點 / 穿進指內 0 點 / 底面下 0~8mm 0 點;角 v9 z=117.3

★ t=51.40 [yn] 挑角完:角 v9 z 148.0 → 117.3 mm(+-30.8);下方空隙 125.9 → 26.2 mm;相鄰層(非 yn 片)位移 >10mm 頂點 333 / 1968,最大 71.5 mm
  [yn] 上指:從 +z 降到下指正上方 [-112.3  -68.8  174.3] → 沿 −n 合 15mm 到 [-112.1  -55.4  167.6](指面間距 4.5mm);挑角後躺在下指頂面上(0~7mm)的布頂點 0 個
t= 51.53 yn upper jaw down        bbox 264x223x119 | 自穿    0 | 布穿杯   0 | 反轉   0 | 體積比 0.9867 | 邊長比 [0.530,1.578] | 杯心 (  8.1,196.2,141.3) | 箱位移 (0,200,100) 蓋z(相對箱底) fxp=116.6 fxn=116.6 fyp=124.3 fyn=124.3
  G[yn] t= 51.53 yn upper jaw down          上指 (2769.5,2680.1, 853.5) 下指 (-111.8, -44.3, 161.9) | 夾到  0 | 滑動 中位 - 最大 - | yn 越過折線   0%(整片  48%)| 他片 >10mm  329(19.0%)最大  71.4 | 杯位移 2.4 | 自穿 0 穿杯 0 反轉 0
t= 52.03 yn upper jaw down        bbox 264x223x118 | 自穿    0 | 布穿杯   0 | 反轉   0 | 體積比 0.9867 | 邊長比 [0.526,1.586] | 杯心 (  9.1,196.5,141.5) | 箱位移 (0,200,100) 蓋z(相對箱底) fxp=116.6 fxn=116.6 fyp=124.3 fyn=124.3 | 杯頂上 1 層 間距 15.62 頂厚 18.4
  G[yn] t= 52.03 yn upper jaw down          上指 ( 236.6, 264.1, 309.3) 下指 (-111.8, -44.3, 161.9) | 夾到  0 | 滑動 中位 - 最大 - | yn 越過折線   0%(整片  48%)| 他片 >10mm  348(20.1%)最大  71.2 | 杯位移 3.3 | 自穿 0 穿杯 0 反轉 0
t= 52.53 yn upper jaw down        bbox 263x223x119 | 自穿    0 | 布穿杯   0 | 反轉   0 | 體積比 0.9866 | 邊長比 [0.528,1.600] | 杯心 (  9.1,197.5,141.6) | 箱位移 (0,200,100) 蓋z(相對箱底) fxp=116.6 fxn=116.6 fyp=124.3 fyn=124.3
  G[yn] t= 52.53 yn upper jaw down          上指 (-112.3, -68.8, 211.8) 下指 (-111.8, -44.3, 161.9) | 夾到  0 | 滑動 中位 - 最大 - | yn 越過折線   0%(整片  48%)| 他片 >10mm  405(23.4%)最大  75.5 | 杯位移 4.0 | 自穿 0 穿杯 0 反轉 0
t= 53.03 yn close jaws            bbox 263x223x117 | 自穿    0 | 布穿杯   0 | 反轉   0 | 體積比 0.9862 | 邊長比 [0.521,1.600] | 杯心 (  9.7,197.0,141.5) | 箱位移 (0,200,100) 蓋z(相對箱底) fxp=116.6 fxn=116.6 fyp=124.3 fyn=124.3
  G[yn] t= 53.03 yn close jaws              上指 (-112.3, -68.7, 174.3) 下指 (-111.8, -44.3, 161.9) | 夾到  0 | 滑動 中位 - 最大 - | yn 越過折線   0%(整片  48%)| 他片 >10mm  429(24.8%)最大  70.4 | 杯位移 4.1 | 自穿 0 穿杯 0 反轉 0
t= 53.53 yn close jaws            bbox 263x223x117 | 自穿    0 | 布穿杯   0 | 反轉   0 | 體積比 0.9863 | 邊長比 [0.510,1.605] | 杯心 (  9.6,197.0,141.6) | 箱位移 (0,200,100) 蓋z(相對箱底) fxp=116.6 fxn=116.6 fyp=124.3 fyn=124.3
  G[yn] t= 53.53 yn close jaws              上指 (-112.1, -58.9, 169.3) 下指 (-111.8, -44.3, 161.9) | 夾到  0 | 滑動 中位 - 最大 - | yn 越過折線   0%(整片  48%)| 他片 >10mm  434(25.1%)最大  71.8 | 杯位移 4.0 | 自穿 0 穿杯 0 反轉 0
t= 54.03 yn grip hold             bbox 263x223x123 | 自穿    0 | 布穿杯   0 | 反轉   0 | 體積比 0.9867 | 邊長比 [0.515,1.578] | 杯心 (  9.6,196.1,141.5) | 箱位移 (0,200,100) 蓋z(相對箱底) fxp=116.6 fxn=116.6 fyp=124.3 fyn=124.3 | 杯頂上 1 層 間距 14.44 頂厚 14.9
  G[yn] t= 54.03 yn grip hold               上指 (-112.1, -55.4, 167.6) 下指 (-111.8, -44.3, 161.9) | 夾到  0 | 滑動 中位 - 最大 - | yn 越過折線   0%(整片  48%)| 他片 >10mm  351(20.3%)最大  79.5 | 杯位移 3.4 | 自穿 0 穿杯 0 反轉 0
t= 54.53 yn grip hold             bbox 263x223x116 | 自穿    0 | 布穿杯   0 | 反轉   0 | 體積比 0.9861 | 邊長比 [0.509,1.606] | 杯心 (  9.9,197.1,141.5) | 箱位移 (0,200,100) 蓋z(相對箱底) fxp=116.6 fxn=116.6 fyp=124.3 fyn=124.3
  G[yn] t= 54.53 yn grip hold               上指 (-112.1, -55.4, 167.6) 下指 (-111.8, -44.3, 161.9) | 夾到  0 | 滑動 中位 - 最大 - | yn 越過折線   0%(整片  48%)| 他片 >10mm  452(26.2%)最大  73.0 | 杯位移 4.3 | 自穿 0 穿杯 0 反轉 0
t= 55.03 yn grip hold             bbox 263x223x132 | 自穿    0 | 布穿杯   0 | 反轉   0 | 體積比 0.9875 | 邊長比 [0.519,1.552] | 杯心 (  9.7,196.0,141.5) | 箱位移 (0,200,100) 蓋z(相對箱底) fxp=116.6 fxn=116.6 fyp=124.3 fyn=124.3
  G[yn] t= 55.03 yn grip hold               上指 (-112.1, -55.4, 167.6) 下指 (-111.8, -44.3, 161.9) | 夾到  0 | 滑動 中位 - 最大 - | yn 越過折線   0%(整片  48%)| 他片 >10mm  214(12.4%)最大  73.0 | 杯位移 3.4 | 自穿 0 穿杯 0 反轉 0
t= 55.53 yn grip hold             bbox 265x223x132 | 自穿    0 | 布穿杯   0 | 反轉   0 | 體積比 0.9876 | 邊長比 [0.517,1.550] | 杯心 (  9.5,195.9,141.4) | 箱位移 (0,200,100) 蓋z(相對箱底) fxp=116.6 fxn=116.6 fyp=124.3 fyn=124.3
  G[yn] t= 55.53 yn grip hold               上指 (-112.1, -55.4, 167.6) 下指 (-111.8, -44.3, 161.9) | 夾到  0 | 滑動 中位 - 最大 - | yn 越過折線   0%(整片  49%)| 他片 >10mm  225(13.0%)最大  74.1 | 杯位移 3.2 | 自穿 0 穿杯 0 反轉 0
t= 56.03 yn grip hold             bbox 265x223x139 | 自穿    0 | 布穿杯   0 | 反轉   0 | 體積比 0.9882 | 邊長比 [0.534,1.534] | 杯心 (  9.4,195.4,141.3) | 箱位移 (0,200,100) 蓋z(相對箱底) fxp=116.6 fxn=116.6 fyp=124.3 fyn=124.3 | 杯頂上 1 層 間距 16.24 頂厚 27.2
  G[yn] t= 56.03 yn grip hold               上指 (-112.1, -55.4, 167.6) 下指 (-111.8, -44.3, 161.9) | 夾到  0 | 滑動 中位 - 最大 - | yn 越過折線   0%(整片  48%)| 他片 >10mm  137(7.9%)最大  72.8 | 杯位移 3.0 | 自穿 0 穿杯 0 反轉 0
t= 56.53 yn grip hold             bbox 264x223x138 | 自穿    0 | 布穿杯   0 | 反轉   0 | 體積比 0.9881 | 邊長比 [0.465,1.547] | 杯心 (  9.0,195.3,141.4) | 箱位移 (0,200,100) 蓋z(相對箱底) fxp=116.6 fxn=116.6 fyp=124.3 fyn=124.3
  G[yn] t= 56.53 yn grip hold               上指 (-112.1, -55.4, 167.6) 下指 (-111.8, -44.3, 161.9) | 夾到  0 | 滑動 中位 - 最大 - | yn 越過折線   0%(整片  50%)| 他片 >10mm  147(8.5%)最大  69.7 | 杯位移 2.5 | 自穿 0 穿杯 0 反轉 0
  [yn] 實際 rod 位置(箱局部)[3000. 2800.  903.] mm vs 目標 [3000. 2800.  903.]
  [yn] 實際 up 位置(箱局部)[-112.1  -55.4  167.6] mm vs 目標 [-112.1  -55.4  167.6]
  [yn] 實際 lo 位置(箱局部)[-111.8  -44.3  161.9] mm vs 目標 [-111.8  -44.3  161.9]

★ t=56.60 [yn] 夾好:指面之間(間距 4.5mm、足跡 20x20)的布頂點 0 個(歸屬 {})
  [yn] 參考:足跡外擴 2.5mm、離指面 <=2.5mm 的布頂點 0 個;夾爪 30mm 內布頂點的 (t,u,n) mm:v9(-9,-15,-29); v10(7,-17,-26); v11(21,-20,-28); v45(-9,-29,-24); v1306(7,-18,-29)
  [yn] 弧線:彎折處(夾點那欄,即時)y=-94.7 z=76.6 mm(|flat x|<CX 各欄中位 y=-98.4 z=69.3;題目名義折線 y=-71.5);材料長度 現在 88.7 / flat 85.7 mm → 半徑 0.80 x (88.7 − 7.5) = 65.0 mm(夾爪中心起始離彎折處 98.8 mm,前 30% 角度內漸變)
  [yn] 第 1 段繞彎折處 63° → 109°(指向箱壁外頂角 y=-113.5 z=130.5);第 2 段 略過(半徑剩 7.9mm;--arc2 0);箱外指頭最低點 >= 蓋頂 129.5 + T + 2 = 135.5 mm;終點夾爪中心 (-111.9,-116.1,148.5) mm;6.0s 後停 2.0s 再放開
t= 57.03 yn PEEL arc              bbox 263x223x135 | 自穿    0 | 布穿杯   0 | 反轉   0 | 體積比 0.9877 | 邊長比 [0.447,1.537] | 杯心 (  9.2,195.0,141.4) | 箱位移 (0,200,100) 蓋z(相對箱底) fxp=116.6 fxn=116.6 fyp=124.3 fyn=124.3
  G[yn] t= 57.03 yn PEEL arc                上指 (-112.1, -57.3, 166.5) 下指 (-111.8, -46.0, 161.0) | 夾到  0 | 滑動 中位 - 最大 - | yn 越過折線   0%(整片  49%)| 他片 >10mm  165(9.5%)最大  72.5 | 杯位移 2.6 | 自穿 0 穿杯 0 反轉 0
t= 57.53 yn PEEL arc              bbox 265x223x137 | 自穿    0 | 布穿杯   0 | 反轉   0 | 體積比 0.9879 | 邊長比 [0.482,1.537] | 杯心 (  9.1,195.0,141.3) | 箱位移 (0,200,100) 蓋z(相對箱底) fxp=116.6 fxn=116.6 fyp=124.3 fyn=124.3
  G[yn] t= 57.53 yn PEEL arc                上指 (-112.1, -63.2, 162.8) 下指 (-111.8, -51.8, 157.7) | 夾到  0 | 滑動 中位 - 最大 - | yn 越過折線   0%(整片  49%)| 他片 >10mm  154(8.9%)最大  74.2 | 杯位移 2.6 | 自穿 0 穿杯 0 反轉 0
t= 58.03 yn PEEL arc              bbox 263x223x135 | 自穿    0 | 布穿杯   0 | 反轉   0 | 體積比 0.9876 | 邊長比 [0.439,1.536] | 杯心 (  9.1,195.0,141.3) | 箱位移 (0,200,100) 蓋z(相對箱底) fxp=116.6 fxn=116.6 fyp=124.3 fyn=124.3 | 杯頂上 1 層 間距 16.95 頂厚 24.8
  G[yn] t= 58.03 yn PEEL arc                上指 (-112.1, -71.9, 156.3) 下指 (-111.8, -60.1, 151.9) | 夾到  0 | 滑動 中位 - 最大 - | yn 越過折線   0%(整片  49%)| 他片 >10mm  188(10.9%)最大  70.9 | 杯位移 2.6 | 自穿 0 穿杯 0 反轉 0
t= 58.53 yn PEEL arc              bbox 264x223x139 | 自穿    0 | 布穿杯   0 | 反轉   0 | 體積比 0.9879 | 邊長比 [0.472,1.536] | 杯心 (  9.4,194.1,141.3) | 箱位移 (0,200,100) 蓋z(相對箱底) fxp=116.6 fxn=116.6 fyp=124.3 fyn=124.3
  G[yn] t= 58.53 yn PEEL arc                上指 (-112.1, -81.5, 146.9) 下指 (-111.8, -69.4, 143.6) | 夾到  0 | 滑動 中位 - 最大 - | yn 越過折線   0%(整片  50%)| 他片 >10mm  171(9.9%)最大  69.6 | 杯位移 2.8 | 自穿 0 穿杯 0 反轉 0

★ t=58.60 [yn] peel_1_3
  G[yn] t= 58.60 yn PEEL arc                上指 (-112.1, -82.7, 145.5) 下指 (-111.8, -70.6, 142.3) | 夾到  0 | 滑動 中位 - 最大 - | yn 越過折線   0%(整片  50%)| 他片 >10mm  177(10.2%)最大  69.0 | 杯位移 2.7 | 自穿 0 穿杯 0 反轉 0
t= 59.03 yn PEEL arc              bbox 264x223x134 | 自穿    0 | 布穿杯   0 | 反轉   0 | 體積比 0.9875 | 邊長比 [0.559,1.535] | 杯心 (  9.4,194.8,141.3) | 箱位移 (0,200,100) 蓋z(相對箱底) fxp=116.6 fxn=116.6 fyp=124.3 fyn=124.3
  G[yn] t= 59.03 yn PEEL arc                上指 (-112.1, -89.2, 141.7) 下指 (-111.8, -76.9, 139.5) | 夾到  0 | 滑動 中位 - 最大 - | yn 越過折線   0%(整片  49%)| 他片 >10mm  237(13.7%)最大  73.4 | 杯位移 2.8 | 自穿 0 穿杯 0 反轉 0
t= 59.53 yn PEEL arc              bbox 265x223x141 | 自穿    0 | 布穿杯   0 | 反轉   0 | 體積比 0.9880 | 邊長比 [0.475,1.582] | 杯心 (  9.8,194.3,141.3) | 箱位移 (0,200,100) 蓋z(相對箱底) fxp=116.6 fxn=116.6 fyp=124.3 fyn=124.3
  G[yn] t= 59.53 yn PEEL arc                上指 (-112.1, -95.7, 141.9) 下指 (-111.8, -83.2, 140.9) | 夾到  0 | 滑動 中位 - 最大 - | yn 越過折線   0%(整片  50%)| 他片 >10mm  187(10.8%)最大  69.6 | 杯位移 3.2 | 自穿 0 穿杯 0 反轉 0
t= 60.03 yn PEEL arc              bbox 266x223x141 | 自穿    0 | 布穿杯   0 | 反轉   0 | 體積比 0.9880 | 邊長比 [0.477,1.620] | 杯心 (  9.8,194.4,141.4) | 箱位移 (0,200,100) 蓋z(相對箱底) fxp=116.6 fxn=116.6 fyp=124.3 fyn=124.3 | 杯頂上 1 層 間距 17.52 頂厚 26.6
  G[yn] t= 60.03 yn PEEL arc                上指 (-112.1,-102.2, 141.5) 下指 (-111.8, -89.7, 141.7) | 夾到  0 | 滑動 中位 - 最大 - | yn 越過折線   0%(整片  50%)| 他片 >10mm  188(10.9%)最大  70.8 | 杯位移 3.1 | 自穿 0 穿杯 0 反轉 0
t= 60.53 yn PEEL arc              bbox 264x223x141 | 自穿    0 | 布穿杯   0 | 反轉   0 | 體積比 0.9880 | 邊長比 [0.445,1.621] | 杯心 (  9.8,194.5,141.4) | 箱位移 (0,200,100) 蓋z(相對箱底) fxp=116.6 fxn=116.6 fyp=124.3 fyn=124.3
  G[yn] t= 60.53 yn PEEL arc                上指 (-112.1,-108.3, 146.0) 下指 (-111.8, -95.9, 147.5) | 夾到  0 | 滑動 中位 - 最大 - | yn 越過折線   0%(整片  50%)| 他片 >10mm  181(10.5%)最大  71.1 | 杯位移 3.1 | 自穿 0 穿杯 0 反轉 0

★ t=60.60 [yn] peel_2_3
  G[yn] t= 60.60 yn PEEL arc                上指 (-112.1,-109.1, 146.0) 下指 (-111.8, -96.7, 147.7) | 夾到  0 | 滑動 中位 - 最大 - | yn 越過折線   0%(整片  50%)| 他片 >10mm  183(10.6%)最大  70.0 | 杯位移 3.1 | 自穿 0 穿杯 0 反轉 0
t= 61.03 yn PEEL arc              bbox 266x223x142 | 自穿    0 | 布穿杯   0 | 反轉   0 | 體積比 0.9880 | 邊長比 [0.516,1.568] | 杯心 (  9.7,194.5,141.4) | 箱位移 (0,200,100) 蓋z(相對箱底) fxp=116.6 fxn=116.6 fyp=124.3 fyn=124.3
  G[yn] t= 61.03 yn PEEL arc                上指 (-112.1,-113.7, 146.2) 下指 (-111.8,-101.5, 148.7) | 夾到  0 | 滑動 中位 - 最大 - | yn 越過折線   0%(整片  50%)| 他片 >10mm  178(10.3%)最大  70.4 | 杯位移 3.0 | 自穿 0 穿杯 0 反轉 0
t= 61.53 yn PEEL arc              bbox 264x223x142 | 自穿    0 | 布穿杯   0 | 反轉   0 | 體積比 0.9879 | 邊長比 [0.470,1.571] | 杯心 (  9.8,194.3,141.3) | 箱位移 (0,200,100) 蓋z(相對箱底) fxp=116.6 fxn=116.6 fyp=124.3 fyn=124.3
  G[yn] t= 61.53 yn PEEL arc                上指 (-112.1,-118.0, 146.3) 下指 (-111.8,-105.9, 149.7) | 夾到  0 | 滑動 中位 - 最大 - | yn 越過折線   0%(整片  50%)| 他片 >10mm  184(10.6%)最大  73.1 | 杯位移 3.1 | 自穿 0 穿杯 0 反轉 0
t= 62.03 yn PEEL arc              bbox 264x223x144 | 自穿    0 | 布穿杯   0 | 反轉   0 | 體積比 0.9881 | 邊長比 [0.490,1.630] | 杯心 (  9.8,194.3,141.3) | 箱位移 (0,200,100) 蓋z(相對箱底) fxp=116.6 fxn=116.6 fyp=124.3 fyn=124.3 | 杯頂上 1 層 間距 18.18 頂厚 27.8
  G[yn] t= 62.03 yn PEEL arc                上指 (-112.1,-120.8, 146.4) 下指 (-111.8,-108.9, 150.3) | 夾到  0 | 滑動 中位 - 最大 - | yn 越過折線   0%(整片  50%)| 他片 >10mm  182(10.5%)最大  69.2 | 杯位移 3.2 | 自穿 0 穿杯 0 反轉 0
t= 62.53 yn PEEL arc              bbox 264x223x141 | 自穿    1 | 布穿杯   0 | 反轉   0 | 體積比 0.9879 | 邊長比 [0.482,1.550] | 杯心 (  9.7,194.5,141.4) | 箱位移 (0,200,100) 蓋z(相對箱底) fxp=116.6 fxn=116.6 fyp=124.3 fyn=124.3
  G[yn] t= 62.53 yn PEEL arc                上指 (-112.1,-122.0, 146.4) 下指 (-111.8,-110.2, 150.5) | 夾到  0 | 滑動 中位 - 最大 - | yn 越過折線   0%(整片  50%)| 他片 >10mm  179(10.4%)最大  73.9 | 杯位移 3.1 | 自穿 1 穿杯 0 反轉 0

★ t=62.60 [yn] peeled
  G[yn] t= 62.60 yn hold peeled             上指 (-112.1,-122.0, 146.4) 下指 (-111.8,-110.2, 150.6) | 夾到  0 | 滑動 中位 - 最大 - | yn 越過折線   0%(整片  50%)| 他片 >10mm  177(10.2%)最大  75.3 | 杯位移 3.0 | 自穿 0 穿杯 0 反轉 0
t= 63.03 yn hold peeled           bbox 264x223x144 | 自穿    0 | 布穿杯   0 | 反轉   0 | 體積比 0.9880 | 邊長比 [0.486,1.652] | 杯心 (  9.7,194.3,141.3) | 箱位移 (0,200,100) 蓋z(相對箱底) fxp=116.6 fxn=116.6 fyp=124.3 fyn=124.3
  G[yn] t= 63.03 yn hold peeled             上指 (-112.1,-122.0, 146.4) 下指 (-111.8,-110.2, 150.6) | 夾到  0 | 滑動 中位 - 最大 - | yn 越過折線   0%(整片  50%)| 他片 >10mm  192(11.1%)最大  70.6 | 杯位移 3.0 | 自穿 0 穿杯 0 反轉 0
t= 63.53 yn hold peeled           bbox 265x223x146 | 自穿    0 | 布穿杯   0 | 反轉   0 | 體積比 0.9884 | 邊長比 [0.523,1.667] | 杯心 (  9.6,194.1,141.3) | 箱位移 (0,200,100) 蓋z(相對箱底) fxp=116.6 fxn=116.6 fyp=124.3 fyn=124.3
  G[yn] t= 63.53 yn hold peeled             上指 (-112.1,-122.0, 146.4) 下指 (-111.8,-110.2, 150.6) | 夾到  0 | 滑動 中位 - 最大 - | yn 越過折線   0%(整片  50%)| 他片 >10mm  191(11.1%)最大  69.0 | 杯位移 2.9 | 自穿 0 穿杯 0 反轉 0
t= 64.03 yn hold peeled           bbox 264x223x144 | 自穿    0 | 布穿杯   0 | 反轉   0 | 體積比 0.9884 | 邊長比 [0.449,1.636] | 杯心 (  9.7,194.1,141.3) | 箱位移 (0,200,100) 蓋z(相對箱底) fxp=116.6 fxn=116.6 fyp=124.3 fyn=124.3 | 杯頂上 1 層 間距 17.63 頂厚 30.3
  G[yn] t= 64.03 yn hold peeled             上指 (-112.1,-122.0, 146.4) 下指 (-111.8,-110.2, 150.6) | 夾到  0 | 滑動 中位 - 最大 - | yn 越過折線   0%(整片  50%)| 他片 >10mm  185(10.7%)最大  64.7 | 杯位移 3.0 | 自穿 0 穿杯 0 反轉 0
t= 64.53 yn hold peeled           bbox 264x223x144 | 自穿    0 | 布穿杯   0 | 反轉   0 | 體積比 0.9880 | 邊長比 [0.422,1.624] | 杯心 (  9.8,194.1,141.3) | 箱位移 (0,200,100) 蓋z(相對箱底) fxp=116.6 fxn=116.6 fyp=124.3 fyn=124.3
  G[yn] t= 64.53 yn hold peeled             上指 (-112.1,-122.0, 146.4) 下指 (-111.8,-110.2, 150.6) | 夾到  0 | 滑動 中位 - 最大 - | yn 越過折線   0%(整片  50%)| 他片 >10mm  190(11.0%)最大  68.9 | 杯位移 3.1 | 自穿 0 穿杯 0 反轉 0

★ t=64.60 [yn] held
  G[yn] t= 64.60 yn hold peeled             上指 (-112.1,-122.0, 146.4) 下指 (-111.8,-110.2, 150.6) | 夾到  0 | 滑動 中位 - 最大 - | yn 越過折線   0%(整片  50%)| 他片 >10mm  188(10.9%)最大  71.0 | 杯位移 3.1 | 自穿 0 穿杯 0 反轉 0
  杯頂俯視覆蓋 81% → 露出 19%(開始時 32%)
t= 65.03 yn release               bbox 264x223x142 | 自穿    0 | 布穿杯   0 | 反轉   0 | 體積比 0.9880 | 邊長比 [0.428,1.600] | 杯心 (  9.7,194.2,141.3) | 箱位移 (0,200,100) 蓋z(相對箱底) fxp=116.6 fxn=116.6 fyp=124.3 fyn=124.3
  G[yn] t= 65.03 yn release                 上指 (-112.2,-131.0, 143.3) 下指 (-111.7,-101.2, 153.7) | 夾到  0 | 滑動 中位 - 最大 - | yn 越過折線   0%(整片  50%)| 他片 >10mm  192(11.1%)最大  73.3 | 杯位移 3.1 | 自穿 0 穿杯 0 反轉 0
t= 65.53 yn release               bbox 264x223x146 | 自穿    0 | 布穿杯   0 | 反轉   0 | 體積比 0.9883 | 邊長比 [0.493,1.828] | 杯心 (  9.6,194.1,141.3) | 箱位移 (0,200,100) 蓋z(相對箱底) fxp=116.6 fxn=116.6 fyp=124.3 fyn=124.3
  G[yn] t= 65.53 yn release                 上指 (-112.0,-140.9, 170.0) 下指 (-111.4,-110.3, 180.8) | 夾到  0 | 滑動 中位 - 最大 - | yn 越過折線   0%(整片  50%)| 他片 >10mm  264(15.3%)最大  69.5 | 杯位移 2.9 | 自穿 0 穿杯 0 反轉 0
t= 66.03 yn release               bbox 264x223x141 | 自穿    0 | 布穿杯   0 | 反轉   0 | 體積比 0.9880 | 邊長比 [0.480,1.601] | 杯心 (  9.6,194.1,141.3) | 箱位移 (0,200,100) 蓋z(相對箱底) fxp=116.6 fxn=116.6 fyp=124.3 fyn=124.3 | 杯頂上 1 層 間距 18.01 頂厚 28.7
  G[yn] t= 66.03 yn release                 上指 (-112.0,-141.4, 225.4) 下指 (-111.4,-110.7, 236.2) | 夾到  0 | 滑動 中位 - 最大 - | yn 越過折線   0%(整片  50%)| 他片 >10mm  242(14.0%)最大  69.7 | 杯位移 2.9 | 自穿 0 穿杯 0 反轉 0
t= 66.53 yn release               bbox 263x223x147 | 自穿    0 | 布穿杯   0 | 反轉   0 | 體積比 0.9874 | 邊長比 [0.430,1.808] | 杯心 (  9.7,193.9,141.3) | 箱位移 (0,200,100) 蓋z(相對箱底) fxp=116.6 fxn=116.6 fyp=124.3 fyn=124.3
  G[yn] t= 66.53 yn release                 上指 (-112.0,-141.4, 251.4) 下指 (-111.4,-110.7, 262.2) | 夾到  0 | 滑動 中位 - 最大 - | yn 越過折線   0%(整片  50%)| 他片 >10mm  303(17.5%)最大  70.2 | 杯位移 3.0 | 自穿 0 穿杯 0 反轉 0

★ t=66.55 [yn] released
  G[yn] t= 66.55 yn release                 上指 (-112.0,-141.4, 251.4) 下指 (-111.4,-110.7, 262.2) | 夾到  0 | 滑動 中位 - 最大 - | yn 越過折線   0%(整片  50%)| 他片 >10mm  302(17.5%)最大  70.2 | 杯位移 3.0 | 自穿 0 穿杯 0 反轉 0
  杯頂俯視覆蓋 81% → 露出 19%(開始時 32%)

★ t=66.60 [yp] 抓取點即時排名(60 候選,(a)上方沒被壓 4 / (b)掃掠不撞 3 / (c)下方空隙>=6mm 29 / 全過 3;算了 139.3s)
   #1 v1276 tip  yp   flat( -21, 250) 位置(箱局部) ( -34.7,   1.6, 123.7) 坡度  20.2° 下方空隙  18.6 上方他層 0 掃掠 牆/底/杯/布 0/0/0/0 OK
   #2 v1277 tip  yp   flat(  -7, 250) 位置(箱局部) ( -18.5,   3.7, 123.6) 坡度  18.9° 下方空隙  15.6 上方他層 0 掃掠 牆/底/杯/布 0/0/0/0 OK
   #3 v1278 tip  yp   flat(   7, 250) 位置(箱局部) (  -3.3,   4.4, 121.4) 坡度  16.9° 下方空隙  13.4 上方他層 0 掃掠 牆/底/杯/布 0/0/0/0 OK
   #4 v1279 tip  yp   flat(  21, 250) 位置(箱局部) (  10.8,   3.7, 115.5) 坡度  15.9° 下方空隙   8.5 上方他層 0 掃掠 牆/底/杯/布 0/0/0/1 NG
   #5 v1268 tip  yp   flat(-136, 250) 位置(箱局部) (-129.7,  -6.8,  98.1) 坡度  26.6° 下方空隙  59.7 上方他層 8 掃掠 牆/底/杯/布 1279/0/0/425 NG
   #6 v828  side xn   flat(-250,  79) 位置(箱局部) ( -24.6,  65.9,  59.7) 坡度  43.4° 下方空隙  52.0 上方他層 24 掃掠 牆/底/杯/布 0/0/0/783 NG
  [yp] 選 合格第 1 名:v1276(tip)位置 (-34.7,1.6,123.7) mm、邊坡度 20.1°、下方空隙 18.6 mm;外法線 u=(-0.07,-0.94,0.34);指面沿邊置中在 v1276/v1277 之間(t 偏 -8.0mm)
  [yp] 挑角路徑(jaw 模式,箱局部 mm):下指從上方降到 [-28.  -17.9 121.2](足跡 u∈[+7,+27]、頂面在布底下 3mm)→ 沿 −u 伸進 25mm 到 [-26.4   5.6 112.6](足跡 u∈[-18,2])→ 上抬 25mm 到 [-26.4   5.6 137.6]
  [yp] 翻面量測集:yp 片在折線(y=+71.5mm)內側的頂點 375 個;他片 xp/xn 共 1104 頂點;杯頂俯視覆蓋 82%(露出 18%)
t= 67.03 yp pick: lower jaw to corner bbox 263x223x144 | 自穿    0 | 布穿杯   0 | 反轉   0 | 體積比 0.9873 | 邊長比 [0.445,1.896] | 杯心 (  9.7,194.0,141.4) | 箱位移 (0,200,100) 蓋z(相對箱底) fxp=116.6 fxn=116.6 fyp=124.3 fyn=124.3
  G[yp] t= 67.03 yp pick: lower jaw to corner 上指 (-112.0,-141.4, 251.4) 下指 ( -78.0, -73.5, 237.7) | 夾到  0 | 滑動 中位 - 最大 - | yp 越過折線   0%(整片  39%)| 他片 >10mm    0(0.0%)最大   5.2 | 杯位移 0.3 | 自穿 0 穿杯 0 反轉 0
t= 67.53 yp pick: lower jaw to corner bbox 263x223x142 | 自穿    0 | 布穿杯   0 | 反轉   0 | 體積比 0.9872 | 邊長比 [0.448,1.820] | 杯心 (  9.6,194.0,141.4) | 箱位移 (0,200,100) 蓋z(相對箱底) fxp=116.6 fxn=116.6 fyp=124.3 fyn=124.3
  G[yp] t= 67.53 yp pick: lower jaw to corner 上指 (-112.0,-141.4, 251.4) 下指 ( -29.1, -19.0, 202.0) | 夾到  0 | 滑動 中位 - 最大 - | yp 越過折線   0%(整片  39%)| 他片 >10mm    0(0.0%)最大   6.9 | 杯位移 0.1 | 自穿 0 穿杯 0 反轉 0
t= 68.03 yp pick: lower jaw to corner bbox 263x223x140 | 自穿    0 | 布穿杯   0 | 反轉   0 | 體積比 0.9873 | 邊長比 [0.488,1.627] | 杯心 (  9.6,193.7,141.3) | 箱位移 (0,200,100) 蓋z(相對箱底) fxp=116.6 fxn=116.6 fyp=124.3 fyn=124.3 | 杯頂上 1 層 間距 16.96 頂厚 20.8
  G[yp] t= 68.03 yp pick: lower jaw to corner 上指 (-112.0,-141.4, 251.4) 下指 ( -28.0, -17.9, 169.2) | 夾到  0 | 滑動 中位 - 最大 - | yp 越過折線   0%(整片  38%)| 他片 >10mm    0(0.0%)最大   9.1 | 杯位移 0.3 | 自穿 0 穿杯 0 反轉 0
    pick t=68.10 下指足跡內:頂面上 0~8mm 0 點 / 穿進指內 0 點 / 底面下 0~8mm 0 點;角 v1276 z=120.2
    pick t=68.20 下指足跡內:頂面上 0~8mm 0 點 / 穿進指內 0 點 / 底面下 0~8mm 0 點;角 v1276 z=120.9
    pick t=68.30 下指足跡內:頂面上 0~8mm 0 點 / 穿進指內 0 點 / 底面下 0~8mm 0 點;角 v1276 z=119.0
    pick t=68.40 下指足跡內:頂面上 0~8mm 0 點 / 穿進指內 0 點 / 底面下 0~8mm 0 點;角 v1276 z=119.9
    pick t=68.50 下指足跡內:頂面上 0~8mm 0 點 / 穿進指內 0 點 / 底面下 0~8mm 0 點;角 v1276 z=122.6
t= 68.53 yp pick: lower jaw to corner bbox 264x223x139 | 自穿    0 | 布穿杯   0 | 反轉   0 | 體積比 0.9875 | 邊長比 [0.471,1.654] | 杯心 (  9.7,193.6,141.3) | 箱位移 (0,200,100) 蓋z(相對箱底) fxp=116.6 fxn=116.6 fyp=124.3 fyn=124.3
  G[yp] t= 68.53 yp pick: lower jaw to corner 上指 (-112.0,-141.4, 251.4) 下指 ( -28.0, -17.9, 122.2) | 夾到  0 | 滑動 中位 - 最大 - | yp 越過折線   0%(整片  39%)| 他片 >10mm   10(0.9%)最大  11.9 | 杯位移 0.4 | 自穿 0 穿杯 0 反轉 0
    pick t=68.60 下指足跡內:頂面上 0~8mm 0 點 / 穿進指內 0 點 / 底面下 0~8mm 0 點;角 v1276 z=120.1
    pick t=68.70 下指足跡內:頂面上 0~8mm 0 點 / 穿進指內 0 點 / 底面下 0~8mm 0 點;角 v1276 z=120.6
    pick t=68.80 下指足跡內:頂面上 0~8mm 0 點 / 穿進指內 0 點 / 底面下 0~8mm 0 點;角 v1276 z=119.4
    pick t=68.90 下指足跡內:頂面上 0~8mm 0 點 / 穿進指內 0 點 / 底面下 0~8mm 0 點;角 v1276 z=122.0
    pick t=69.00 下指足跡內:頂面上 0~8mm 4 點 / 穿進指內 0 點 / 底面下 0~8mm 0 點;角 v1276 z=122.5
t= 69.03 yp pick: lower jaw insert bbox 264x223x142 | 自穿    0 | 布穿杯   0 | 反轉   0 | 體積比 0.9873 | 邊長比 [0.474,1.873] | 杯心 (  9.5,193.7,141.3) | 箱位移 (0,200,100) 蓋z(相對箱底) fxp=116.6 fxn=116.6 fyp=124.3 fyn=124.3
  G[yp] t= 69.03 yp pick: lower jaw insert  上指 (-112.0,-141.4, 251.4) 下指 ( -27.4,  -8.5, 117.8) | 夾到  0 | 滑動 中位 - 最大 - | yp 越過折線   0%(整片  38%)| 他片 >10mm    7(0.6%)最大  11.4 | 杯位移 0.3 | 自穿 0 穿杯 0 反轉 0
    pick t=69.10 下指足跡內:頂面上 0~8mm 4 點 / 穿進指內 0 點 / 底面下 0~8mm 0 點;角 v1276 z=122.5
    pick t=69.20 下指足跡內:頂面上 0~8mm 4 點 / 穿進指內 0 點 / 底面下 0~8mm 0 點;角 v1276 z=123.0
    pick t=69.30 下指足跡內:頂面上 0~8mm 4 點 / 穿進指內 0 點 / 底面下 0~8mm 0 點;角 v1276 z=122.2
    pick t=69.40 下指足跡內:頂面上 0~8mm 6 點 / 穿進指內 0 點 / 底面下 0~8mm 0 點;角 v1276 z=123.5
    pick t=69.50 下指足跡內:頂面上 0~8mm 7 點 / 穿進指內 0 點 / 底面下 0~8mm 0 點;角 v1276 z=124.2
t= 69.53 yp pick: lower jaw insert bbox 264x223x143 | 自穿    0 | 布穿杯   0 | 反轉   0 | 體積比 0.9858 | 邊長比 [0.285,1.542] | 杯心 ( 10.2,193.0,140.6) | 箱位移 (0,200,100) 蓋z(相對箱底) fxp=116.6 fxn=116.6 fyp=124.3 fyn=124.3
  G[yp] t= 69.53 yp pick: lower jaw insert  上指 (-112.0,-141.4, 251.4) 下指 ( -26.4,   5.3, 112.7) | 夾到  0 | 滑動 中位 - 最大 - | yp 越過折線   0%(整片  39%)| 他片 >10mm    0(0.0%)最大   8.0 | 杯位移 1.4 | 自穿 0 穿杯 0 反轉 0
    pick t=69.60 下指足跡內:頂面上 0~8mm 8 點 / 穿進指內 0 點 / 底面下 0~8mm 0 點;角 v1276 z=122.6
    pick t=69.70 下指足跡內:頂面上 0~8mm 8 點 / 穿進指內 0 點 / 底面下 0~8mm 0 點;角 v1276 z=124.7
    pick t=69.80 下指足跡內:頂面上 0~8mm 6 點 / 穿進指內 0 點 / 底面下 0~8mm 0 點;角 v1276 z=125.2
    pick t=69.90 下指足跡內:頂面上 0~8mm 6 點 / 穿進指內 0 點 / 底面下 0~8mm 0 點;角 v1276 z=127.6
    pick t=70.00 下指足跡內:頂面上 0~8mm 6 點 / 穿進指內 0 點 / 底面下 0~8mm 0 點;角 v1276 z=130.4
t= 70.03 yp pick: lift corner     bbox 264x223x148 | 自穿    0 | 布穿杯   0 | 反轉   0 | 體積比 0.9879 | 邊長比 [0.416,1.739] | 杯心 (  9.9,193.7,141.3) | 箱位移 (0,200,100) 蓋z(相對箱底) fxp=116.6 fxn=116.6 fyp=124.3 fyn=124.3 | 杯頂上 1 層 間距 17.05 頂厚 26.9
  G[yp] t= 70.03 yp pick: lift corner       上指 (-112.0,-141.4, 251.4) 下指 ( -26.4,   5.6, 122.6) | 夾到  0 | 滑動 中位 - 最大 - | yp 越過折線   0%(整片  38%)| 他片 >10mm    0(0.0%)最大   9.1 | 杯位移 0.5 | 自穿 0 穿杯 0 反轉 0
    pick t=70.10 下指足跡內:頂面上 0~8mm 6 點 / 穿進指內 0 點 / 底面下 0~8mm 0 點;角 v1276 z=136.0
    pick t=70.20 下指足跡內:頂面上 0~8mm 6 點 / 穿進指內 0 點 / 底面下 0~8mm 0 點;角 v1276 z=138.6
    pick t=70.30 下指足跡內:頂面上 0~8mm 6 點 / 穿進指內 0 點 / 底面下 0~8mm 0 點;角 v1276 z=143.3
    pick t=70.40 下指足跡內:頂面上 0~8mm 4 點 / 穿進指內 0 點 / 底面下 0~8mm 0 點;角 v1276 z=144.3
    pick t=70.50 下指足跡內:頂面上 0~8mm 5 點 / 穿進指內 0 點 / 底面下 0~8mm 0 點;角 v1276 z=146.7
t= 70.53 yp pick: lift corner     bbox 266x223x152 | 自穿    0 | 布穿杯   0 | 反轉   0 | 體積比 0.9885 | 邊長比 [0.432,1.905] | 杯心 (  9.7,193.8,141.3) | 箱位移 (0,200,100) 蓋z(相對箱底) fxp=116.6 fxn=116.6 fyp=124.3 fyn=124.3
  G[yp] t= 70.53 yp pick: lift corner       上指 (-112.0,-141.4, 251.4) 下指 ( -26.4,   5.6, 137.3) | 夾到  0 | 滑動 中位 - 最大 - | yp 越過折線   0%(整片  37%)| 他片 >10mm   15(1.4%)最大  13.1 | 杯位移 0.2 | 自穿 0 穿杯 0 反轉 0
    pick t=70.60 下指足跡內:頂面上 0~8mm 5 點 / 穿進指內 0 點 / 底面下 0~8mm 0 點;角 v1276 z=147.7
    pick t=70.70 下指足跡內:頂面上 0~8mm 5 點 / 穿進指內 0 點 / 底面下 0~8mm 0 點;角 v1276 z=148.4
    pick t=70.80 下指足跡內:頂面上 0~8mm 4 點 / 穿進指內 0 點 / 底面下 0~8mm 0 點;角 v1276 z=147.2
    pick t=70.90 下指足跡內:頂面上 0~8mm 3 點 / 穿進指內 0 點 / 底面下 0~8mm 0 點;角 v1276 z=147.6
    pick t=71.00 下指足跡內:頂面上 0~8mm 3 點 / 穿進指內 0 點 / 底面下 0~8mm 0 點;角 v1276 z=147.1
t= 71.03 yp pick: lift corner     bbox 264x223x149 | 自穿    0 | 布穿杯   0 | 反轉   0 | 體積比 0.9888 | 邊長比 [0.467,1.813] | 杯心 (  9.6,193.8,141.3) | 箱位移 (0,200,100) 蓋z(相對箱底) fxp=116.6 fxn=116.6 fyp=124.3 fyn=124.3
  G[yp] t= 71.03 yp pick: lift corner       上指 (-112.0,-141.4, 251.4) 下指 ( -26.4,   5.6, 137.6) | 夾到  0 | 滑動 中位 - 最大 - | yp 越過折線   0%(整片  36%)| 他片 >10mm   64(5.8%)最大  21.3 | 杯位移 0.2 | 自穿 0 穿杯 0 反轉 0
    pick t=71.10 下指足跡內:頂面上 0~8mm 3 點 / 穿進指內 0 點 / 底面下 0~8mm 0 點;角 v1276 z=147.8

★ t=71.10 [yp] 挑角完:角 v1276 z 123.7 → 147.8 mm(+24.1);下方空隙 18.6 → 47.5 mm;相鄰層(非 yp 片)位移 >10mm 頂點 180 / 1968,最大 24.0 mm
  [yp] 上指:從 +z 降到下指正上方 [-25.8  15.  163.5] → 沿 −n 合 15mm 到 [-26.1   9.8 149.4](指面間距 4.5mm);挑角後躺在下指頂面上(0~7mm)的布頂點 3 個
t= 71.53 yp upper jaw down        bbox 264x223x148 | 自穿    0 | 布穿杯   0 | 反轉   0 | 體積比 0.9887 | 邊長比 [0.450,1.841] | 杯心 (  9.7,193.8,141.3) | 箱位移 (0,200,100) 蓋z(相對箱底) fxp=116.6 fxn=116.6 fyp=124.3 fyn=124.3
  G[yp] t= 71.53 yp upper jaw down          上指 ( -63.5, -53.5, 235.7) 下指 ( -26.4,   5.6, 137.6) | 夾到  0 | 滑動 中位 - 最大 - | yp 越過折線   0%(整片  36%)| 他片 >10mm  124(11.2%)最大  26.2 | 杯位移 0.3 | 自穿 0 穿杯 0 反轉 0
t= 72.03 yp upper jaw down        bbox 264x223x151 | 自穿    0 | 布穿杯   0 | 反轉   0 | 體積比 0.9891 | 邊長比 [0.435,1.697] | 杯心 (  9.7,194.1,141.3) | 箱位移 (0,200,100) 蓋z(相對箱底) fxp=116.6 fxn=116.6 fyp=124.3 fyn=124.3 | 杯頂上 1 層 間距 15.65 頂厚 34.2
  G[yp] t= 72.03 yp upper jaw down          上指 ( -25.8,  15.0, 219.0) 下指 ( -26.4,   5.6, 137.6) | 夾到  0 | 滑動 中位 - 最大 - | yp 越過折線   0%(整片  36%)| 他片 >10mm   35(3.2%)最大  20.7 | 杯位移 0.2 | 自穿 0 穿杯 0 反轉 0
t= 72.53 yp upper jaw down        bbox 263x223x153 | 自穿    0 | 布穿杯   0 | 反轉   0 | 體積比 0.9886 | 邊長比 [0.436,1.895] | 杯心 (  9.9,193.8,141.4) | 箱位移 (0,200,100) 蓋z(相對箱底) fxp=116.6 fxn=116.6 fyp=124.3 fyn=124.3
  G[yp] t= 72.53 yp upper jaw down          上指 ( -25.8,  15.0, 170.2) 下指 ( -26.4,   5.6, 137.6) | 夾到  0 | 滑動 中位 - 最大 - | yp 越過折線   0%(整片  35%)| 他片 >10mm  143(13.0%)最大  27.3 | 杯位移 0.4 | 自穿 0 穿杯 0 反轉 0
t= 73.03 yp close jaws            bbox 265x223x148 | 自穿    0 | 布穿杯   0 | 反轉   0 | 體積比 0.9889 | 邊長比 [0.434,1.508] | 杯心 (  9.8,193.9,141.3) | 箱位移 (0,200,100) 蓋z(相對箱底) fxp=116.6 fxn=116.6 fyp=124.3 fyn=124.3
  G[yp] t= 73.03 yp close jaws              上指 ( -25.9,  13.0, 158.2) 下指 ( -26.4,   5.6, 137.6) | 夾到  2 | 滑動 中位 - 最大 - | yp 越過折線   0%(整片  36%)| 他片 >10mm  127(11.5%)最大  27.1 | 杯位移 0.3 | 自穿 0 穿杯 0 反轉 0
t= 73.53 yp grip hold             bbox 265x223x146 | 自穿    0 | 布穿杯   0 | 反轉   0 | 體積比 0.9887 | 邊長比 [0.441,1.543] | 杯心 (  9.9,194.0,141.3) | 箱位移 (0,200,100) 蓋z(相對箱底) fxp=116.6 fxn=116.6 fyp=124.3 fyn=124.3
  G[yp] t= 73.53 yp grip hold               上指 ( -26.1,   9.8, 149.4) 下指 ( -26.4,   5.6, 137.6) | 夾到  3 | 滑動 中位 - 最大 - | yp 越過折線   0%(整片  36%)| 他片 >10mm  106(9.6%)最大  28.0 | 杯位移 0.4 | 自穿 0 穿杯 0 反轉 0
t= 74.03 yp grip hold             bbox 264x223x144 | 自穿    0 | 布穿杯   0 | 反轉   0 | 體積比 0.9888 | 邊長比 [0.458,1.493] | 杯心 (  9.8,194.1,141.4) | 箱位移 (0,200,100) 蓋z(相對箱底) fxp=116.6 fxn=116.6 fyp=124.3 fyn=124.3 | 杯頂上 1 層 間距 14.14 頂厚 31.4
  G[yp] t= 74.03 yp grip hold               上指 ( -26.1,   9.8, 149.4) 下指 ( -26.4,   5.6, 137.6) | 夾到  2 | 滑動 中位 - 最大 - | yp 越過折線   0%(整片  37%)| 他片 >10mm   39(3.5%)最大  27.8 | 杯位移 0.3 | 自穿 0 穿杯 0 反轉 0
t= 74.53 yp grip hold             bbox 265x223x146 | 自穿    0 | 布穿杯   0 | 反轉   0 | 體積比 0.9891 | 邊長比 [0.469,1.639] | 杯心 (  9.7,194.3,141.4) | 箱位移 (0,200,100) 蓋z(相對箱底) fxp=116.6 fxn=116.6 fyp=124.3 fyn=124.3
  G[yp] t= 74.53 yp grip hold               上指 ( -26.1,   9.8, 149.4) 下指 ( -26.4,   5.6, 137.6) | 夾到  2 | 滑動 中位 - 最大 - | yp 越過折線   0%(整片  36%)| 他片 >10mm  116(10.5%)最大  29.3 | 杯位移 0.4 | 自穿 0 穿杯 0 反轉 0
t= 75.03 yp grip hold             bbox 265x223x147 | 自穿    0 | 布穿杯   0 | 反轉   0 | 體積比 0.9887 | 邊長比 [0.443,1.557] | 杯心 (  9.7,194.1,141.3) | 箱位移 (0,200,100) 蓋z(相對箱底) fxp=116.6 fxn=116.6 fyp=124.3 fyn=124.3
  G[yp] t= 75.03 yp grip hold               上指 ( -26.1,   9.8, 149.4) 下指 ( -26.4,   5.6, 137.6) | 夾到  1 | 滑動 中位 - 最大 - | yp 越過折線   0%(整片  36%)| 他片 >10mm  134(12.1%)最大  29.4 | 杯位移 0.2 | 自穿 0 穿杯 0 反轉 0
t= 75.53 yp grip hold             bbox 265x223x146 | 自穿    0 | 布穿杯   0 | 反轉   0 | 體積比 0.9889 | 邊長比 [0.463,1.650] | 杯心 (  9.5,194.2,141.3) | 箱位移 (0,200,100) 蓋z(相對箱底) fxp=116.6 fxn=116.6 fyp=124.3 fyn=124.3
  G[yp] t= 75.53 yp grip hold               上指 ( -26.1,   9.8, 149.4) 下指 ( -26.4,   5.6, 137.6) | 夾到  2 | 滑動 中位 - 最大 - | yp 越過折線   0%(整片  36%)| 他片 >10mm  135(12.2%)最大  29.8 | 杯位移 0.2 | 自穿 0 穿杯 0 反轉 0
t= 76.03 yp grip hold             bbox 263x223x144 | 自穿    0 | 布穿杯   0 | 反轉   0 | 體積比 0.9889 | 邊長比 [0.469,1.615] | 杯心 (  9.7,194.0,141.4) | 箱位移 (0,200,100) 蓋z(相對箱底) fxp=116.6 fxn=116.6 fyp=124.3 fyn=124.3 | 杯頂上 1 層 間距 13.26 頂厚 31.0
  G[yp] t= 76.03 yp grip hold               上指 ( -26.1,   9.8, 149.4) 下指 ( -26.4,   5.6, 137.6) | 夾到  1 | 滑動 中位 - 最大 - | yp 越過折線   0%(整片  36%)| 他片 >10mm   88(8.0%)最大  30.1 | 杯位移 0.2 | 自穿 0 穿杯 0 反轉 0
  [yp] 實際 rod 位置(箱局部)[3000. 2800.  903.] mm vs 目標 [3000. 2800.  903.]
  [yp] 實際 up 位置(箱局部)[-26.1   9.8 149.4] mm vs 目標 [-26.1   9.8 149.4]
  [yp] 實際 lo 位置(箱局部)[-26.4   5.6 137.6] mm vs 目標 [-26.4   5.6 137.6]

★ t=76.30 [yp] 夾好:指面之間(間距 4.5mm、足跡 20x20)的布頂點 1 個(歸屬 {'yp': 1})
  [yp] 參考:足跡外擴 2.5mm、離指面 <=2.5mm 的布頂點 3 個;夾爪 30mm 內布頂點的 (t,u,n) mm:v0(2,26,-9); v1(16,26,-11); v2(29,26,-13); v36(-1,29,-23); v37(14,30,-25); v38(28,29,-27); v1116(19,-28,-27); v1152(22,-14,-26); v1188(25,-0,-22); v1203(22,-25,-8); v1224(27,13,-19); v1239(20,-11,-1); v1240(6,-18,-0); v1241(-10,-23,-2)
  [yp] 弧線:彎折處(夾點那欄,即時)y=93.4 z=80.2 mm(|flat x|<CX 各欄中位 y=90.4 z=73.6;題目名義折線 y=+71.5);材料長度 現在 103.0 / flat 100.0 mm → 半徑 0.80 x (103.0 − 7.5) = 76.4 mm(夾爪中心起始離彎折處 106.5 mm,前 30% 角度內漸變)
  [yp] 第 1 段繞彎折處 36° → 112°(指向箱壁外頂角 y=+113.5 z=130.5);第 2 段 略過(半徑剩 22.3mm;--arc2 0);箱外指頭最低點 >= 蓋頂 129.5 + T + 2 = 135.5 mm;終點夾爪中心 (-26.3,121.8,151.2) mm;6.0s 後停 2.0s 再放開
t= 76.53 yp PEEL arc              bbox 263x223x144 | 自穿    0 | 布穿杯   0 | 反轉   0 | 體積比 0.9891 | 邊長比 [0.402,1.896] | 杯心 (  9.7,194.2,141.4) | 箱位移 (0,200,100) 蓋z(相對箱底) fxp=116.6 fxn=116.6 fyp=124.3 fyn=124.3
  G[yp] t= 76.53 yp PEEL arc                上指 ( -26.1,  10.6, 149.6) 下指 ( -26.4,   6.2, 137.9) | 夾到  1 | 滑動 中位 5.0 最大 5.0 | yp 越過折線   1%(整片  39%)| 他片 >10mm   37(3.4%)最大  27.8 | 杯位移 0.3 | 自穿 0 穿杯 0 反轉 0
t= 77.03 yp PEEL arc              bbox 263x223x140 | 自穿    0 | 布穿杯   0 | 反轉   0 | 體積比 0.9885 | 邊長比 [0.398,1.751] | 杯心 ( 10.0,194.5,141.3) | 箱位移 (0,200,100) 蓋z(相對箱底) fxp=116.6 fxn=116.6 fyp=124.3 fyn=124.3
  G[yp] t= 77.03 yp PEEL arc                上指 ( -26.1,  16.9, 151.2) 下指 ( -26.4,  12.0, 139.7) | 夾到  0 | 滑動 中位 7.2 最大 7.2 | yp 越過折線   2%(整片  40%)| 他片 >10mm   34(3.1%)最大  31.1 | 杯位移 0.7 | 自穿 0 穿杯 0 反轉 0
t= 77.53 yp PEEL arc              bbox 263x223x142 | 自穿    0 | 布穿杯   0 | 反轉   0 | 體積比 0.9881 | 邊長比 [0.438,1.788] | 杯心 (  9.8,194.6,141.3) | 箱位移 (0,200,100) 蓋z(相對箱底) fxp=116.6 fxn=116.6 fyp=124.3 fyn=124.3
  G[yp] t= 77.53 yp PEEL arc                上指 ( -26.1,  28.4, 152.9) 下指 ( -26.4,  22.5, 141.9) | 夾到  0 | 滑動 中位 7.1 最大 7.1 | yp 越過折線   2%(整片  41%)| 他片 >10mm   48(4.3%)最大  33.6 | 杯位移 0.7 | 自穿 0 穿杯 0 反轉 0
t= 78.03 yp PEEL arc              bbox 263x223x141 | 自穿    0 | 布穿杯   0 | 反轉   0 | 體積比 0.9880 | 邊長比 [0.453,2.109] | 杯心 (  9.7,194.9,141.4) | 箱位移 (0,200,100) 蓋z(相對箱底) fxp=116.6 fxn=116.6 fyp=124.3 fyn=124.3 | 杯頂上 0 層 間距 11.41 頂厚 29.7
  G[yp] t= 78.03 yp PEEL arc                上指 ( -26.1,  43.5, 153.0) 下指 ( -26.4,  36.3, 142.8) | 夾到  0 | 滑動 中位 9.3 最大 9.3 | yp 越過折線   3%(整片  41%)| 他片 >10mm   44(4.0%)最大  32.7 | 杯位移 0.9 | 自穿 0 穿杯 0 反轉 0

★ t=78.30 [yp] peel_1_3
  G[yp] t= 78.30 yp PEEL arc                上指 ( -26.1,  52.3, 151.8) 下指 ( -26.4,  44.4, 142.1) | 夾到  0 | 滑動 中位 9.7 最大 9.7 | yp 越過折線   5%(整片  42%)| 他片 >10mm   61(5.5%)最大  34.4 | 杯位移 0.9 | 自穿 0 穿杯 0 反轉 0
t= 78.53 yp PEEL arc              bbox 263x223x138 | 自穿    0 | 布穿杯   0 | 反轉   0 | 體積比 0.9877 | 邊長比 [0.415,2.463] | 杯心 ( 10.0,194.5,141.3) | 箱位移 (0,200,100) 蓋z(相對箱底) fxp=116.6 fxn=116.6 fyp=124.3 fyn=124.3
  G[yp] t= 78.53 yp PEEL arc                上指 ( -26.1,  59.5, 150.9) 下指 ( -26.4,  50.9, 141.9) | 夾到  0 | 滑動 中位 12.0 最大 12.0 | yp 越過折線   3%(整片  41%)| 他片 >10mm   48(4.3%)最大  34.9 | 杯位移 0.6 | 自穿 0 穿杯 0 反轉 0
t= 79.03 yp PEEL arc              bbox 263x223x142 | 自穿    0 | 布穿杯   0 | 反轉   0 | 體積比 0.9872 | 邊長比 [0.430,2.429] | 杯心 (  9.9,194.7,141.4) | 箱位移 (0,200,100) 蓋z(相對箱底) fxp=116.6 fxn=116.6 fyp=124.3 fyn=124.3
  G[yp] t= 79.03 yp PEEL arc                上指 ( -26.1,  71.1, 155.4) 下指 ( -26.4,  61.2, 147.8) | 夾到  0 | 滑動 中位 10.4 最大 10.4 | yp 越過折線   6%(整片  43%)| 他片 >10mm   78(7.1%)最大  40.2 | 杯位移 0.8 | 自穿 0 穿杯 0 反轉 0
t= 79.53 yp PEEL arc              bbox 263x223x136 | 自穿    0 | 布穿杯   0 | 反轉   0 | 體積比 0.9883 | 邊長比 [0.432,1.512] | 杯心 (  9.9,194.1,141.3) | 箱位移 (0,200,100) 蓋z(相對箱底) fxp=116.6 fxn=116.6 fyp=124.3 fyn=124.3
  G[yp] t= 79.53 yp PEEL arc                上指 ( -26.1,  83.7, 158.0) 下指 ( -26.4,  72.6, 152.2) | 夾到  0 | 滑動 中位 78.3 最大 78.3 | yp 越過折線   1%(整片  40%)| 他片 >10mm   35(3.2%)最大  33.8 | 杯位移 0.4 | 自穿 0 穿杯 0 反轉 0
t= 80.03 yp PEEL arc              bbox 263x223x139 | 自穿    0 | 布穿杯   0 | 反轉   0 | 體積比 0.9884 | 邊長比 [0.417,1.613] | 杯心 (  9.8,194.0,141.3) | 箱位移 (0,200,100) 蓋z(相對箱底) fxp=116.6 fxn=116.6 fyp=124.3 fyn=124.3 | 杯頂上 1 層 間距 11.04 頂厚 22.8
  G[yp] t= 80.03 yp PEEL arc                上指 ( -26.1,  96.2, 158.6) 下指 ( -26.4,  84.4, 154.6) | 夾到  0 | 滑動 中位 91.6 最大 91.6 | yp 越過折線   0%(整片  38%)| 他片 >10mm   42(3.8%)最大  33.3 | 杯位移 0.3 | 自穿 0 穿杯 0 反轉 0

★ t=80.30 [yp] peel_2_3
  G[yp] t= 80.30 yp PEEL arc                上指 ( -26.1, 102.5, 158.1) 下指 ( -26.4,  90.4, 155.1) | 夾到  0 | 滑動 中位 95.0 最大 95.0 | yp 越過折線   1%(整片  40%)| 他片 >10mm   38(3.4%)最大  33.1 | 杯位移 0.5 | 自穿 0 穿杯 0 反轉 0
t= 80.53 yp PEEL arc              bbox 263x223x138 | 自穿    0 | 布穿杯   0 | 反轉   0 | 體積比 0.9882 | 邊長比 [0.410,1.502] | 杯心 (  9.8,193.9,141.3) | 箱位移 (0,200,100) 蓋z(相對箱底) fxp=116.6 fxn=116.6 fyp=124.3 fyn=124.3
  G[yp] t= 80.53 yp PEEL arc                上指 ( -26.1, 107.6, 157.3) 下指 ( -26.4,  95.3, 155.1) | 夾到  0 | 滑動 中位 102.5 最大 102.5 | yp 越過折線   0%(整片  38%)| 他片 >10mm   43(3.9%)最大  33.6 | 杯位移 0.3 | 自穿 0 穿杯 0 反轉 0
t= 81.03 yp PEEL arc              bbox 263x223x140 | 自穿    0 | 布穿杯   0 | 反轉   0 | 體積比 0.9884 | 邊長比 [0.393,1.650] | 杯心 ( 10.0,193.8,141.2) | 箱位移 (0,200,100) 蓋z(相對箱底) fxp=116.6 fxn=116.6 fyp=124.3 fyn=124.3
  G[yp] t= 81.03 yp PEEL arc                上指 ( -26.1, 117.0, 155.0) 下指 ( -26.4, 104.5, 154.3) | 夾到  0 | 滑動 中位 110.7 最大 110.7 | yp 越過折線   0%(整片  38%)| 他片 >10mm   45(4.1%)最大  33.8 | 杯位移 0.5 | 自穿 0 穿杯 0 反轉 0
t= 81.53 yp PEEL arc              bbox 263x223x140 | 自穿    0 | 布穿杯   0 | 反轉   0 | 體積比 0.9886 | 邊長比 [0.405,1.536] | 杯心 (  9.9,193.8,141.3) | 箱位移 (0,200,100) 蓋z(相對箱底) fxp=116.6 fxn=116.6 fyp=124.3 fyn=124.3
  G[yp] t= 81.53 yp PEEL arc                上指 ( -26.1, 123.8, 152.5) 下指 ( -26.4, 111.3, 153.0) | 夾到  0 | 滑動 中位 118.1 最大 118.1 | yp 越過折線   0%(整片  38%)| 他片 >10mm   48(4.3%)最大  33.3 | 杯位移 0.5 | 自穿 0 穿杯 0 反轉 0
t= 82.03 yp PEEL arc              bbox 264x223x139 | 自穿    0 | 布穿杯   0 | 反轉   0 | 體積比 0.9884 | 邊長比 [0.417,1.501] | 杯心 ( 10.0,193.8,141.4) | 箱位移 (0,200,100) 蓋z(相對箱底) fxp=116.6 fxn=116.6 fyp=124.3 fyn=124.3 | 杯頂上 1 層 間距 10.79 頂厚 21.8
  G[yp] t= 82.03 yp PEEL arc                上指 ( -26.1, 127.5, 150.9) 下指 ( -26.4, 115.0, 151.9) | 夾到  0 | 滑動 中位 121.1 最大 121.1 | yp 越過折線   0%(整片  37%)| 他片 >10mm   53(4.8%)最大  34.3 | 杯位移 0.5 | 自穿 0 穿杯 0 反轉 0

★ t=82.30 [yp] peeled
  G[yp] t= 82.30 yp PEEL arc                上指 ( -26.1, 128.0, 150.6) 下指 ( -26.4, 115.6, 151.8) | 夾到  0 | 滑動 中位 122.0 最大 122.0 | yp 越過折線   0%(整片  38%)| 他片 >10mm   50(4.5%)最大  33.7 | 杯位移 0.5 | 自穿 0 穿杯 0 反轉 0
t= 82.53 yp hold peeled           bbox 263x223x139 | 自穿    0 | 布穿杯   0 | 反轉   0 | 體積比 0.9883 | 邊長比 [0.412,1.533] | 杯心 ( 10.0,193.6,141.3) | 箱位移 (0,200,100) 蓋z(相對箱底) fxp=116.6 fxn=116.6 fyp=124.3 fyn=124.3
  G[yp] t= 82.53 yp hold peeled             上指 ( -26.1, 128.0, 150.6) 下指 ( -26.4, 115.6, 151.8) | 夾到  0 | 滑動 中位 122.4 最大 122.4 | yp 越過折線   0%(整片  37%)| 他片 >10mm   59(5.3%)最大  34.9 | 杯位移 0.6 | 自穿 0 穿杯 0 反轉 0
t= 83.03 yp hold peeled           bbox 263x223x138 | 自穿    0 | 布穿杯   0 | 反轉   0 | 體積比 0.9885 | 邊長比 [0.413,1.500] | 杯心 (  9.8,194.1,141.4) | 箱位移 (0,200,100) 蓋z(相對箱底) fxp=116.6 fxn=116.6 fyp=124.3 fyn=124.3
  G[yp] t= 83.03 yp hold peeled             上指 ( -26.1, 128.0, 150.6) 下指 ( -26.4, 115.6, 151.8) | 夾到  0 | 滑動 中位 119.4 最大 119.4 | yp 越過折線   0%(整片  39%)| 他片 >10mm   48(4.3%)最大  33.4 | 杯位移 0.3 | 自穿 0 穿杯 0 反轉 0
t= 83.53 yp hold peeled           bbox 263x223x139 | 自穿    0 | 布穿杯   0 | 反轉   0 | 體積比 0.9883 | 邊長比 [0.393,1.575] | 杯心 ( 10.0,193.9,141.2) | 箱位移 (0,200,100) 蓋z(相對箱底) fxp=116.6 fxn=116.6 fyp=124.3 fyn=124.3
  G[yp] t= 83.53 yp hold peeled             上指 ( -26.1, 128.0, 150.6) 下指 ( -26.4, 115.6, 151.8) | 夾到  0 | 滑動 中位 122.3 最大 122.3 | yp 越過折線   0%(整片  37%)| 他片 >10mm   56(5.1%)最大  34.5 | 杯位移 0.5 | 自穿 0 穿杯 0 反轉 0
t= 84.03 yp hold peeled           bbox 263x223x137 | 自穿    0 | 布穿杯   0 | 反轉   0 | 體積比 0.9884 | 邊長比 [0.425,1.560] | 杯心 (  9.9,193.7,141.3) | 箱位移 (0,200,100) 蓋z(相對箱底) fxp=116.6 fxn=116.6 fyp=124.3 fyn=124.3 | 杯頂上 1 層 間距 10.51 頂厚 20.5
  G[yp] t= 84.03 yp hold peeled             上指 ( -26.1, 128.0, 150.6) 下指 ( -26.4, 115.6, 151.8) | 夾到  0 | 滑動 中位 122.6 最大 122.6 | yp 越過折線   0%(整片  38%)| 他片 >10mm   55(5.0%)最大  34.8 | 杯位移 0.5 | 自穿 0 穿杯 0 反轉 0

★ t=84.30 [yp] held
  G[yp] t= 84.30 yp hold peeled             上指 ( -26.1, 128.0, 150.6) 下指 ( -26.4, 115.6, 151.8) | 夾到  0 | 滑動 中位 121.3 最大 121.3 | yp 越過折線   0%(整片  38%)| 他片 >10mm   49(4.4%)最大  33.3 | 杯位移 0.5 | 自穿 0 穿杯 0 反轉 0
  杯頂俯視覆蓋 86% → 露出 14%(開始時 18%)
t= 84.53 yp release               bbox 263x223x137 | 自穿    0 | 布穿杯   0 | 反轉   0 | 體積比 0.9879 | 邊長比 [0.402,1.497] | 杯心 ( 10.0,193.9,141.3) | 箱位移 (0,200,100) 蓋z(相對箱底) fxp=116.6 fxn=116.6 fyp=124.3 fyn=124.3
  G[yp] t= 84.53 yp release                 上指 ( -26.0, 132.5, 150.2) 下指 ( -26.5, 111.1, 152.2) | 夾到  0 | 滑動 中位 - 最大 - | yp 越過折線   0%(整片  38%)| 他片 >10mm   56(5.1%)最大  35.2 | 杯位移 0.5 | 自穿 0 穿杯 0 反轉 0
t= 85.03 yp release               bbox 264x223x136 | 自穿    0 | 布穿杯   0 | 反轉   0 | 體積比 0.9885 | 邊長比 [0.390,1.580] | 杯心 ( 10.0,194.0,141.3) | 箱位移 (0,200,100) 蓋z(相對箱底) fxp=116.6 fxn=116.6 fyp=124.3 fyn=124.3
  G[yp] t= 85.03 yp release                 上指 ( -26.8, 139.2, 163.1) 下指 ( -27.5, 106.9, 166.1) | 夾到  0 | 滑動 中位 - 最大 - | yp 越過折線   0%(整片  39%)| 他片 >10mm   49(4.4%)最大  34.8 | 杯位移 0.5 | 自穿 0 穿杯 0 反轉 0
t= 85.53 yp release               bbox 263x223x135 | 自穿    0 | 布穿杯   0 | 反轉   0 | 體積比 0.9879 | 邊長比 [0.369,1.498] | 杯心 (  9.9,194.0,141.3) | 箱位移 (0,200,100) 蓋z(相對箱底) fxp=116.6 fxn=116.6 fyp=124.3 fyn=124.3
  G[yp] t= 85.53 yp release                 上指 ( -27.8, 140.8, 200.2) 下指 ( -28.6, 108.5, 203.3) | 夾到  0 | 滑動 中位 - 最大 - | yp 越過折線   1%(整片  40%)| 他片 >10mm   63(5.7%)最大  37.3 | 杯位移 0.4 | 自穿 0 穿杯 0 反轉 0
t= 86.03 yp release               bbox 264x223x135 | 自穿    0 | 布穿杯   0 | 反轉   0 | 體積比 0.9882 | 邊長比 [0.406,1.498] | 杯心 (  9.8,194.1,141.3) | 箱位移 (0,200,100) 蓋z(相對箱底) fxp=116.6 fxn=116.6 fyp=124.3 fyn=124.3 | 杯頂上 1 層 間距 10.40 頂厚 18.7
  G[yp] t= 86.03 yp release                 上指 ( -27.8, 140.8, 259.5) 下指 ( -28.6, 108.5, 262.5) | 夾到  0 | 滑動 中位 - 最大 - | yp 越過折線   0%(整片  39%)| 他片 >10mm   50(4.5%)最大  36.9 | 杯位移 0.3 | 自穿 0 穿杯 0 反轉 0

★ t=86.25 [yp] released
  G[yp] t= 86.25 yp release                 上指 ( -27.8, 140.8, 259.5) 下指 ( -28.6, 108.5, 262.5) | 夾到  0 | 滑動 中位 - 最大 - | yp 越過折線   0%(整片  39%)| 他片 >10mm   53(4.8%)最大  36.1 | 杯位移 0.3 | 自穿 0 穿杯 0 反轉 0
  杯頂俯視覆蓋 87% → 露出 13%(開始時 18%)
t= 86.30 yp release               bbox 264x223x135 | 自穿    0 | 布穿杯   0 | 反轉   0 | 體積比 0.9883 | 邊長比 [0.391,1.499] | 杯心 (  9.7,194.1,141.3) | 箱位移 (0,200,100) 蓋z(相對箱底) fxp=116.6 fxn=116.6 fyp=124.3 fyn=124.3 | 杯頂上 1 層 間距 10.83 頂厚 19.0
  G[yp] t= 86.30 yp release                 上指 ( -27.8, 140.8, 259.5) 下指 ( -28.6, 108.5, 262.5) | 夾到  0 | 滑動 中位 - 最大 - | yp 越過折線   0%(整片  39%)| 他片 >10mm   51(4.6%)最大  36.7 | 杯位移 0.2 | 自穿 0 穿杯 0 反轉 0

影片 → grasp/out_g/wrap.mp4(2589 幀);wall 781.0s / sim 86.30s = 9.05

===== 判讀 wrap_vol sheet 500(跑到 all)=====
  fold_xn                t=  7.47 bbox 布 241x503x105 / 含杯 241x503x105 | 體積÷杯 9.63 | 自穿 0 | 布穿杯 0 | 反轉 0 | 體積比 0.9978 | 杯頂上 1.0 層(分佈 {0: 128, 1: 208})間距 nan 頂厚 12.4 第1層離杯頂 8.4 | 杯頂俯視覆蓋 70%
  fold_end               t= 17.50 bbox 布 253x216x126 / 含杯 253x216x126 | 體積÷杯 5.19 | 自穿 3 | 布穿杯 0 | 反轉 0 | 體積比 0.9906 | 杯頂上 3.0 層(分佈 {0: 6, 1: 85, 2: 48, 3: 180, 4: 17})間距 6.70 頂厚 25.3 第1層離杯頂 17.4 | 杯頂俯視覆蓋 99%
  closed_pre_release     t= 26.90 bbox 布 253x223x122 / 含杯 253x223x122 | 體積÷杯 5.21 | 自穿 0 | 布穿杯 0 | 反轉 0 | 體積比 0.9909 | 杯頂上 3.0 層(分佈 {0: 6, 1: 82, 2: 52, 3: 185, 4: 11})間距 6.55 頂厚 25.0 第1層離杯頂 16.1 | 杯頂俯視覆蓋 99%
  before_move            t= 28.87 bbox 布 260x223x122 / 含杯 260x223x122 | 體積÷杯 5.34 | 自穿 0 | 布穿杯 0 | 反轉 0 | 體積比 0.9884 | 杯頂上 2.0 層(分佈 {0: 32, 1: 103, 2: 87, 3: 130, 4: 5})間距 7.00 頂厚 18.4 第1層離杯頂 7.0 | 杯頂俯視覆蓋 95%
  after_move             t= 36.87 bbox 布 263x223x120 / 含杯 263x223x120 | 體積÷杯 5.33 | 自穿 2 | 布穿杯 0 | 反轉 0 | 體積比 0.9877 | 杯頂上 1.0 層(分佈 {0: 52, 1: 158, 2: 68, 3: 52, 4: 10})間距 8.27 頂厚 14.9 第1層離杯頂 6.9 | 杯頂俯視覆蓋 91%
  end                    t= 45.87 bbox 布 263x223x162 / 含杯 263x223x162 | 體積÷杯 7.20 | 自穿 0 | 布穿杯 0 | 反轉 0 | 體積比 0.9888 | 杯頂上 1.0 層(分佈 {0: 145, 1: 151, 2: 39, 3: 23, 4: 2})間距 12.07 頂厚 19.8 第1層離杯頂 12.1 | 杯頂俯視覆蓋 68%
  final                  t= 86.30 bbox 布 264x223x135 / 含杯 264x223x135 | 體積÷杯 6.00 | 自穿 0 | 布穿杯 0 | 反轉 0 | 體積比 0.9883 | 杯頂上 1.0 層(分佈 {0: 74, 1: 192, 2: 45, 3: 38, 4: 11})間距 10.83 頂厚 19.0 第1層離杯頂 11.0 | 杯頂俯視覆蓋 88%
  全程最大:自穿 11(t=14.03 fold yn)| 布穿杯 0 | 反轉 0 | 邊長比 [0.285, 2.463]
  每階段結束時自穿:
    settle                     結束 t=0.03 自穿 0
    fold xp                    結束 t=3.53 自穿 0
    fold xn                    結束 t=7.03 自穿 0
    fold yp                    結束 t=10.53 自穿 1
    fold yn                    結束 t=14.03 自穿 11
    tuck ears (side squeeze)   結束 t=17.03 自穿 4
    into box                   結束 t=18.03 自穿 3
    close lower lids           結束 t=22.03 自穿 0
    close upper lids           結束 t=26.03 自穿 1
    release paddles            結束 t=26.53 自穿 0
    release anchors / settle   結束 t=28.53 自穿 0
    move box                   結束 t=34.53 自穿 0
    settle                     結束 t=36.53 自穿 0
    open upper lids            結束 t=39.53 自穿 0
    open lower lids            結束 t=42.53 自穿 0
    hold                       結束 t=45.53 自穿 0
    grasp settle               結束 t=46.53 自穿 0
    yn pick: lower jaw to corner 結束 t=48.53 自穿 0
    yn pick: lower jaw insert  結束 t=49.53 自穿 0
    yn pick: lift corner       結束 t=51.03 自穿 0
    yn upper jaw down          結束 t=52.53 自穿 0
    yn close jaws              結束 t=53.53 自穿 0
    yn grip hold               結束 t=56.53 自穿 0
    yn PEEL arc                結束 t=62.53 自穿 1
    yn hold peeled             結束 t=64.53 自穿 0
    yn release                 結束 t=66.53 自穿 0
    yp pick: lower jaw to corner 結束 t=68.53 自穿 0
    yp pick: lower jaw insert  結束 t=69.53 自穿 0
    yp pick: lift corner       結束 t=71.03 自穿 0
    yp upper jaw down          結束 t=72.53 自穿 0
    yp close jaws              結束 t=73.03 自穿 0
    yp grip hold               結束 t=76.03 自穿 0
    yp PEEL arc                結束 t=82.03 自穿 0
    yp hold peeled             結束 t=84.03 自穿 0
    yp release                 結束 t=86.30 自穿 0
  折 xp 尖端(綁的、|x|<=CX 的 20 點)along 19.6~20.0 z 100.5~104.7 mm(目標 along 19.9 z 103.1±2)
  折 xn 尖端(綁的、|x|<=CX 的 20 點)along 19.8~19.9 z 100.6~104.7 mm(目標 along 19.9 z 103.1±2)
  折 yp 尖端(綁的、|x|<=CX 的 24 點)along -1.7~-1.3 z 105.5~109.9 mm(目標 along -1.4 z 108.1±2)
  折 yn 尖端(綁的、|x|<=CX 的 24 點)along 3.5~3.7 z 110.5~114.7 mm(目標 along 3.6 z 113.1±2)

===== 真的入箱了嗎(逐頂點比對內腔)=====
 關蓋後(放錨前):
  布     2592 點;超出內腔 0 | x 超 0 / y 超 0 / 低於底 0(最深 0.00mm)/ 高於口 0 | x -125.3~127.2(±132) y -111.5~111.5(±112) z 3.4~125.6(3.0~133.9)
  杯子   24832 點;超出內腔 0 | x 超 0 / y 超 0 / 低於底 0(最深 0.00mm)/ 高於口 0 | x -66.6~66.6(±132) y -53.5~53.5(±112) z 9.5~102.1(3.0~133.9)
 搬前:
  布     2592 點;超出內腔 0 | x 超 0 / y 超 0 / 低於底 0(最深 0.00mm)/ 高於口 0 | x -128.4~131.5(±132) y -111.5~111.5(±112) z 3.4~125.1(3.0~133.9)
  杯子   24832 點;超出內腔 0 | x 超 0 / y 超 0 / 低於底 0(最深 0.00mm)/ 高於口 0 | x -63.2~70.0(±132) y -60.3~53.9(±112) z 8.0~102.7(3.0~133.9)
 搬後(原點 = 箱子最終位置):
  布     2592 點;超出內腔 0 | x 超 0 / y 超 0 / 低於底 0(最深 0.00mm)/ 高於口 0 | x -131.5~131.5(±132) y -111.5~111.5(±112) z 3.3~123.4(3.0~133.9)
  杯子   24832 點;超出內腔 0 | x 超 0 / y 超 0 / 低於底 0(最深 0.00mm)/ 高於口 0 | x -58.6~69.9(±132) y -61.5~53.4(±112) z 8.5~103.2(3.0~133.9)
  搬箱:箱位移 (0.0,200.0,100.0) mm;布質心相對箱 搬前→搬後 差 5.8 mm;杯心相對箱 差 7.6 mm
  杯心相對箱中心(搬後):(+7.9, -2.9, +41.6) mm(z 相對箱底內面)
 開蓋後(結束):
  布     2592 點;超出內腔 120 | x 超 0 / y 超 0 / 低於底 1(最深 0.54mm)/ 高於口 119 | x -131.5~131.5(±132) y -111.7~111.5(±112) z 2.5~164.5(3.0~133.9)
  杯子   24832 點;超出內腔 0 | x 超 0 / y 超 0 / 低於底 0(最深 0.00mm)/ 高於口 0 | x -59.1~69.0(±132) y -65.1~51.7(±112) z 8.6~104.7(3.0~133.9)
  蓋中心 z(相對箱底內面):fxp=116.6 fxn=116.6 fyp=124.3 fyn=124.3;關著時預設 fxp=123.4 fxn=123.4 fyp=128.7 fyn=128.7
  驗收:pre_in PASS(布 0 杯 0) | closed PASS(布 0 杯 0) | bm PASS(布 0 杯 0) | am PASS(布 0 杯 0) | end WARN(布 1 杯 0)(pre_in / end 蓋子開著,只計 x/y/底)
  杯子姿態:相對初始轉了 26.4°(dynamic 之後)

===== SUMMARY =====
  E 2e+03 T 4.0mm 面密度 0.10 cont 2.00 rest 0.50 tuck 1
  四折後(收耳前 t=14.03)bbox 251x241x127;側板內縮目標 258x218 ⇒ 側板會碰到布(四折後 bbox 是否超出)
  收耳後/入箱前 bbox 253x216x126
  關蓋後 bbox 253x223x122 體積÷杯 5.21
  頂力代理:下蓋底面 120.0mm;布頂 z(max/99%)放錨前 122.6/116.8 → 放錨後 2s 122.1/112.0;離蓋底 <2mm 的頂點 10 → 7
  開蓋後 3s:布頂 z max 161.5 / 99% 151.0 mm(箱口 130.9);杯頂俯視覆蓋 68%
  全程最大 自穿 11 布穿杯 0 反轉 0 邊長比 [0.285,2.463] 體積比 [0.9858,1.0009]
  wall 781.0s

===== 抓取段判讀(--grasp 1;rank 1、挑角 25/25mm、半徑係數 0.80、掀 6.0s、間距 4.5mm、指面摩擦 2.0)=====
  [yn] 抓取點 v9 位置 (-118.7,-48.4,148.0) 坡度 64.7° 空隙 125.9 | 挑角後 z 148.0→117.3 空隙 125.9→26.2 相鄰層 >10mm 333(最大 71.5)
  [yn] 夾到 0 NG | 滑動(夾持中 中位/最大頂點)nan / nan mm NG | 越過折線 0%(整片 50%)NG;放開後 0% | 他片 >10mm 188(10.9%)最大 71.0 mm {'yp': 21, 'xp': 54, 'xn': 113} NG | 杯位移最大 4.3 mm OK | 自穿最多 1 穿杯 0 OK 反轉 0 | 露出 32% → 19%(放開後 19%)⇒ FAIL
  [yp] 抓取點 v1276 位置 (-34.7,1.6,123.7) 坡度 20.2° 空隙 18.6 | 挑角後 z 123.7→147.8 空隙 18.6→47.5 相鄰層 >10mm 180(最大 24.0)
  [yp] 夾到 1 NG | 滑動(夾持中 中位/最大頂點)122.6 / 122.6 mm NG | 越過折線 0%(整片 38%)NG;放開後 0% | 他片 >10mm 49(4.4%)最大 33.3 mm {'xp': 0, 'xn': 49} OK | 杯位移最大 1.4 mm OK | 自穿最多 0 穿杯 0 OK 反轉 0 | 露出 18% → 14%(放開後 13%)⇒ FAIL
  抓取段明細 → grasp/out_g/grasp.json
npz → grasp/out_g/wrap.npz
