=== wrap_vol sheet 500 ===
args: {'sheet_mm': 500.0, 'sheet_x_mm': 0.0, 'sheet_y_mm': 0.0, 'out': 'grasp/out_g', 'mug': 'mug.stl', 'carton': 'carton_w131.usd', 'tex': 'bubble_normal.png', 'tex_mm': 200.0, 'thick_mm': 4.0, 'nxy': 35, 'young': 2000.0, 'poisson': 0.45, 'areal': 0.1, 'fric': 0.8, 'cont': 0.002, 'rest': 0.0005, 'solver': 128, 'dt': 0.004166666666666667, 'margin': 0.012, 'wall': 0.006, 'fold_span': 3.0, 'fold_hold': 0.5, 'slow': '', 'tip_extra': '', 'tip_over_mm': 30.0, 'lid_span': 4.0, 'open_span': 3.0, 'movebox': '0,0.20,0.10', 'move_t': 6.0, 'base_collider_pad': 0.02, 'squeeze_t': 2.5, 'squeeze_mm': 3.0, 'until': 'all', 'rest_npz': '', 'cam_ref': 0.586, 'meas_dt': 0.5, 'fps': 30, 'tuck': 1, 'grasp': 1, 'grasp_rank': 1, 'pick_mm': 25.0, 'pick_in_mm': 25.0, 'arc_k': 0.9, 'peel_t': 3.0, 'gap_mm': 4.5, 'ffric': 2.0, 'second': 1, 'gcam_focal': 2.8}
杯子躺平 133 x 107 x 93 mm;杯口 +y、杯耳 +x;watertight=True
折線 CX=84.63 CY=71.50 mm;折邊長 x 165.4 / y 178.5 mm
set_physics_volume_deformable_body(/World/plate) -> True
  collider /World/plate:schema 預設 contactOffset=-inf restOffset=-inf → 設 0.002 / 0.0005
板 500x500x4mm:2592 點 6125 tets;dxy 14.29mm;solver 128 dt 1/240
視覺網格 /World/sheet_vis:5180 三角形(上/下/側面),泡泡法線貼圖 bubble_normal.png
杯子 kinematic,底 z=6.5 頂 z=99.1 mm
錨 xp:最外圈 72 點中 SIDEPICK 歸本邊 68,綁 20 點(上下兩層)
錨 xn:最外圈 72 點中 SIDEPICK 歸本邊 68,綁 20 點(上下兩層)
錨 yp:最外圈 72 點中 SIDEPICK 歸本邊 72,綁 24 點(上下兩層)
錨 yn:最外圈 72 點中 SIDEPICK 歸本邊 72,綁 24 點(上下兩層)
  xp:折線 84.6、折邊 165.4、已疊 0 層 → 尖端中面 z=103.1(底面 101.1)、越過頂面 arm 64.7 → 尖端 along=19.9 mm(搆不到中線)
  xn:折線 84.6、折邊 165.4、已疊 0 層 → 尖端中面 z=103.1(底面 101.1)、越過頂面 arm 64.7 → 尖端 along=19.9 mm(搆不到中線)
  yp:折線 71.5、折邊 178.5、已疊 1 層 → 尖端中面 z=108.1(底面 106.1)、越過頂面 arm 72.9 → 尖端 along=-1.4 mm(到/越過中線)
  yn:折線 71.5、折邊 178.5、已疊 2 層 → 尖端中面 z=113.1(底面 111.1)、越過頂面 arm 67.9 → 尖端 along=3.6 mm(搆不到中線)
錨:26 個 kinematic 錨體(x 邊各 1 根桿;y 邊每欄 1 個,共 24 欄),全部無碰撞;VtxXformAttachment 掛 /World/attach/*
★ 紙箱 carton_w131.usd(meta carton_w131.meta.json):5 剛體 kinematic;bbox 270x230x134;箱底內面 z=3.0、箱口最高 133.9;內腔 ±132 x ±112;鉸鏈 123.0/129.5
★ 底板碰撞加厚 20mm(不可見)
  蓋 fxp:USD 預設中心 z=126.4 → 關;開 = 轉 +180°
  蓋 fxn:USD 預設中心 z=126.4 → 關;開 = 轉 +180°
  蓋 fyp:USD 預設中心 z=131.7 → 關;開 = 轉 +180°
  蓋 fyn:USD 預設中心 z=131.7 → 關;開 = 轉 +180°
★ 紙箱 reset 前擺到旁邊 [-800.  450.   -3.] mm、蓋子開(180°);箱底內面對齊地面(z 偏 −3.0mm)
★ --grasp 1:kinematic 指 rod [ 8. 30.  8.] / 上下指 [20. 20.  8.] mm,指面摩擦 2.0(rod 0.5),cont 1 / rest 0;停在 [3. 3. 1.]
錨 rigid body view:26 個(kinematic target)
抓取指 rigid body view:3 個
抓取段:open hold 完 45.90 → settle → yn@46.90 / yp@63.60 每片 16.7s(挑角 0~4.5、下指進 ~7.1、夾好 9.7、掀 3.0s、停 2.0s、放開);結束 80.30
時間表:折 xp@0.5(3.0s) xn@4.0(3.0s) yp@7.5(3.0s) yn@11.0(3.0s) | 折完 14.50 | 入箱 17.50 | 關下蓋 18.50 | 關上蓋 22.50 | 放錨+杯動態 26.50 | 搬 28.90~34.90 | 開上蓋 36.90 | 開下蓋 39.90 | 結束 45.90(本次跑到 80.30)
渲染 30 fps,每幀 8 物理步;共 2409 幀
t=  0.03 settle                   bbox 500x500x  5 | 自穿    0 | 布穿杯   0 | 反轉   0 | 體積比 0.9993 | 邊長比 [0.995,1.006] | 杯心 (  0.0,  0.0, 52.8) | 杯頂上 0 層 間距 nan 頂厚 nan
t=  0.53 fold xp                  bbox 500x500x  5 | 自穿    0 | 布穿杯   0 | 反轉   0 | 體積比 0.9993 | 邊長比 [0.993,1.006] | 杯心 (  0.0,  0.0, 52.8)
t=  1.03 fold xp                  bbox 499x500x 47 | 自穿    0 | 布穿杯   0 | 反轉   0 | 體積比 1.0001 | 邊長比 [0.886,1.213] | 杯心 (  0.0,  0.0, 52.8)
t=  1.53 fold xp                  bbox 477x500x129 | 自穿    0 | 布穿杯   0 | 反轉   0 | 體積比 1.0009 | 邊長比 [0.792,1.489] | 杯心 (  0.0,  0.0, 52.8)
t=  2.03 fold xp                  bbox 381x507x167 | 自穿    0 | 布穿杯   0 | 反轉   0 | 體積比 1.0002 | 邊長比 [0.841,1.364] | 杯心 (  0.0,  0.0, 52.8) | 杯頂上 0 層 間距 nan 頂厚 nan
t=  2.53 fold xp                  bbox 364x503x149 | 自穿    0 | 布穿杯   0 | 反轉   0 | 體積比 0.9995 | 邊長比 [0.880,1.253] | 杯心 (  0.0,  0.0, 52.8)
t=  3.03 fold xp                  bbox 368x501x117 | 自穿    0 | 布穿杯   0 | 反轉   0 | 體積比 0.9989 | 邊長比 [0.866,1.188] | 杯心 (  0.0,  0.0, 52.8)
t=  3.53 fold xp                  bbox 373x502x104 | 自穿    0 | 布穿杯   0 | 反轉   0 | 體積比 0.9987 | 邊長比 [0.858,1.222] | 杯心 (  0.0,  0.0, 52.8)
t=  4.03 fold xn                  bbox 372x503x104 | 自穿    0 | 布穿杯   0 | 反轉   0 | 體積比 0.9986 | 邊長比 [0.850,1.250] | 杯心 (  0.0,  0.0, 52.8) | 杯頂上 0 層 間距 nan 頂厚 31.1
t=  4.53 fold xn                  bbox 370x503x104 | 自穿    0 | 布穿杯   0 | 反轉   0 | 體積比 0.9994 | 邊長比 [0.842,1.253] | 杯心 (  0.0,  0.0, 52.8)
t=  5.03 fold xn                  bbox 346x503x129 | 自穿    0 | 布穿杯   0 | 反轉   0 | 體積比 1.0002 | 邊長比 [0.810,1.456] | 杯心 (  0.0,  0.0, 52.8)
t=  5.53 fold xn                  bbox 250x508x167 | 自穿    0 | 布穿杯   0 | 反轉   0 | 體積比 0.9995 | 邊長比 [0.840,1.342] | 杯心 (  0.0,  0.0, 52.8)
t=  6.03 fold xn                  bbox 235x503x149 | 自穿    0 | 布穿杯   0 | 反轉   0 | 體積比 0.9989 | 邊長比 [0.841,1.254] | 杯心 (  0.0,  0.0, 52.8) | 杯頂上 0 層 間距 nan 頂厚 36.4
t=  6.53 fold xn                  bbox 238x503x117 | 自穿    0 | 布穿杯   0 | 反轉   0 | 體積比 0.9982 | 邊長比 [0.839,1.251] | 杯心 (  0.0,  0.0, 52.8)
t=  7.03 fold xn                  bbox 242x503x104 | 自穿    0 | 布穿杯   0 | 反轉   0 | 體積比 0.9978 | 邊長比 [0.839,1.250] | 杯心 (  0.0,  0.0, 52.8)
t=  7.53 fold yp                  bbox 241x503x105 | 自穿    0 | 布穿杯   0 | 反轉   0 | 體積比 0.9978 | 邊長比 [0.840,1.251] | 杯心 (  0.0,  0.0, 52.8)
t=  8.03 fold yp                  bbox 245x501x105 | 自穿    0 | 布穿杯   0 | 反轉   0 | 體積比 0.9981 | 邊長比 [0.795,1.253] | 杯心 (  0.0,  0.0, 52.8) | 杯頂上 1 層 間距 nan 頂厚 12.6
t=  8.53 fold yp                  bbox 248x451x147 | 自穿    0 | 布穿杯   0 | 反轉   0 | 體積比 0.9984 | 邊長比 [0.767,1.359] | 杯心 (  0.0,  0.0, 52.8)
t=  9.03 fold yp                  bbox 246x380x181 | 自穿    0 | 布穿杯   0 | 反轉   0 | 體積比 0.9970 | 邊長比 [0.680,1.394] | 杯心 (  0.0,  0.0, 52.8)
t=  9.53 fold yp                  bbox 244x369x159 | 自穿    0 | 布穿杯   0 | 反轉   0 | 體積比 0.9965 | 邊長比 [0.640,1.510] | 杯心 (  0.0,  0.0, 52.8)
t= 10.03 fold yp                  bbox 244x368x124 | 自穿    0 | 布穿杯   0 | 反轉   0 | 體積比 0.9961 | 邊長比 [0.600,1.491] | 杯心 (  0.0,  0.0, 52.8) | 杯頂上 1 層 間距 10.75 頂厚 27.0
t= 10.53 fold yp                  bbox 245x370x118 | 自穿    0 | 布穿杯   0 | 反轉   0 | 體積比 0.9956 | 邊長比 [0.556,1.509] | 杯心 (  0.0,  0.0, 52.8)
t= 11.03 fold yn                  bbox 244x370x118 | 自穿    0 | 布穿杯   0 | 反轉   0 | 體積比 0.9956 | 邊長比 [0.597,1.499] | 杯心 (  0.0,  0.0, 52.8)
t= 11.53 fold yn                  bbox 248x367x119 | 自穿    0 | 布穿杯   0 | 反轉   0 | 體積比 0.9958 | 邊長比 [0.534,1.489] | 杯心 (  0.0,  0.0, 52.8)
t= 12.03 fold yn                  bbox 250x319x145 | 自穿    0 | 布穿杯   0 | 反轉   0 | 體積比 0.9959 | 邊長比 [0.606,1.485] | 杯心 (  0.0,  0.0, 52.8) | 杯頂上 1 層 間距 6.98 頂厚 21.1
t= 12.53 fold yn                  bbox 249x246x181 | 自穿    0 | 布穿杯   0 | 反轉   0 | 體積比 0.9948 | 邊長比 [0.611,1.477] | 杯心 (  0.0,  0.0, 52.8)
t= 13.03 fold yn                  bbox 246x236x161 | 自穿    0 | 布穿杯   0 | 反轉   0 | 體積比 0.9945 | 邊長比 [0.613,1.474] | 杯心 (  0.0,  0.0, 52.8)
t= 13.53 fold yn                  bbox 249x238x133 | 自穿    0 | 布穿杯   0 | 反轉   0 | 體積比 0.9938 | 邊長比 [0.568,1.473] | 杯心 (  0.0,  0.0, 52.8)
t= 14.03 fold yn                  bbox 250x239x126 | 自穿   10 | 布穿杯   0 | 反轉   0 | 體積比 0.9925 | 邊長比 [0.603,1.751] | 杯心 (  0.0,  0.0, 52.8) | 杯頂上 3 層 間距 6.61 頂厚 25.1
t= 14.53 tuck ears (side squeeze) bbox 250x240x126 | 自穿    6 | 布穿杯   0 | 反轉   0 | 體積比 0.9928 | 邊長比 [0.593,1.725] | 杯心 (  0.0,  0.0, 52.8)
t= 15.03 tuck ears (side squeeze) bbox 253x240x124 | 自穿    4 | 布穿杯   0 | 反轉   0 | 體積比 0.9930 | 邊長比 [0.559,1.757] | 杯心 (  0.0,  0.0, 52.8)
t= 15.53 tuck ears (side squeeze) bbox 254x241x123 | 自穿    5 | 布穿杯   0 | 反轉   0 | 體積比 0.9933 | 邊長比 [0.595,1.673] | 杯心 (  0.0,  0.0, 52.8)
t= 16.03 tuck ears (side squeeze) bbox 254x240x122 | 自穿    3 | 布穿杯   0 | 反轉   0 | 體積比 0.9929 | 邊長比 [0.596,1.660] | 杯心 (  0.0,  0.0, 52.8) | 杯頂上 3 層 間距 6.88 頂厚 26.5
t= 16.53 tuck ears (side squeeze) bbox 255x241x121 | 自穿    3 | 布穿杯   0 | 反轉   0 | 體積比 0.9933 | 邊長比 [0.596,1.835] | 杯心 (  0.0,  0.0, 52.8)
t= 17.03 tuck ears (side squeeze) bbox 254x216x122 | 自穿    3 | 布穿杯   0 | 反轉   0 | 體積比 0.9903 | 邊長比 [0.565,1.552] | 杯心 (  0.0,  0.0, 52.8)
  箱子 tensor set_transforms 瞬移 5 個剛體(base + 4 蓋)

★ t=17.500 入箱:包裹(布)bbox 中心 (0.0,0.0) mm,杯心 (0.0,0.0,52.8);箱子剛性瞬移到 [ 0.  0. -3.] mm(箱底內面 = 地面)
  入箱前(瞬移前)以箱子目標位置比對內腔:
  布     2592 點;超出內腔 0 | x 超 0 / y 超 0 / 低於底 0(最深 0.00mm)/ 高於口 0 | x -128.0~125.9(±132) y -108.0~108.0(±112) z 3.5~125.5(3.0~133.9)
  杯子   24832 點;超出內腔 0 | x 超 0 / y 超 0 / 低於底 0(最深 0.00mm)/ 高於口 0 | x -66.6~66.6(±132) y -53.5~53.5(±112) z 9.5~102.1(3.0~133.9)
  地板碰撞關閉(1 collider);箱底(+pad)接手
t= 17.53 into box                 bbox 254x216x122 | 自穿    4 | 布穿杯   0 | 反轉   0 | 體積比 0.9900 | 邊長比 [0.565,1.551] | 杯心 (  0.0,  0.0, 52.8) | 箱位移 (0,0,0) 蓋z(相對箱底) fxp=116.6 fxn=116.6 fyp=124.3 fyn=124.3
t= 18.03 into box                 bbox 254x216x123 | 自穿    3 | 布穿杯   0 | 反轉   0 | 體積比 0.9904 | 邊長比 [0.568,1.543] | 杯心 (  0.0,  0.0, 52.8) | 箱位移 (0,0,0) 蓋z(相對箱底) fxp=116.6 fxn=116.6 fyp=124.3 fyn=124.3 | 杯頂上 3 層 間距 6.69 頂厚 26.5
t= 18.53 close lower lids         bbox 253x216x123 | 自穿    4 | 布穿杯   0 | 反轉   0 | 體積比 0.9904 | 邊長比 [0.568,1.547] | 杯心 (  0.0,  0.0, 52.8) | 箱位移 (0,0,0) 蓋z(相對箱底) fxp=116.7 fxn=116.7 fyp=124.3 fyn=124.3
t= 19.03 close lower lids         bbox 253x216x123 | 自穿    4 | 布穿杯   0 | 反轉   0 | 體積比 0.9906 | 邊長比 [0.569,1.544] | 杯心 (  0.0,  0.0, 52.8) | 箱位移 (0,0,0) 蓋z(相對箱底) fxp=125.4 fxn=125.4 fyp=124.3 fyn=124.3
t= 19.53 close lower lids         bbox 253x216x123 | 自穿    4 | 布穿杯   0 | 反轉   0 | 體積比 0.9905 | 邊長比 [0.570,1.542] | 杯心 (  0.0,  0.0, 52.8) | 箱位移 (0,0,0) 蓋z(相對箱底) fxp=145.6 fxn=145.6 fyp=124.3 fyn=124.3
t= 20.03 close lower lids         bbox 253x216x124 | 自穿    3 | 布穿杯   0 | 反轉   0 | 體積比 0.9904 | 邊長比 [0.565,1.545] | 杯心 (  0.0,  0.0, 52.8) | 箱位移 (0,0,0) 蓋z(相對箱底) fxp=167.5 fxn=167.5 fyp=124.3 fyn=124.3 | 杯頂上 3 層 間距 6.80 頂厚 26.5
t= 20.53 close lower lids         bbox 253x216x123 | 自穿    3 | 布穿杯   0 | 反轉   0 | 體積比 0.9904 | 邊長比 [0.568,1.544] | 杯心 (  0.0,  0.0, 52.8) | 箱位移 (0,0,0) 蓋z(相對箱底) fxp=177.5 fxn=177.5 fyp=124.3 fyn=124.3
t= 21.03 close lower lids         bbox 253x216x123 | 自穿    3 | 布穿杯   0 | 反轉   0 | 體積比 0.9905 | 邊長比 [0.567,1.544] | 杯心 (  0.0,  0.0, 52.8) | 箱位移 (0,0,0) 蓋z(相對箱底) fxp=168.9 fxn=168.9 fyp=124.3 fyn=124.3
t= 21.53 close lower lids         bbox 253x216x123 | 自穿    3 | 布穿杯   0 | 反轉   0 | 體積比 0.9904 | 邊長比 [0.564,1.544] | 杯心 (  0.0,  0.0, 52.8) | 箱位移 (0,0,0) 蓋z(相對箱底) fxp=148.6 fxn=148.6 fyp=124.3 fyn=124.3
t= 22.03 close lower lids         bbox 253x216x123 | 自穿    3 | 布穿杯   0 | 反轉   0 | 體積比 0.9906 | 邊長比 [0.566,1.545] | 杯心 (  0.0,  0.0, 52.8) | 箱位移 (0,0,0) 蓋z(相對箱底) fxp=130.1 fxn=130.1 fyp=124.3 fyn=124.3 | 杯頂上 3 層 間距 6.73 頂厚 26.4
t= 22.53 close upper lids         bbox 253x216x120 | 自穿    3 | 布穿杯   0 | 反轉   0 | 體積比 0.9903 | 邊長比 [0.568,1.550] | 杯心 (  0.0,  0.0, 52.8) | 箱位移 (0,0,0) 蓋z(相對箱底) fxp=123.4 fxn=123.4 fyp=124.3 fyn=124.3
t= 23.03 close upper lids         bbox 253x216x120 | 自穿    4 | 布穿杯   0 | 反轉   0 | 體積比 0.9903 | 邊長比 [0.566,1.551] | 杯心 (  0.0,  0.0, 52.8) | 箱位移 (0,0,0) 蓋z(相對箱底) fxp=123.4 fxn=123.4 fyp=132.7 fyn=132.7
t= 23.53 close upper lids         bbox 253x216x120 | 自穿    3 | 布穿杯   0 | 反轉   0 | 體積比 0.9901 | 邊長比 [0.570,1.555] | 杯心 (  0.0,  0.0, 52.8) | 箱位移 (0,0,0) 蓋z(相對箱底) fxp=123.4 fxn=123.4 fyp=152.1 fyn=152.1
t= 24.03 close upper lids         bbox 253x216x120 | 自穿    3 | 布穿杯   0 | 反轉   0 | 體積比 0.9895 | 邊長比 [0.571,1.553] | 杯心 (  0.0,  0.0, 52.8) | 箱位移 (0,0,0) 蓋z(相對箱底) fxp=123.4 fxn=123.4 fyp=172.7 fyn=172.7 | 杯頂上 3 層 間距 6.43 頂厚 26.1
t= 24.53 close upper lids         bbox 253x216x120 | 自穿    4 | 布穿杯   0 | 反轉   0 | 體積比 0.9898 | 邊長比 [0.575,1.549] | 杯心 (  0.0,  0.0, 52.8) | 箱位移 (0,0,0) 蓋z(相對箱底) fxp=123.4 fxn=123.4 fyp=181.8 fyn=181.8
t= 25.03 close upper lids         bbox 253x216x123 | 自穿    3 | 布穿杯   0 | 反轉   0 | 體積比 0.9899 | 邊長比 [0.567,1.547] | 杯心 (  0.0,  0.0, 52.8) | 箱位移 (0,0,0) 蓋z(相對箱底) fxp=123.4 fxn=123.4 fyp=172.9 fyn=172.9
t= 25.53 close upper lids         bbox 253x216x122 | 自穿    3 | 布穿杯   0 | 反轉   0 | 體積比 0.9899 | 邊長比 [0.564,1.553] | 杯心 (  0.0,  0.0, 52.8) | 箱位移 (0,0,0) 蓋z(相對箱底) fxp=123.4 fxn=123.4 fyp=153.1 fyn=153.1
t= 26.03 close upper lids         bbox 253x216x123 | 自穿    2 | 布穿杯   0 | 反轉   0 | 體積比 0.9906 | 邊長比 [0.566,1.548] | 杯心 (  0.0,  0.0, 52.8) | 箱位移 (0,0,0) 蓋z(相對箱底) fxp=123.4 fxn=123.4 fyp=135.2 fyn=135.2 | 杯頂上 3 層 間距 7.42 頂厚 26.8
t= 26.53 release paddles          bbox 254x219x123 | 自穿    2 | 布穿杯   0 | 反轉   0 | 體積比 0.9903 | 邊長比 [0.582,1.529] | 杯心 (  0.0,  0.0, 52.8) | 箱位移 (0,0,0) 蓋z(相對箱底) fxp=123.4 fxn=123.4 fyp=128.7 fyn=128.7

★ t=26.900 關蓋完成 → RemovePrim 全部錨點(4 scope);杯子轉 dynamic
t= 27.03 release anchors / settle bbox 253x223x123 | 自穿    0 | 布穿杯   0 | 反轉   0 | 體積比 0.9887 | 邊長比 [0.573,1.539] | 杯心 (  3.4, -4.5, 47.5) | 箱位移 (0,0,0) 蓋z(相對箱底) fxp=123.4 fxn=123.4 fyp=128.7 fyn=128.7
t= 27.53 release anchors / settle bbox 254x223x122 | 自穿    0 | 布穿杯   0 | 反轉   0 | 體積比 0.9883 | 邊長比 [0.453,1.559] | 杯心 (  6.8, -1.4, 44.9) | 箱位移 (0,0,0) 蓋z(相對箱底) fxp=123.4 fxn=123.4 fyp=128.7 fyn=128.7
t= 28.03 release anchors / settle bbox 252x223x122 | 自穿    0 | 布穿杯   0 | 反轉   0 | 體積比 0.9875 | 邊長比 [0.456,1.585] | 杯心 (  9.4, -1.4, 42.9) | 箱位移 (0,0,0) 蓋z(相對箱底) fxp=123.4 fxn=123.4 fyp=128.7 fyn=128.7 | 杯頂上 2 層 間距 11.71 頂厚 21.6
t= 28.53 release anchors / settle bbox 252x223x122 | 自穿    0 | 布穿杯   0 | 反轉   0 | 體積比 0.9877 | 邊長比 [0.402,1.590] | 杯心 ( 10.0, -2.0, 42.1) | 箱位移 (0,0,0) 蓋z(相對箱底) fxp=123.4 fxn=123.4 fyp=128.7 fyn=128.7
t= 29.03 move box                 bbox 254x223x122 | 自穿    0 | 布穿杯   0 | 反轉   0 | 體積比 0.9883 | 邊長比 [0.543,1.580] | 杯心 (  9.4, -2.3, 42.0) | 箱位移 (0,0,0) 蓋z(相對箱底) fxp=123.4 fxn=123.4 fyp=128.7 fyn=128.7
t= 29.53 move box                 bbox 254x223x123 | 自穿    0 | 布穿杯   0 | 反轉   0 | 體積比 0.9882 | 邊長比 [0.554,1.555] | 杯心 (  8.9,  3.5, 44.8) | 箱位移 (0,6,3) 蓋z(相對箱底) fxp=123.4 fxn=123.4 fyp=128.7 fyn=128.7
t= 30.03 move box                 bbox 259x223x122 | 自穿    0 | 布穿杯   0 | 反轉   0 | 體積比 0.9883 | 邊長比 [0.430,1.555] | 杯心 (  8.4, 15.7, 51.0) | 箱位移 (0,19,9) 蓋z(相對箱底) fxp=123.4 fxn=123.4 fyp=128.7 fyn=128.7 | 杯頂上 1 層 間距 8.82 頂厚 17.2
t= 30.53 move box                 bbox 262x223x123 | 自穿    0 | 布穿杯   0 | 反轉   0 | 體積比 0.9876 | 邊長比 [0.533,1.534] | 杯心 (  8.2, 33.4, 59.8) | 箱位移 (0,36,18) 蓋z(相對箱底) fxp=123.4 fxn=123.4 fyp=128.7 fyn=128.7
t= 31.03 move box                 bbox 263x223x123 | 自穿    0 | 布穿杯   0 | 反轉   0 | 體積比 0.9873 | 邊長比 [0.389,1.564] | 杯心 (  9.7, 54.4, 70.3) | 箱位移 (0,58,29) 蓋z(相對箱底) fxp=123.4 fxn=123.4 fyp=128.7 fyn=128.7
t= 31.53 move box                 bbox 263x223x123 | 自穿    0 | 布穿杯   0 | 反轉   0 | 體積比 0.9864 | 邊長比 [0.435,1.556] | 杯心 (  9.4, 78.2, 82.0) | 箱位移 (0,82,41) 蓋z(相對箱底) fxp=123.4 fxn=123.4 fyp=128.7 fyn=128.7
t= 32.03 move box                 bbox 263x223x123 | 自穿    0 | 布穿杯   0 | 反轉   0 | 體積比 0.9879 | 邊長比 [0.561,1.555] | 杯心 ( 10.5,102.5, 95.1) | 箱位移 (0,107,53) 蓋z(相對箱底) fxp=123.4 fxn=123.4 fyp=128.7 fyn=128.7 | 杯頂上 1 層 間距 10.14 頂厚 19.2
t= 32.53 move box                 bbox 263x223x123 | 自穿    0 | 布穿杯   0 | 反轉   0 | 體積比 0.9869 | 邊長比 [0.468,1.620] | 杯心 ( 11.0,127.8,106.9) | 箱位移 (0,131,66) 蓋z(相對箱底) fxp=123.4 fxn=123.4 fyp=128.7 fyn=128.7
t= 33.03 move box                 bbox 264x223x116 | 自穿    0 | 布穿杯   0 | 反轉   0 | 體積比 0.9866 | 邊長比 [0.421,1.529] | 杯心 ( 11.8,149.5,118.3) | 箱位移 (0,154,77) 蓋z(相對箱底) fxp=123.4 fxn=123.4 fyp=128.7 fyn=128.7
t= 33.53 move box                 bbox 263x223x124 | 自穿    0 | 布穿杯   0 | 反轉   0 | 體積比 0.9874 | 邊長比 [0.542,1.547] | 杯心 ( 11.5,168.4,127.9) | 箱位移 (0,174,87) 蓋z(相對箱底) fxp=123.4 fxn=123.4 fyp=128.7 fyn=128.7
t= 34.03 move box                 bbox 263x223x123 | 自穿    0 | 布穿杯   0 | 反轉   0 | 體積比 0.9875 | 邊長比 [0.523,1.562] | 杯心 ( 11.9,184.2,136.0) | 箱位移 (0,189,94) 蓋z(相對箱底) fxp=123.4 fxn=123.4 fyp=128.7 fyn=128.7 | 杯頂上 1 層 間距 10.94 頂厚 20.9
t= 34.53 move box                 bbox 263x223x122 | 自穿    0 | 布穿杯   0 | 反轉   0 | 體積比 0.9873 | 邊長比 [0.503,1.583] | 杯心 ( 12.0,193.6,140.4) | 箱位移 (0,198,99) 蓋z(相對箱底) fxp=123.4 fxn=123.4 fyp=128.7 fyn=128.7
t= 35.03 settle                   bbox 263x223x121 | 自穿    0 | 布穿杯   0 | 反轉   0 | 體積比 0.9870 | 邊長比 [0.493,1.532] | 杯心 ( 12.6,196.5,141.6) | 箱位移 (0,200,100) 蓋z(相對箱底) fxp=123.4 fxn=123.4 fyp=128.7 fyn=128.7
t= 35.53 settle                   bbox 263x223x120 | 自穿    0 | 布穿杯   0 | 反轉   0 | 體積比 0.9877 | 邊長比 [0.526,1.523] | 杯心 ( 12.2,195.7,141.6) | 箱位移 (0,200,100) 蓋z(相對箱底) fxp=123.4 fxn=123.4 fyp=128.7 fyn=128.7
t= 36.03 settle                   bbox 263x223x117 | 自穿    0 | 布穿杯   0 | 反轉   0 | 體積比 0.9877 | 邊長比 [0.549,1.523] | 杯心 ( 11.8,196.6,141.7) | 箱位移 (0,200,100) 蓋z(相對箱底) fxp=123.4 fxn=123.4 fyp=128.7 fyn=128.7 | 杯頂上 1 層 間距 7.98 頂厚 14.0
t= 36.53 settle                   bbox 263x223x120 | 自穿    0 | 布穿杯   0 | 反轉   0 | 體積比 0.9880 | 邊長比 [0.553,1.524] | 杯心 ( 11.8,196.5,141.6) | 箱位移 (0,200,100) 蓋z(相對箱底) fxp=123.4 fxn=123.4 fyp=128.7 fyn=128.7
t= 37.03 open upper lids          bbox 263x223x123 | 自穿    0 | 布穿杯   0 | 反轉   0 | 體積比 0.9878 | 邊長比 [0.563,1.593] | 杯心 ( 11.7,196.5,141.5) | 箱位移 (0,200,100) 蓋z(相對箱底) fxp=123.4 fxn=123.4 fyp=129.7 fyn=129.7
t= 37.53 open upper lids          bbox 263x223x115 | 自穿    0 | 布穿杯   0 | 反轉   0 | 體積比 0.9870 | 邊長比 [0.486,1.528] | 杯心 ( 11.9,196.8,141.6) | 箱位移 (0,200,100) 蓋z(相對箱底) fxp=123.4 fxn=123.4 fyp=148.1 fyn=148.1
t= 38.03 open upper lids          bbox 263x223x116 | 自穿    0 | 布穿杯   0 | 反轉   0 | 體積比 0.9870 | 邊長比 [0.556,1.534] | 杯心 ( 11.8,197.0,141.5) | 箱位移 (0,200,100) 蓋z(相對箱底) fxp=123.4 fxn=123.4 fyp=174.3 fyn=174.3 | 杯頂上 1 層 間距 8.32 頂厚 13.5
t= 38.53 open upper lids          bbox 263x223x123 | 自穿    0 | 布穿杯   0 | 反轉   0 | 體積比 0.9878 | 邊長比 [0.564,1.549] | 杯心 ( 11.8,196.1,141.6) | 箱位移 (0,200,100) 蓋z(相對箱底) fxp=123.4 fxn=123.4 fyp=180.1 fyn=180.1
t= 39.03 open upper lids          bbox 263x223x117 | 自穿    0 | 布穿杯   0 | 反轉   0 | 體積比 0.9872 | 邊長比 [0.503,1.532] | 杯心 ( 11.9,197.0,141.6) | 箱位移 (0,200,100) 蓋z(相對箱底) fxp=123.4 fxn=123.4 fyp=157.5 fyn=157.5
t= 39.53 open upper lids          bbox 265x223x123 | 自穿    0 | 布穿杯   0 | 反轉   0 | 體積比 0.9874 | 邊長比 [0.493,1.524] | 杯心 ( 11.9,196.5,141.5) | 箱位移 (0,200,100) 蓋z(相對箱底) fxp=123.4 fxn=123.4 fyp=131.4 fyn=131.4
t= 40.03 open lower lids          bbox 263x223x121 | 自穿    0 | 布穿杯   0 | 反轉   0 | 體積比 0.9874 | 邊長比 [0.536,1.538] | 杯心 ( 11.7,197.1,141.7) | 箱位移 (0,200,100) 蓋z(相對箱底) fxp=124.4 fxn=124.4 fyp=124.3 fyn=124.3 | 杯頂上 1 層 間距 10.58 頂厚 17.9
t= 40.53 open lower lids          bbox 263x223x129 | 自穿    0 | 布穿杯   0 | 反轉   0 | 體積比 0.9875 | 邊長比 [0.501,1.542] | 杯心 ( 11.7,196.9,141.6) | 箱位移 (0,200,100) 蓋z(相對箱底) fxp=143.4 fxn=143.4 fyp=124.3 fyn=124.3
t= 41.03 open lower lids          bbox 263x223x130 | 自穿    0 | 布穿杯   0 | 反轉   0 | 體積比 0.9877 | 邊長比 [0.546,1.595] | 杯心 ( 11.8,196.7,141.4) | 箱位移 (0,200,100) 蓋z(相對箱底) fxp=170.3 fxn=170.3 fyp=124.3 fyn=124.3
t= 41.53 open lower lids          bbox 263x223x138 | 自穿    0 | 布穿杯   0 | 反轉   0 | 體積比 0.9875 | 邊長比 [0.504,1.522] | 杯心 ( 12.1,196.1,141.5) | 箱位移 (0,200,100) 蓋z(相對箱底) fxp=175.5 fxn=175.5 fyp=124.3 fyn=124.3
t= 42.03 open lower lids          bbox 263x223x117 | 自穿    0 | 布穿杯   0 | 反轉   0 | 體積比 0.9876 | 邊長比 [0.495,1.524] | 杯心 ( 11.8,196.7,141.6) | 箱位移 (0,200,100) 蓋z(相對箱底) fxp=151.4 fxn=151.4 fyp=124.3 fyn=124.3 | 杯頂上 1 層 間距 7.94 頂厚 14.8
t= 42.53 open lower lids          bbox 263x223x131 | 自穿    0 | 布穿杯   0 | 反轉   0 | 體積比 0.9875 | 邊長比 [0.548,1.548] | 杯心 ( 11.7,196.8,141.6) | 箱位移 (0,200,100) 蓋z(相對箱底) fxp=124.1 fxn=124.1 fyp=124.3 fyn=124.3
t= 43.03 hold                     bbox 263x223x131 | 自穿    0 | 布穿杯   0 | 反轉   0 | 體積比 0.9873 | 邊長比 [0.488,1.539] | 杯心 ( 11.8,197.2,141.6) | 箱位移 (0,200,100) 蓋z(相對箱底) fxp=116.6 fxn=116.6 fyp=124.3 fyn=124.3
t= 43.53 hold                     bbox 263x223x136 | 自穿    0 | 布穿杯   0 | 反轉   0 | 體積比 0.9874 | 邊長比 [0.526,1.529] | 杯心 ( 11.9,196.9,141.5) | 箱位移 (0,200,100) 蓋z(相對箱底) fxp=116.6 fxn=116.6 fyp=124.3 fyn=124.3
t= 44.03 hold                     bbox 263x223x126 | 自穿    0 | 布穿杯   0 | 反轉   0 | 體積比 0.9876 | 邊長比 [0.535,1.547] | 杯心 ( 12.1,196.6,141.5) | 箱位移 (0,200,100) 蓋z(相對箱底) fxp=116.6 fxn=116.6 fyp=124.3 fyn=124.3 | 杯頂上 1 層 間距 8.49 頂厚 18.5
t= 44.53 hold                     bbox 263x223x125 | 自穿    0 | 布穿杯   0 | 反轉   0 | 體積比 0.9879 | 邊長比 [0.560,1.535] | 杯心 ( 11.9,196.7,141.5) | 箱位移 (0,200,100) 蓋z(相對箱底) fxp=116.6 fxn=116.6 fyp=124.3 fyn=124.3
t= 45.03 hold                     bbox 263x223x119 | 自穿    0 | 布穿杯   0 | 反轉   0 | 體積比 0.9870 | 邊長比 [0.545,1.555] | 杯心 ( 11.8,197.3,141.6) | 箱位移 (0,200,100) 蓋z(相對箱底) fxp=116.6 fxn=116.6 fyp=124.3 fyn=124.3
t= 45.53 hold                     bbox 263x223x122 | 自穿    0 | 布穿杯   0 | 反轉   0 | 體積比 0.9876 | 邊長比 [0.542,1.535] | 杯心 ( 12.0,197.0,141.6) | 箱位移 (0,200,100) 蓋z(相對箱底) fxp=116.6 fxn=116.6 fyp=124.3 fyn=124.3
t= 46.03 grasp settle             bbox 263x223x114 | 自穿    0 | 布穿杯   0 | 反轉   0 | 體積比 0.9864 | 邊長比 [0.463,1.551] | 杯心 ( 12.0,197.2,141.5) | 箱位移 (0,200,100) 蓋z(相對箱底) fxp=116.6 fxn=116.6 fyp=124.3 fyn=124.3 | 杯頂上 1 層 間距 8.12 頂厚 13.3
t= 46.53 grasp settle             bbox 263x223x122 | 自穿    0 | 布穿杯   0 | 反轉   0 | 體積比 0.9874 | 邊長比 [0.500,1.612] | 杯心 ( 11.9,196.8,141.5) | 箱位移 (0,200,100) 蓋z(相對箱底) fxp=116.6 fxn=116.6 fyp=124.3 fyn=124.3

★ t=46.90 [yn] 抓取點即時排名(60 候選,(a)上方沒被壓 14 / (b)掃掠不撞 8 / (c)下方空隙>=6mm 26 / 全過 8;算了 42.7s)
   #1 v27   tip  yn   flat( 136,-250) 位置(箱局部) ( 111.2, -14.8, 129.9) 坡度  39.5° 下方空隙  38.1 上方他層 0 掃掠 牆/底/杯/布 0/0/0/0 OK
   #2 v28   tip  yn   flat( 150,-250) 位置(箱局部) ( 110.5,  -6.7, 119.2) 坡度  42.4° 下方空隙  24.7 上方他層 0 掃掠 牆/底/杯/布 0/0/0/0 OK
   #3 v11   tip  yn   flat( -93,-250) 位置(箱局部) ( -99.8, -15.0, 109.8) 坡度  34.3° 下方空隙  22.8 上方他層 0 掃掠 牆/底/杯/布 0/0/0/0 OK
   #4 v26   tip  yn   flat( 121,-250) 位置(箱局部) (  99.8, -21.0, 131.7) 坡度  37.6° 下方空隙  22.7 上方他層 0 掃掠 牆/底/杯/布 0/0/0/0 OK
   #5 v10   tip  yn   flat(-107,-250) 位置(箱局部) (-113.3, -14.7, 111.9) 坡度  34.1° 下方空隙  20.5 上方他層 0 掃掠 牆/底/杯/布 0/0/0/0 OK
   #6 v12   tip  yn   flat( -79,-250) 位置(箱局部) ( -86.9, -14.4, 107.0) 坡度  34.6° 下方空隙  14.9 上方他層 0 掃掠 牆/底/杯/布 0/0/0/0 OK
  [yn] 選 合格第 1 名:v27(tip)位置 (111.2,-14.8,129.9) mm、邊坡度 39.5°、下方空隙 38.1 mm;外法線 u=(-0.20,0.75,0.64);指面沿邊置中在 v27/v26 之間(t 偏 -6.3mm)
  [yn] 挑角路徑(箱局部 mm):rod 從上方降到 [ 99.7   4.1 135.8](前端在布邊外 5mm、頂面在布底下 3mm)→ 沿 −u 伸進 25mm 到 [104.6 -14.6 119.8] → 上抬 25mm 到 [104.6 -14.6 144.8];下指進來後 rod 沿 +u 撤 45mm
  [yn] 翻面量測集:yn 片在折線(y=-71.5mm)內側的頂點 327 個;他片 yp/xp/xn 共 1728 頂點;杯頂俯視覆蓋 83%(露出 17%)
t= 47.03 yn pick: rod to corner   bbox 263x223x120 | 自穿    0 | 布穿杯   0 | 反轉   0 | 體積比 0.9869 | 邊長比 [0.498,1.539] | 杯心 ( 11.8,197.0,141.5) | 箱位移 (0,200,100) 蓋z(相對箱底) fxp=116.6 fxn=116.6 fyp=124.3 fyn=124.3
  G[yn] t= 47.03 yn pick: rod to corner     上指 (3000.0,2900.0, 903.0) 下指 (3000.0,3000.0, 903.0) | 夾到  0 | 滑動 中位 - 最大 - | yn 越過折線   0%(整片  46%)| 他片 >10mm    0(0.0%)最大   3.7 | 杯位移 0.2 | 自穿 0 穿杯 0 反轉 0
t= 47.53 yn pick: rod to corner   bbox 263x223x116 | 自穿    0 | 布穿杯   0 | 反轉   0 | 體積比 0.9866 | 邊長比 [0.482,1.547] | 杯心 ( 12.0,197.1,141.5) | 箱位移 (0,200,100) 蓋z(相對箱底) fxp=116.6 fxn=116.6 fyp=124.3 fyn=124.3
  G[yn] t= 47.53 yn pick: rod to corner     上指 (3000.0,2900.0, 903.0) 下指 (3000.0,3000.0, 903.0) | 夾到  0 | 滑動 中位 - 最大 - | yn 越過折線   0%(整片  46%)| 他片 >10mm    0(0.0%)最大   6.2 | 杯位移 0.4 | 自穿 0 穿杯 0 反轉 0
t= 48.03 yn pick: rod to corner   bbox 263x223x123 | 自穿    0 | 布穿杯   0 | 反轉   0 | 體積比 0.9875 | 邊長比 [0.551,1.545] | 杯心 ( 12.3,196.9,141.5) | 箱位移 (0,200,100) 蓋z(相對箱底) fxp=116.6 fxn=116.6 fyp=124.3 fyn=124.3 | 杯頂上 1 層 間距 8.26 頂厚 17.1
  G[yn] t= 48.03 yn pick: rod to corner     上指 (3000.0,2900.0, 903.0) 下指 (3000.0,3000.0, 903.0) | 夾到  0 | 滑動 中位 - 最大 - | yn 越過折線   1%(整片  47%)| 他片 >10mm   30(1.7%)最大  20.9 | 杯位移 0.7 | 自穿 0 穿杯 0 反轉 0
t= 48.53 yn pick: rod to corner   bbox 263x223x135 | 自穿    0 | 布穿杯   0 | 反轉   0 | 體積比 0.9875 | 邊長比 [0.537,1.646] | 杯心 ( 12.3,196.9,141.5) | 箱位移 (0,200,100) 蓋z(相對箱底) fxp=116.6 fxn=116.6 fyp=124.3 fyn=124.3
  G[yn] t= 48.53 yn pick: rod to corner     上指 (3000.0,2900.0, 903.0) 下指 (3000.0,3000.0, 903.0) | 夾到  0 | 滑動 中位 - 最大 - | yn 越過折線   1%(整片  47%)| 他片 >10mm   43(2.5%)最大  24.2 | 杯位移 0.8 | 自穿 0 穿杯 0 反轉 0
t= 49.03 yn pick: rod insert      bbox 263x223x135 | 自穿    0 | 布穿杯   0 | 反轉   0 | 體積比 0.9873 | 邊長比 [0.545,1.549] | 杯心 ( 12.5,196.9,141.5) | 箱位移 (0,200,100) 蓋z(相對箱底) fxp=116.6 fxn=116.6 fyp=124.3 fyn=124.3
  G[yn] t= 49.03 yn pick: rod insert        上指 (3000.0,2900.0, 903.0) 下指 (3000.0,3000.0, 903.0) | 夾到  0 | 滑動 中位 - 最大 - | yn 越過折線   0%(整片  46%)| 他片 >10mm    0(0.0%)最大   9.7 | 杯位移 0.9 | 自穿 0 穿杯 0 反轉 0
t= 49.53 yn pick: rod insert      bbox 263x223x120 | 自穿    0 | 布穿杯   0 | 反轉   0 | 體積比 0.9869 | 邊長比 [0.546,1.550] | 杯心 ( 12.1,197.0,141.5) | 箱位移 (0,200,100) 蓋z(相對箱底) fxp=116.6 fxn=116.6 fyp=124.3 fyn=124.3
  G[yn] t= 49.53 yn pick: rod insert        上指 (3000.0,2900.0, 903.0) 下指 (3000.0,3000.0, 903.0) | 夾到  0 | 滑動 中位 - 最大 - | yn 越過折線   0%(整片  46%)| 他片 >10mm    1(0.1%)最大  10.4 | 杯位移 0.5 | 自穿 0 穿杯 0 反轉 0
t= 50.03 yn pick: lift corner     bbox 263x223x124 | 自穿    0 | 布穿杯   0 | 反轉   0 | 體積比 0.9869 | 邊長比 [0.498,1.555] | 杯心 ( 12.1,196.9,141.4) | 箱位移 (0,200,100) 蓋z(相對箱底) fxp=116.6 fxn=116.6 fyp=124.3 fyn=124.3 | 杯頂上 1 層 間距 8.86 頂厚 19.6
  G[yn] t= 50.03 yn pick: lift corner       上指 (3000.0,2900.0, 903.0) 下指 (3000.0,3000.0, 903.0) | 夾到  0 | 滑動 中位 - 最大 - | yn 越過折線   0%(整片  47%)| 他片 >10mm   61(3.5%)最大  18.6 | 杯位移 0.5 | 自穿 0 穿杯 0 反轉 0
t= 50.53 yn pick: lift corner     bbox 263x223x126 | 自穿    0 | 布穿杯   0 | 反轉   0 | 體積比 0.9864 | 邊長比 [0.520,1.551] | 杯心 ( 12.0,197.0,141.5) | 箱位移 (0,200,100) 蓋z(相對箱底) fxp=116.6 fxn=116.6 fyp=124.3 fyn=124.3
  G[yn] t= 50.53 yn pick: lift corner       上指 (3000.0,2900.0, 903.0) 下指 (3000.0,3000.0, 903.0) | 夾到  0 | 滑動 中位 - 最大 - | yn 越過折線   1%(整片  46%)| 他片 >10mm   15(0.9%)最大  14.4 | 杯位移 0.4 | 自穿 0 穿杯 0 反轉 0
t= 51.03 yn pick: lift corner     bbox 263x223x119 | 自穿    0 | 布穿杯   0 | 反轉   0 | 體積比 0.9870 | 邊長比 [0.547,1.559] | 杯心 ( 11.9,196.7,141.4) | 箱位移 (0,200,100) 蓋z(相對箱底) fxp=116.6 fxn=116.6 fyp=124.3 fyn=124.3
  G[yn] t= 51.03 yn pick: lift corner       上指 (3000.0,2900.0, 903.0) 下指 (3000.0,3000.0, 903.0) | 夾到  0 | 滑動 中位 - 最大 - | yn 越過折線   0%(整片  46%)| 他片 >10mm   39(2.3%)最大  20.4 | 杯位移 0.5 | 自穿 0 穿杯 0 反轉 0

★ t=51.40 [yn] 挑角完:角 v27 z 129.9 → 142.5 mm(+12.5);下方空隙 38.1 → 77.6 mm;相鄰層(非 yn 片)位移 >10mm 頂點 153 / 1968,最大 27.6 mm
  [yn] 夾爪路徑(用挑角後的布邊:v27 (114.3,-33.2,142.5) 坡度 56.4°,外法線 u=(-0.14,0.54,0.83)):下指從上方降到 [103.5 -16.7 159.5](布邊外 32mm)→ 沿 −u 進到 [107.9 -33.8 132.8](足跡 u∈[−17.5,+2.5]);上指從 +z 降到 [113.  -53.6 146.3] → 沿 −n 合 12mm 到 [110.5 -43.9 139.7](指面間距 4.5mm)
t= 51.53 yn lower finger in       bbox 263x223x142 | 自穿    0 | 布穿杯   0 | 反轉   0 | 體積比 0.9871 | 邊長比 [0.557,1.568] | 杯心 ( 12.2,196.4,141.4) | 箱位移 (0,200,100) 蓋z(相對箱底) fxp=116.6 fxn=116.6 fyp=124.3 fyn=124.3
  G[yn] t= 51.53 yn lower finger in         上指 (3000.0,2900.0, 903.0) 下指 (2785.4,2776.5, 852.4) | 夾到  0 | 滑動 中位 - 最大 - | yn 越過折線   5%(整片  50%)| 他片 >10mm  145(8.4%)最大  25.6 | 杯位移 1.0 | 自穿 0 穿杯 0 反轉 0
t= 52.03 yn lower finger in       bbox 263x223x121 | 自穿    0 | 布穿杯   0 | 反轉   0 | 體積比 0.9868 | 邊長比 [0.531,1.560] | 杯心 ( 12.2,196.6,141.4) | 箱位移 (0,200,100) 蓋z(相對箱底) fxp=116.6 fxn=116.6 fyp=124.3 fyn=124.3 | 杯頂上 1 層 間距 8.94 頂厚 15.8
  G[yn] t= 52.03 yn lower finger in         上指 (3000.0,2900.0, 903.0) 下指 ( 428.3, 321.6, 296.1) | 夾到  0 | 滑動 中位 - 最大 - | yn 越過折線   0%(整片  46%)| 他片 >10mm   51(3.0%)最大  21.0 | 杯位移 0.8 | 自穿 0 穿杯 0 反轉 0
t= 52.53 yn lower finger in       bbox 263x223x122 | 自穿    0 | 布穿杯   0 | 反轉   0 | 體積比 0.9854 | 邊長比 [0.521,1.573] | 杯心 ( 13.2,196.8,141.3) | 箱位移 (0,200,100) 蓋z(相對箱底) fxp=116.6 fxn=116.6 fyp=124.3 fyn=124.3
  G[yn] t= 52.53 yn lower finger in         上指 (3000.0,2900.0, 903.0) 下指 ( 103.5, -16.7, 196.9) | 夾到  0 | 滑動 中位 - 最大 - | yn 越過折線   0%(整片  47%)| 他片 >10mm  160(9.3%)最大  23.5 | 杯位移 1.6 | 自穿 0 穿杯 0 反轉 0
t= 53.03 yn lower finger in       bbox 263x223x126 | 自穿    0 | 布穿杯   0 | 反轉   0 | 體積比 0.9872 | 邊長比 [0.564,1.561] | 杯心 ( 12.5,195.7,141.4) | 箱位移 (0,200,100) 蓋z(相對箱底) fxp=116.6 fxn=116.6 fyp=124.3 fyn=124.3
  G[yn] t= 53.03 yn lower finger in         上指 (3000.0,2900.0, 903.0) 下指 ( 103.5, -16.7, 159.4) | 夾到  0 | 滑動 中位 - 最大 - | yn 越過折線   2%(整片  48%)| 他片 >10mm  201(11.6%)最大  26.4 | 杯位移 1.7 | 自穿 0 穿杯 0 反轉 0
t= 53.53 yn lower finger in       bbox 263x223x122 | 自穿    0 | 布穿杯   0 | 反轉   0 | 體積比 0.9864 | 邊長比 [0.496,1.568] | 杯心 ( 12.8,196.2,141.3) | 箱位移 (0,200,100) 蓋z(相對箱底) fxp=116.6 fxn=116.6 fyp=124.3 fyn=124.3
  G[yn] t= 53.53 yn lower finger in         上指 (3000.0,2900.0, 903.0) 下指 ( 105.9, -26.1, 144.8) | 夾到  0 | 滑動 中位 - 最大 - | yn 越過折線   0%(整片  47%)| 他片 >10mm   76(4.4%)最大  24.0 | 杯位移 1.5 | 自穿 0 穿杯 0 反轉 0
t= 54.03 yn close gripper         bbox 263x223x125 | 自穿    0 | 布穿杯   0 | 反轉   0 | 體積比 0.9866 | 邊長比 [0.457,1.548] | 杯心 ( 12.6,195.9,141.3) | 箱位移 (0,200,100) 蓋z(相對箱底) fxp=116.6 fxn=116.6 fyp=124.3 fyn=124.3 | 杯頂上 1 層 間距 8.76 頂厚 17.3
  G[yn] t= 54.03 yn close gripper           上指 (2985.4,2885.0, 899.5) 下指 ( 107.9, -33.8, 132.8) | 夾到  0 | 滑動 中位 - 最大 - | yn 越過折線   2%(整片  48%)| 他片 >10mm  138(8.0%)最大  24.7 | 杯位移 1.6 | 自穿 0 穿杯 0 反轉 0
t= 54.53 yn close gripper         bbox 263x223x122 | 自穿    0 | 布穿杯   0 | 反轉   0 | 體積比 0.9867 | 邊長比 [0.496,1.560] | 杯心 ( 12.7,196.0,141.4) | 箱位移 (0,200,100) 蓋z(相對箱底) fxp=116.6 fxn=116.6 fyp=124.3 fyn=124.3
  G[yn] t= 54.53 yn close gripper           上指 ( 861.5, 712.2, 386.9) 下指 ( 107.9, -33.8, 132.8) | 夾到  0 | 滑動 中位 - 最大 - | yn 越過折線   0%(整片  46%)| 他片 >10mm   99(5.7%)最大  23.8 | 杯位移 1.6 | 自穿 0 穿杯 0 反轉 0
t= 55.03 yn close gripper         bbox 263x223x120 | 自穿    0 | 布穿杯   0 | 反轉   0 | 體積比 0.9862 | 邊長比 [0.505,1.561] | 杯心 ( 13.0,196.1,141.4) | 箱位移 (0,200,100) 蓋z(相對箱底) fxp=116.6 fxn=116.6 fyp=124.3 fyn=124.3
  G[yn] t= 55.03 yn close gripper           上指 ( 113.0, -53.6, 190.8) 下指 ( 107.9, -33.8, 132.8) | 夾到  0 | 滑動 中位 - 最大 - | yn 越過折線   0%(整片  47%)| 他片 >10mm   93(5.4%)最大  23.9 | 杯位移 1.7 | 自穿 0 穿杯 0 反轉 0
t= 55.53 yn close gripper         bbox 263x223x121 | 自穿    0 | 布穿杯   0 | 反轉   0 | 體積比 0.9867 | 邊長比 [0.474,1.567] | 杯心 ( 12.7,196.4,141.4) | 箱位移 (0,200,100) 蓋z(相對箱底) fxp=116.6 fxn=116.6 fyp=124.3 fyn=124.3
  G[yn] t= 55.53 yn close gripper           上指 ( 113.0, -53.5, 146.3) 下指 ( 107.9, -33.8, 132.8) | 夾到  0 | 滑動 中位 - 最大 - | yn 越過折線   0%(整片  46%)| 他片 >10mm  102(5.9%)最大  24.5 | 杯位移 1.2 | 自穿 0 穿杯 0 反轉 0
t= 56.03 yn close gripper         bbox 263x223x116 | 自穿    0 | 布穿杯   0 | 反轉   0 | 體積比 0.9861 | 邊長比 [0.524,1.573] | 杯心 ( 13.3,196.4,141.4) | 箱位移 (0,200,100) 蓋z(相對箱底) fxp=116.6 fxn=116.6 fyp=124.3 fyn=124.3 | 杯頂上 1 層 間距 9.30 頂厚 15.0
  G[yn] t= 56.03 yn close gripper           上指 ( 111.1, -46.4, 141.4) 下指 ( 107.9, -33.8, 132.8) | 夾到  0 | 滑動 中位 - 最大 - | yn 越過折線   0%(整片  46%)| 他片 >10mm  165(9.5%)最大  23.9 | 杯位移 1.8 | 自穿 0 穿杯 0 反轉 0
t= 56.53 yn close gripper         bbox 263x223x117 | 自穿    0 | 布穿杯   0 | 反轉   0 | 體積比 0.9863 | 邊長比 [0.508,1.560] | 杯心 ( 12.8,195.9,141.4) | 箱位移 (0,200,100) 蓋z(相對箱底) fxp=116.6 fxn=116.6 fyp=124.3 fyn=124.3
  G[yn] t= 56.53 yn close gripper           上指 ( 110.5, -43.9, 139.7) 下指 ( 107.9, -33.8, 132.8) | 夾到  0 | 滑動 中位 - 最大 - | yn 越過折線   0%(整片  46%)| 他片 >10mm   78(4.5%)最大  24.9 | 杯位移 1.8 | 自穿 0 穿杯 0 反轉 0

★ t=56.60 [yn] 夾好:指面之間(間距 4.5mm、足跡 20x20)的布頂點 0 個(歸屬 {})
  [yn] 弧線:彎折處(夾點那欄,即時)y=-100.7 z=67.9 mm(|flat x|<CX 各欄中位 y=-95.3 z=68.8;題目名義折線 y=-71.5);材料長度 現在 107.3 / flat 100.0 mm → 半徑 0.90 x (107.3 − 7.5) = 89.8 mm(夾爪中心起始離彎折處 92.2 mm,前 30% 角度內漸變)
  [yn] 第 1 段繞彎折處 48° → 102°(指向箱壁外頂角 y=-113.5 z=130.5);第 2 段 繞箱壁頂角 半徑 25.9mm 轉到 180°;箱外指頭最低點 >= 蓋頂 129.5 + T + 2 = 135.5 mm;終點夾爪中心 (109.2,-139.4,148.9) mm;3.0s 後停 2.0s 再放開
t= 57.03 yn PEEL arc              bbox 263x223x119 | 自穿    0 | 布穿杯   0 | 反轉   0 | 體積比 0.9863 | 邊長比 [0.473,1.566] | 杯心 ( 12.5,195.8,141.3) | 箱位移 (0,200,100) 蓋z(相對箱底) fxp=116.6 fxn=116.6 fyp=124.3 fyn=124.3
  G[yn] t= 57.03 yn PEEL arc                上指 ( 110.5, -49.8, 143.3) 下指 ( 107.9, -39.3, 137.1) | 夾到  0 | 滑動 中位 - 最大 - | yn 越過折線   0%(整片  46%)| 他片 >10mm   80(4.6%)最大  24.9 | 杯位移 1.6 | 自穿 0 穿杯 0 反轉 0
t= 57.53 yn PEEL arc              bbox 263x223x117 | 自穿    0 | 布穿杯   0 | 反轉   0 | 體積比 0.9863 | 邊長比 [0.464,1.569] | 杯心 ( 12.6,195.9,141.4) | 箱位移 (0,200,100) 蓋z(相對箱底) fxp=116.6 fxn=116.6 fyp=124.3 fyn=124.3
  G[yn] t= 57.53 yn PEEL arc                上指 ( 110.5, -69.2, 151.3) 下指 ( 107.9, -57.5, 147.8) | 夾到  0 | 滑動 中位 - 最大 - | yn 越過折線   0%(整片  47%)| 他片 >10mm   80(4.6%)最大  24.9 | 杯位移 1.6 | 自穿 0 穿杯 0 反轉 0

★ t=57.60 [yn] peel_1_3
  G[yn] t= 57.60 yn PEEL arc                上指 ( 110.5, -72.4, 152.5) 下指 ( 107.9, -60.6, 149.4) | 夾到  0 | 滑動 中位 - 最大 - | yn 越過折線   0%(整片  46%)| 他片 >10mm   79(4.6%)最大  24.3 | 杯位移 1.8 | 自穿 0 穿杯 0 反轉 0
t= 58.03 yn PEEL arc              bbox 263x223x120 | 自穿    0 | 布穿杯   0 | 反轉   0 | 體積比 0.9865 | 邊長比 [0.456,1.569] | 杯心 ( 12.3,195.5,141.4) | 箱位移 (0,200,100) 蓋z(相對箱底) fxp=116.6 fxn=116.6 fyp=124.3 fyn=124.3 | 杯頂上 1 層 間距 9.53 頂厚 17.3
  G[yn] t= 58.03 yn PEEL arc                上指 ( 110.5, -96.6, 157.0) 下指 ( 107.9, -84.4, 157.2) | 夾到  0 | 滑動 中位 - 最大 - | yn 越過折線   0%(整片  47%)| 他片 >10mm   82(4.7%)最大  24.8 | 杯位移 1.8 | 自穿 0 穿杯 0 反轉 0
t= 58.53 yn PEEL arc              bbox 263x223x117 | 自穿    0 | 布穿杯   0 | 反轉   0 | 體積比 0.9864 | 邊長比 [0.461,1.566] | 杯心 ( 12.6,195.6,141.6) | 箱位移 (0,200,100) 蓋z(相對箱底) fxp=116.6 fxn=116.6 fyp=124.3 fyn=124.3
  G[yn] t= 58.53 yn PEEL arc                上指 ( 110.5,-125.2, 153.5) 下指 ( 107.9,-113.8, 157.9) | 夾到  0 | 滑動 中位 - 最大 - | yn 越過折線   0%(整片  47%)| 他片 >10mm   79(4.6%)最大  24.5 | 杯位移 1.9 | 自穿 0 穿杯 0 反轉 0

★ t=58.60 [yn] peel_2_3
  G[yn] t= 58.60 yn PEEL arc                上指 ( 110.5,-128.3, 151.6) 下指 ( 107.9,-117.6, 157.6) | 夾到  0 | 滑動 中位 - 最大 - | yn 越過折線   0%(整片  47%)| 他片 >10mm   80(4.6%)最大  24.9 | 杯位移 1.7 | 自穿 0 穿杯 0 反轉 0
t= 59.03 yn PEEL arc              bbox 263x223x116 | 自穿    0 | 布穿杯   0 | 反轉   0 | 體積比 0.9865 | 邊長比 [0.448,1.566] | 杯心 ( 12.8,195.7,141.4) | 箱位移 (0,200,100) 蓋z(相對箱底) fxp=116.6 fxn=116.6 fyp=124.3 fyn=124.3
  G[yn] t= 59.03 yn PEEL arc                上指 ( 110.5,-138.8, 144.2) 下指 ( 107.9,-135.2, 155.9) | 夾到  0 | 滑動 中位 - 最大 - | yn 越過折線   1%(整片  47%)| 他片 >10mm   80(4.6%)最大  24.4 | 杯位移 1.9 | 自穿 0 穿杯 0 反轉 0
t= 59.53 yn PEEL arc              bbox 263x223x117 | 自穿    0 | 布穿杯   0 | 反轉   0 | 體積比 0.9865 | 邊長比 [0.466,1.562] | 杯心 ( 12.5,196.0,141.5) | 箱位移 (0,200,100) 蓋z(相對箱底) fxp=116.6 fxn=116.6 fyp=124.3 fyn=124.3
  G[yn] t= 59.53 yn PEEL arc                上指 ( 110.5,-138.6, 142.8) 下指 ( 107.9,-140.2, 154.9) | 夾到  0 | 滑動 中位 - 最大 - | yn 越過折線   0%(整片  46%)| 他片 >10mm   85(4.9%)最大  24.8 | 杯位移 1.5 | 自穿 0 穿杯 0 反轉 0

★ t=59.60 [yn] peeled
  G[yn] t= 59.60 yn hold peeled             上指 ( 110.5,-138.6, 142.8) 下指 ( 107.9,-140.2, 155.0) | 夾到  0 | 滑動 中位 - 最大 - | yn 越過折線   0%(整片  46%)| 他片 >10mm   89(5.2%)最大  24.7 | 杯位移 1.5 | 自穿 0 穿杯 0 反轉 0
t= 60.03 yn hold peeled           bbox 263x223x116 | 自穿    0 | 布穿杯   0 | 反轉   0 | 體積比 0.9863 | 邊長比 [0.419,1.562] | 杯心 ( 12.7,195.8,141.4) | 箱位移 (0,200,100) 蓋z(相對箱底) fxp=116.6 fxn=116.6 fyp=124.3 fyn=124.3 | 杯頂上 1 層 間距 8.49 頂厚 13.4
  G[yn] t= 60.03 yn hold peeled             上指 ( 110.5,-138.6, 142.8) 下指 ( 107.9,-140.2, 155.0) | 夾到  0 | 滑動 中位 - 最大 - | yn 越過折線   0%(整片  46%)| 他片 >10mm   92(5.3%)最大  24.4 | 杯位移 1.7 | 自穿 0 穿杯 0 反轉 0
t= 60.53 yn hold peeled           bbox 263x223x115 | 自穿    0 | 布穿杯   0 | 反轉   0 | 體積比 0.9859 | 邊長比 [0.414,1.568] | 杯心 ( 12.7,195.7,141.3) | 箱位移 (0,200,100) 蓋z(相對箱底) fxp=116.6 fxn=116.6 fyp=124.3 fyn=124.3
  G[yn] t= 60.53 yn hold peeled             上指 ( 110.5,-138.6, 142.8) 下指 ( 107.9,-140.2, 155.0) | 夾到  0 | 滑動 中位 - 最大 - | yn 越過折線   0%(整片  46%)| 他片 >10mm   98(5.7%)最大  24.8 | 杯位移 1.8 | 自穿 0 穿杯 0 反轉 0
t= 61.03 yn hold peeled           bbox 263x223x118 | 自穿    0 | 布穿杯   0 | 反轉   0 | 體積比 0.9862 | 邊長比 [0.452,1.567] | 杯心 ( 12.5,195.8,141.4) | 箱位移 (0,200,100) 蓋z(相對箱底) fxp=116.6 fxn=116.6 fyp=124.3 fyn=124.3
  G[yn] t= 61.03 yn hold peeled             上指 ( 110.5,-138.6, 142.8) 下指 ( 107.9,-140.2, 155.0) | 夾到  0 | 滑動 中位 - 最大 - | yn 越過折線   0%(整片  46%)| 他片 >10mm   99(5.7%)最大  24.9 | 杯位移 1.7 | 自穿 0 穿杯 0 反轉 0
t= 61.53 yn hold peeled           bbox 264x223x117 | 自穿    0 | 布穿杯   0 | 反轉   0 | 體積比 0.9862 | 邊長比 [0.464,1.561] | 杯心 ( 12.7,195.7,141.4) | 箱位移 (0,200,100) 蓋z(相對箱底) fxp=116.6 fxn=116.6 fyp=124.3 fyn=124.3
  G[yn] t= 61.53 yn hold peeled             上指 ( 110.5,-138.6, 142.8) 下指 ( 107.9,-140.2, 155.0) | 夾到  0 | 滑動 中位 - 最大 - | yn 越過折線   0%(整片  46%)| 他片 >10mm   99(5.7%)最大  24.6 | 杯位移 1.8 | 自穿 0 穿杯 0 反轉 0

★ t=61.60 [yn] held
  G[yn] t= 61.60 yn release                 上指 ( 110.5,-138.6, 142.8) 下指 ( 107.9,-140.2, 155.0) | 夾到  0 | 滑動 中位 - 最大 - | yn 越過折線   0%(整片  46%)| 他片 >10mm  104(6.0%)最大  24.8 | 杯位移 1.9 | 自穿 0 穿杯 0 反轉 0
  杯頂俯視覆蓋 84% → 露出 16%(開始時 17%)
t= 62.03 yn release               bbox 263x223x116 | 自穿    0 | 布穿杯   0 | 反轉   0 | 體積比 0.9859 | 邊長比 [0.471,1.566] | 杯心 ( 12.9,195.8,141.3) | 箱位移 (0,200,100) 蓋z(相對箱底) fxp=116.6 fxn=116.6 fyp=124.3 fyn=124.3 | 杯頂上 1 層 間距 8.60 頂厚 13.8
  G[yn] t= 62.03 yn release                 上指 ( 112.5,-137.3, 133.6) 下指 ( 105.9,-141.5, 164.2) | 夾到  0 | 滑動 中位 - 最大 - | yn 越過折線   0%(整片  46%)| 他片 >10mm  108(6.2%)最大  24.7 | 杯位移 1.9 | 自穿 0 穿杯 0 反轉 0
t= 62.53 yn release               bbox 263x223x115 | 自穿    0 | 布穿杯   0 | 反轉   0 | 體積比 0.9861 | 邊長比 [0.464,1.567] | 杯心 ( 12.9,195.8,141.4) | 箱位移 (0,200,100) 蓋z(相對箱底) fxp=116.6 fxn=116.6 fyp=124.3 fyn=124.3
  G[yn] t= 62.53 yn release                 上指 ( 108.6,-165.1, 128.5) 下指 ( 101.9,-169.4, 160.0) | 夾到  0 | 滑動 中位 - 最大 - | yn 越過折線   0%(整片  46%)| 他片 >10mm  109(6.3%)最大  24.6 | 杯位移 1.9 | 自穿 0 穿杯 0 反轉 0
t= 63.03 yn release               bbox 263x223x117 | 自穿    0 | 布穿杯   0 | 反轉   0 | 體積比 0.9864 | 邊長比 [0.438,1.571] | 杯心 ( 12.9,195.9,141.3) | 箱位移 (0,200,100) 蓋z(相對箱底) fxp=116.6 fxn=116.6 fyp=124.3 fyn=124.3
  G[yn] t= 63.03 yn release                 上指 ( 108.4,-166.6, 182.3) 下指 ( 101.7,-170.8, 213.8) | 夾到  0 | 滑動 中位 - 最大 - | yn 越過折線   0%(整片  46%)| 他片 >10mm  103(6.0%)最大  24.6 | 杯位移 1.8 | 自穿 0 穿杯 0 反轉 0
t= 63.53 yn release               bbox 263x223x117 | 自穿    0 | 布穿杯   0 | 反轉   0 | 體積比 0.9867 | 邊長比 [0.466,1.569] | 杯心 ( 12.8,195.8,141.4) | 箱位移 (0,200,100) 蓋z(相對箱底) fxp=116.6 fxn=116.6 fyp=124.3 fyn=124.3
  G[yn] t= 63.53 yn release                 上指 ( 108.4,-166.6, 208.3) 下指 ( 101.7,-170.8, 239.8) | 夾到  0 | 滑動 中位 - 最大 - | yn 越過折線   0%(整片  46%)| 他片 >10mm   97(5.6%)最大  24.9 | 杯位移 1.8 | 自穿 0 穿杯 0 反轉 0

★ t=63.55 [yn] released
  G[yn] t= 63.55 yn release                 上指 ( 108.4,-166.6, 208.3) 下指 ( 101.7,-170.8, 239.8) | 夾到  0 | 滑動 中位 - 最大 - | yn 越過折線   0%(整片  46%)| 他片 >10mm   98(5.7%)最大  24.8 | 杯位移 1.8 | 自穿 0 穿杯 0 反轉 0
  杯頂俯視覆蓋 83% → 露出 17%(開始時 17%)

★ t=63.60 [yp] 抓取點即時排名(60 候選,(a)上方沒被壓 4 / (b)掃掠不撞 0 / (c)下方空隙>=6mm 21 / 全過 0;算了 154.4s)
   #1 v1277 tip  yp   flat(  -7, 250) 位置(箱局部) ( -12.2,  20.1, 116.8) 坡度  23.4° 下方空隙   5.8 上方他層 0 掃掠 牆/底/杯/布 0/0/13/0 NG
   #2 v1280 tip  yp   flat(  36, 250) 位置(箱局部) (  25.2,  11.8, 103.6) 坡度  12.6° 下方空隙   2.0 上方他層 0 掃掠 牆/底/杯/布 0/0/14/62 NG
   #3 v1279 tip  yp   flat(  21, 250) 位置(箱局部) (  13.2,  15.2, 109.5) 坡度  14.4° 下方空隙   2.0 上方他層 0 掃掠 牆/底/杯/布 0/0/21/2 NG
   #4 v1276 tip  yp   flat( -21, 250) 位置(箱局部) ( -26.1,  19.1, 116.8) 坡度  27.1° 下方空隙   1.1 上方他層 0 掃掠 牆/底/杯/布 0/0/4/84 NG
   #5 v828  side xn   flat(-250,  79) 位置(箱局部) ( -23.5,  69.9,  56.6) 坡度  41.3° 下方空隙  48.4 上方他層 30 掃掠 牆/底/杯/布 0/0/0/933 NG
   #6 v1287 tip  yp   flat( 136, 250) 位置(箱局部) ( 120.7, -12.0,  72.0) 坡度   1.7° 下方空隙  32.3 上方他層 12 掃掠 牆/底/杯/布 0/0/0/612 NG
  [yp] 選 ★ 沒有合格點 → 退而求其次:下方空隙最大:v828(side)位置 (-23.5,69.9,56.6) mm、邊坡度 41.3°、下方空隙 48.4 mm;外法線 u=(0.75,0.03,0.66);指面沿邊置中在 v828/v828 之間(t 偏 0.0mm)
  [yp] 挑角路徑(箱局部 mm):rod 從上方降到 [-2.6 70.7 63.1](前端在布邊外 5mm、頂面在布底下 3mm)→ 沿 −u 伸進 25mm 到 [-21.3  69.9  46.6] → 上抬 25mm 到 [-21.3  69.9  71.6];下指進來後 rod 沿 +u 撤 45mm
  [yp] 翻面量測集:yp 片在折線(y=+71.5mm)內側的頂點 338 個;他片 xp/xn 共 1104 頂點;杯頂俯視覆蓋 84%(露出 16%)
t= 64.03 yp pick: rod to corner   bbox 263x223x116 | 自穿    0 | 布穿杯   0 | 反轉   0 | 體積比 0.9865 | 邊長比 [0.457,1.570] | 杯心 ( 13.0,195.9,141.3) | 箱位移 (0,200,100) 蓋z(相對箱底) fxp=116.6 fxn=116.6 fyp=124.3 fyn=124.3 | 杯頂上 1 層 間距 8.80 頂厚 14.6
  G[yp] t= 64.03 yp pick: rod to corner     上指 ( 108.4,-166.6, 208.3) 下指 ( 101.7,-170.8, 239.8) | 夾到  0 | 滑動 中位 - 最大 - | yp 越過折線   0%(整片  44%)| 他片 >10mm    0(0.0%)最大   1.8 | 杯位移 0.3 | 自穿 0 穿杯 0 反轉 0
t= 64.53 yp pick: rod to corner   bbox 263x223x116 | 自穿    0 | 布穿杯   0 | 反轉   0 | 體積比 0.9864 | 邊長比 [0.453,1.557] | 杯心 ( 12.9,195.9,141.4) | 箱位移 (0,200,100) 蓋z(相對箱底) fxp=116.6 fxn=116.6 fyp=124.3 fyn=124.3
  G[yp] t= 64.53 yp pick: rod to corner     上指 ( 108.4,-166.6, 208.3) 下指 ( 101.7,-170.8, 239.8) | 夾到  0 | 滑動 中位 - 最大 - | yp 越過折線   0%(整片  45%)| 他片 >10mm    0(0.0%)最大   1.8 | 杯位移 0.2 | 自穿 0 穿杯 0 反轉 0
t= 65.03 yp pick: rod to corner   bbox 263x223x116 | 自穿    0 | 布穿杯   0 | 反轉   0 | 體積比 0.9862 | 邊長比 [0.452,1.566] | 杯心 ( 13.0,195.9,141.3) | 箱位移 (0,200,100) 蓋z(相對箱底) fxp=116.6 fxn=116.6 fyp=124.3 fyn=124.3
  G[yp] t= 65.03 yp pick: rod to corner     上指 ( 108.4,-166.6, 208.3) 下指 ( 101.7,-170.8, 239.8) | 夾到  0 | 滑動 中位 - 最大 - | yp 越過折線   0%(整片  44%)| 他片 >10mm    0(0.0%)最大   5.4 | 杯位移 0.4 | 自穿 0 穿杯 0 反轉 0
t= 65.53 yp pick: rod to corner   bbox 263x224x122 | 自穿    0 | 布穿杯   0 | 反轉   0 | 體積比 0.9846 | 邊長比 [0.498,1.719] | 杯心 ( 13.5,195.2,141.3) | 箱位移 (0,200,100) 蓋z(相對箱底) fxp=116.6 fxn=116.6 fyp=124.3 fyn=124.3
  G[yp] t= 65.53 yp pick: rod to corner     上指 ( 108.4,-166.6, 208.3) 下指 ( 101.7,-170.8, 239.8) | 夾到  0 | 滑動 中位 - 最大 - | yp 越過折線   0%(整片  42%)| 他片 >10mm   80(7.2%)最大  37.1 | 杯位移 1.1 | 自穿 0 穿杯 0 反轉 0
t= 66.03 yp pick: rod insert      bbox 263x223x122 | 自穿    0 | 布穿杯   0 | 反轉   0 | 體積比 0.9843 | 邊長比 [0.486,1.720] | 杯心 ( 13.5,194.0,141.2) | 箱位移 (0,200,100) 蓋z(相對箱底) fxp=116.6 fxn=116.6 fyp=124.3 fyn=124.3 | 杯頂上 1 層 間距 10.02 頂厚 19.2
  G[yp] t= 66.03 yp pick: rod insert        上指 ( 108.4,-166.6, 208.3) 下指 ( 101.7,-170.8, 239.8) | 夾到  0 | 滑動 中位 - 最大 - | yp 越過折線   0%(整片  41%)| 他片 >10mm  106(9.6%)最大  44.0 | 杯位移 2.1 | 自穿 0 穿杯 0 反轉 0
t= 66.53 yp pick: rod insert      bbox 263x223x121 | 自穿    0 | 布穿杯   0 | 反轉   0 | 體積比 0.9830 | 邊長比 [0.465,1.621] | 杯心 ( 13.9,192.9,141.2) | 箱位移 (0,200,100) 蓋z(相對箱底) fxp=116.6 fxn=116.6 fyp=124.3 fyn=124.3
  G[yp] t= 66.53 yp pick: rod insert        上指 ( 108.4,-166.6, 208.3) 下指 ( 101.7,-170.8, 239.8) | 夾到  0 | 滑動 中位 - 最大 - | yp 越過折線   0%(整片  42%)| 他片 >10mm  136(12.3%)最大  56.6 | 杯位移 3.3 | 自穿 0 穿杯 0 反轉 0
t= 67.03 yp pick: lift corner     bbox 263x223x122 | 自穿    0 | 布穿杯   0 | 反轉   0 | 體積比 0.9835 | 邊長比 [0.465,1.613] | 杯心 ( 14.5,191.0,141.3) | 箱位移 (0,200,100) 蓋z(相對箱底) fxp=116.6 fxn=116.6 fyp=124.3 fyn=124.3
  G[yp] t= 67.03 yp pick: lift corner       上指 ( 108.4,-166.6, 208.3) 下指 ( 101.7,-170.8, 239.8) | 夾到  0 | 滑動 中位 - 最大 - | yp 越過折線   0%(整片  42%)| 他片 >10mm  128(11.6%)最大  51.5 | 杯位移 5.3 | 自穿 0 穿杯 0 反轉 0
t= 67.53 yp pick: lift corner     bbox 263x223x121 | 自穿    0 | 布穿杯   0 | 反轉   0 | 體積比 0.9842 | 邊長比 [0.496,1.581] | 杯心 ( 15.7,188.5,141.4) | 箱位移 (0,200,100) 蓋z(相對箱底) fxp=116.6 fxn=116.6 fyp=124.3 fyn=124.3
  G[yp] t= 67.53 yp pick: lift corner       上指 ( 108.4,-166.6, 208.3) 下指 ( 101.7,-170.8, 239.8) | 夾到  0 | 滑動 中位 - 最大 - | yp 越過折線   0%(整片  41%)| 他片 >10mm  112(10.1%)最大  40.0 | 杯位移 8.1 | 自穿 0 穿杯 0 反轉 0
t= 68.03 yp pick: lift corner     bbox 263x223x120 | 自穿    0 | 布穿杯   0 | 反轉   0 | 體積比 0.9841 | 邊長比 [0.492,1.582] | 杯心 ( 16.1,188.4,141.3) | 箱位移 (0,200,100) 蓋z(相對箱底) fxp=116.6 fxn=116.6 fyp=124.3 fyn=124.3 | 杯頂上 1 層 間距 8.92 頂厚 18.4
  G[yp] t= 68.03 yp pick: lift corner       上指 ( 108.4,-166.6, 208.3) 下指 ( 101.7,-170.8, 239.8) | 夾到  0 | 滑動 中位 - 最大 - | yp 越過折線   0%(整片  41%)| 他片 >10mm  105(9.5%)最大  38.7 | 杯位移 8.3 | 自穿 0 穿杯 0 反轉 0

★ t=68.10 [yp] 挑角完:角 v828 z 56.6 → 41.4 mm(+-15.1);下方空隙 48.4 → 28.8 mm;相鄰層(非 yp 片)位移 >10mm 頂點 105 / 1968,最大 38.5 mm
  [yp] 夾爪路徑(用挑角後的布邊:v828 (-20.1,61.9,41.4) 坡度 29.0°,外法線 u=(0.87,-0.08,0.48)):下指從上方降到 [ 4.3 59.7 47.8](布邊外 32mm)→ 沿 −u 進到 [-23.6  62.2  32.3](足跡 u∈[−17.5,+2.5]);上指從 +z 降到 [-35.4  63.2  53.8] → 沿 −n 合 12mm 到 [-29.6  62.7  43.3](指面間距 4.5mm)
t= 68.53 yp lower finger in       bbox 263x223x120 | 自穿    0 | 布穿杯   0 | 反轉   0 | 體積比 0.9842 | 邊長比 [0.495,1.583] | 杯心 ( 16.7,187.7,141.3) | 箱位移 (0,200,100) 蓋z(相對箱底) fxp=116.6 fxn=116.6 fyp=124.3 fyn=124.3
  G[yp] t= 68.53 yp lower finger in         上指 ( 108.4,-166.6, 208.3) 下指 (  46.9, -41.2, 165.6) | 夾到  0 | 滑動 中位 - 最大 - | yp 越過折線   0%(整片  41%)| 他片 >10mm  108(9.8%)最大  38.5 | 杯位移 9.2 | 自穿 0 穿杯 0 反轉 0
t= 69.03 yp lower finger in       bbox 263x223x120 | 自穿    0 | 布穿杯   0 | 反轉   0 | 體積比 0.9838 | 邊長比 [0.499,1.589] | 杯心 ( 16.8,187.8,141.1) | 箱位移 (0,200,100) 蓋z(相對箱底) fxp=116.6 fxn=116.6 fyp=124.3 fyn=124.3
  G[yp] t= 69.03 yp lower finger in         上指 ( 108.4,-166.6, 208.3) 下指 (   4.3,  59.7, 103.4) | 夾到  0 | 滑動 中位 - 最大 - | yp 越過折線   0%(整片  41%)| 他片 >10mm  107(9.7%)最大  37.4 | 杯位移 9.1 | 自穿 0 穿杯 0 反轉 0
t= 69.53 yp lower finger in       bbox 263x223x120 | 自穿    0 | 布穿杯   0 | 反轉   0 | 體積比 0.9841 | 邊長比 [0.498,1.582] | 杯心 ( 16.6,187.1,141.2) | 箱位移 (0,200,100) 蓋z(相對箱底) fxp=116.6 fxn=116.6 fyp=124.3 fyn=124.3
  G[yp] t= 69.53 yp lower finger in         上指 ( 108.4,-166.6, 208.3) 下指 (   4.3,  59.7,  54.6) | 夾到  0 | 滑動 中位 - 最大 - | yp 越過折線   0%(整片  42%)| 他片 >10mm  108(9.8%)最大  48.5 | 杯位移 9.7 | 自穿 0 穿杯 0 反轉 0
t= 70.03 yp lower finger in       bbox 263x223x120 | 自穿    0 | 布穿杯   0 | 反轉   0 | 體積比 0.9836 | 邊長比 [0.479,1.602] | 杯心 ( 15.8,187.3,141.2) | 箱位移 (0,200,100) 蓋z(相對箱底) fxp=116.6 fxn=116.6 fyp=124.3 fyn=124.3 | 杯頂上 1 層 間距 8.36 頂厚 16.0
  G[yp] t= 70.03 yp lower finger in         上指 ( 108.4,-166.6, 208.3) 下指 (  -3.0,  60.3,  43.8) | 夾到  0 | 滑動 中位 - 最大 - | yp 越過折線   0%(整片  43%)| 他片 >10mm  139(12.6%)最大  54.2 | 杯位移 9.2 | 自穿 0 穿杯 0 反轉 0
t= 70.53 yp lower finger in       bbox 263x223x119 | 自穿    0 | 布穿杯   0 | 反轉   0 | 體積比 0.9822 | 邊長比 [0.476,1.761] | 杯心 ( 15.3,187.5,141.2) | 箱位移 (0,200,100) 蓋z(相對箱底) fxp=116.6 fxn=116.6 fyp=124.3 fyn=124.3
  G[yp] t= 70.53 yp lower finger in         上指 ( 108.4,-166.6, 208.3) 下指 ( -21.6,  62.0,  33.5) | 夾到  0 | 滑動 中位 - 最大 - | yp 越過折線   0%(整片  43%)| 他片 >10mm  186(16.8%)最大  64.0 | 杯位移 8.8 | 自穿 0 穿杯 0 反轉 0
t= 71.03 yp close gripper         bbox 263x223x119 | 自穿    0 | 布穿杯   0 | 反轉   0 | 體積比 0.9819 | 邊長比 [0.469,1.689] | 杯心 ( 15.3,186.9,141.2) | 箱位移 (0,200,100) 蓋z(相對箱底) fxp=116.6 fxn=116.6 fyp=124.3 fyn=124.3
  G[yp] t= 71.03 yp close gripper           上指 (  54.3, -80.1, 172.7) 下指 ( -23.6,  62.2,  32.3) | 夾到  3 | 滑動 中位 - 最大 - | yp 越過折線   0%(整片  43%)| 他片 >10mm  201(18.2%)最大  63.7 | 杯位移 9.5 | 自穿 0 穿杯 0 反轉 0
t= 71.53 yp close gripper         bbox 263x223x117 | 自穿    0 | 布穿杯   0 | 反轉   0 | 體積比 0.9818 | 邊長比 [0.466,1.639] | 杯心 ( 14.9,187.0,141.2) | 箱位移 (0,200,100) 蓋z(相對箱底) fxp=116.6 fxn=116.6 fyp=124.3 fyn=124.3
  G[yp] t= 71.53 yp close gripper           上指 ( -35.4,  63.2, 113.4) 下指 ( -23.6,  62.2,  32.3) | 夾到  0 | 滑動 中位 - 最大 - | yp 越過折線   0%(整片  43%)| 他片 >10mm  209(18.9%)最大  64.8 | 杯位移 9.2 | 自穿 0 穿杯 0 反轉 0
t= 72.03 yp close gripper         bbox 263x223x118 | 自穿    0 | 布穿杯   0 | 反轉   0 | 體積比 0.9812 | 邊長比 [0.463,1.625] | 杯心 ( 15.5,186.7,141.2) | 箱位移 (0,200,100) 蓋z(相對箱底) fxp=116.6 fxn=116.6 fyp=124.3 fyn=124.3 | 杯頂上 1 層 間距 7.81 頂厚 15.2
  G[yp] t= 72.03 yp close gripper           上指 ( -35.4,  63.2,  62.4) 下指 ( -23.6,  62.2,  32.3) | 夾到  0 | 滑動 中位 - 最大 - | yp 越過折線   0%(整片  43%)| 他片 >10mm  217(19.7%)最大  65.5 | 杯位移 9.7 | 自穿 0 穿杯 0 反轉 0
t= 72.53 yp close gripper         bbox 263x223x117 | 自穿    0 | 布穿杯   0 | 反轉   0 | 體積比 0.9811 | 邊長比 [0.458,1.622] | 杯心 ( 15.3,186.6,141.2) | 箱位移 (0,200,100) 蓋z(相對箱底) fxp=116.6 fxn=116.6 fyp=124.3 fyn=124.3
  G[yp] t= 72.53 yp close gripper           上指 ( -33.3,  63.0,  49.8) 下指 ( -23.6,  62.2,  32.3) | 夾到  0 | 滑動 中位 - 最大 - | yp 越過折線   0%(整片  43%)| 他片 >10mm  217(19.7%)最大  68.7 | 杯位移 9.7 | 自穿 0 穿杯 0 反轉 0
t= 73.03 yp close gripper         bbox 263x223x119 | 自穿    0 | 布穿杯   0 | 反轉   0 | 體積比 0.9812 | 邊長比 [0.471,1.617] | 杯心 ( 15.1,186.2,141.2) | 箱位移 (0,200,100) 蓋z(相對箱底) fxp=116.6 fxn=116.6 fyp=124.3 fyn=124.3
  G[yp] t= 73.03 yp close gripper           上指 ( -29.6,  62.7,  43.3) 下指 ( -23.6,  62.2,  32.3) | 夾到  0 | 滑動 中位 - 最大 - | yp 越過折線   0%(整片  43%)| 他片 >10mm  227(20.6%)最大  68.5 | 杯位移 10.1 | 自穿 0 穿杯 0 反轉 0

★ t=73.30 [yp] 夾好:指面之間(間距 4.5mm、足跡 20x20)的布頂點 0 個(歸屬 {})
  [yp] 弧線:彎折處(夾點那欄,即時)y=96.1 z=35.7 mm(|flat x|<CX 各欄中位 y=104.8 z=46.7;題目名義折線 y=+71.5);材料長度 現在 126.3 / flat 57.1 mm → 半徑 0.90 x (126.3 − 7.5) = 106.9 mm(夾爪中心起始離彎折處 33.7 mm,前 30% 角度內漸變)
  [yp] 第 1 段繞彎折處 4° → 100°(指向箱壁外頂角 y=+113.5 z=130.5);第 2 段 略過(半徑剩 10.5mm < 12);箱外指頭最低點 >= 蓋頂 129.5 + T + 2 = 135.5 mm;終點夾爪中心 (-26.6,115.4,147.1) mm;3.0s 後停 2.0s 再放開
t= 73.53 yp PEEL arc              bbox 263x223x119 | 自穿    1 | 布穿杯   0 | 反轉   0 | 體積比 0.9815 | 邊長比 [0.456,1.622] | 杯心 ( 15.0,185.2,141.2) | 箱位移 (0,200,100) 蓋z(相對箱底) fxp=116.6 fxn=116.6 fyp=124.3 fyn=124.3
  G[yp] t= 73.53 yp PEEL arc                上指 ( -29.6,  58.8,  44.6) 下指 ( -23.6,  57.9,  33.7) | 夾到  0 | 滑動 中位 - 最大 - | yp 越過折線   0%(整片  43%)| 他片 >10mm  241(21.8%)最大  68.2 | 杯位移 11.0 | 自穿 1 穿杯 0 反轉 0
t= 74.03 yp PEEL arc              bbox 263x223x123 | 自穿    0 | 布穿杯   0 | 反轉   0 | 體積比 0.9818 | 邊長比 [0.478,1.713] | 杯心 ( 14.7,180.8,141.9) | 箱位移 (0,200,100) 蓋z(相對箱底) fxp=116.6 fxn=116.6 fyp=124.3 fyn=124.3 | 杯頂上 1 層 間距 7.96 頂厚 14.7
  G[yp] t= 74.03 yp PEEL arc                上指 ( -29.6,  30.9,  62.8) 下指 ( -23.6,  27.7,  52.4) | 夾到  0 | 滑動 中位 - 最大 - | yp 越過折線   0%(整片  38%)| 他片 >10mm  264(23.9%)最大  67.7 | 杯位移 15.3 | 自穿 0 穿杯 0 反轉 0

★ t=74.30 [yp] peel_1_3
  G[yp] t= 74.30 yp PEEL arc                上指 ( -29.6,  13.6,  87.1) 下指 ( -23.6,   8.5,  77.4) | 夾到  0 | 滑動 中位 - 最大 - | yp 越過折線   0%(整片  35%)| 他片 >10mm  360(32.6%)最大  59.8 | 杯位移 21.5 | 自穿 2 穿杯 0 反轉 0
t= 74.53 yp PEEL arc              bbox 263x223x136 | 自穿    0 | 布穿杯   0 | 反轉   0 | 體積比 0.9839 | 邊長比 [0.518,1.558] | 杯心 (  9.8,172.4,143.9) | 箱位移 (0,200,100) 蓋z(相對箱底) fxp=116.6 fxn=116.6 fyp=124.3 fyn=124.3
  G[yp] t= 74.53 yp PEEL arc                上指 ( -29.6,  16.7, 107.6) 下指 ( -23.6,   9.9,  99.0) | 夾到  0 | 滑動 中位 - 最大 - | yp 越過折線   0%(整片  37%)| 他片 >10mm  407(36.9%)最大  37.1 | 杯位移 23.9 | 自穿 0 穿杯 0 反轉 0
t= 75.03 yp PEEL arc              bbox 263x223x137 | 自穿    0 | 布穿杯   0 | 反轉   0 | 體積比 0.9837 | 邊長比 [0.534,1.553] | 杯心 (  8.7,177.7,141.7) | 箱位移 (0,200,100) 蓋z(相對箱底) fxp=116.6 fxn=116.6 fyp=124.3 fyn=124.3
  G[yp] t= 75.03 yp PEEL arc                上指 ( -29.6,  52.8, 133.6) 下指 ( -23.6,  43.1, 128.6) | 夾到  0 | 滑動 中位 - 最大 - | yp 越過折線   0%(整片  44%)| 他片 >10mm  241(21.8%)最大  27.8 | 杯位移 18.7 | 自穿 0 穿杯 0 反轉 0

★ t=75.30 [yp] peel_2_3
  G[yp] t= 75.30 yp PEEL arc                上指 ( -29.6,  74.3, 140.5) 下指 ( -23.6,  63.7, 137.6) | 夾到  0 | 滑動 中位 - 最大 - | yp 越過折線   0%(整片  44%)| 他片 >10mm  248(22.5%)最大  32.8 | 杯位移 17.7 | 自穿 0 穿杯 0 反轉 0
t= 75.53 yp PEEL arc              bbox 263x223x137 | 自穿    0 | 布穿杯   0 | 反轉   0 | 體積比 0.9850 | 邊長比 [0.562,1.613] | 杯心 (  8.5,177.9,141.6) | 箱位移 (0,200,100) 蓋z(相對箱底) fxp=116.6 fxn=116.6 fyp=124.3 fyn=124.3
  G[yp] t= 75.53 yp PEEL arc                上指 ( -29.6,  91.6, 142.7) 下指 ( -23.6,  80.7, 141.5) | 夾到  0 | 滑動 中位 - 最大 - | yp 越過折線   0%(整片  44%)| 他片 >10mm  258(23.4%)最大  31.0 | 杯位移 18.6 | 自穿 0 穿杯 0 反轉 0
t= 76.03 yp PEEL arc              bbox 263x223x139 | 自穿    0 | 布穿杯   0 | 反轉   0 | 體積比 0.9842 | 邊長比 [0.533,1.539] | 杯心 (  9.6,175.5,141.7) | 箱位移 (0,200,100) 蓋z(相對箱底) fxp=116.6 fxn=116.6 fyp=124.3 fyn=124.3 | 杯頂上 1 層 間距 10.60 頂厚 19.2
  G[yp] t= 76.03 yp PEEL arc                上指 ( -29.6, 116.8, 146.3) 下指 ( -23.6, 106.0, 147.7) | 夾到  0 | 滑動 中位 - 最大 - | yp 越過折線   0%(整片  40%)| 他片 >10mm  318(28.8%)最大  43.0 | 杯位移 20.7 | 自穿 0 穿杯 0 反轉 0

★ t=76.30 [yp] peeled
  G[yp] t= 76.30 yp PEEL arc                上指 ( -29.6, 120.8, 146.2) 下指 ( -23.6, 110.0, 148.0) | 夾到  0 | 滑動 中位 - 最大 - | yp 越過折線   0%(整片  42%)| 他片 >10mm  281(25.5%)最大  39.2 | 杯位移 20.2 | 自穿 0 穿杯 0 反轉 0
t= 76.53 yp hold peeled           bbox 263x223x140 | 自穿    0 | 布穿杯   0 | 反轉   0 | 體積比 0.9845 | 邊長比 [0.537,1.544] | 杯心 (  9.7,175.9,141.6) | 箱位移 (0,200,100) 蓋z(相對箱底) fxp=116.6 fxn=116.6 fyp=124.3 fyn=124.3
  G[yp] t= 76.53 yp hold peeled             上指 ( -29.6, 120.8, 146.2) 下指 ( -23.6, 110.0, 148.0) | 夾到  0 | 滑動 中位 - 最大 - | yp 越過折線   0%(整片  43%)| 他片 >10mm  276(25.0%)最大  36.8 | 杯位移 20.3 | 自穿 0 穿杯 0 反轉 0
t= 77.03 yp hold peeled           bbox 263x223x140 | 自穿    0 | 布穿杯   0 | 反轉   0 | 體積比 0.9848 | 邊長比 [0.546,1.546] | 杯心 (  9.8,176.6,141.5) | 箱位移 (0,200,100) 蓋z(相對箱底) fxp=116.6 fxn=116.6 fyp=124.3 fyn=124.3
  G[yp] t= 77.03 yp hold peeled             上指 ( -29.6, 120.8, 146.2) 下指 ( -23.6, 110.0, 148.0) | 夾到  0 | 滑動 中位 - 最大 - | yp 越過折線   0%(整片  43%)| 他片 >10mm  260(23.6%)最大  30.7 | 杯位移 19.6 | 自穿 0 穿杯 0 反轉 0
t= 77.53 yp hold peeled           bbox 263x223x139 | 自穿    0 | 布穿杯   0 | 反轉   0 | 體積比 0.9850 | 邊長比 [0.555,1.544] | 杯心 (  9.9,176.6,141.6) | 箱位移 (0,200,100) 蓋z(相對箱底) fxp=116.6 fxn=116.6 fyp=124.3 fyn=124.3
  G[yp] t= 77.53 yp hold peeled             上指 ( -29.6, 120.8, 146.2) 下指 ( -23.6, 110.0, 148.0) | 夾到  0 | 滑動 中位 - 最大 - | yp 越過折線   0%(整片  44%)| 他片 >10mm  264(23.9%)最大  27.0 | 杯位移 19.6 | 自穿 0 穿杯 0 反轉 0
t= 78.03 yp hold peeled           bbox 263x223x139 | 自穿    0 | 布穿杯   0 | 反轉   0 | 體積比 0.9851 | 邊長比 [0.479,1.539] | 杯心 (  9.6,177.6,141.4) | 箱位移 (0,200,100) 蓋z(相對箱底) fxp=116.6 fxn=116.6 fyp=124.3 fyn=124.3 | 杯頂上 1 層 間距 11.47 頂厚 17.6
  G[yp] t= 78.03 yp hold peeled             上指 ( -29.6, 120.8, 146.2) 下指 ( -23.6, 110.0, 148.0) | 夾到  0 | 滑動 中位 - 最大 - | yp 越過折線   0%(整片  44%)| 他片 >10mm  248(22.5%)最大  32.3 | 杯位移 18.6 | 自穿 0 穿杯 0 反轉 0

★ t=78.30 [yp] held
  G[yp] t= 78.30 yp hold peeled             上指 ( -29.6, 120.8, 146.2) 下指 ( -23.6, 110.0, 148.0) | 夾到  0 | 滑動 中位 - 最大 - | yp 越過折線   0%(整片  44%)| 他片 >10mm  253(22.9%)最大  26.6 | 杯位移 18.6 | 自穿 0 穿杯 0 反轉 0
  杯頂俯視覆蓋 75% → 露出 25%(開始時 16%)
t= 78.53 yp release               bbox 263x223x139 | 自穿    0 | 布穿杯   0 | 反轉   0 | 體積比 0.9843 | 邊長比 [0.555,1.543] | 杯心 (  9.5,177.2,141.4) | 箱位移 (0,200,100) 蓋z(相對箱底) fxp=116.6 fxn=116.6 fyp=124.3 fyn=124.3
  G[yp] t= 78.53 yp release                 上指 ( -31.8, 124.7, 145.5) 下指 ( -21.4, 106.1, 148.6) | 夾到  0 | 滑動 中位 - 最大 - | yp 越過折線   0%(整片  43%)| 他片 >10mm  254(23.0%)最大  35.0 | 杯位移 19.0 | 自穿 0 穿杯 0 反轉 0
t= 79.03 yp release               bbox 263x223x139 | 自穿    0 | 布穿杯   0 | 反轉   0 | 體積比 0.9841 | 邊長比 [0.521,1.549] | 杯心 (  9.9,177.1,141.5) | 箱位移 (0,200,100) 蓋z(相對箱底) fxp=116.6 fxn=116.6 fyp=124.3 fyn=124.3
  G[yp] t= 79.03 yp release                 上指 ( -22.7, 136.0, 145.0) 下指 (  -7.0, 108.0, 149.7) | 夾到  0 | 滑動 中位 - 最大 - | yp 越過折線   0%(整片  42%)| 他片 >10mm  302(27.4%)最大  48.2 | 杯位移 19.1 | 自穿 0 穿杯 0 反轉 0
t= 79.53 yp release               bbox 263x223x141 | 自穿    0 | 布穿杯   0 | 反轉   0 | 體積比 0.9843 | 邊長比 [0.528,1.549] | 杯心 (  9.9,176.9,141.4) | 箱位移 (0,200,100) 蓋z(相對箱底) fxp=116.6 fxn=116.6 fyp=124.3 fyn=124.3
  G[yp] t= 79.53 yp release                 上指 (  -8.3, 144.1, 166.1) 下指 (   7.4, 116.0, 170.8) | 夾到  0 | 滑動 中位 - 最大 - | yp 越過折線   0%(整片  42%)| 他片 >10mm  309(28.0%)最大  42.4 | 杯位移 19.3 | 自穿 0 穿杯 0 反轉 0
t= 80.03 yp release               bbox 263x223x141 | 自穿    0 | 布穿杯   0 | 反轉   0 | 體積比 0.9842 | 邊長比 [0.526,1.556] | 杯心 ( 10.3,176.5,141.4) | 箱位移 (0,200,100) 蓋z(相對箱底) fxp=116.6 fxn=116.6 fyp=124.3 fyn=124.3 | 杯頂上 1 層 間距 10.86 頂厚 19.2
  G[yp] t= 80.03 yp release                 上指 (  -8.3, 144.1, 225.3) 下指 (   7.4, 116.0, 230.1) | 夾到  0 | 滑動 中位 - 最大 - | yp 越過折線   0%(整片  42%)| 他片 >10mm  316(28.6%)最大  39.7 | 杯位移 19.7 | 自穿 0 穿杯 0 反轉 0

★ t=80.25 [yp] released
  G[yp] t= 80.25 yp release                 上指 (  -8.3, 144.1, 225.3) 下指 (   7.4, 116.0, 230.1) | 夾到  0 | 滑動 中位 - 最大 - | yp 越過折線   0%(整片  42%)| 他片 >10mm  315(28.5%)最大  38.9 | 杯位移 19.4 | 自穿 0 穿杯 0 反轉 0
  杯頂俯視覆蓋 73% → 露出 27%(開始時 16%)
t= 80.30 yp release               bbox 263x223x141 | 自穿    0 | 布穿杯   0 | 反轉   0 | 體積比 0.9841 | 邊長比 [0.527,1.545] | 杯心 ( 10.4,176.7,141.4) | 箱位移 (0,200,100) 蓋z(相對箱底) fxp=116.6 fxn=116.6 fyp=124.3 fyn=124.3 | 杯頂上 1 層 間距 12.16 頂厚 19.5
  G[yp] t= 80.30 yp release                 上指 (  -8.3, 144.1, 225.3) 下指 (   7.4, 116.0, 230.1) | 夾到  0 | 滑動 中位 - 最大 - | yp 越過折線   0%(整片  42%)| 他片 >10mm  314(28.4%)最大  39.6 | 杯位移 19.5 | 自穿 0 穿杯 0 反轉 0

影片 → grasp/out_g/wrap.mp4(2409 幀);wall 671.3s / sim 80.30s = 8.36

===== 判讀 wrap_vol sheet 500(跑到 all)=====
  fold_xn                t=  7.47 bbox 布 241x503x105 / 含杯 241x503x105 | 體積÷杯 9.64 | 自穿 0 | 布穿杯 0 | 反轉 0 | 體積比 0.9977 | 杯頂上 1.0 層(分佈 {0: 128, 1: 208})間距 nan 頂厚 11.9 第1層離杯頂 7.9 | 杯頂俯視覆蓋 70%
  fold_end               t= 17.50 bbox 布 254x216x122 / 含杯 254x216x122 | 體積÷杯 5.06 | 自穿 3 | 布穿杯 0 | 反轉 0 | 體積比 0.9906 | 杯頂上 3.0 層(分佈 {0: 7, 1: 96, 2: 34, 3: 183, 4: 16})間距 6.43 頂厚 26.3 第1層離杯頂 17.4 | 杯頂俯視覆蓋 99%
  closed_pre_release     t= 26.90 bbox 布 255x223x123 / 含杯 255x223x123 | 體積÷杯 5.30 | 自穿 2 | 布穿杯 0 | 反轉 0 | 體積比 0.9910 | 杯頂上 3.0 層(分佈 {0: 6, 1: 96, 2: 39, 3: 180, 4: 15})間距 6.75 頂厚 26.3 第1層離杯頂 17.3 | 杯頂俯視覆蓋 99%
  before_move            t= 28.87 bbox 布 253x223x122 / 含杯 253x223x122 | 體積÷杯 5.21 | 自穿 0 | 布穿杯 0 | 反轉 0 | 體積比 0.9882 | 杯頂上 2.0 層(分佈 {0: 17, 1: 135, 2: 63, 3: 108, 4: 16, 5: 1})間距 9.90 頂厚 19.0 第1層離杯頂 8.4 | 杯頂俯視覆蓋 97%
  after_move             t= 36.87 bbox 布 263x223x116 / 含杯 263x223x116 | 體積÷杯 5.17 | 自穿 0 | 布穿杯 0 | 反轉 0 | 體積比 0.9871 | 杯頂上 1.0 層(分佈 {0: 74, 1: 139, 2: 65, 3: 53, 4: 9})間距 7.87 頂厚 13.8 第1層離杯頂 6.2 | 杯頂俯視覆蓋 88%
  end                    t= 45.87 bbox 布 263x223x120 / 含杯 263x223x120 | 體積÷杯 5.31 | 自穿 0 | 布穿杯 0 | 反轉 0 | 體積比 0.9868 | 杯頂上 1.0 層(分佈 {0: 97, 1: 129, 2: 59, 3: 47, 4: 8})間距 8.44 頂厚 14.9 第1層離杯頂 7.3 | 杯頂俯視覆蓋 84%
  final                  t= 80.30 bbox 布 263x223x141 / 含杯 263x223x141 | 體積÷杯 6.27 | 自穿 0 | 布穿杯 0 | 反轉 0 | 體積比 0.9841 | 杯頂上 1.0 層(分佈 {0: 176, 1: 124, 2: 103, 3: 15, 4: 2})間距 12.16 頂厚 19.5 第1層離杯頂 9.5 | 杯頂俯視覆蓋 73%
  全程最大:自穿 10(t=14.03 fold yn)| 布穿杯 0 | 反轉 0 | 邊長比 [0.389, 1.835]
  每階段結束時自穿:
    settle                     結束 t=0.03 自穿 0
    fold xp                    結束 t=3.53 自穿 0
    fold xn                    結束 t=7.03 自穿 0
    fold yp                    結束 t=10.53 自穿 0
    fold yn                    結束 t=14.03 自穿 10
    tuck ears (side squeeze)   結束 t=17.03 自穿 3
    into box                   結束 t=18.03 自穿 3
    close lower lids           結束 t=22.03 自穿 3
    close upper lids           結束 t=26.03 自穿 2
    release paddles            結束 t=26.53 自穿 2
    release anchors / settle   結束 t=28.53 自穿 0
    move box                   結束 t=34.53 自穿 0
    settle                     結束 t=36.53 自穿 0
    open upper lids            結束 t=39.53 自穿 0
    open lower lids            結束 t=42.53 自穿 0
    hold                       結束 t=45.53 自穿 0
    grasp settle               結束 t=46.53 自穿 0
    yn pick: rod to corner     結束 t=48.53 自穿 0
    yn pick: rod insert        結束 t=49.53 自穿 0
    yn pick: lift corner       結束 t=51.03 自穿 0
    yn lower finger in         結束 t=53.53 自穿 0
    yn close gripper           結束 t=56.53 自穿 0
    yn PEEL arc                結束 t=59.53 自穿 0
    yn hold peeled             結束 t=61.53 自穿 0
    yn release                 結束 t=63.53 自穿 0
    yp pick: rod to corner     結束 t=65.53 自穿 0
    yp pick: rod insert        結束 t=66.53 自穿 0
    yp pick: lift corner       結束 t=68.03 自穿 0
    yp lower finger in         結束 t=70.53 自穿 0
    yp close gripper           結束 t=73.03 自穿 0
    yp PEEL arc                結束 t=76.03 自穿 0
    yp hold peeled             結束 t=78.03 自穿 0
    yp release                 結束 t=80.30 自穿 0
  折 xp 尖端(綁的、|x|<=CX 的 20 點)along 19.6~20.0 z 100.5~104.7 mm(目標 along 19.9 z 103.1±2)
  折 xn 尖端(綁的、|x|<=CX 的 20 點)along 19.8~19.9 z 100.5~104.7 mm(目標 along 19.9 z 103.1±2)
  折 yp 尖端(綁的、|x|<=CX 的 24 點)along -1.4~-1.2 z 105.6~109.8 mm(目標 along -1.4 z 108.1±2)
  折 yn 尖端(綁的、|x|<=CX 的 24 點)along 3.6~3.8 z 110.6~115.0 mm(目標 along 3.6 z 113.1±2)

===== 真的入箱了嗎(逐頂點比對內腔)=====
 關蓋後(放錨前):
  布     2592 點;超出內腔 0 | x 超 0 / y 超 0 / 低於底 0(最深 0.00mm)/ 高於口 0 | x -130.5~124.9(±132) y -111.5~111.5(±112) z 3.5~126.5(3.0~133.9)
  杯子   24832 點;超出內腔 0 | x 超 0 / y 超 0 / 低於底 0(最深 0.00mm)/ 高於口 0 | x -66.6~66.6(±132) y -53.5~53.5(±112) z 9.5~102.1(3.0~133.9)
 搬前:
  布     2592 點;超出內腔 0 | x 超 0 / y 超 0 / 低於底 0(最深 0.00mm)/ 高於口 0 | x -121.8~131.5(±132) y -111.5~111.5(±112) z 3.5~125.4(3.0~133.9)
  杯子   24832 點;超出內腔 0 | x 超 0 / y 超 0 / 低於底 0(最深 0.00mm)/ 高於口 0 | x -56.0~72.6(±132) y -59.9~54.0(±112) z 8.4~102.9(3.0~133.9)
 搬後(原點 = 箱子最終位置):
  布     2592 點;超出內腔 0 | x 超 0 / y 超 0 / 低於底 0(最深 0.00mm)/ 高於口 0 | x -131.5~131.5(±132) y -111.5~111.5(±112) z 3.2~119.6(3.0~133.9)
  杯子   24832 點;超出內腔 0 | x 超 0 / y 超 0 / 低於底 0(最深 0.00mm)/ 高於口 0 | x -53.9~74.3(±132) y -61.0~53.0(±112) z 8.6~103.0(3.0~133.9)
  搬箱:箱位移 (0.0,200.0,100.0) mm;布質心相對箱 搬前→搬後 差 7.4 mm;杯心相對箱 差 2.6 mm
  杯心相對箱中心(搬後):(+11.9, -3.2, +41.6) mm(z 相對箱底內面)
 開蓋後(結束):
  布     2592 點;超出內腔 0 | x 超 0 / y 超 0 / 低於底 0(最深 0.00mm)/ 高於口 0 | x -131.5~131.5(±132) y -111.5~111.5(±112) z 2.7~122.4(3.0~133.9)
  杯子   24832 點;超出內腔 0 | x 超 0 / y 超 0 / 低於底 0(最深 0.00mm)/ 高於口 0 | x -53.8~74.1(±132) y -61.0~53.7(±112) z 8.8~103.6(3.0~133.9)
  蓋中心 z(相對箱底內面):fxp=116.6 fxn=116.6 fyp=124.3 fyn=124.3;關著時預設 fxp=123.4 fxn=123.4 fyp=128.7 fyn=128.7
  驗收:pre_in PASS(布 0 杯 0) | closed PASS(布 0 杯 0) | bm PASS(布 0 杯 0) | am PASS(布 0 杯 0) | end PASS(布 0 杯 0)(pre_in / end 蓋子開著,只計 x/y/底)
  杯子姿態:相對初始轉了 37.2°(dynamic 之後)

===== SUMMARY =====
  E 2e+03 T 4.0mm 面密度 0.10 cont 2.00 rest 0.50 tuck 1
  四折後(收耳前 t=14.03)bbox 250x239x126;側板內縮目標 258x218 ⇒ 側板會碰到布(四折後 bbox 是否超出)
  收耳後/入箱前 bbox 254x216x122
  關蓋後 bbox 255x223x123 體積÷杯 5.30
  頂力代理:下蓋底面 120.0mm;布頂 z(max/99%)放錨前 123.5/117.2 → 放錨後 2s 122.4/117.0;離蓋底 <2mm 的頂點 9 → 19
  開蓋後 3s:布頂 z max 119.4 / 99% 107.7 mm(箱口 130.9);杯頂俯視覆蓋 84%
  全程最大 自穿 10 布穿杯 0 反轉 0 邊長比 [0.389,1.835] 體積比 [0.9811,1.0009]
  wall 671.3s

===== 抓取段判讀(--grasp 1;rank 1、挑角 25/25mm、半徑係數 0.90、掀 3.0s、間距 4.5mm、指面摩擦 2.0)=====
  [yn] 抓取點 v27 位置 (111.2,-14.8,129.9) 坡度 39.5° 空隙 38.1 | 挑角後 z 129.9→142.5 空隙 38.1→77.6 相鄰層 >10mm 153(最大 27.6)
  [yn] 夾到 0 NG | 滑動(夾持中 中位/最大頂點)nan / nan mm NG | 越過折線 0%(整片 46%)NG;放開後 0% | 他片 >10mm 104(6.0%)最大 24.8 mm {'yp': 21, 'xp': 2, 'xn': 81} NG | 杯位移最大 1.9 mm OK | 自穿最多 0 穿杯 0 OK 反轉 0 | 露出 17% → 16%(放開後 17%)⇒ FAIL
  [yp] 抓取點 v828 位置 (-23.5,69.9,56.6) 坡度 41.3° 空隙 48.4 | 挑角後 z 56.6→41.4 空隙 48.4→28.8 相鄰層 >10mm 105(最大 38.5)
  [yp] 夾到 0 NG | 滑動(夾持中 中位/最大頂點)nan / nan mm NG | 越過折線 0%(整片 44%)NG;放開後 0% | 他片 >10mm 253(22.9%)最大 26.6 mm {'xp': 80, 'xn': 173} NG | 杯位移最大 23.9 mm NG | 自穿最多 2 穿杯 0 OK 反轉 0 | 露出 16% → 25%(放開後 27%)⇒ FAIL
  抓取段明細 → grasp/out_g/grasp.json
npz → grasp/out_g/wrap.npz
