=== wrap_vol sheet 500 ===
args: {'sheet_mm': 500.0, 'sheet_x_mm': 0.0, 'sheet_y_mm': 0.0, 'out': 'grasp/out_g', 'mug': 'mug.stl', 'carton': 'carton_w131.usd', 'tex': 'bubble_normal.png', 'tex_mm': 200.0, 'thick_mm': 4.0, 'nxy': 35, 'young': 2000.0, 'poisson': 0.45, 'areal': 0.1, 'fric': 0.8, 'cont': 0.002, 'rest': 0.0005, 'solver': 128, 'dt': 0.004166666666666667, 'margin': 0.012, 'wall': 0.006, 'fold_span': 3.0, 'fold_hold': 0.5, 'slow': '', 'tip_extra': '', 'tip_over_mm': 30.0, 'lid_span': 4.0, 'open_span': 3.0, 'movebox': '0,0.20,0.10', 'move_t': 6.0, 'base_collider_pad': 0.02, 'squeeze_t': 2.5, 'squeeze_mm': 3.0, 'until': 'all', 'rest_npz': '', 'cam_ref': 0.586, 'meas_dt': 0.5, 'fps': 30, 'tuck': 1, 'grasp': 1, 'grasp_rank': 1, 'pick_mm': 25.0, 'pick_in_mm': 25.0, 'arc_k': 0.9, 'peel_t': 3.0, 'gap_mm': 4.5, 'ffric': 2.0, 'second': 1, 'gcam_focal': 2.8}
杯子躺平 133 x 107 x 93 mm;杯口 +y、杯耳 +x;watertight=True
折線 CX=84.63 CY=71.50 mm;折邊長 x 165.4 / y 178.5 mm
set_physics_volume_deformable_body(/World/plate) -> True
  collider /World/plate:schema 預設 contactOffset=-inf restOffset=-inf → 設 0.002 / 0.0005
板 500x500x4mm:2592 點 6125 tets;dxy 14.29mm;solver 128 dt 1/240
視覺網格 /World/sheet_vis:5180 三角形(上/下/側面),泡泡法線貼圖 bubble_normal.png
杯子 kinematic,底 z=6.5 頂 z=99.1 mm
錨 xp:最外圈 72 點中 SIDEPICK 歸本邊 68,綁 20 點(上下兩層)
錨 xn:最外圈 72 點中 SIDEPICK 歸本邊 68,綁 20 點(上下兩層)
錨 yp:最外圈 72 點中 SIDEPICK 歸本邊 72,綁 24 點(上下兩層)
錨 yn:最外圈 72 點中 SIDEPICK 歸本邊 72,綁 24 點(上下兩層)
  xp:折線 84.6、折邊 165.4、已疊 0 層 → 尖端中面 z=103.1(底面 101.1)、越過頂面 arm 64.7 → 尖端 along=19.9 mm(搆不到中線)
  xn:折線 84.6、折邊 165.4、已疊 0 層 → 尖端中面 z=103.1(底面 101.1)、越過頂面 arm 64.7 → 尖端 along=19.9 mm(搆不到中線)
  yp:折線 71.5、折邊 178.5、已疊 1 層 → 尖端中面 z=108.1(底面 106.1)、越過頂面 arm 72.9 → 尖端 along=-1.4 mm(到/越過中線)
  yn:折線 71.5、折邊 178.5、已疊 2 層 → 尖端中面 z=113.1(底面 111.1)、越過頂面 arm 67.9 → 尖端 along=3.6 mm(搆不到中線)
錨:26 個 kinematic 錨體(x 邊各 1 根桿;y 邊每欄 1 個,共 24 欄),全部無碰撞;VtxXformAttachment 掛 /World/attach/*
★ 紙箱 carton_w131.usd(meta carton_w131.meta.json):5 剛體 kinematic;bbox 270x230x134;箱底內面 z=3.0、箱口最高 133.9;內腔 ±132 x ±112;鉸鏈 123.0/129.5
★ 底板碰撞加厚 20mm(不可見)
  蓋 fxp:USD 預設中心 z=126.4 → 關;開 = 轉 +180°
  蓋 fxn:USD 預設中心 z=126.4 → 關;開 = 轉 +180°
  蓋 fyp:USD 預設中心 z=131.7 → 關;開 = 轉 +180°
  蓋 fyn:USD 預設中心 z=131.7 → 關;開 = 轉 +180°
★ 紙箱 reset 前擺到旁邊 [-800.  450.   -3.] mm、蓋子開(180°);箱底內面對齊地面(z 偏 −3.0mm)
★ --grasp 1:kinematic 指 rod [ 8. 30.  8.] / 上下指 [20. 20.  8.] mm,指面摩擦 2.0(rod 0.5),cont 1 / rest 0;停在 [3. 3. 1.]
錨 rigid body view:26 個(kinematic target)
抓取指 rigid body view:3 個
抓取段:open hold 完 45.90 → settle → yn@46.90 / yp@63.60 每片 16.7s(挑角 0~4.5、下指進 ~7.1、夾好 9.7、掀 3.0s、停 2.0s、放開);結束 80.30
時間表:折 xp@0.5(3.0s) xn@4.0(3.0s) yp@7.5(3.0s) yn@11.0(3.0s) | 折完 14.50 | 入箱 17.50 | 關下蓋 18.50 | 關上蓋 22.50 | 放錨+杯動態 26.50 | 搬 28.90~34.90 | 開上蓋 36.90 | 開下蓋 39.90 | 結束 45.90(本次跑到 80.30)
渲染 30 fps,每幀 8 物理步;共 2409 幀
t=  0.03 settle                   bbox 500x500x  5 | 自穿    0 | 布穿杯   0 | 反轉   0 | 體積比 0.9993 | 邊長比 [0.995,1.005] | 杯心 (  0.0,  0.0, 52.8) | 杯頂上 0 層 間距 nan 頂厚 nan
t=  0.53 fold xp                  bbox 500x500x  5 | 自穿    0 | 布穿杯   0 | 反轉   0 | 體積比 0.9993 | 邊長比 [0.993,1.006] | 杯心 (  0.0,  0.0, 52.8)
t=  1.03 fold xp                  bbox 499x500x 47 | 自穿    0 | 布穿杯   0 | 反轉   0 | 體積比 1.0001 | 邊長比 [0.886,1.215] | 杯心 (  0.0,  0.0, 52.8)
t=  1.53 fold xp                  bbox 475x500x129 | 自穿    0 | 布穿杯   0 | 反轉   0 | 體積比 1.0009 | 邊長比 [0.803,1.475] | 杯心 (  0.0,  0.0, 52.8)
t=  2.03 fold xp                  bbox 382x509x167 | 自穿    0 | 布穿杯   0 | 反轉   0 | 體積比 1.0002 | 邊長比 [0.848,1.373] | 杯心 (  0.0,  0.0, 52.8) | 杯頂上 0 層 間距 nan 頂厚 nan
t=  2.53 fold xp                  bbox 364x502x149 | 自穿    0 | 布穿杯   0 | 反轉   0 | 體積比 0.9995 | 邊長比 [0.877,1.246] | 杯心 (  0.0,  0.0, 52.8)
t=  3.03 fold xp                  bbox 368x501x117 | 自穿    0 | 布穿杯   0 | 反轉   0 | 體積比 0.9989 | 邊長比 [0.865,1.188] | 杯心 (  0.0,  0.0, 52.8)
t=  3.53 fold xp                  bbox 373x502x104 | 自穿    0 | 布穿杯   0 | 反轉   0 | 體積比 0.9987 | 邊長比 [0.856,1.223] | 杯心 (  0.0,  0.0, 52.8)
t=  4.03 fold xn                  bbox 371x503x104 | 自穿    0 | 布穿杯   0 | 反轉   0 | 體積比 0.9986 | 邊長比 [0.848,1.245] | 杯心 (  0.0,  0.0, 52.8) | 杯頂上 0 層 間距 nan 頂厚 31.2
t=  4.53 fold xn                  bbox 370x503x104 | 自穿    0 | 布穿杯   0 | 反轉   0 | 體積比 0.9993 | 邊長比 [0.841,1.251] | 杯心 (  0.0,  0.0, 52.8)
t=  5.03 fold xn                  bbox 346x503x129 | 自穿    0 | 布穿杯   0 | 反轉   0 | 體積比 1.0002 | 邊長比 [0.813,1.461] | 杯心 (  0.0,  0.0, 52.8)
t=  5.53 fold xn                  bbox 251x508x167 | 自穿    0 | 布穿杯   0 | 反轉   0 | 體積比 0.9995 | 邊長比 [0.842,1.338] | 杯心 (  0.0,  0.0, 52.8)
t=  6.03 fold xn                  bbox 235x503x149 | 自穿    0 | 布穿杯   0 | 反轉   0 | 體積比 0.9989 | 邊長比 [0.844,1.256] | 杯心 (  0.0,  0.0, 52.8) | 杯頂上 0 層 間距 nan 頂厚 36.5
t=  6.53 fold xn                  bbox 239x503x117 | 自穿    0 | 布穿杯   0 | 反轉   0 | 體積比 0.9982 | 邊長比 [0.844,1.248] | 杯心 (  0.0,  0.0, 52.8)
t=  7.03 fold xn                  bbox 242x503x105 | 自穿    0 | 布穿杯   0 | 反轉   0 | 體積比 0.9979 | 邊長比 [0.844,1.250] | 杯心 (  0.0,  0.0, 52.8)
t=  7.53 fold yp                  bbox 241x503x105 | 自穿    0 | 布穿杯   0 | 反轉   0 | 體積比 0.9977 | 邊長比 [0.846,1.250] | 杯心 (  0.0,  0.0, 52.8)
t=  8.03 fold yp                  bbox 245x500x105 | 自穿    0 | 布穿杯   0 | 反轉   0 | 體積比 0.9983 | 邊長比 [0.760,1.251] | 杯心 (  0.0,  0.0, 52.8) | 杯頂上 1 層 間距 nan 頂厚 12.3
t=  8.53 fold yp                  bbox 248x452x147 | 自穿    0 | 布穿杯   0 | 反轉   0 | 體積比 0.9983 | 邊長比 [0.759,1.370] | 杯心 (  0.0,  0.0, 52.8)
t=  9.03 fold yp                  bbox 248x380x181 | 自穿    0 | 布穿杯   0 | 反轉   0 | 體積比 0.9971 | 邊長比 [0.682,1.403] | 杯心 (  0.0,  0.0, 52.8)
t=  9.53 fold yp                  bbox 245x369x159 | 自穿    0 | 布穿杯   0 | 反轉   0 | 體積比 0.9966 | 邊長比 [0.633,1.520] | 杯心 (  0.0,  0.0, 52.8)
t= 10.03 fold yp                  bbox 244x368x124 | 自穿    0 | 布穿杯   0 | 反轉   0 | 體積比 0.9961 | 邊長比 [0.604,1.509] | 杯心 (  0.0,  0.0, 52.8) | 杯頂上 1 層 間距 10.88 頂厚 27.1
t= 10.53 fold yp                  bbox 245x370x123 | 自穿    0 | 布穿杯   0 | 反轉   0 | 體積比 0.9958 | 邊長比 [0.597,1.531] | 杯心 (  0.0,  0.0, 52.8)
t= 11.03 fold yn                  bbox 244x370x121 | 自穿    0 | 布穿杯   0 | 反轉   0 | 體積比 0.9959 | 邊長比 [0.594,1.504] | 杯心 (  0.0,  0.0, 52.8)
t= 11.53 fold yn                  bbox 247x367x119 | 自穿    0 | 布穿杯   0 | 反轉   0 | 體積比 0.9962 | 邊長比 [0.605,1.527] | 杯心 (  0.0,  0.0, 52.8)
t= 12.03 fold yn                  bbox 251x320x146 | 自穿    0 | 布穿杯   0 | 反轉   0 | 體積比 0.9962 | 邊長比 [0.606,1.494] | 杯心 (  0.0,  0.0, 52.8) | 杯頂上 1 層 間距 7.48 頂厚 22.5
t= 12.53 fold yn                  bbox 249x246x181 | 自穿    0 | 布穿杯   0 | 反轉   0 | 體積比 0.9948 | 邊長比 [0.607,1.491] | 杯心 (  0.0,  0.0, 52.8)
t= 13.03 fold yn                  bbox 245x236x161 | 自穿    0 | 布穿杯   0 | 反轉   0 | 體積比 0.9944 | 邊長比 [0.609,1.490] | 杯心 (  0.0,  0.0, 52.8)
t= 13.53 fold yn                  bbox 248x238x134 | 自穿    0 | 布穿杯   0 | 反轉   0 | 體積比 0.9940 | 邊長比 [0.607,1.485] | 杯心 (  0.0,  0.0, 52.8)
t= 14.03 fold yn                  bbox 249x239x126 | 自穿    4 | 布穿杯   0 | 反轉   0 | 體積比 0.9923 | 邊長比 [0.532,1.615] | 杯心 (  0.0,  0.0, 52.8) | 杯頂上 3 層 間距 6.66 頂厚 25.4
t= 14.53 tuck ears (side squeeze) bbox 247x239x126 | 自穿    3 | 布穿杯   0 | 反轉   0 | 體積比 0.9919 | 邊長比 [0.588,1.493] | 杯心 (  0.0,  0.0, 52.8)
t= 15.03 tuck ears (side squeeze) bbox 248x239x127 | 自穿    5 | 布穿杯   0 | 反轉   0 | 體積比 0.9921 | 邊長比 [0.580,1.490] | 杯心 (  0.0,  0.0, 52.8)
t= 15.53 tuck ears (side squeeze) bbox 248x239x126 | 自穿    9 | 布穿杯   0 | 反轉   0 | 體積比 0.9924 | 邊長比 [0.581,1.491] | 杯心 (  0.0,  0.0, 52.8)
t= 16.03 tuck ears (side squeeze) bbox 250x240x127 | 自穿    5 | 布穿杯   0 | 反轉   0 | 體積比 0.9924 | 邊長比 [0.579,1.666] | 杯心 (  0.0,  0.0, 52.8) | 杯頂上 3 層 間距 7.00 頂厚 26.3
t= 16.53 tuck ears (side squeeze) bbox 250x239x126 | 自穿    4 | 布穿杯   0 | 反轉   0 | 體積比 0.9924 | 邊長比 [0.573,1.563] | 杯心 (  0.0,  0.0, 52.8)
t= 17.03 tuck ears (side squeeze) bbox 251x216x127 | 自穿    3 | 布穿杯   0 | 反轉   0 | 體積比 0.9895 | 邊長比 [0.547,1.832] | 杯心 (  0.0,  0.0, 52.8)
  箱子 tensor set_transforms 瞬移 5 個剛體(base + 4 蓋)

★ t=17.500 入箱:包裹(布)bbox 中心 (0.0,0.0) mm,杯心 (0.0,0.0,52.8);箱子剛性瞬移到 [ 0.  0. -3.] mm(箱底內面 = 地面)
  入箱前(瞬移前)以箱子目標位置比對內腔:
  布     2592 點;超出內腔 0 | x 超 0 / y 超 0 / 低於底 0(最深 0.00mm)/ 高於口 0 | x -128.0~123.0(±132) y -108.0~108.0(±112) z 3.5~130.9(3.0~133.9)
  杯子   24832 點;超出內腔 0 | x 超 0 / y 超 0 / 低於底 0(最深 0.00mm)/ 高於口 0 | x -66.6~66.6(±132) y -53.5~53.5(±112) z 9.5~102.1(3.0~133.9)
  地板碰撞關閉(1 collider);箱底(+pad)接手
t= 17.53 into box                 bbox 251x216x127 | 自穿    3 | 布穿杯   0 | 反轉   0 | 體積比 0.9896 | 邊長比 [0.547,1.829] | 杯心 (  0.0,  0.0, 52.8) | 箱位移 (0,0,0) 蓋z(相對箱底) fxp=116.6 fxn=116.6 fyp=124.3 fyn=124.3
t= 18.03 into box                 bbox 251x216x126 | 自穿    3 | 布穿杯   0 | 反轉   0 | 體積比 0.9896 | 邊長比 [0.546,1.815] | 杯心 (  0.0,  0.0, 52.8) | 箱位移 (0,0,0) 蓋z(相對箱底) fxp=116.6 fxn=116.6 fyp=124.3 fyn=124.3 | 杯頂上 3 層 間距 7.06 頂厚 26.3
t= 18.53 close lower lids         bbox 251x216x127 | 自穿    2 | 布穿杯   0 | 反轉   0 | 體積比 0.9895 | 邊長比 [0.550,1.729] | 杯心 (  0.0,  0.0, 52.8) | 箱位移 (0,0,0) 蓋z(相對箱底) fxp=116.7 fxn=116.7 fyp=124.3 fyn=124.3
t= 19.03 close lower lids         bbox 251x216x127 | 自穿    2 | 布穿杯   0 | 反轉   0 | 體積比 0.9894 | 邊長比 [0.545,1.735] | 杯心 (  0.0,  0.0, 52.8) | 箱位移 (0,0,0) 蓋z(相對箱底) fxp=125.4 fxn=125.4 fyp=124.3 fyn=124.3
t= 19.53 close lower lids         bbox 250x216x128 | 自穿    2 | 布穿杯   0 | 反轉   0 | 體積比 0.9895 | 邊長比 [0.544,1.705] | 杯心 (  0.0,  0.0, 52.8) | 箱位移 (0,0,0) 蓋z(相對箱底) fxp=145.6 fxn=145.6 fyp=124.3 fyn=124.3
t= 20.03 close lower lids         bbox 251x216x128 | 自穿    3 | 布穿杯   0 | 反轉   0 | 體積比 0.9900 | 邊長比 [0.549,1.573] | 杯心 (  0.0,  0.0, 52.8) | 箱位移 (0,0,0) 蓋z(相對箱底) fxp=167.5 fxn=167.5 fyp=124.3 fyn=124.3 | 杯頂上 3 層 間距 7.11 頂厚 26.3
t= 20.53 close lower lids         bbox 251x216x128 | 自穿    2 | 布穿杯   0 | 反轉   0 | 體積比 0.9897 | 邊長比 [0.550,1.676] | 杯心 (  0.0,  0.0, 52.8) | 箱位移 (0,0,0) 蓋z(相對箱底) fxp=177.5 fxn=177.5 fyp=124.3 fyn=124.3
t= 21.03 close lower lids         bbox 250x216x128 | 自穿    2 | 布穿杯   0 | 反轉   0 | 體積比 0.9893 | 邊長比 [0.548,1.724] | 杯心 (  0.0,  0.0, 52.8) | 箱位移 (0,0,0) 蓋z(相對箱底) fxp=168.9 fxn=168.9 fyp=124.3 fyn=124.3
t= 21.53 close lower lids         bbox 250x216x127 | 自穿    3 | 布穿杯   0 | 反轉   0 | 體積比 0.9894 | 邊長比 [0.548,1.713] | 杯心 (  0.0,  0.0, 52.8) | 箱位移 (0,0,0) 蓋z(相對箱底) fxp=148.6 fxn=148.6 fyp=124.3 fyn=124.3
t= 22.03 close lower lids         bbox 250x216x123 | 自穿    2 | 布穿杯   0 | 反轉   0 | 體積比 0.9891 | 邊長比 [0.543,1.678] | 杯心 (  0.0,  0.0, 52.8) | 箱位移 (0,0,0) 蓋z(相對箱底) fxp=130.1 fxn=130.1 fyp=124.3 fyn=124.3 | 杯頂上 3 層 間距 6.96 頂厚 25.9
t= 22.53 close upper lids         bbox 250x216x122 | 自穿    2 | 布穿杯   0 | 反轉   0 | 體積比 0.9893 | 邊長比 [0.549,1.617] | 杯心 (  0.0,  0.0, 52.8) | 箱位移 (0,0,0) 蓋z(相對箱底) fxp=123.4 fxn=123.4 fyp=124.3 fyn=124.3
t= 23.03 close upper lids         bbox 251x216x121 | 自穿    2 | 布穿杯   0 | 反轉   0 | 體積比 0.9892 | 邊長比 [0.548,1.605] | 杯心 (  0.0,  0.0, 52.8) | 箱位移 (0,0,0) 蓋z(相對箱底) fxp=123.4 fxn=123.4 fyp=132.7 fyn=132.7
t= 23.53 close upper lids         bbox 251x216x122 | 自穿    3 | 布穿杯   0 | 反轉   0 | 體積比 0.9893 | 邊長比 [0.545,1.591] | 杯心 (  0.0,  0.0, 52.8) | 箱位移 (0,0,0) 蓋z(相對箱底) fxp=123.4 fxn=123.4 fyp=152.1 fyn=152.1
t= 24.03 close upper lids         bbox 251x216x121 | 自穿    2 | 布穿杯   0 | 反轉   0 | 體積比 0.9890 | 邊長比 [0.543,1.569] | 杯心 (  0.0,  0.0, 52.8) | 箱位移 (0,0,0) 蓋z(相對箱底) fxp=123.4 fxn=123.4 fyp=172.7 fyn=172.7 | 杯頂上 3 層 間距 6.98 頂厚 25.6
t= 24.53 close upper lids         bbox 251x216x121 | 自穿    2 | 布穿杯   0 | 反轉   0 | 體積比 0.9891 | 邊長比 [0.542,1.633] | 杯心 (  0.0,  0.0, 52.8) | 箱位移 (0,0,0) 蓋z(相對箱底) fxp=123.4 fxn=123.4 fyp=181.8 fyn=181.8
t= 25.03 close upper lids         bbox 251x216x121 | 自穿    2 | 布穿杯   0 | 反轉   0 | 體積比 0.9887 | 邊長比 [0.541,1.592] | 杯心 (  0.0,  0.0, 52.8) | 箱位移 (0,0,0) 蓋z(相對箱底) fxp=123.4 fxn=123.4 fyp=172.9 fyn=172.9
t= 25.53 close upper lids         bbox 251x216x121 | 自穿    2 | 布穿杯   0 | 反轉   0 | 體積比 0.9887 | 邊長比 [0.541,1.647] | 杯心 (  0.0,  0.0, 52.8) | 箱位移 (0,0,0) 蓋z(相對箱底) fxp=123.4 fxn=123.4 fyp=153.1 fyn=153.1
t= 26.03 close upper lids         bbox 251x216x121 | 自穿    2 | 布穿杯   0 | 反轉   0 | 體積比 0.9890 | 邊長比 [0.548,1.565] | 杯心 (  0.0,  0.0, 52.8) | 箱位移 (0,0,0) 蓋z(相對箱底) fxp=123.4 fxn=123.4 fyp=135.2 fyn=135.2 | 杯頂上 3 層 間距 6.67 頂厚 25.0
t= 26.53 release paddles          bbox 252x219x122 | 自穿    2 | 布穿杯   0 | 反轉   0 | 體積比 0.9892 | 邊長比 [0.553,1.569] | 杯心 (  0.0,  0.0, 52.8) | 箱位移 (0,0,0) 蓋z(相對箱底) fxp=123.4 fxn=123.4 fyp=128.7 fyn=128.7

★ t=26.900 關蓋完成 → RemovePrim 全部錨點(4 scope);杯子轉 dynamic
t= 27.03 release anchors / settle bbox 251x223x124 | 自穿    8 | 布穿杯   1 | 反轉   1 | 體積比 0.9859 | 邊長比 [0.400,1.592] | 杯心 (  6.3, -5.3, 46.3) | 箱位移 (0,0,0) 蓋z(相對箱底) fxp=123.4 fxn=123.4 fyp=128.7 fyn=128.7
t= 27.53 release anchors / settle bbox 250x223x124 | 自穿    2 | 布穿杯   0 | 反轉   0 | 體積比 0.9892 | 邊長比 [0.597,1.532] | 杯心 ( 12.9, -3.7, 42.8) | 箱位移 (0,0,0) 蓋z(相對箱底) fxp=123.4 fxn=123.4 fyp=128.7 fyn=128.7
t= 28.03 release anchors / settle bbox 255x223x122 | 自穿    2 | 布穿杯   0 | 反轉   0 | 體積比 0.9883 | 邊長比 [0.586,1.528] | 杯心 ( 13.7, -2.3, 41.8) | 箱位移 (0,0,0) 蓋z(相對箱底) fxp=123.4 fxn=123.4 fyp=128.7 fyn=128.7 | 杯頂上 2 層 間距 9.91 頂厚 23.7
t= 28.53 release anchors / settle bbox 257x223x120 | 自穿    1 | 布穿杯   0 | 反轉   0 | 體積比 0.9878 | 邊長比 [0.492,1.516] | 杯心 ( 12.8, -2.6, 41.4) | 箱位移 (0,0,0) 蓋z(相對箱底) fxp=123.4 fxn=123.4 fyp=128.7 fyn=128.7
t= 29.03 move box                 bbox 263x223x121 | 自穿    1 | 布穿杯   0 | 反轉   0 | 體積比 0.9883 | 邊長比 [0.488,1.539] | 杯心 ( 11.8, -3.5, 41.6) | 箱位移 (0,0,0) 蓋z(相對箱底) fxp=123.4 fxn=123.4 fyp=128.7 fyn=128.7
t= 29.53 move box                 bbox 263x223x120 | 自穿    0 | 布穿杯   0 | 反轉   0 | 體積比 0.9863 | 邊長比 [0.497,1.594] | 杯心 ( 12.1,  1.8, 44.5) | 箱位移 (0,6,3) 蓋z(相對箱底) fxp=123.4 fxn=123.4 fyp=128.7 fyn=128.7
t= 30.03 move box                 bbox 263x223x122 | 自穿    1 | 布穿杯   0 | 反轉   0 | 體積比 0.9834 | 邊長比 [0.475,1.624] | 杯心 (  3.6,  4.8, 51.1) | 箱位移 (0,19,9) 蓋z(相對箱底) fxp=123.4 fxn=123.4 fyp=128.7 fyn=128.7 | 杯頂上 1 層 間距 13.89 頂厚 21.1
t= 30.53 move box                 bbox 263x223x119 | 自穿    0 | 布穿杯   0 | 反轉   0 | 體積比 0.9837 | 邊長比 [0.485,1.584] | 杯心 (  3.3, 25.4, 59.5) | 箱位移 (0,36,18) 蓋z(相對箱底) fxp=123.4 fxn=123.4 fyp=128.7 fyn=128.7
t= 31.03 move box                 bbox 263x223x119 | 自穿    0 | 布穿杯   0 | 反轉   0 | 體積比 0.9840 | 邊長比 [0.468,1.582] | 杯心 (  3.3, 47.7, 70.2) | 箱位移 (0,58,29) 蓋z(相對箱底) fxp=123.4 fxn=123.4 fyp=128.7 fyn=128.7
t= 31.53 move box                 bbox 263x223x119 | 自穿    0 | 布穿杯   0 | 反轉   0 | 體積比 0.9840 | 邊長比 [0.426,1.576] | 杯心 (  2.5, 71.5, 82.1) | 箱位移 (0,82,41) 蓋z(相對箱底) fxp=123.4 fxn=123.4 fyp=128.7 fyn=128.7
t= 32.03 move box                 bbox 263x223x120 | 自穿    0 | 布穿杯   0 | 反轉   0 | 體積比 0.9845 | 邊長比 [0.485,1.591] | 杯心 (  2.0, 95.6, 94.6) | 箱位移 (0,107,53) 蓋z(相對箱底) fxp=123.4 fxn=123.4 fyp=128.7 fyn=128.7 | 杯頂上 1 層 間距 10.20 頂厚 16.4
t= 32.53 move box                 bbox 263x223x122 | 自穿    0 | 布穿杯   0 | 反轉   0 | 體積比 0.9840 | 邊長比 [0.492,1.575] | 杯心 (  1.4,119.9,106.7) | 箱位移 (0,131,66) 蓋z(相對箱底) fxp=123.4 fxn=123.4 fyp=128.7 fyn=128.7
t= 33.03 move box                 bbox 263x223x122 | 自穿    0 | 布穿杯   0 | 反轉   0 | 體積比 0.9841 | 邊長比 [0.456,1.571] | 杯心 (  0.8,142.3,118.3) | 箱位移 (0,154,77) 蓋z(相對箱底) fxp=123.4 fxn=123.4 fyp=128.7 fyn=128.7
t= 33.53 move box                 bbox 263x223x120 | 自穿    1 | 布穿杯   0 | 反轉   0 | 體積比 0.9840 | 邊長比 [0.424,1.568] | 杯心 (  0.5,161.9,127.9) | 箱位移 (0,174,87) 蓋z(相對箱底) fxp=123.4 fxn=123.4 fyp=128.7 fyn=128.7
t= 34.03 move box                 bbox 263x223x121 | 自穿    0 | 布穿杯   0 | 反轉   0 | 體積比 0.9845 | 邊長比 [0.507,1.576] | 杯心 ( -0.5,177.1,135.4) | 箱位移 (0,189,94) 蓋z(相對箱底) fxp=123.4 fxn=123.4 fyp=128.7 fyn=128.7 | 杯頂上 1 層 間距 12.62 頂厚 14.9
t= 34.53 move box                 bbox 263x223x123 | 自穿    0 | 布穿杯   0 | 反轉   0 | 體積比 0.9839 | 邊長比 [0.518,1.576] | 杯心 ( -1.7,186.9,140.1) | 箱位移 (0,198,99) 蓋z(相對箱底) fxp=123.4 fxn=123.4 fyp=128.7 fyn=128.7
t= 35.03 settle                   bbox 263x224x120 | 自穿    0 | 布穿杯   0 | 反轉   0 | 體積比 0.9848 | 邊長比 [0.519,1.579] | 杯心 ( -2.3,188.7,141.7) | 箱位移 (0,200,100) 蓋z(相對箱底) fxp=123.4 fxn=123.4 fyp=128.7 fyn=128.7
t= 35.53 settle                   bbox 263x223x120 | 自穿    0 | 布穿杯   0 | 反轉   0 | 體積比 0.9839 | 邊長比 [0.521,1.575] | 杯心 ( -2.1,188.2,141.3) | 箱位移 (0,200,100) 蓋z(相對箱底) fxp=123.4 fxn=123.4 fyp=128.7 fyn=128.7
t= 36.03 settle                   bbox 263x225x120 | 自穿    0 | 布穿杯   0 | 反轉   0 | 體積比 0.9840 | 邊長比 [0.501,1.580] | 杯心 ( -2.7,187.9,141.1) | 箱位移 (0,200,100) 蓋z(相對箱底) fxp=123.4 fxn=123.4 fyp=128.7 fyn=128.7 | 杯頂上 1 層 間距 11.95 頂厚 15.3
t= 36.53 settle                   bbox 263x223x120 | 自穿    0 | 布穿杯   0 | 反轉   0 | 體積比 0.9841 | 邊長比 [0.487,1.575] | 杯心 ( -3.4,187.3,141.3) | 箱位移 (0,200,100) 蓋z(相對箱底) fxp=123.4 fxn=123.4 fyp=128.7 fyn=128.7
t= 37.03 open upper lids          bbox 265x223x121 | 自穿    0 | 布穿杯   0 | 反轉   0 | 體積比 0.9846 | 邊長比 [0.530,1.606] | 杯心 ( -2.6,189.3,141.5) | 箱位移 (0,200,100) 蓋z(相對箱底) fxp=123.4 fxn=123.4 fyp=129.7 fyn=129.7
t= 37.53 open upper lids          bbox 263x223x121 | 自穿    1 | 布穿杯   0 | 反轉   0 | 體積比 0.9827 | 邊長比 [0.527,1.561] | 杯心 ( -4.0,187.7,141.1) | 箱位移 (0,200,100) 蓋z(相對箱底) fxp=123.4 fxn=123.4 fyp=148.1 fyn=148.1
t= 38.03 open upper lids          bbox 263x223x122 | 自穿    2 | 布穿杯   0 | 反轉   0 | 體積比 0.9831 | 邊長比 [0.526,1.567] | 杯心 ( -5.0,188.3,141.3) | 箱位移 (0,200,100) 蓋z(相對箱底) fxp=123.4 fxn=123.4 fyp=174.3 fyn=174.3 | 杯頂上 1 層 間距 7.51 頂厚 14.9
t= 38.53 open upper lids          bbox 263x223x120 | 自穿    1 | 布穿杯   0 | 反轉   0 | 體積比 0.9837 | 邊長比 [0.523,1.561] | 杯心 ( -4.8,188.9,141.5) | 箱位移 (0,200,100) 蓋z(相對箱底) fxp=123.4 fxn=123.4 fyp=180.1 fyn=180.1
t= 39.03 open upper lids          bbox 263x223x120 | 自穿    1 | 布穿杯   0 | 反轉   0 | 體積比 0.9843 | 邊長比 [0.520,1.566] | 杯心 ( -4.3,189.4,141.4) | 箱位移 (0,200,100) 蓋z(相對箱底) fxp=123.4 fxn=123.4 fyp=157.5 fyn=157.5
t= 39.53 open upper lids          bbox 263x223x120 | 自穿    1 | 布穿杯   0 | 反轉   0 | 體積比 0.9833 | 邊長比 [0.458,1.559] | 杯心 ( -4.2,188.6,141.5) | 箱位移 (0,200,100) 蓋z(相對箱底) fxp=123.4 fxn=123.4 fyp=131.4 fyn=131.4
t= 40.03 open lower lids          bbox 263x224x120 | 自穿    1 | 布穿杯   0 | 反轉   0 | 體積比 0.9846 | 邊長比 [0.487,1.555] | 杯心 ( -4.4,187.9,141.5) | 箱位移 (0,200,100) 蓋z(相對箱底) fxp=124.4 fxn=124.4 fyp=124.3 fyn=124.3 | 杯頂上 1 層 間距 7.87 頂厚 15.5
t= 40.53 open lower lids          bbox 263x223x125 | 自穿    1 | 布穿杯   0 | 反轉   0 | 體積比 0.9828 | 邊長比 [0.526,1.574] | 杯心 ( -4.3,187.0,141.5) | 箱位移 (0,200,100) 蓋z(相對箱底) fxp=143.4 fxn=143.4 fyp=124.3 fyn=124.3
t= 41.03 open lower lids          bbox 263x223x124 | 自穿    1 | 布穿杯   0 | 反轉   0 | 體積比 0.9819 | 邊長比 [0.515,1.572] | 杯心 ( -4.2,186.6,141.4) | 箱位移 (0,200,100) 蓋z(相對箱底) fxp=170.3 fxn=170.3 fyp=124.3 fyn=124.3
t= 41.53 open lower lids          bbox 263x223x126 | 自穿    1 | 布穿杯   0 | 反轉   0 | 體積比 0.9837 | 邊長比 [0.533,1.573] | 杯心 ( -4.5,186.5,141.4) | 箱位移 (0,200,100) 蓋z(相對箱底) fxp=175.5 fxn=175.5 fyp=124.3 fyn=124.3
t= 42.03 open lower lids          bbox 263x223x127 | 自穿    2 | 布穿杯   0 | 反轉   0 | 體積比 0.9830 | 邊長比 [0.521,1.572] | 杯心 ( -4.7,185.3,141.4) | 箱位移 (0,200,100) 蓋z(相對箱底) fxp=151.4 fxn=151.4 fyp=124.3 fyn=124.3 | 杯頂上 1 層 間距 10.81 頂厚 15.7
t= 42.53 open lower lids          bbox 263x223x127 | 自穿    1 | 布穿杯   0 | 反轉   0 | 體積比 0.9830 | 邊長比 [0.529,1.571] | 杯心 ( -5.3,184.5,141.4) | 箱位移 (0,200,100) 蓋z(相對箱底) fxp=124.1 fxn=124.1 fyp=124.3 fyn=124.3
t= 43.03 hold                     bbox 263x223x128 | 自穿    2 | 布穿杯   0 | 反轉   0 | 體積比 0.9838 | 邊長比 [0.525,1.561] | 杯心 ( -5.5,184.2,141.3) | 箱位移 (0,200,100) 蓋z(相對箱底) fxp=116.6 fxn=116.6 fyp=124.3 fyn=124.3
t= 43.53 hold                     bbox 263x223x128 | 自穿    1 | 布穿杯   0 | 反轉   0 | 體積比 0.9835 | 邊長比 [0.525,1.564] | 杯心 ( -5.3,184.1,141.3) | 箱位移 (0,200,100) 蓋z(相對箱底) fxp=116.6 fxn=116.6 fyp=124.3 fyn=124.3
t= 44.03 hold                     bbox 263x223x128 | 自穿    2 | 布穿杯   0 | 反轉   0 | 體積比 0.9837 | 邊長比 [0.527,1.560] | 杯心 ( -6.1,183.9,141.4) | 箱位移 (0,200,100) 蓋z(相對箱底) fxp=116.6 fxn=116.6 fyp=124.3 fyn=124.3 | 杯頂上 1 層 間距 9.18 頂厚 16.1
t= 44.53 hold                     bbox 263x223x129 | 自穿    1 | 布穿杯   0 | 反轉   0 | 體積比 0.9828 | 邊長比 [0.527,1.559] | 杯心 ( -6.3,183.1,141.2) | 箱位移 (0,200,100) 蓋z(相對箱底) fxp=116.6 fxn=116.6 fyp=124.3 fyn=124.3
t= 45.03 hold                     bbox 263x223x129 | 自穿    1 | 布穿杯   0 | 反轉   0 | 體積比 0.9838 | 邊長比 [0.535,1.571] | 杯心 ( -6.0,182.8,141.4) | 箱位移 (0,200,100) 蓋z(相對箱底) fxp=116.6 fxn=116.6 fyp=124.3 fyn=124.3
t= 45.53 hold                     bbox 263x223x127 | 自穿    1 | 布穿杯   0 | 反轉   0 | 體積比 0.9832 | 邊長比 [0.531,1.561] | 杯心 ( -6.1,182.2,141.4) | 箱位移 (0,200,100) 蓋z(相對箱底) fxp=116.6 fxn=116.6 fyp=124.3 fyn=124.3
t= 46.03 grasp settle             bbox 263x223x128 | 自穿    3 | 布穿杯   0 | 反轉   0 | 體積比 0.9839 | 邊長比 [0.538,1.599] | 杯心 ( -5.7,183.4,141.4) | 箱位移 (0,200,100) 蓋z(相對箱底) fxp=116.6 fxn=116.6 fyp=124.3 fyn=124.3 | 杯頂上 1 層 間距 11.70 頂厚 15.4
t= 46.53 grasp settle             bbox 263x223x128 | 自穿    2 | 布穿杯   0 | 反轉   0 | 體積比 0.9837 | 邊長比 [0.531,1.604] | 杯心 ( -5.2,183.7,141.5) | 箱位移 (0,200,100) 蓋z(相對箱底) fxp=116.6 fxn=116.6 fyp=124.3 fyn=124.3

★ t=46.90 [yn] 抓取點即時排名(60 候選,(a)上方沒被壓 13 / (b)掃掠不撞 5 / (c)下方空隙>=6mm 24 / 全過 5;算了 198.5s)
   #1 v11   tip  yn   flat( -93,-250) 位置(箱局部) (-102.9, -20.0, 123.8) 坡度  26.3° 下方空隙  29.7 上方他層 0 掃掠 牆/底/杯/布 0/0/0/0 OK
   #2 v10   tip  yn   flat(-107,-250) 位置(箱局部) (-114.9, -20.9, 128.0) 坡度  27.4° 下方空隙  28.1 上方他層 0 掃掠 牆/底/杯/布 0/0/0/0 OK
   #3 v23   tip  yn   flat(  79,-250) 位置(箱局部) (  51.8,  -1.0,  86.7) 坡度  11.5° 下方空隙  18.4 上方他層 0 掃掠 牆/底/杯/布 0/0/0/0 OK
   #4 v24   tip  yn   flat(  93,-250) 位置(箱局部) (  65.5,   1.2,  86.8) 坡度  11.4° 下方空隙  18.2 上方他層 0 掃掠 牆/底/杯/布 0/0/0/0 OK
   #5 v25   tip  yn   flat( 107,-250) 位置(箱局部) (  79.3,   3.6,  88.3) 坡度  11.0° 下方空隙  13.0 上方他層 0 掃掠 牆/底/杯/布 0/0/0/0 OK
   #6 v9    tip  yn   flat(-121,-250) 位置(箱局部) (-126.8, -17.3, 124.8) 坡度  29.5° 下方空隙  33.1 上方他層 0 掃掠 牆/底/杯/布 360/0/0/0 NG
  [yn] 選 合格第 1 名:v11(tip)位置 (-102.9,-20.0,123.8) mm、邊坡度 26.3°、下方空隙 29.7 mm;外法線 u=(-0.04,0.90,0.44);指面沿邊置中在 v11/v12 之間(t 偏 5.0mm)
  [yn] 挑角路徑(箱局部 mm):rod 從上方降到 [-98.9   2.1 124.6](前端在布邊外 5mm、頂面在布底下 3mm)→ 沿 −u 伸進 25mm 到 [-97.9 -20.3 113.5] → 上抬 25mm 到 [-97.9 -20.3 138.5];下指進來後 rod 沿 +u 撤 45mm
  [yn] 翻面量測集:yn 片在折線(y=-71.5mm)內側的頂點 323 個;他片 yp/xp/xn 共 1728 頂點;杯頂俯視覆蓋 84%(露出 16%)
t= 47.03 yn pick: rod to corner   bbox 263x223x127 | 自穿    2 | 布穿杯   0 | 反轉   0 | 體積比 0.9838 | 邊長比 [0.505,1.554] | 杯心 ( -4.8,183.7,141.3) | 箱位移 (0,200,100) 蓋z(相對箱底) fxp=116.6 fxn=116.6 fyp=124.3 fyn=124.3
  G[yn] t= 47.03 yn pick: rod to corner     上指 (3000.0,2900.0, 903.0) 下指 (3000.0,3000.0, 903.0) | 夾到  0 | 滑動 中位 - 最大 - | yn 越過折線   0%(整片  46%)| 他片 >10mm    0(0.0%)最大   3.8 | 杯位移 0.5 | 自穿 2 穿杯 0 反轉 0
t= 47.53 yn pick: rod to corner   bbox 264x223x128 | 自穿    1 | 布穿杯   0 | 反轉   0 | 體積比 0.9834 | 邊長比 [0.488,1.579] | 杯心 ( -4.5,183.6,141.4) | 箱位移 (0,200,100) 蓋z(相對箱底) fxp=116.6 fxn=116.6 fyp=124.3 fyn=124.3
  G[yn] t= 47.53 yn pick: rod to corner     上指 (3000.0,2900.0, 903.0) 下指 (3000.0,3000.0, 903.0) | 夾到  0 | 滑動 中位 - 最大 - | yn 越過折線   0%(整片  46%)| 他片 >10mm   18(1.0%)最大  12.0 | 杯位移 0.7 | 自穿 1 穿杯 0 反轉 0
t= 48.03 yn pick: rod to corner   bbox 263x223x128 | 自穿    1 | 布穿杯   0 | 反轉   0 | 體積比 0.9831 | 邊長比 [0.521,1.594] | 杯心 ( -4.7,183.6,141.4) | 箱位移 (0,200,100) 蓋z(相對箱底) fxp=116.6 fxn=116.6 fyp=124.3 fyn=124.3 | 杯頂上 1 層 間距 10.57 頂厚 15.4
  G[yn] t= 48.03 yn pick: rod to corner     上指 (3000.0,2900.0, 903.0) 下指 (3000.0,3000.0, 903.0) | 夾到  0 | 滑動 中位 - 最大 - | yn 越過折線   0%(整片  46%)| 他片 >10mm   21(1.2%)最大  13.2 | 杯位移 0.5 | 自穿 1 穿杯 0 反轉 0
t= 48.53 yn pick: rod to corner   bbox 263x223x129 | 自穿    1 | 布穿杯   0 | 反轉   0 | 體積比 0.9830 | 邊長比 [0.529,1.555] | 杯心 ( -5.0,182.9,141.4) | 箱位移 (0,200,100) 蓋z(相對箱底) fxp=116.6 fxn=116.6 fyp=124.3 fyn=124.3
  G[yn] t= 48.53 yn pick: rod to corner     上指 (3000.0,2900.0, 903.0) 下指 (3000.0,3000.0, 903.0) | 夾到  0 | 滑動 中位 - 最大 - | yn 越過折線   0%(整片  46%)| 他片 >10mm   42(2.4%)最大  13.4 | 杯位移 0.6 | 自穿 1 穿杯 0 反轉 0
t= 49.03 yn pick: rod insert      bbox 263x223x129 | 自穿    1 | 布穿杯   0 | 反轉   0 | 體積比 0.9827 | 邊長比 [0.520,1.560] | 杯心 ( -4.8,183.3,141.4) | 箱位移 (0,200,100) 蓋z(相對箱底) fxp=116.6 fxn=116.6 fyp=124.3 fyn=124.3
  G[yn] t= 49.03 yn pick: rod insert        上指 (3000.0,2900.0, 903.0) 下指 (3000.0,3000.0, 903.0) | 夾到  0 | 滑動 中位 - 最大 - | yn 越過折線   0%(整片  46%)| 他片 >10mm   22(1.3%)最大  13.9 | 杯位移 0.4 | 自穿 1 穿杯 0 反轉 0
t= 49.53 yn pick: rod insert      bbox 263x223x128 | 自穿    1 | 布穿杯   0 | 反轉   0 | 體積比 0.9827 | 邊長比 [0.532,1.559] | 杯心 ( -4.8,183.1,141.3) | 箱位移 (0,200,100) 蓋z(相對箱底) fxp=116.6 fxn=116.6 fyp=124.3 fyn=124.3
  G[yn] t= 49.53 yn pick: rod insert        上指 (3000.0,2900.0, 903.0) 下指 (3000.0,3000.0, 903.0) | 夾到  0 | 滑動 中位 - 最大 - | yn 越過折線   0%(整片  46%)| 他片 >10mm    0(0.0%)最大   8.9 | 杯位移 0.5 | 自穿 1 穿杯 0 反轉 0
t= 50.03 yn pick: lift corner     bbox 263x224x130 | 自穿    1 | 布穿杯   0 | 反轉   0 | 體積比 0.9832 | 邊長比 [0.497,1.565] | 杯心 ( -4.9,183.0,141.4) | 箱位移 (0,200,100) 蓋z(相對箱底) fxp=116.6 fxn=116.6 fyp=124.3 fyn=124.3 | 杯頂上 1 層 間距 10.33 頂厚 15.6
  G[yn] t= 50.03 yn pick: lift corner       上指 (3000.0,2900.0, 903.0) 下指 (3000.0,3000.0, 903.0) | 夾到  0 | 滑動 中位 - 最大 - | yn 越過折線   0%(整片  46%)| 他片 >10mm    5(0.3%)最大  12.8 | 杯位移 0.6 | 自穿 1 穿杯 0 反轉 0
t= 50.53 yn pick: lift corner     bbox 263x223x138 | 自穿    1 | 布穿杯   0 | 反轉   0 | 體積比 0.9830 | 邊長比 [0.524,1.558] | 杯心 ( -5.1,182.5,141.4) | 箱位移 (0,200,100) 蓋z(相對箱底) fxp=116.6 fxn=116.6 fyp=124.3 fyn=124.3
  G[yn] t= 50.53 yn pick: lift corner       上指 (3000.0,2900.0, 903.0) 下指 (3000.0,3000.0, 903.0) | 夾到  0 | 滑動 中位 - 最大 - | yn 越過折線   0%(整片  47%)| 他片 >10mm    3(0.2%)最大  11.6 | 杯位移 0.9 | 自穿 1 穿杯 0 反轉 0
t= 51.03 yn pick: lift corner     bbox 263x223x139 | 自穿    1 | 布穿杯   0 | 反轉   0 | 體積比 0.9828 | 邊長比 [0.508,1.580] | 杯心 ( -4.9,182.7,141.3) | 箱位移 (0,200,100) 蓋z(相對箱底) fxp=116.6 fxn=116.6 fyp=124.3 fyn=124.3
  G[yn] t= 51.03 yn pick: lift corner       上指 (3000.0,2900.0, 903.0) 下指 (3000.0,3000.0, 903.0) | 夾到  0 | 滑動 中位 - 最大 - | yn 越過折線   0%(整片  46%)| 他片 >10mm   15(0.9%)最大  12.3 | 杯位移 0.8 | 自穿 1 穿杯 0 反轉 0

★ t=51.40 [yn] 挑角完:角 v11 z 123.8 → 139.0 mm(+15.1);下方空隙 29.7 → 45.0 mm;相鄰層(非 yn 片)位移 >10mm 頂點 1 / 1968,最大 10.3 mm
  [yn] 夾爪路徑(用挑角後的布邊:v11 (-91.9,-35.5,139.0) 坡度 46.2°,外法線 u=(0.20,0.66,0.72)):張口 24.5mm 的上/下指從上方降到布邊外 32mm(下 [-81.1  -8.8 145.4] / 上 [-87.8 -31.3 167.9])→ 沿 −u 平移 32mm(足跡 u∈[−17.5,+2.5])→ 對稱合到 下 [-89.5 -36.9 129.2] / 上 [-92.1 -45.6 137.9](指面間距 4.5mm);合好後 rod 沿 +u 撤
t= 51.53 yn open jaws in          bbox 263x223x139 | 自穿    2 | 布穿杯   0 | 反轉   0 | 體積比 0.9832 | 邊長比 [0.520,1.544] | 杯心 ( -4.5,182.8,141.4) | 箱位移 (0,200,100) 蓋z(相對箱底) fxp=116.6 fxn=116.6 fyp=124.3 fyn=124.3
  G[yn] t= 51.53 yn open jaws in            上指 (2771.3,2682.9, 853.0) 下指 (2771.8,2777.1, 851.3) | 夾到  0 | 滑動 中位 - 最大 - | yn 越過折線   0%(整片  47%)| 他片 >10mm    0(0.0%)最大   7.6 | 杯位移 1.0 | 自穿 2 穿杯 0 反轉 0
t= 52.03 yn open jaws in          bbox 263x223x139 | 自穿    3 | 布穿杯   0 | 反轉   0 | 體積比 0.9831 | 邊長比 [0.508,1.674] | 杯心 ( -3.8,182.6,141.3) | 箱位移 (0,200,100) 蓋z(相對箱底) fxp=116.6 fxn=116.6 fyp=124.3 fyn=124.3 | 杯頂上 1 層 間距 12.74 頂厚 14.9
  G[yn] t= 52.03 yn open jaws in            上指 ( 258.4, 297.4, 303.6) 下指 ( 264.4, 328.6, 283.6) | 夾到  0 | 滑動 中位 - 最大 - | yn 越過折線   0%(整片  47%)| 他片 >10mm    2(0.1%)最大  11.9 | 杯位移 1.7 | 自穿 3 穿杯 0 反轉 0
t= 52.53 yn open jaws in          bbox 263x223x140 | 自穿    3 | 布穿杯   0 | 反轉   0 | 體積比 0.9830 | 邊長比 [0.505,1.590] | 杯心 ( -3.9,183.1,141.4) | 箱位移 (0,200,100) 蓋z(相對箱底) fxp=116.6 fxn=116.6 fyp=124.3 fyn=124.3
  G[yn] t= 52.53 yn open jaws in            上指 ( -87.8, -31.3, 205.3) 下指 ( -81.1,  -8.8, 182.8) | 夾到  0 | 滑動 中位 - 最大 - | yn 越過折線   0%(整片  46%)| 他片 >10mm   13(0.8%)最大  11.5 | 杯位移 1.4 | 自穿 3 穿杯 0 反轉 0
t= 53.03 yn open jaws in          bbox 263x223x141 | 自穿    1 | 布穿杯   0 | 反轉   0 | 體積比 0.9828 | 邊長比 [0.514,1.685] | 杯心 ( -4.1,183.3,141.4) | 箱位移 (0,200,100) 蓋z(相對箱底) fxp=116.6 fxn=116.6 fyp=124.3 fyn=124.3
  G[yn] t= 53.03 yn open jaws in            上指 ( -87.8, -31.3, 167.8) 下指 ( -81.1,  -8.9, 145.3) | 夾到  0 | 滑動 中位 - 最大 - | yn 越過折線   1%(整片  47%)| 他片 >10mm   62(3.6%)最大  17.8 | 杯位移 1.1 | 自穿 1 穿杯 0 反轉 0
t= 53.53 yn open jaws in          bbox 263x223x141 | 自穿    1 | 布穿杯   0 | 反轉   0 | 體積比 0.9830 | 邊長比 [0.536,1.768] | 杯心 ( -3.9,182.9,141.4) | 箱位移 (0,200,100) 蓋z(相對箱底) fxp=116.6 fxn=116.6 fyp=124.3 fyn=124.3
  G[yn] t= 53.53 yn open jaws in            上指 ( -91.3, -42.9, 155.2) 下指 ( -84.6, -20.5, 132.7) | 夾到  1 | 滑動 中位 - 最大 - | yn 越過折線   1%(整片  47%)| 他片 >10mm   76(4.4%)最大  15.9 | 杯位移 1.4 | 自穿 1 穿杯 0 反轉 0
t= 54.03 yn close jaws            bbox 263x223x136 | 自穿    2 | 布穿杯   0 | 反轉   0 | 體積比 0.9829 | 邊長比 [0.518,1.634] | 杯心 ( -3.7,182.5,141.3) | 箱位移 (0,200,100) 蓋z(相對箱底) fxp=116.6 fxn=116.6 fyp=124.3 fyn=124.3 | 杯頂上 1 層 間距 12.13 頂厚 16.2
  G[yn] t= 54.03 yn close jaws              上指 ( -94.2, -52.5, 144.8) 下指 ( -87.4, -30.1, 122.3) | 夾到  1 | 滑動 中位 - 最大 - | yn 越過折線   2%(整片  48%)| 他片 >10mm   60(3.5%)最大  16.9 | 杯位移 1.8 | 自穿 2 穿杯 0 反轉 0
t= 54.53 yn close jaws            bbox 263x223x138 | 自穿    2 | 布穿杯   0 | 反轉   0 | 體積比 0.9826 | 邊長比 [0.527,1.711] | 杯心 ( -3.9,182.9,141.4) | 箱位移 (0,200,100) 蓋z(相對箱底) fxp=116.6 fxn=116.6 fyp=124.3 fyn=124.3
  G[yn] t= 54.53 yn close jaws              上指 ( -92.6, -47.4, 139.7) 下指 ( -89.0, -35.1, 127.4) | 夾到  0 | 滑動 中位 - 最大 - | yn 越過折線   2%(整片  48%)| 他片 >10mm  103(6.0%)最大  16.7 | 杯位移 1.4 | 自穿 2 穿杯 0 反轉 0
t= 55.03 yn rod out / grip hold   bbox 263x223x138 | 自穿    2 | 布穿杯   0 | 反轉   0 | 體積比 0.9832 | 邊長比 [0.521,1.691] | 杯心 ( -3.8,182.5,141.4) | 箱位移 (0,200,100) 蓋z(相對箱底) fxp=116.6 fxn=116.6 fyp=124.3 fyn=124.3
  G[yn] t= 55.03 yn rod out / grip hold     上指 ( -92.1, -45.6, 137.9) 下指 ( -89.5, -36.9, 129.2) | 夾到  0 | 滑動 中位 - 最大 - | yn 越過折線   3%(整片  48%)| 他片 >10mm  158(9.1%)最大  21.1 | 杯位移 1.7 | 自穿 2 穿杯 0 反轉 0
t= 55.53 yn rod out / grip hold   bbox 264x223x138 | 自穿    2 | 布穿杯   0 | 反轉   0 | 體積比 0.9827 | 邊長比 [0.522,1.640] | 杯心 ( -3.9,182.8,141.3) | 箱位移 (0,200,100) 蓋z(相對箱底) fxp=116.6 fxn=116.6 fyp=124.3 fyn=124.3
  G[yn] t= 55.53 yn rod out / grip hold     上指 ( -92.1, -45.6, 137.9) 下指 ( -89.5, -36.9, 129.2) | 夾到  0 | 滑動 中位 - 最大 - | yn 越過折線   3%(整片  49%)| 他片 >10mm  143(8.3%)最大  18.7 | 杯位移 1.4 | 自穿 2 穿杯 0 反轉 0
t= 56.03 yn rod out / grip hold   bbox 263x223x137 | 自穿    2 | 布穿杯   0 | 反轉   0 | 體積比 0.9828 | 邊長比 [0.521,1.668] | 杯心 ( -3.8,182.6,141.5) | 箱位移 (0,200,100) 蓋z(相對箱底) fxp=116.6 fxn=116.6 fyp=124.3 fyn=124.3 | 杯頂上 1 層 間距 13.40 頂厚 16.5
  G[yn] t= 56.03 yn rod out / grip hold     上指 ( -92.1, -45.6, 137.9) 下指 ( -89.5, -36.9, 129.2) | 夾到  0 | 滑動 中位 - 最大 - | yn 越過折線   3%(整片  49%)| 他片 >10mm  126(7.3%)最大  17.9 | 杯位移 1.6 | 自穿 2 穿杯 0 反轉 0
t= 56.53 yn rod out / grip hold   bbox 263x223x138 | 自穿    2 | 布穿杯   0 | 反轉   0 | 體積比 0.9826 | 邊長比 [0.518,1.681] | 杯心 ( -3.7,182.7,141.4) | 箱位移 (0,200,100) 蓋z(相對箱底) fxp=116.6 fxn=116.6 fyp=124.3 fyn=124.3
  G[yn] t= 56.53 yn rod out / grip hold     上指 ( -92.1, -45.6, 137.9) 下指 ( -89.5, -36.9, 129.2) | 夾到  0 | 滑動 中位 - 最大 - | yn 越過折線   3%(整片  48%)| 他片 >10mm  127(7.3%)最大  18.1 | 杯位移 1.7 | 自穿 2 穿杯 0 反轉 0

★ t=56.60 [yn] 夾好:指面之間(間距 4.5mm、足跡 20x20)的布頂點 0 個(歸屬 {})
  [yn] 弧線:彎折處(夾點那欄,即時)y=-97.3 z=91.5 mm(|flat x|<CX 各欄中位 y=-97.8 z=74.7;題目名義折線 y=-71.5);材料長度 現在 65.0 / flat 71.4 mm → 半徑 0.90 x (71.4 − 7.5) = 57.5 mm(夾爪中心起始離彎折處 70.0 mm,前 30% 角度內漸變)
  [yn] 第 1 段繞彎折處 37° → 113°(指向箱壁外頂角 y=-113.5 z=130.5);第 2 段 繞箱壁頂角 半徑 15.3mm 轉到 180°;箱外指頭最低點 >= 蓋頂 129.5 + T + 2 = 135.5 mm;終點夾爪中心 (-90.8,-128.8,148.9) mm;3.0s 後停 2.0s 再放開
t= 57.03 yn PEEL arc              bbox 263x223x139 | 自穿    1 | 布穿杯   0 | 反轉   0 | 體積比 0.9823 | 邊長比 [0.538,1.624] | 杯心 ( -4.0,182.4,141.4) | 箱位移 (0,200,100) 蓋z(相對箱底) fxp=116.6 fxn=116.6 fyp=124.3 fyn=124.3
  G[yn] t= 57.03 yn PEEL arc                上指 ( -92.1, -52.2, 140.5) 下指 ( -89.5, -42.8, 132.7) | 夾到  0 | 滑動 中位 - 最大 - | yn 越過折線   3%(整片  49%)| 他片 >10mm  119(6.9%)最大  20.1 | 杯位移 1.6 | 自穿 1 穿杯 0 反轉 0
t= 57.53 yn PEEL arc              bbox 263x223x140 | 自穿    1 | 布穿杯   0 | 反轉   0 | 體積比 0.9826 | 邊長比 [0.523,1.599] | 杯心 ( -4.3,182.2,141.4) | 箱位移 (0,200,100) 蓋z(相對箱底) fxp=116.6 fxn=116.6 fyp=124.3 fyn=124.3
  G[yn] t= 57.53 yn PEEL arc                上指 ( -92.1, -72.4, 143.5) 下指 ( -89.5, -61.2, 138.6) | 夾到  0 | 滑動 中位 - 最大 - | yn 越過折線   4%(整片  49%)| 他片 >10mm  123(7.1%)最大  21.4 | 杯位移 1.5 | 自穿 1 穿杯 0 反轉 0

★ t=57.60 [yn] peel_1_3
  G[yn] t= 57.60 yn PEEL arc                上指 ( -92.1, -75.3, 144.1) 下指 ( -89.5, -63.8, 139.8) | 夾到  0 | 滑動 中位 - 最大 - | yn 越過折線   5%(整片  50%)| 他片 >10mm  152(8.8%)最大  24.3 | 杯位移 2.0 | 自穿 2 穿杯 0 反轉 0
t= 58.03 yn PEEL arc              bbox 264x223x141 | 自穿    1 | 布穿杯   0 | 反轉   0 | 體積比 0.9830 | 邊長比 [0.532,1.633] | 杯心 ( -4.0,182.5,141.3) | 箱位移 (0,200,100) 蓋z(相對箱底) fxp=116.6 fxn=116.6 fyp=124.3 fyn=124.3 | 杯頂上 1 層 間距 10.70 頂厚 16.2
  G[yn] t= 58.03 yn PEEL arc                上指 ( -92.1, -94.0, 148.4) 下指 ( -89.5, -81.8, 148.1) | 夾到  0 | 滑動 中位 - 最大 - | yn 越過折線   1%(整片  48%)| 他片 >10mm  119(6.9%)最大  21.2 | 杯位移 1.5 | 自穿 1 穿杯 0 反轉 0
t= 58.53 yn PEEL arc              bbox 264x223x141 | 自穿    1 | 布穿杯   0 | 反轉   0 | 體積比 0.9833 | 邊長比 [0.532,1.615] | 杯心 ( -4.2,182.5,141.4) | 箱位移 (0,200,100) 蓋z(相對箱底) fxp=116.6 fxn=116.6 fyp=124.3 fyn=124.3
  G[yn] t= 58.53 yn PEEL arc                上指 ( -92.1,-116.3, 148.5) 下指 ( -89.5,-105.0, 153.0) | 夾到  0 | 滑動 中位 - 最大 - | yn 越過折線   2%(整片  48%)| 他片 >10mm  161(9.3%)最大  21.5 | 杯位移 1.4 | 自穿 1 穿杯 0 反轉 0

★ t=58.60 [yn] peel_2_3
  G[yn] t= 58.60 yn PEEL arc                上指 ( -92.1,-119.0, 148.5) 下指 ( -89.5,-107.8, 153.6) | 夾到  0 | 滑動 中位 - 最大 - | yn 越過折線   1%(整片  47%)| 他片 >10mm  137(7.9%)最大  20.7 | 杯位移 1.3 | 自穿 2 穿杯 0 反轉 0
t= 59.03 yn PEEL arc              bbox 264x223x141 | 自穿    1 | 布穿杯   0 | 反轉   0 | 體積比 0.9828 | 邊長比 [0.525,1.708] | 杯心 ( -4.0,182.4,141.3) | 箱位移 (0,200,100) 蓋z(相對箱底) fxp=116.6 fxn=116.6 fyp=124.3 fyn=124.3
  G[yn] t= 59.03 yn PEEL arc                上指 ( -92.1,-128.9, 145.5) 下指 ( -89.5,-123.8, 156.6) | 夾到  0 | 滑動 中位 - 最大 - | yn 越過折線   1%(整片  47%)| 他片 >10mm  154(8.9%)最大  23.4 | 杯位移 1.6 | 自穿 1 穿杯 0 反轉 0
t= 59.53 yn PEEL arc              bbox 264x223x140 | 自穿    1 | 布穿杯   0 | 反轉   0 | 體積比 0.9826 | 邊長比 [0.502,1.712] | 杯心 ( -3.9,182.6,141.3) | 箱位移 (0,200,100) 蓋z(相對箱底) fxp=116.6 fxn=116.6 fyp=124.3 fyn=124.3
  G[yn] t= 59.53 yn PEEL arc                上指 ( -92.1,-128.0, 142.8) 下指 ( -89.5,-129.6, 155.0) | 夾到  0 | 滑動 中位 - 最大 - | yn 越過折線   0%(整片  47%)| 他片 >10mm  115(6.7%)最大  18.9 | 杯位移 1.5 | 自穿 1 穿杯 0 反轉 0

★ t=59.60 [yn] peeled
  G[yn] t= 59.60 yn hold peeled             上指 ( -92.1,-128.0, 142.9) 下指 ( -89.5,-129.7, 155.0) | 夾到  0 | 滑動 中位 - 最大 - | yn 越過折線   1%(整片  47%)| 他片 >10mm  128(7.4%)最大  19.6 | 杯位移 1.5 | 自穿 1 穿杯 0 反轉 0
t= 60.03 yn hold peeled           bbox 264x223x140 | 自穿    2 | 布穿杯   0 | 反轉   0 | 體積比 0.9828 | 邊長比 [0.514,1.709] | 杯心 ( -3.9,182.7,141.4) | 箱位移 (0,200,100) 蓋z(相對箱底) fxp=116.6 fxn=116.6 fyp=124.3 fyn=124.3 | 杯頂上 1 層 間距 9.92 頂厚 15.9
  G[yn] t= 60.03 yn hold peeled             上指 ( -92.1,-128.0, 142.9) 下指 ( -89.5,-129.7, 155.0) | 夾到  0 | 滑動 中位 - 最大 - | yn 越過折線   0%(整片  47%)| 他片 >10mm   88(5.1%)最大  18.7 | 杯位移 1.5 | 自穿 2 穿杯 0 反轉 0
t= 60.53 yn hold peeled           bbox 264x223x140 | 自穿    2 | 布穿杯   0 | 反轉   0 | 體積比 0.9832 | 邊長比 [0.522,1.695] | 杯心 ( -3.9,182.7,141.3) | 箱位移 (0,200,100) 蓋z(相對箱底) fxp=116.6 fxn=116.6 fyp=124.3 fyn=124.3
  G[yn] t= 60.53 yn hold peeled             上指 ( -92.1,-128.0, 142.9) 下指 ( -89.5,-129.7, 155.0) | 夾到  0 | 滑動 中位 - 最大 - | yn 越過折線   0%(整片  47%)| 他片 >10mm   71(4.1%)最大  18.5 | 杯位移 1.5 | 自穿 2 穿杯 0 反轉 0
t= 61.03 yn hold peeled           bbox 264x223x141 | 自穿    1 | 布穿杯   0 | 反轉   0 | 體積比 0.9828 | 邊長比 [0.545,1.655] | 杯心 ( -4.2,182.2,141.3) | 箱位移 (0,200,100) 蓋z(相對箱底) fxp=116.6 fxn=116.6 fyp=124.3 fyn=124.3
  G[yn] t= 61.03 yn hold peeled             上指 ( -92.1,-128.0, 142.9) 下指 ( -89.5,-129.7, 155.0) | 夾到  0 | 滑動 中位 - 最大 - | yn 越過折線   1%(整片  47%)| 他片 >10mm  140(8.1%)最大  20.1 | 杯位移 1.6 | 自穿 1 穿杯 0 反轉 0
t= 61.53 yn hold peeled           bbox 264x223x140 | 自穿    1 | 布穿杯   0 | 反轉   0 | 體積比 0.9830 | 邊長比 [0.544,1.644] | 杯心 ( -4.4,182.6,141.4) | 箱位移 (0,200,100) 蓋z(相對箱底) fxp=116.6 fxn=116.6 fyp=124.3 fyn=124.3
  G[yn] t= 61.53 yn hold peeled             上指 ( -92.1,-128.0, 142.9) 下指 ( -89.5,-129.7, 155.0) | 夾到  0 | 滑動 中位 - 最大 - | yn 越過折線   0%(整片  47%)| 他片 >10mm  118(6.8%)最大  20.4 | 杯位移 1.2 | 自穿 1 穿杯 0 反轉 0

★ t=61.60 [yn] held
  G[yn] t= 61.60 yn release                 上指 ( -92.1,-128.0, 142.9) 下指 ( -89.5,-129.7, 155.0) | 夾到  0 | 滑動 中位 - 最大 - | yn 越過折線   0%(整片  47%)| 他片 >10mm  134(7.8%)最大  19.1 | 杯位移 1.3 | 自穿 1 穿杯 0 反轉 0
  杯頂俯視覆蓋 80% → 露出 20%(開始時 16%)
t= 62.03 yn release               bbox 264x223x140 | 自穿    0 | 布穿杯   0 | 反轉   0 | 體積比 0.9838 | 邊長比 [0.517,1.696] | 杯心 ( -4.6,182.4,141.4) | 箱位移 (0,200,100) 蓋z(相對箱底) fxp=116.6 fxn=116.6 fyp=124.3 fyn=124.3 | 杯頂上 1 層 間距 8.46 頂厚 16.5
  G[yn] t= 62.03 yn release                 上指 ( -94.1,-126.7, 133.7) 下指 ( -87.5,-131.0, 164.2) | 夾到  0 | 滑動 中位 - 最大 - | yn 越過折線   1%(整片  47%)| 他片 >10mm   88(5.1%)最大  19.3 | 杯位移 1.3 | 自穿 0 穿杯 0 反轉 0
t= 62.53 yn release               bbox 264x223x139 | 自穿    1 | 布穿杯   0 | 反轉   0 | 體積比 0.9829 | 邊長比 [0.534,1.712] | 杯心 ( -4.5,182.7,141.4) | 箱位移 (0,200,100) 蓋z(相對箱底) fxp=116.6 fxn=116.6 fyp=124.3 fyn=124.3
  G[yn] t= 62.53 yn release                 上指 ( -88.5,-154.1, 128.1) 下指 ( -81.8,-158.6, 159.6) | 夾到  0 | 滑動 中位 - 最大 - | yn 越過折線   0%(整片  46%)| 他片 >10mm   99(5.7%)最大  19.6 | 杯位移 1.1 | 自穿 1 穿杯 0 反轉 0
t= 63.03 yn release               bbox 264x223x140 | 自穿    0 | 布穿杯   0 | 反轉   0 | 體積比 0.9830 | 邊長比 [0.543,1.681] | 杯心 ( -4.6,182.5,141.3) | 箱位移 (0,200,100) 蓋z(相對箱底) fxp=116.6 fxn=116.6 fyp=124.3 fyn=124.3
  G[yn] t= 63.03 yn release                 上指 ( -88.2,-155.5, 181.8) 下指 ( -81.5,-160.0, 213.3) | 夾到  0 | 滑動 中位 - 最大 - | yn 越過折線   0%(整片  47%)| 他片 >10mm  116(6.7%)最大  20.1 | 杯位移 1.1 | 自穿 0 穿杯 0 反轉 0
t= 63.53 yn release               bbox 264x223x140 | 自穿    2 | 布穿杯   0 | 反轉   0 | 體積比 0.9829 | 邊長比 [0.535,1.754] | 杯心 ( -4.7,182.7,141.4) | 箱位移 (0,200,100) 蓋z(相對箱底) fxp=116.6 fxn=116.6 fyp=124.3 fyn=124.3
  G[yn] t= 63.53 yn release                 上指 ( -88.2,-155.5, 207.8) 下指 ( -81.5,-160.0, 239.3) | 夾到  0 | 滑動 中位 - 最大 - | yn 越過折線   0%(整片  47%)| 他片 >10mm   98(5.7%)最大  19.6 | 杯位移 0.9 | 自穿 2 穿杯 0 反轉 0

★ t=63.55 [yn] released
  G[yn] t= 63.55 yn release                 上指 ( -88.2,-155.5, 207.8) 下指 ( -81.5,-160.0, 239.3) | 夾到  0 | 滑動 中位 - 最大 - | yn 越過折線   0%(整片  47%)| 他片 >10mm  109(6.3%)最大  19.5 | 杯位移 0.9 | 自穿 0 穿杯 0 反轉 0
  杯頂俯視覆蓋 81% → 露出 19%(開始時 16%)

★ t=63.60 [yp] 抓取點即時排名(60 候選,(a)上方沒被壓 12 / (b)掃掠不撞 6 / (c)下方空隙>=6mm 21 / 全過 6;算了 207.0s)
   #1 v1269 tip  yp   flat(-121, 250) 位置(箱局部) (-104.8,  20.3, 126.9) 坡度  40.4° 下方空隙  33.4 上方他層 0 掃掠 牆/底/杯/布 0/0/0/0 OK
   #2 v1268 tip  yp   flat(-136, 250) 位置(箱局部) (-119.9,  14.9, 125.1) 坡度  39.6° 下方空隙  31.1 上方他層 0 掃掠 牆/底/杯/布 0/0/0/0 OK
   #3 v1270 tip  yp   flat(-107, 250) 位置(箱局部) ( -89.8,  22.0, 125.0) 坡度  40.4° 下方空隙  25.1 上方他層 0 掃掠 牆/底/杯/布 0/0/0/0 OK
   #4 v1271 tip  yp   flat( -93, 250) 位置(箱局部) ( -74.8,  23.4, 122.6) 坡度  40.2° 下方空隙  15.5 上方他層 0 掃掠 牆/底/杯/布 0/0/0/0 OK
   #5 v1274 tip  yp   flat( -50, 250) 位置(箱局部) ( -30.1,  29.8, 118.9) 坡度  40.3° 下方空隙   9.4 上方他層 0 掃掠 牆/底/杯/布 0/0/0/0 OK
   #6 v1272 tip  yp   flat( -79, 250) 位置(箱局部) ( -60.0,  25.3, 120.9) 坡度  40.1° 下方空隙   9.0 上方他層 0 掃掠 牆/底/杯/布 0/0/0/0 OK
  [yp] 選 合格第 1 名:v1269(tip)位置 (-104.8,20.3,126.9) mm、邊坡度 40.4°、下方空隙 33.4 mm;外法線 u=(0.09,-0.76,0.65);指面沿邊置中在 v1269/v1270 之間(t 偏 -7.6mm)
  [yp] 挑角路徑(箱局部 mm):rod 從上方降到 [-94.7   0.3 133. ](前端在布邊外 5mm、頂面在布底下 3mm)→ 沿 −u 伸進 25mm 到 [-97.1  19.2 116.8] → 上抬 25mm 到 [-97.1  19.2 141.8];下指進來後 rod 沿 +u 撤 45mm
  [yp] 翻面量測集:yp 片在折線(y=+71.5mm)內側的頂點 340 個;他片 xp/xn 共 1104 頂點;杯頂俯視覆蓋 81%(露出 19%)
t= 64.03 yp pick: rod to corner   bbox 264x223x140 | 自穿    1 | 布穿杯   0 | 反轉   0 | 體積比 0.9834 | 邊長比 [0.530,1.712] | 杯心 ( -4.4,182.5,141.4) | 箱位移 (0,200,100) 蓋z(相對箱底) fxp=116.6 fxn=116.6 fyp=124.3 fyn=124.3 | 杯頂上 1 層 間距 9.29 頂厚 16.5
  G[yp] t= 64.03 yp pick: rod to corner     上指 ( -88.2,-155.5, 207.8) 下指 ( -81.5,-160.0, 239.3) | 夾到  0 | 滑動 中位 - 最大 - | yp 越過折線   0%(整片  44%)| 他片 >10mm    0(0.0%)最大   5.0 | 杯位移 0.2 | 自穿 1 穿杯 0 反轉 0
t= 64.53 yp pick: rod to corner   bbox 263x223x140 | 自穿    0 | 布穿杯   0 | 反轉   0 | 體積比 0.9834 | 邊長比 [0.522,1.698] | 杯心 ( -4.4,182.6,141.4) | 箱位移 (0,200,100) 蓋z(相對箱底) fxp=116.6 fxn=116.6 fyp=124.3 fyn=124.3
  G[yp] t= 64.53 yp pick: rod to corner     上指 ( -88.2,-155.5, 207.8) 下指 ( -81.5,-160.0, 239.3) | 夾到  0 | 滑動 中位 - 最大 - | yp 越過折線   0%(整片  44%)| 他片 >10mm    0(0.0%)最大   3.7 | 杯位移 0.3 | 自穿 0 穿杯 0 反轉 0
t= 65.03 yp pick: rod to corner   bbox 264x223x141 | 自穿    1 | 布穿杯   0 | 反轉   0 | 體積比 0.9834 | 邊長比 [0.539,1.718] | 杯心 ( -4.7,182.5,141.4) | 箱位移 (0,200,100) 蓋z(相對箱底) fxp=116.6 fxn=116.6 fyp=124.3 fyn=124.3
  G[yp] t= 65.03 yp pick: rod to corner     上指 ( -88.2,-155.5, 207.8) 下指 ( -81.5,-160.0, 239.3) | 夾到  0 | 滑動 中位 - 最大 - | yp 越過折線   0%(整片  44%)| 他片 >10mm    0(0.0%)最大   4.6 | 杯位移 0.3 | 自穿 1 穿杯 0 反轉 0
t= 65.53 yp pick: rod to corner   bbox 263x223x140 | 自穿    0 | 布穿杯   0 | 反轉   0 | 體積比 0.9834 | 邊長比 [0.515,1.687] | 杯心 ( -4.7,182.6,141.4) | 箱位移 (0,200,100) 蓋z(相對箱底) fxp=116.6 fxn=116.6 fyp=124.3 fyn=124.3
  G[yp] t= 65.53 yp pick: rod to corner     上指 ( -88.2,-155.5, 207.8) 下指 ( -81.5,-160.0, 239.3) | 夾到  0 | 滑動 中位 - 最大 - | yp 越過折線   0%(整片  44%)| 他片 >10mm    0(0.0%)最大   4.2 | 杯位移 0.4 | 自穿 0 穿杯 0 反轉 0
t= 66.03 yp pick: rod insert      bbox 264x223x139 | 自穿    1 | 布穿杯   0 | 反轉   0 | 體積比 0.9828 | 邊長比 [0.524,1.739] | 杯心 ( -4.7,182.7,141.3) | 箱位移 (0,200,100) 蓋z(相對箱底) fxp=116.6 fxn=116.6 fyp=124.3 fyn=124.3 | 杯頂上 1 層 間距 8.71 頂厚 16.5
  G[yp] t= 66.03 yp pick: rod insert        上指 ( -88.2,-155.5, 207.8) 下指 ( -81.5,-160.0, 239.3) | 夾到  0 | 滑動 中位 - 最大 - | yp 越過折線   0%(整片  44%)| 他片 >10mm    0(0.0%)最大   3.4 | 杯位移 0.4 | 自穿 1 穿杯 0 反轉 0
t= 66.53 yp pick: rod insert      bbox 263x223x140 | 自穿    1 | 布穿杯   0 | 反轉   0 | 體積比 0.9834 | 邊長比 [0.517,1.726] | 杯心 ( -4.9,182.5,141.4) | 箱位移 (0,200,100) 蓋z(相對箱底) fxp=116.6 fxn=116.6 fyp=124.3 fyn=124.3
  G[yp] t= 66.53 yp pick: rod insert        上指 ( -88.2,-155.5, 207.8) 下指 ( -81.5,-160.0, 239.3) | 夾到  0 | 滑動 中位 - 最大 - | yp 越過折線   0%(整片  44%)| 他片 >10mm    0(0.0%)最大   3.3 | 杯位移 0.4 | 自穿 1 穿杯 0 反轉 0
t= 67.03 yp pick: lift corner     bbox 264x223x140 | 自穿    1 | 布穿杯   0 | 反轉   0 | 體積比 0.9827 | 邊長比 [0.543,1.743] | 杯心 ( -5.2,182.5,141.4) | 箱位移 (0,200,100) 蓋z(相對箱底) fxp=116.6 fxn=116.6 fyp=124.3 fyn=124.3
  G[yp] t= 67.03 yp pick: lift corner       上指 ( -88.2,-155.5, 207.8) 下指 ( -81.5,-160.0, 239.3) | 夾到  0 | 滑動 中位 - 最大 - | yp 越過折線   0%(整片  44%)| 他片 >10mm    0(0.0%)最大   3.9 | 杯位移 0.7 | 自穿 1 穿杯 0 反轉 0
t= 67.53 yp pick: lift corner     bbox 264x223x140 | 自穿    1 | 布穿杯   0 | 反轉   0 | 體積比 0.9833 | 邊長比 [0.528,1.723] | 杯心 ( -5.1,182.6,141.4) | 箱位移 (0,200,100) 蓋z(相對箱底) fxp=116.6 fxn=116.6 fyp=124.3 fyn=124.3
  G[yp] t= 67.53 yp pick: lift corner       上指 ( -88.2,-155.5, 207.8) 下指 ( -81.5,-160.0, 239.3) | 夾到  0 | 滑動 中位 - 最大 - | yp 越過折線   1%(整片  45%)| 他片 >10mm    0(0.0%)最大   3.6 | 杯位移 0.6 | 自穿 1 穿杯 0 反轉 0
t= 68.03 yp pick: lift corner     bbox 264x223x139 | 自穿    0 | 布穿杯   0 | 反轉   0 | 體積比 0.9828 | 邊長比 [0.526,1.761] | 杯心 ( -5.0,182.5,141.4) | 箱位移 (0,200,100) 蓋z(相對箱底) fxp=116.6 fxn=116.6 fyp=124.3 fyn=124.3 | 杯頂上 1 層 間距 8.02 頂厚 16.6
  G[yp] t= 68.03 yp pick: lift corner       上指 ( -88.2,-155.5, 207.8) 下指 ( -81.5,-160.0, 239.3) | 夾到  0 | 滑動 中位 - 最大 - | yp 越過折線   1%(整片  45%)| 他片 >10mm    0(0.0%)最大   5.4 | 杯位移 0.6 | 自穿 0 穿杯 0 反轉 0

★ t=68.10 [yp] 挑角完:角 v1269 z 126.9 → 139.8 mm(+12.9);下方空隙 33.4 → 43.6 mm;相鄰層(非 yp 片)位移 >10mm 頂點 0 / 1968,最大 5.9 mm
  [yp] 夾爪路徑(用挑角後的布邊:v1269 (-104.4,32.6,139.8) 坡度 51.3°,外法線 u=(0.08,-0.62,0.78)):張口 24.5mm 的上/下指從上方降到布邊外 32mm(下 [-93.1   5.9 148.8] / 上 [-96.4  31.  169.1])→ 沿 −u 平移 32mm(足跡 u∈[−17.5,+2.5])→ 對稱合到 下 [-96.8  33.5 130. ] / 上 [-98.1  43.1 137.8](指面間距 4.5mm);合好後 rod 沿 +u 撤
t= 68.53 yp open jaws in          bbox 264x223x140 | 自穿    1 | 布穿杯   0 | 反轉   0 | 體積比 0.9835 | 邊長比 [0.538,1.711] | 杯心 ( -4.8,182.9,141.3) | 箱位移 (0,200,100) 蓋z(相對箱底) fxp=116.6 fxn=116.6 fyp=124.3 fyn=124.3
  G[yp] t= 68.53 yp open jaws in            上指 ( -92.8, -50.6, 219.8) 下指 ( -88.0, -66.7, 222.1) | 夾到  0 | 滑動 中位 - 最大 - | yp 越過折線   1%(整片  46%)| 他片 >10mm    0(0.0%)最大   4.3 | 杯位移 0.7 | 自穿 1 穿杯 0 反轉 0
t= 69.03 yp open jaws in          bbox 264x223x140 | 自穿    1 | 布穿杯   0 | 反轉   0 | 體積比 0.9830 | 邊長比 [0.537,1.687] | 杯心 ( -5.1,182.8,141.3) | 箱位移 (0,200,100) 蓋z(相對箱底) fxp=116.6 fxn=116.6 fyp=124.3 fyn=124.3
  G[yp] t= 69.03 yp open jaws in            上指 ( -96.4,  31.0, 224.6) 下指 ( -93.1,   5.9, 204.3) | 夾到  0 | 滑動 中位 - 最大 - | yp 越過折線   1%(整片  46%)| 他片 >10mm    0(0.0%)最大   4.1 | 杯位移 0.8 | 自穿 1 穿杯 0 反轉 0
t= 69.53 yp open jaws in          bbox 264x223x141 | 自穿    0 | 布穿杯   0 | 反轉   0 | 體積比 0.9830 | 邊長比 [0.535,1.736] | 杯心 ( -5.0,182.6,141.4) | 箱位移 (0,200,100) 蓋z(相對箱底) fxp=116.6 fxn=116.6 fyp=124.3 fyn=124.3
  G[yp] t= 69.53 yp open jaws in            上指 ( -96.4,  31.0, 175.8) 下指 ( -93.1,   5.9, 155.5) | 夾到  0 | 滑動 中位 - 最大 - | yp 越過折線   1%(整片  46%)| 他片 >10mm    0(0.0%)最大   3.9 | 杯位移 0.5 | 自穿 0 穿杯 0 反轉 0
t= 70.03 yp open jaws in          bbox 264x223x140 | 自穿    2 | 布穿杯   0 | 反轉   0 | 體積比 0.9836 | 邊長比 [0.539,1.745] | 杯心 ( -5.1,182.5,141.5) | 箱位移 (0,200,100) 蓋z(相對箱底) fxp=116.6 fxn=116.6 fyp=124.3 fyn=124.3 | 杯頂上 1 層 間距 8.01 頂厚 16.5
  G[yp] t= 70.03 yp open jaws in            上指 ( -97.1,  36.2, 162.6) 下指 ( -93.8,  11.0, 142.3) | 夾到  0 | 滑動 中位 - 最大 - | yp 越過折線   1%(整片  45%)| 他片 >10mm    0(0.0%)最大   4.0 | 杯位移 0.6 | 自穿 2 穿杯 0 反轉 0
t= 70.53 yp open jaws in          bbox 264x223x140 | 自穿    0 | 布穿杯   0 | 反轉   0 | 體積比 0.9837 | 邊長比 [0.543,1.685] | 杯心 ( -5.5,183.2,141.4) | 箱位移 (0,200,100) 蓋z(相對箱底) fxp=116.6 fxn=116.6 fyp=124.3 fyn=124.3
  G[yp] t= 70.53 yp open jaws in            上指 ( -98.9,  49.4, 145.9) 下指 ( -95.5,  24.3, 125.6) | 夾到  3 | 滑動 中位 - 最大 - | yp 越過折線   3%(整片  47%)| 他片 >10mm   83(7.5%)最大  21.4 | 杯位移 1.3 | 自穿 0 穿杯 0 反轉 0
t= 71.03 yp close jaws            bbox 264x223x140 | 自穿    0 | 布穿杯   0 | 反轉   0 | 體積比 0.9831 | 邊長比 [0.553,1.727] | 杯心 ( -5.4,182.8,141.4) | 箱位移 (0,200,100) 蓋z(相對箱底) fxp=116.6 fxn=116.6 fyp=124.3 fyn=124.3
  G[yp] t= 71.03 yp close jaws              上指 ( -98.7,  48.0, 141.7) 下指 ( -96.1,  28.6, 126.1) | 夾到  5 | 滑動 中位 - 最大 - | yp 越過折線   2%(整片  46%)| 他片 >10mm   63(5.7%)最大  19.2 | 杯位移 1.0 | 自穿 0 穿杯 0 反轉 0
t= 71.53 yp rod out / grip hold   bbox 264x223x140 | 自穿    0 | 布穿杯   0 | 反轉   0 | 體積比 0.9835 | 邊長比 [0.535,1.691] | 杯心 ( -5.4,183.0,141.4) | 箱位移 (0,200,100) 蓋z(相對箱底) fxp=116.6 fxn=116.6 fyp=124.3 fyn=124.3
  G[yp] t= 71.53 yp rod out / grip hold     上指 ( -98.1,  43.1, 137.8) 下指 ( -96.8,  33.5, 130.0) | 夾到  4 | 滑動 中位 - 最大 - | yp 越過折線   1%(整片  46%)| 他片 >10mm    0(0.0%)最大   8.9 | 杯位移 1.1 | 自穿 0 穿杯 0 反轉 0
t= 72.03 yp rod out / grip hold   bbox 264x223x141 | 自穿    1 | 布穿杯   0 | 反轉   0 | 體積比 0.9835 | 邊長比 [0.543,1.731] | 杯心 ( -5.8,183.2,141.5) | 箱位移 (0,200,100) 蓋z(相對箱底) fxp=116.6 fxn=116.6 fyp=124.3 fyn=124.3 | 杯頂上 1 層 間距 7.96 頂厚 16.3
  G[yp] t= 72.03 yp rod out / grip hold     上指 ( -98.1,  43.1, 137.8) 下指 ( -96.8,  33.5, 130.0) | 夾到  5 | 滑動 中位 - 最大 - | yp 越過折線   1%(整片  46%)| 他片 >10mm   21(1.9%)最大  12.4 | 杯位移 1.5 | 自穿 1 穿杯 0 反轉 0
t= 72.53 yp rod out / grip hold   bbox 264x223x141 | 自穿    1 | 布穿杯   0 | 反轉   0 | 體積比 0.9833 | 邊長比 [0.509,1.633] | 杯心 ( -5.8,182.8,141.5) | 箱位移 (0,200,100) 蓋z(相對箱底) fxp=116.6 fxn=116.6 fyp=124.3 fyn=124.3
  G[yp] t= 72.53 yp rod out / grip hold     上指 ( -98.1,  43.1, 137.8) 下指 ( -96.8,  33.5, 130.0) | 夾到  5 | 滑動 中位 - 最大 - | yp 越過折線   2%(整片  46%)| 他片 >10mm   44(4.0%)最大  14.2 | 杯位移 1.4 | 自穿 1 穿杯 0 反轉 0
t= 73.03 yp rod out / grip hold   bbox 264x223x141 | 自穿    1 | 布穿杯   0 | 反轉   0 | 體積比 0.9834 | 邊長比 [0.516,1.731] | 杯心 ( -5.7,183.2,141.5) | 箱位移 (0,200,100) 蓋z(相對箱底) fxp=116.6 fxn=116.6 fyp=124.3 fyn=124.3
  G[yp] t= 73.03 yp rod out / grip hold     上指 ( -98.1,  43.1, 137.8) 下指 ( -96.8,  33.5, 130.0) | 夾到  5 | 滑動 中位 - 最大 - | yp 越過折線   2%(整片  46%)| 他片 >10mm    5(0.5%)最大  12.2 | 杯位移 1.5 | 自穿 1 穿杯 0 反轉 0

★ t=73.30 [yp] 夾好:指面之間(間距 4.5mm、足跡 20x20)的布頂點 5 個(歸屬 {'yp': 5})
  [yp] 弧線:彎折處(夾點那欄,即時)y=96.4 z=78.7 mm(|flat x|<CX 各欄中位 y=100.5 z=49.8;題目名義折線 y=+71.5);材料長度 現在 87.9 / flat 85.7 mm → 半徑 0.90 x (87.9 − 7.5) = 72.4 mm(夾爪中心起始離彎折處 80.1 mm,前 30% 角度內漸變)
  [yp] 第 1 段繞彎折處 44° → 108°(指向箱壁外頂角 y=+113.5 z=130.5);第 2 段 繞箱壁頂角 半徑 17.8mm 轉到 180°;箱外指頭最低點 >= 蓋頂 129.5 + T + 2 = 135.5 mm;終點夾爪中心 (-97.4,131.3,147.9) mm;3.0s 後停 2.0s 再放開
t= 73.53 yp PEEL arc              bbox 264x223x141 | 自穿    1 | 布穿杯   0 | 反轉   0 | 體積比 0.9825 | 邊長比 [0.493,1.705] | 杯心 ( -5.8,183.2,141.3) | 箱位移 (0,200,100) 蓋z(相對箱底) fxp=116.6 fxn=116.6 fyp=124.3 fyn=124.3
  G[yp] t= 73.53 yp PEEL arc                上指 ( -98.1,  45.0, 138.7) 下指 ( -96.8,  35.1, 131.2) | 夾到  5 | 滑動 中位 0.2 最大 0.3 | yp 越過折線   3%(整片  47%)| 他片 >10mm   84(7.6%)最大  23.6 | 杯位移 1.5 | 自穿 1 穿杯 0 反轉 0
t= 74.03 yp PEEL arc              bbox 264x223x145 | 自穿    0 | 布穿杯   0 | 反轉   0 | 體積比 0.9829 | 邊長比 [0.550,1.686] | 杯心 ( -4.3,186.1,141.3) | 箱位移 (0,200,100) 蓋z(相對箱底) fxp=116.6 fxn=116.6 fyp=124.3 fyn=124.3 | 杯頂上 1 層 間距 19.10 頂厚 18.1
  G[yp] t= 74.03 yp PEEL arc                上指 ( -98.1,  59.8, 143.8) 下指 ( -96.8,  48.7, 138.2) | 夾到  5 | 滑動 中位 0.3 最大 0.8 | yp 越過折線   6%(整片  48%)| 他片 >10mm  152(13.8%)最大  31.6 | 杯位移 3.8 | 自穿 0 穿杯 0 反轉 0

★ t=74.30 [yp] peel_1_3
  G[yp] t= 74.30 yp PEEL arc                上指 ( -98.1,  71.6, 146.1) 下指 ( -96.8,  59.8, 142.4) | 夾到  5 | 滑動 中位 0.4 最大 1.3 | yp 越過折線   9%(整片  50%)| 他片 >10mm  134(12.1%)最大  27.6 | 杯位移 3.9 | 自穿 1 穿杯 0 反轉 0
t= 74.53 yp PEEL arc              bbox 264x223x152 | 自穿    0 | 布穿杯   0 | 反轉   0 | 體積比 0.9840 | 邊長比 [0.548,1.709] | 杯心 ( -4.2,186.5,141.7) | 箱位移 (0,200,100) 蓋z(相對箱底) fxp=116.6 fxn=116.6 fyp=124.3 fyn=124.3
  G[yp] t= 74.53 yp PEEL arc                上指 ( -98.1,  82.4, 149.2) 下指 ( -96.8,  70.1, 147.3) | 夾到  5 | 滑動 中位 1.3 最大 2.4 | yp 越過折線  15%(整片  53%)| 他片 >10mm  115(10.4%)最大  23.6 | 杯位移 4.3 | 自穿 0 穿杯 0 反轉 0
t= 75.03 yp PEEL arc              bbox 265x223x154 | 自穿    1 | 布穿杯   0 | 反轉   0 | 體積比 0.9841 | 邊長比 [0.499,1.743] | 杯心 ( -4.4,187.2,141.6) | 箱位移 (0,200,100) 蓋z(相對箱底) fxp=116.6 fxn=116.6 fyp=124.3 fyn=124.3
  G[yp] t= 75.03 yp PEEL arc                上指 ( -98.1, 107.9, 149.6) 下指 ( -96.8,  95.7, 152.2) | 夾到  5 | 滑動 中位 1.4 最大 2.3 | yp 越過折線  23%(整片  58%)| 他片 >10mm  144(13.0%)最大  28.1 | 杯位移 4.9 | 自穿 1 穿杯 0 反轉 0

★ t=75.30 [yp] peel_2_3
  G[yp] t= 75.30 yp PEEL arc                上指 ( -98.1, 120.4, 147.4) 下指 ( -96.8, 108.9, 152.0) | 夾到  4 | 滑動 中位 2.0 最大 2.4 | yp 越過折線  26%(整片  60%)| 他片 >10mm  161(14.6%)最大  27.2 | 杯位移 4.9 | 自穿 1 穿杯 0 反轉 0
t= 75.53 yp PEEL arc              bbox 265x241x153 | 自穿    1 | 布穿杯   0 | 反轉   0 | 體積比 0.9844 | 邊長比 [0.504,1.818] | 杯心 ( -4.5,187.0,141.5) | 箱位移 (0,200,100) 蓋z(相對箱底) fxp=116.6 fxn=116.6 fyp=124.3 fyn=124.3
  G[yp] t= 75.53 yp PEEL arc                上指 ( -98.1, 128.4, 146.8) 下指 ( -96.8, 119.3, 155.3) | 夾到  4 | 滑動 中位 1.3 最大 2.3 | yp 越過折線  28%(整片  60%)| 他片 >10mm  164(14.9%)最大  27.2 | 杯位移 4.7 | 自穿 1 穿杯 0 反轉 0
t= 76.03 yp PEEL arc              bbox 264x247x151 | 自穿    0 | 布穿杯   0 | 反轉   0 | 體積比 0.9841 | 邊長比 [0.540,1.909] | 杯心 ( -4.2,187.2,141.5) | 箱位移 (0,200,100) 蓋z(相對箱底) fxp=116.6 fxn=116.6 fyp=124.3 fyn=124.3 | 杯頂上 1 層 間距 17.26 頂厚 15.9
  G[yp] t= 76.03 yp PEEL arc                上指 ( -98.1, 131.2, 140.6) 下指 ( -96.8, 131.2, 153.0) | 夾到  4 | 滑動 中位 2.1 最大 2.6 | yp 越過折線  29%(整片  62%)| 他片 >10mm  218(19.7%)最大  28.1 | 杯位移 4.9 | 自穿 0 穿杯 0 反轉 0

★ t=76.30 [yp] peeled
  G[yp] t= 76.30 yp PEEL arc                上指 ( -98.1, 130.5, 141.7) 下指 ( -96.8, 132.1, 154.1) | 夾到  4 | 滑動 中位 2.0 最大 2.8 | yp 越過折線  29%(整片  61%)| 他片 >10mm  201(18.2%)最大  27.6 | 杯位移 5.2 | 自穿 0 穿杯 0 反轉 0
t= 76.53 yp hold peeled           bbox 264x247x153 | 自穿    0 | 布穿杯   0 | 反轉   0 | 體積比 0.9839 | 邊長比 [0.530,1.965] | 杯心 ( -4.0,187.4,141.5) | 箱位移 (0,200,100) 蓋z(相對箱底) fxp=116.6 fxn=116.6 fyp=124.3 fyn=124.3
  G[yp] t= 76.53 yp hold peeled             上指 ( -98.1, 130.5, 141.7) 下指 ( -96.8, 132.1, 154.1) | 夾到  3 | 滑動 中位 2.2 最大 3.5 | yp 越過折線  29%(整片  61%)| 他片 >10mm  200(18.1%)最大  27.3 | 杯位移 5.2 | 自穿 0 穿杯 0 反轉 0
t= 77.03 yp hold peeled           bbox 264x247x154 | 自穿    0 | 布穿杯   0 | 反轉   0 | 體積比 0.9844 | 邊長比 [0.521,1.949] | 杯心 ( -3.9,187.2,141.5) | 箱位移 (0,200,100) 蓋z(相對箱底) fxp=116.6 fxn=116.6 fyp=124.3 fyn=124.3
  G[yp] t= 77.03 yp hold peeled             上指 ( -98.1, 130.5, 141.7) 下指 ( -96.8, 132.1, 154.1) | 夾到  3 | 滑動 中位 2.4 最大 3.7 | yp 越過折線  29%(整片  61%)| 他片 >10mm  173(15.7%)最大  27.2 | 杯位移 5.0 | 自穿 0 穿杯 0 反轉 0
t= 77.53 yp hold peeled           bbox 264x247x155 | 自穿    0 | 布穿杯   0 | 反轉   0 | 體積比 0.9844 | 邊長比 [0.539,1.926] | 杯心 ( -3.7,187.6,141.4) | 箱位移 (0,200,100) 蓋z(相對箱底) fxp=116.6 fxn=116.6 fyp=124.3 fyn=124.3
  G[yp] t= 77.53 yp hold peeled             上指 ( -98.1, 130.5, 141.7) 下指 ( -96.8, 132.1, 154.1) | 夾到  3 | 滑動 中位 2.4 最大 3.9 | yp 越過折線  29%(整片  61%)| 他片 >10mm  180(16.3%)最大  28.0 | 杯位移 5.3 | 自穿 0 穿杯 0 反轉 0
t= 78.03 yp hold peeled           bbox 264x247x155 | 自穿    0 | 布穿杯   0 | 反轉   0 | 體積比 0.9843 | 邊長比 [0.527,1.924] | 杯心 ( -4.1,187.5,141.5) | 箱位移 (0,200,100) 蓋z(相對箱底) fxp=116.6 fxn=116.6 fyp=124.3 fyn=124.3 | 杯頂上 1 層 間距 13.44 頂厚 15.9
  G[yp] t= 78.03 yp hold peeled             上指 ( -98.1, 130.5, 141.7) 下指 ( -96.8, 132.1, 154.1) | 夾到  2 | 滑動 中位 2.4 最大 4.0 | yp 越過折線  29%(整片  62%)| 他片 >10mm  193(17.5%)最大  28.8 | 杯位移 5.2 | 自穿 0 穿杯 0 反轉 0

★ t=78.30 [yp] held
  G[yp] t= 78.30 yp hold peeled             上指 ( -98.1, 130.5, 141.7) 下指 ( -96.8, 132.1, 154.1) | 夾到  2 | 滑動 中位 2.4 最大 3.9 | yp 越過折線  29%(整片  62%)| 他片 >10mm  200(18.1%)最大  28.7 | 杯位移 5.4 | 自穿 0 穿杯 0 反轉 0
  杯頂俯視覆蓋 77% → 露出 23%(開始時 19%)
t= 78.53 yp release               bbox 263x223x154 | 自穿    0 | 布穿杯   0 | 反轉   0 | 體積比 0.9845 | 邊長比 [0.529,1.584] | 杯心 ( -3.9,187.5,141.4) | 箱位移 (0,200,100) 蓋z(相對箱底) fxp=116.6 fxn=116.6 fyp=124.3 fyn=124.3
  G[yp] t= 78.53 yp release                 上指 ( -98.5, 129.9, 137.3) 下指 ( -96.3, 132.7, 158.5) | 夾到  0 | 滑動 中位 - 最大 - | yp 越過折線  19%(整片  56%)| 他片 >10mm  176(15.9%)最大  26.9 | 杯位移 5.3 | 自穿 0 穿杯 0 反轉 0
t= 79.03 yp release               bbox 263x223x140 | 自穿    0 | 布穿杯   0 | 反轉   0 | 體積比 0.9844 | 邊長比 [0.521,1.565] | 杯心 ( -3.9,187.5,141.5) | 箱位移 (0,200,100) 蓋z(相對箱底) fxp=116.6 fxn=116.6 fyp=124.3 fyn=124.3
  G[yp] t= 79.03 yp release                 上指 ( -98.0, 142.5, 130.0) 下指 ( -94.6, 146.8, 162.1) | 夾到  0 | 滑動 中位 - 最大 - | yp 越過折線   6%(整片  49%)| 他片 >10mm  155(14.0%)最大  25.1 | 杯位移 5.2 | 自穿 0 穿杯 0 反轉 0
t= 79.53 yp release               bbox 263x223x139 | 自穿    0 | 布穿杯   0 | 反轉   0 | 體積比 0.9844 | 邊長比 [0.522,1.567] | 杯心 ( -3.8,187.5,141.5) | 箱位移 (0,200,100) 蓋z(相對箱底) fxp=116.6 fxn=116.6 fyp=124.3 fyn=124.3
  G[yp] t= 79.53 yp release                 上指 ( -96.6, 158.8, 148.5) 下指 ( -93.2, 163.0, 180.5) | 夾到  0 | 滑動 中位 - 最大 - | yp 越過折線   6%(整片  49%)| 他片 >10mm  143(13.0%)最大  27.4 | 杯位移 5.3 | 自穿 0 穿杯 0 反轉 0
t= 80.03 yp release               bbox 263x223x139 | 自穿    0 | 布穿杯   0 | 反轉   0 | 體積比 0.9845 | 邊長比 [0.513,1.575] | 杯心 ( -3.9,187.6,141.5) | 箱位移 (0,200,100) 蓋z(相對箱底) fxp=116.6 fxn=116.6 fyp=124.3 fyn=124.3 | 杯頂上 1 層 間距 10.15 頂厚 16.7
  G[yp] t= 80.03 yp release                 上指 ( -96.6, 158.8, 207.7) 下指 ( -93.2, 163.0, 239.8) | 夾到  0 | 滑動 中位 - 最大 - | yp 越過折線   6%(整片  49%)| 他片 >10mm  164(14.9%)最大  29.9 | 杯位移 5.4 | 自穿 0 穿杯 0 反轉 0

★ t=80.25 [yp] released
  G[yp] t= 80.25 yp release                 上指 ( -96.6, 158.8, 207.7) 下指 ( -93.2, 163.0, 239.8) | 夾到  0 | 滑動 中位 - 最大 - | yp 越過折線   6%(整片  49%)| 他片 >10mm  157(14.2%)最大  27.2 | 杯位移 5.4 | 自穿 0 穿杯 0 反轉 0
  杯頂俯視覆蓋 83% → 露出 17%(開始時 19%)
t= 80.30 yp release               bbox 263x223x140 | 自穿    0 | 布穿杯   0 | 反轉   0 | 體積比 0.9848 | 邊長比 [0.513,1.567] | 杯心 ( -3.7,187.6,141.4) | 箱位移 (0,200,100) 蓋z(相對箱底) fxp=116.6 fxn=116.6 fyp=124.3 fyn=124.3 | 杯頂上 1 層 間距 9.96 頂厚 16.8
  G[yp] t= 80.30 yp release                 上指 ( -96.6, 158.8, 207.7) 下指 ( -93.2, 163.0, 239.8) | 夾到  0 | 滑動 中位 - 最大 - | yp 越過折線   6%(整片  49%)| 他片 >10mm  159(14.4%)最大  27.7 | 杯位移 5.3 | 自穿 0 穿杯 0 反轉 0

影片 → grasp/out_g/wrap.mp4(2409 幀);wall 1098.2s / sim 80.30s = 13.68

===== 判讀 wrap_vol sheet 500(跑到 all)=====
  fold_xn                t=  7.47 bbox 布 242x503x105 / 含杯 242x503x105 | 體積÷杯 9.65 | 自穿 0 | 布穿杯 0 | 反轉 0 | 體積比 0.9977 | 杯頂上 1.0 層(分佈 {0: 128, 1: 208})間距 nan 頂厚 12.3 第1層離杯頂 8.3 | 杯頂俯視覆蓋 70%
  fold_end               t= 17.50 bbox 布 251x216x127 / 含杯 251x216x127 | 體積÷杯 5.23 | 自穿 3 | 布穿杯 0 | 反轉 0 | 體積比 0.9896 | 杯頂上 3.0 層(分佈 {0: 4, 1: 85, 2: 45, 3: 179, 4: 23})間距 6.98 頂厚 26.4 第1層離杯頂 18.1 | 杯頂俯視覆蓋 99%
  closed_pre_release     t= 26.90 bbox 布 250x223x122 / 含杯 250x223x122 | 體積÷杯 5.13 | 自穿 2 | 布穿杯 0 | 反轉 0 | 體積比 0.9896 | 杯頂上 3.0 層(分佈 {0: 4, 1: 81, 2: 46, 3: 184, 4: 21})間距 6.51 頂厚 24.6 第1層離杯頂 17.9 | 杯頂俯視覆蓋 99%
  before_move            t= 28.87 bbox 布 262x223x117 / 含杯 262x223x117 | 體積÷杯 5.19 | 自穿 2 | 布穿杯 0 | 反轉 0 | 體積比 0.9846 | 杯頂上 1.0 層(分佈 {0: 56, 1: 145, 2: 63, 3: 75, 4: 1})間距 12.51 頂厚 17.3 第1層離杯頂 9.2 | 杯頂俯視覆蓋 91%
  after_move             t= 36.87 bbox 布 263x223x120 / 含杯 263x223x120 | 體積÷杯 5.33 | 自穿 0 | 布穿杯 0 | 反轉 0 | 體積比 0.9839 | 杯頂上 1.0 層(分佈 {0: 100, 1: 130, 2: 45, 3: 59, 4: 6})間距 12.37 頂厚 15.1 第1層離杯頂 7.4 | 杯頂俯視覆蓋 83%
  end                    t= 45.87 bbox 布 263x223x129 / 含杯 263x223x129 | 體積÷杯 5.74 | 自穿 2 | 布穿杯 0 | 反轉 0 | 體積比 0.9837 | 杯頂上 1.0 層(分佈 {0: 109, 1: 156, 2: 54, 3: 39, 4: 2})間距 11.85 頂厚 16.1 第1層離杯頂 9.0 | 杯頂俯視覆蓋 82%
  final                  t= 80.30 bbox 布 263x223x140 / 含杯 263x223x140 | 體積÷杯 6.21 | 自穿 0 | 布穿杯 0 | 反轉 0 | 體積比 0.9848 | 杯頂上 1.0 層(分佈 {0: 107, 1: 138, 2: 36, 3: 78, 4: 1})間距 9.96 頂厚 16.8 第1層離杯頂 8.0 | 杯頂俯視覆蓋 83%
  全程最大:自穿 9(t=15.53 tuck ears (side squeeze))| 布穿杯 1 | 反轉 1 | 邊長比 [0.400, 1.965]
  每階段結束時自穿:
    settle                     結束 t=0.03 自穿 0
    fold xp                    結束 t=3.53 自穿 0
    fold xn                    結束 t=7.03 自穿 0
    fold yp                    結束 t=10.53 自穿 0
    fold yn                    結束 t=14.03 自穿 4
    tuck ears (side squeeze)   結束 t=17.03 自穿 3
    into box                   結束 t=18.03 自穿 3
    close lower lids           結束 t=22.03 自穿 2
    close upper lids           結束 t=26.03 自穿 2
    release paddles            結束 t=26.53 自穿 2
    release anchors / settle   結束 t=28.53 自穿 1
    move box                   結束 t=34.53 自穿 0
    settle                     結束 t=36.53 自穿 0
    open upper lids            結束 t=39.53 自穿 1
    open lower lids            結束 t=42.53 自穿 1
    hold                       結束 t=45.53 自穿 1
    grasp settle               結束 t=46.53 自穿 2
    yn pick: rod to corner     結束 t=48.53 自穿 1
    yn pick: rod insert        結束 t=49.53 自穿 1
    yn pick: lift corner       結束 t=51.03 自穿 1
    yn open jaws in            結束 t=53.53 自穿 1
    yn close jaws              結束 t=54.53 自穿 2
    yn rod out / grip hold     結束 t=56.53 自穿 2
    yn PEEL arc                結束 t=59.53 自穿 1
    yn hold peeled             結束 t=61.53 自穿 1
    yn release                 結束 t=63.53 自穿 2
    yp pick: rod to corner     結束 t=65.53 自穿 0
    yp pick: rod insert        結束 t=66.53 自穿 1
    yp pick: lift corner       結束 t=68.03 自穿 0
    yp open jaws in            結束 t=70.53 自穿 0
    yp close jaws              結束 t=71.03 自穿 0
    yp rod out / grip hold     結束 t=73.03 自穿 1
    yp PEEL arc                結束 t=76.03 自穿 0
    yp hold peeled             結束 t=78.03 自穿 0
    yp release                 結束 t=80.30 自穿 0
  折 xp 尖端(綁的、|x|<=CX 的 20 點)along 19.6~20.0 z 100.5~104.7 mm(目標 along 19.9 z 103.1±2)
  折 xn 尖端(綁的、|x|<=CX 的 20 點)along 19.8~19.9 z 100.6~104.7 mm(目標 along 19.9 z 103.1±2)
  折 yp 尖端(綁的、|x|<=CX 的 24 點)along -1.5~-1.0 z 105.3~110.0 mm(目標 along -1.4 z 108.1±2)
  折 yn 尖端(綁的、|x|<=CX 的 24 點)along 3.5~3.7 z 110.4~115.1 mm(目標 along 3.6 z 113.1±2)

===== 真的入箱了嗎(逐頂點比對內腔)=====
 關蓋後(放錨前):
  布     2592 點;超出內腔 0 | x 超 0 / y 超 0 / 低於底 0(最深 0.00mm)/ 高於口 0 | x -126.4~123.4(±132) y -111.5~111.5(±112) z 3.5~125.1(3.0~133.9)
  杯子   24832 點;超出內腔 0 | x 超 0 / y 超 0 / 低於底 0(最深 0.00mm)/ 高於口 0 | x -66.6~66.6(±132) y -53.5~53.5(±112) z 9.5~102.1(3.0~133.9)
 搬前:
  布     2592 點;超出內腔 1 | x 超 0 / y 超 0 / 低於底 1(最深 1.59mm)/ 高於口 0 | x -130.4~131.5(±132) y -111.5~111.7(±112) z 1.4~118.8(3.0~133.9)
  杯子   24832 點;超出內腔 0 | x 超 0 / y 超 0 / 低於底 0(最深 0.00mm)/ 高於口 0 | x -52.6~75.5(±132) y -58.9~54.0(±112) z 8.3~102.2(3.0~133.9)
 搬後(原點 = 箱子最終位置):
  布     2592 點;超出內腔 0 | x 超 0 / y 超 0 / 低於底 0(最深 0.00mm)/ 高於口 0 | x -131.5~131.5(±132) y -111.9~111.6(±112) z 3.3~123.1(3.0~133.9)
  杯子   24832 點;超出內腔 0 | x 超 0 / y 超 0 / 低於底 0(最深 0.00mm)/ 高於口 0 | x -67.4~60.3(±132) y -69.8~44.9(±112) z 8.6~103.5(3.0~133.9)
  搬箱:箱位移 (0.0,200.0,100.0) mm;布質心相對箱 搬前→搬後 差 10.4 mm;杯心相對箱 差 17.5 mm
  杯心相對箱中心(搬後):(-3.0, -12.4, +41.2) mm(z 相對箱底內面)
 開蓋後(結束):
  布     2592 點;超出內腔 0 | x 超 0 / y 超 0 / 低於底 0(最深 0.00mm)/ 高於口 0 | x -131.5~131.5(±132) y -111.5~111.5(±112) z 2.5~131.7(3.0~133.9)
  杯子   24832 點;超出內腔 0 | x 超 0 / y 超 0 / 低於底 0(最深 0.00mm)/ 高於口 0 | x -68.4~59.8(±132) y -73.0~44.4(±112) z 8.6~103.1(3.0~133.9)
  蓋中心 z(相對箱底內面):fxp=116.6 fxn=116.6 fyp=124.3 fyn=124.3;關著時預設 fxp=123.4 fxn=123.4 fyp=128.7 fyn=128.7
  驗收:pre_in PASS(布 0 杯 0) | closed PASS(布 0 杯 0) | bm WARN(布 1 杯 0) | am PASS(布 0 杯 0) | end PASS(布 0 杯 0)(pre_in / end 蓋子開著,只計 x/y/底)
  杯子姿態:相對初始轉了 26.1°(dynamic 之後)

===== SUMMARY =====
  E 2e+03 T 4.0mm 面密度 0.10 cont 2.00 rest 0.50 tuck 1
  四折後(收耳前 t=14.03)bbox 249x239x126;側板內縮目標 258x218 ⇒ 側板會碰到布(四折後 bbox 是否超出)
  收耳後/入箱前 bbox 251x216x127
  關蓋後 bbox 250x223x122 體積÷杯 5.13
  頂力代理:下蓋底面 120.0mm;布頂 z(max/99%)放錨前 122.1/118.2 → 放錨後 2s 115.8/109.4;離蓋底 <2mm 的頂點 29 → 0
  開蓋後 3s:布頂 z max 128.7 / 99% 111.8 mm(箱口 130.9);杯頂俯視覆蓋 82%
  全程最大 自穿 9 布穿杯 1 反轉 1 邊長比 [0.400,1.965] 體積比 [0.9819,1.0009]
  wall 1098.2s

===== 抓取段判讀(--grasp 1;rank 1、挑角 25/25mm、半徑係數 0.90、掀 3.0s、間距 4.5mm、指面摩擦 2.0)=====
  [yn] 抓取點 v11 位置 (-102.9,-20.0,123.8) 坡度 26.3° 空隙 29.7 | 挑角後 z 123.8→139.0 空隙 29.7→45.0 相鄰層 >10mm 1(最大 10.3)
  [yn] 夾到 0 NG | 滑動(夾持中 中位/最大頂點)nan / nan mm NG | 越過折線 0%(整片 47%)NG;放開後 0% | 他片 >10mm 134(7.8%)最大 19.1 mm {'yp': 81, 'xp': 24, 'xn': 29} NG | 杯位移最大 2.0 mm OK | 自穿最多 3 穿杯 0 OK 反轉 0 | 露出 16% → 20%(放開後 19%)⇒ FAIL
  [yp] 抓取點 v1269 位置 (-104.8,20.3,126.9) 坡度 40.4° 空隙 33.4 | 挑角後 z 126.9→139.8 空隙 33.4→43.6 相鄰層 >10mm 0(最大 5.9)
  [yp] 夾到 5 NG | 滑動(夾持中 中位/最大頂點)2.4 / 4.0 mm OK | 越過折線 29%(整片 62%)NG;放開後 6% | 他片 >10mm 200(18.1%)最大 28.7 mm {'xp': 135, 'xn': 65} NG | 杯位移最大 5.4 mm NG | 自穿最多 2 穿杯 0 OK 反轉 0 | 露出 19% → 23%(放開後 17%)⇒ FAIL
  抓取段明細 → grasp/out_g/grasp.json
npz → grasp/out_g/wrap.npz
