=== wrap_vol sheet 500 ===
args: {'sheet_mm': 500.0, 'sheet_x_mm': 0.0, 'sheet_y_mm': 0.0, 'out': 'grasp/out_g', 'mug': 'mug.stl', 'carton': 'carton_w131.usd', 'tex': 'bubble_normal.png', 'tex_mm': 200.0, 'thick_mm': 4.0, 'nxy': 35, 'young': 2000.0, 'poisson': 0.45, 'areal': 0.1, 'fric': 0.8, 'cont': 0.002, 'rest': 0.0005, 'solver': 128, 'dt': 0.004166666666666667, 'margin': 0.012, 'wall': 0.006, 'fold_span': 3.0, 'fold_hold': 0.5, 'slow': '', 'tip_extra': '', 'tip_over_mm': 30.0, 'lid_span': 4.0, 'open_span': 3.0, 'movebox': '0,0.20,0.10', 'move_t': 6.0, 'base_collider_pad': 0.02, 'squeeze_t': 2.5, 'squeeze_mm': 3.0, 'until': 'all', 'rest_npz': '', 'cam_ref': 0.586, 'meas_dt': 0.5, 'fps': 30, 'tuck': 1, 'grasp': 1, 'grasp_rank': 1, 'pick_mm': 25.0, 'pick_in_mm': 25.0, 'arc_k': 0.9, 'peel_t': 3.0, 'gap_mm': 4.5, 'ffric': 2.0, 'pick_mode': 'jaw', 'second': 1, 'gcam_focal': 2.8}
杯子躺平 133 x 107 x 93 mm;杯口 +y、杯耳 +x;watertight=True
折線 CX=84.63 CY=71.50 mm;折邊長 x 165.4 / y 178.5 mm
set_physics_volume_deformable_body(/World/plate) -> True
  collider /World/plate:schema 預設 contactOffset=-inf restOffset=-inf → 設 0.002 / 0.0005
板 500x500x4mm:2592 點 6125 tets;dxy 14.29mm;solver 128 dt 1/240
視覺網格 /World/sheet_vis:5180 三角形(上/下/側面),泡泡法線貼圖 bubble_normal.png
杯子 kinematic,底 z=6.5 頂 z=99.1 mm
錨 xp:最外圈 72 點中 SIDEPICK 歸本邊 68,綁 20 點(上下兩層)
錨 xn:最外圈 72 點中 SIDEPICK 歸本邊 68,綁 20 點(上下兩層)
錨 yp:最外圈 72 點中 SIDEPICK 歸本邊 72,綁 24 點(上下兩層)
錨 yn:最外圈 72 點中 SIDEPICK 歸本邊 72,綁 24 點(上下兩層)
  xp:折線 84.6、折邊 165.4、已疊 0 層 → 尖端中面 z=103.1(底面 101.1)、越過頂面 arm 64.7 → 尖端 along=19.9 mm(搆不到中線)
  xn:折線 84.6、折邊 165.4、已疊 0 層 → 尖端中面 z=103.1(底面 101.1)、越過頂面 arm 64.7 → 尖端 along=19.9 mm(搆不到中線)
  yp:折線 71.5、折邊 178.5、已疊 1 層 → 尖端中面 z=108.1(底面 106.1)、越過頂面 arm 72.9 → 尖端 along=-1.4 mm(到/越過中線)
  yn:折線 71.5、折邊 178.5、已疊 2 層 → 尖端中面 z=113.1(底面 111.1)、越過頂面 arm 67.9 → 尖端 along=3.6 mm(搆不到中線)
錨:26 個 kinematic 錨體(x 邊各 1 根桿;y 邊每欄 1 個,共 24 欄),全部無碰撞;VtxXformAttachment 掛 /World/attach/*
★ 紙箱 carton_w131.usd(meta carton_w131.meta.json):5 剛體 kinematic;bbox 270x230x134;箱底內面 z=3.0、箱口最高 133.9;內腔 ±132 x ±112;鉸鏈 123.0/129.5
★ 底板碰撞加厚 20mm(不可見)
  蓋 fxp:USD 預設中心 z=126.4 → 關;開 = 轉 +180°
  蓋 fxn:USD 預設中心 z=126.4 → 關;開 = 轉 +180°
  蓋 fyp:USD 預設中心 z=131.7 → 關;開 = 轉 +180°
  蓋 fyn:USD 預設中心 z=131.7 → 關;開 = 轉 +180°
★ 紙箱 reset 前擺到旁邊 [-800.  450.   -3.] mm、蓋子開(180°);箱底內面對齊地面(z 偏 −3.0mm)
★ --grasp 1:kinematic 指 rod [ 8. 30.  8.] / 上下指 [20. 20.  8.] mm,指面摩擦 2.0(rod 0.5),cont 1 / rest 0;停在 [3. 3. 1.]
錨 rigid body view:26 個(kinematic target)
抓取指 rigid body view:3 個
抓取段:open hold 完 45.90 → settle → yn@46.90 / yp@63.60 每片 16.7s(挑角 0~4.5、下指進 ~7.1、夾好 9.7、掀 3.0s、停 2.0s、放開);結束 80.30
時間表:折 xp@0.5(3.0s) xn@4.0(3.0s) yp@7.5(3.0s) yn@11.0(3.0s) | 折完 14.50 | 入箱 17.50 | 關下蓋 18.50 | 關上蓋 22.50 | 放錨+杯動態 26.50 | 搬 28.90~34.90 | 開上蓋 36.90 | 開下蓋 39.90 | 結束 45.90(本次跑到 80.30)
渲染 30 fps,每幀 8 物理步;共 2409 幀
t=  0.03 settle                   bbox 500x500x  5 | 自穿    0 | 布穿杯   0 | 反轉   0 | 體積比 0.9993 | 邊長比 [0.995,1.005] | 杯心 (  0.0,  0.0, 52.8) | 杯頂上 0 層 間距 nan 頂厚 nan
t=  0.53 fold xp                  bbox 500x500x  5 | 自穿    0 | 布穿杯   0 | 反轉   0 | 體積比 0.9993 | 邊長比 [0.994,1.006] | 杯心 (  0.0,  0.0, 52.8)
t=  1.03 fold xp                  bbox 499x500x 47 | 自穿    0 | 布穿杯   0 | 反轉   0 | 體積比 1.0001 | 邊長比 [0.886,1.214] | 杯心 (  0.0,  0.0, 52.8)
t=  1.53 fold xp                  bbox 477x500x129 | 自穿    0 | 布穿杯   0 | 反轉   0 | 體積比 1.0008 | 邊長比 [0.800,1.478] | 杯心 (  0.0,  0.0, 52.8)
t=  2.03 fold xp                  bbox 381x507x167 | 自穿    0 | 布穿杯   0 | 反轉   0 | 體積比 1.0001 | 邊長比 [0.838,1.365] | 杯心 (  0.0,  0.0, 52.8) | 杯頂上 0 層 間距 nan 頂厚 nan
t=  2.53 fold xp                  bbox 365x502x149 | 自穿    0 | 布穿杯   0 | 反轉   0 | 體積比 0.9995 | 邊長比 [0.880,1.244] | 杯心 (  0.0,  0.0, 52.8)
t=  3.03 fold xp                  bbox 368x501x117 | 自穿    0 | 布穿杯   0 | 反轉   0 | 體積比 0.9989 | 邊長比 [0.866,1.191] | 杯心 (  0.0,  0.0, 52.8)
t=  3.53 fold xp                  bbox 373x502x104 | 自穿    0 | 布穿杯   0 | 反轉   0 | 體積比 0.9987 | 邊長比 [0.857,1.221] | 杯心 (  0.0,  0.0, 52.8)
t=  4.03 fold xn                  bbox 372x503x104 | 自穿    0 | 布穿杯   0 | 反轉   0 | 體積比 0.9986 | 邊長比 [0.847,1.244] | 杯心 (  0.0,  0.0, 52.8) | 杯頂上 0 層 間距 nan 頂厚 31.2
t=  4.53 fold xn                  bbox 370x503x104 | 自穿    0 | 布穿杯   0 | 反轉   0 | 體積比 0.9993 | 邊長比 [0.840,1.252] | 杯心 (  0.0,  0.0, 52.8)
t=  5.03 fold xn                  bbox 346x503x129 | 自穿    0 | 布穿杯   0 | 反轉   0 | 體積比 1.0002 | 邊長比 [0.803,1.465] | 杯心 (  0.0,  0.0, 52.8)
t=  5.53 fold xn                  bbox 255x508x167 | 自穿    0 | 布穿杯   0 | 反轉   0 | 體積比 0.9995 | 邊長比 [0.842,1.371] | 杯心 (  0.0,  0.0, 52.8)
t=  6.03 fold xn                  bbox 235x503x149 | 自穿    0 | 布穿杯   0 | 反轉   0 | 體積比 0.9988 | 邊長比 [0.840,1.255] | 杯心 (  0.0,  0.0, 52.8) | 杯頂上 0 層 間距 nan 頂厚 36.4
t=  6.53 fold xn                  bbox 239x503x117 | 自穿    0 | 布穿杯   0 | 反轉   0 | 體積比 0.9982 | 邊長比 [0.839,1.249] | 杯心 (  0.0,  0.0, 52.8)
t=  7.03 fold xn                  bbox 242x503x105 | 自穿    0 | 布穿杯   0 | 反轉   0 | 體積比 0.9977 | 邊長比 [0.839,1.251] | 杯心 (  0.0,  0.0, 52.8)
t=  7.53 fold yp                  bbox 241x503x105 | 自穿    0 | 布穿杯   0 | 反轉   0 | 體積比 0.9977 | 邊長比 [0.823,1.252] | 杯心 (  0.0,  0.0, 52.8)
t=  8.03 fold yp                  bbox 244x500x105 | 自穿    0 | 布穿杯   0 | 反轉   0 | 體積比 0.9980 | 邊長比 [0.773,1.255] | 杯心 (  0.0,  0.0, 52.8) | 杯頂上 1 層 間距 nan 頂厚 11.8
t=  8.53 fold yp                  bbox 248x451x147 | 自穿    0 | 布穿杯   0 | 反轉   0 | 體積比 0.9983 | 邊長比 [0.766,1.358] | 杯心 (  0.0,  0.0, 52.8)
t=  9.03 fold yp                  bbox 246x380x181 | 自穿    0 | 布穿杯   0 | 反轉   0 | 體積比 0.9972 | 邊長比 [0.680,1.406] | 杯心 (  0.0,  0.0, 52.8)
t=  9.53 fold yp                  bbox 245x369x159 | 自穿    0 | 布穿杯   0 | 反轉   0 | 體積比 0.9964 | 邊長比 [0.633,1.511] | 杯心 (  0.0,  0.0, 52.8)
t= 10.03 fold yp                  bbox 244x369x124 | 自穿    0 | 布穿杯   0 | 反轉   0 | 體積比 0.9960 | 邊長比 [0.603,1.498] | 杯心 (  0.0,  0.0, 52.8) | 杯頂上 1 層 間距 10.77 頂厚 27.1
t= 10.53 fold yp                  bbox 245x370x119 | 自穿    1 | 布穿杯   0 | 反轉   0 | 體積比 0.9952 | 邊長比 [0.617,1.552] | 杯心 (  0.0,  0.0, 52.8)
t= 11.03 fold yn                  bbox 246x370x119 | 自穿    0 | 布穿杯   0 | 反轉   0 | 體積比 0.9953 | 邊長比 [0.607,1.474] | 杯心 (  0.0,  0.0, 52.8)
t= 11.53 fold yn                  bbox 248x369x119 | 自穿    0 | 布穿杯   0 | 反轉   0 | 體積比 0.9957 | 邊長比 [0.602,1.474] | 杯心 (  0.0,  0.0, 52.8)
t= 12.03 fold yn                  bbox 252x321x148 | 自穿    0 | 布穿杯   0 | 反轉   0 | 體積比 0.9959 | 邊長比 [0.605,1.472] | 杯心 (  0.0,  0.0, 52.8) | 杯頂上 1 層 間距 7.59 頂厚 22.1
t= 12.53 fold yn                  bbox 249x246x181 | 自穿    0 | 布穿杯   0 | 反轉   0 | 體積比 0.9945 | 邊長比 [0.604,1.471] | 杯心 (  0.0,  0.0, 52.8)
t= 13.03 fold yn                  bbox 248x237x161 | 自穿    0 | 布穿杯   0 | 反轉   0 | 體積比 0.9944 | 邊長比 [0.606,1.468] | 杯心 (  0.0,  0.0, 52.8)
t= 13.53 fold yn                  bbox 249x239x133 | 自穿    0 | 布穿杯   0 | 反轉   0 | 體積比 0.9941 | 邊長比 [0.604,1.477] | 杯心 (  0.0,  0.0, 52.8)
t= 14.03 fold yn                  bbox 249x240x125 | 自穿    2 | 布穿杯   0 | 反轉   0 | 體積比 0.9922 | 邊長比 [0.596,1.494] | 杯心 (  0.0,  0.0, 52.8) | 杯頂上 3 層 間距 7.00 頂厚 25.4
t= 14.53 tuck ears (side squeeze) bbox 250x239x126 | 自穿    8 | 布穿杯   0 | 反轉   0 | 體積比 0.9930 | 邊長比 [0.555,1.570] | 杯心 (  0.0,  0.0, 52.8)
t= 15.03 tuck ears (side squeeze) bbox 250x239x126 | 自穿    6 | 布穿杯   0 | 反轉   0 | 體積比 0.9928 | 邊長比 [0.619,1.564] | 杯心 (  0.0,  0.0, 52.8)
t= 15.53 tuck ears (side squeeze) bbox 250x238x126 | 自穿    5 | 布穿杯   0 | 反轉   0 | 體積比 0.9928 | 邊長比 [0.584,1.700] | 杯心 (  0.0,  0.0, 52.8)
t= 16.03 tuck ears (side squeeze) bbox 251x239x126 | 自穿    8 | 布穿杯   0 | 反轉   0 | 體積比 0.9932 | 邊長比 [0.611,1.472] | 杯心 (  0.0,  0.0, 52.8) | 杯頂上 3 層 間距 6.75 頂厚 25.1
t= 16.53 tuck ears (side squeeze) bbox 250x239x126 | 自穿    5 | 布穿杯   0 | 反轉   0 | 體積比 0.9931 | 邊長比 [0.588,1.462] | 杯心 (  0.0,  0.0, 52.8)
t= 17.03 tuck ears (side squeeze) bbox 250x216x127 | 自穿    5 | 布穿杯   0 | 反轉   0 | 體積比 0.9907 | 邊長比 [0.572,1.536] | 杯心 (  0.0,  0.0, 52.8)
  箱子 tensor set_transforms 瞬移 5 個剛體(base + 4 蓋)

★ t=17.500 入箱:包裹(布)bbox 中心 (0.0,0.0) mm,杯心 (0.0,0.0,52.8);箱子剛性瞬移到 [ 0.  0. -3.] mm(箱底內面 = 地面)
  入箱前(瞬移前)以箱子目標位置比對內腔:
  布     2592 點;超出內腔 0 | x 超 0 / y 超 0 / 低於底 0(最深 0.00mm)/ 高於口 0 | x -126.6~123.7(±132) y -108.0~108.0(±112) z 3.5~130.8(3.0~133.9)
  杯子   24832 點;超出內腔 0 | x 超 0 / y 超 0 / 低於底 0(最深 0.00mm)/ 高於口 0 | x -66.6~66.6(±132) y -53.5~53.5(±112) z 9.5~102.1(3.0~133.9)
  地板碰撞關閉(1 collider);箱底(+pad)接手
t= 17.53 into box                 bbox 250x216x127 | 自穿    3 | 布穿杯   0 | 反轉   0 | 體積比 0.9903 | 邊長比 [0.541,1.533] | 杯心 (  0.0,  0.0, 52.8) | 箱位移 (0,0,0) 蓋z(相對箱底) fxp=116.6 fxn=116.6 fyp=124.3 fyn=124.3
t= 18.03 into box                 bbox 250x216x127 | 自穿    4 | 布穿杯   0 | 反轉   0 | 體積比 0.9904 | 邊長比 [0.538,1.539] | 杯心 (  0.0,  0.0, 52.8) | 箱位移 (0,0,0) 蓋z(相對箱底) fxp=116.6 fxn=116.6 fyp=124.3 fyn=124.3 | 杯頂上 3 層 間距 6.45 頂厚 26.1
t= 18.53 close lower lids         bbox 249x216x131 | 自穿    3 | 布穿杯   0 | 反轉   0 | 體積比 0.9910 | 邊長比 [0.571,1.542] | 杯心 (  0.0,  0.0, 52.8) | 箱位移 (0,0,0) 蓋z(相對箱底) fxp=116.7 fxn=116.7 fyp=124.3 fyn=124.3
t= 19.03 close lower lids         bbox 250x216x130 | 自穿    4 | 布穿杯   0 | 反轉   0 | 體積比 0.9909 | 邊長比 [0.576,1.540] | 杯心 (  0.0,  0.0, 52.8) | 箱位移 (0,0,0) 蓋z(相對箱底) fxp=125.4 fxn=125.4 fyp=124.3 fyn=124.3
t= 19.53 close lower lids         bbox 250x216x130 | 自穿    5 | 布穿杯   0 | 反轉   0 | 體積比 0.9910 | 邊長比 [0.573,1.541] | 杯心 (  0.0,  0.0, 52.8) | 箱位移 (0,0,0) 蓋z(相對箱底) fxp=145.6 fxn=145.6 fyp=124.3 fyn=124.3
t= 20.03 close lower lids         bbox 250x216x129 | 自穿    5 | 布穿杯   0 | 反轉   0 | 體積比 0.9910 | 邊長比 [0.569,1.532] | 杯心 (  0.0,  0.0, 52.8) | 箱位移 (0,0,0) 蓋z(相對箱底) fxp=167.5 fxn=167.5 fyp=124.3 fyn=124.3 | 杯頂上 3 層 間距 7.61 頂厚 28.0
t= 20.53 close lower lids         bbox 249x216x130 | 自穿    4 | 布穿杯   0 | 反轉   0 | 體積比 0.9909 | 邊長比 [0.571,1.541] | 杯心 (  0.0,  0.0, 52.8) | 箱位移 (0,0,0) 蓋z(相對箱底) fxp=177.5 fxn=177.5 fyp=124.3 fyn=124.3
t= 21.03 close lower lids         bbox 249x216x130 | 自穿    4 | 布穿杯   0 | 反轉   0 | 體積比 0.9911 | 邊長比 [0.567,1.542] | 杯心 (  0.0,  0.0, 52.8) | 箱位移 (0,0,0) 蓋z(相對箱底) fxp=168.9 fxn=168.9 fyp=124.3 fyn=124.3
t= 21.53 close lower lids         bbox 249x216x130 | 自穿    3 | 布穿杯   0 | 反轉   0 | 體積比 0.9909 | 邊長比 [0.571,1.544] | 杯心 (  0.0,  0.0, 52.8) | 箱位移 (0,0,0) 蓋z(相對箱底) fxp=148.6 fxn=148.6 fyp=124.3 fyn=124.3
t= 22.03 close lower lids         bbox 250x216x130 | 自穿    4 | 布穿杯   0 | 反轉   0 | 體積比 0.9904 | 邊長比 [0.574,1.550] | 杯心 (  0.0,  0.0, 52.8) | 箱位移 (0,0,0) 蓋z(相對箱底) fxp=130.1 fxn=130.1 fyp=124.3 fyn=124.3 | 杯頂上 3 層 間距 6.99 頂厚 27.3
t= 22.53 close upper lids         bbox 250x216x124 | 自穿    4 | 布穿杯   0 | 反轉   0 | 體積比 0.9900 | 邊長比 [0.567,1.555] | 杯心 (  0.0,  0.0, 52.8) | 箱位移 (0,0,0) 蓋z(相對箱底) fxp=123.4 fxn=123.4 fyp=124.3 fyn=124.3
t= 23.03 close upper lids         bbox 250x216x124 | 自穿    3 | 布穿杯   0 | 反轉   0 | 體積比 0.9902 | 邊長比 [0.573,1.553] | 杯心 (  0.0,  0.0, 52.8) | 箱位移 (0,0,0) 蓋z(相對箱底) fxp=123.4 fxn=123.4 fyp=132.7 fyn=132.7
t= 23.53 close upper lids         bbox 251x216x124 | 自穿    5 | 布穿杯   0 | 反轉   0 | 體積比 0.9902 | 邊長比 [0.539,1.544] | 杯心 (  0.0,  0.0, 52.8) | 箱位移 (0,0,0) 蓋z(相對箱底) fxp=123.4 fxn=123.4 fyp=152.1 fyn=152.1
t= 24.03 close upper lids         bbox 250x216x124 | 自穿    6 | 布穿杯   1 | 反轉   0 | 體積比 0.9902 | 邊長比 [0.570,1.731] | 杯心 (  0.0,  0.0, 52.8) | 箱位移 (0,0,0) 蓋z(相對箱底) fxp=123.4 fxn=123.4 fyp=172.7 fyn=172.7 | 杯頂上 3 層 間距 7.00 頂厚 26.9
t= 24.53 close upper lids         bbox 250x216x124 | 自穿    4 | 布穿杯   0 | 反轉   0 | 體積比 0.9902 | 邊長比 [0.573,1.584] | 杯心 (  0.0,  0.0, 52.8) | 箱位移 (0,0,0) 蓋z(相對箱底) fxp=123.4 fxn=123.4 fyp=181.8 fyn=181.8
t= 25.03 close upper lids         bbox 251x216x124 | 自穿    5 | 布穿杯   0 | 反轉   0 | 體積比 0.9904 | 邊長比 [0.573,1.693] | 杯心 (  0.0,  0.0, 52.8) | 箱位移 (0,0,0) 蓋z(相對箱底) fxp=123.4 fxn=123.4 fyp=172.9 fyn=172.9
t= 25.53 close upper lids         bbox 251x216x124 | 自穿    4 | 布穿杯   0 | 反轉   0 | 體積比 0.9902 | 邊長比 [0.570,1.716] | 杯心 (  0.0,  0.0, 52.8) | 箱位移 (0,0,0) 蓋z(相對箱底) fxp=123.4 fxn=123.4 fyp=153.1 fyn=153.1
t= 26.03 close upper lids         bbox 251x216x124 | 自穿    3 | 布穿杯   0 | 反轉   0 | 體積比 0.9901 | 邊長比 [0.574,1.734] | 杯心 (  0.0,  0.0, 52.8) | 箱位移 (0,0,0) 蓋z(相對箱底) fxp=123.4 fxn=123.4 fyp=135.2 fyn=135.2 | 杯頂上 3 層 間距 6.96 頂厚 26.4
t= 26.53 release paddles          bbox 251x219x124 | 自穿    3 | 布穿杯   0 | 反轉   0 | 體積比 0.9902 | 邊長比 [0.580,1.749] | 杯心 (  0.0,  0.0, 52.8) | 箱位移 (0,0,0) 蓋z(相對箱底) fxp=123.4 fxn=123.4 fyp=128.7 fyn=128.7

★ t=26.900 關蓋完成 → RemovePrim 全部錨點(4 scope);杯子轉 dynamic
t= 27.03 release anchors / settle bbox 258x223x124 | 自穿    1 | 布穿杯   0 | 反轉   0 | 體積比 0.9894 | 邊長比 [0.574,1.517] | 杯心 (  2.8, -6.4, 48.2) | 箱位移 (0,0,0) 蓋z(相對箱底) fxp=123.4 fxn=123.4 fyp=128.7 fyn=128.7
t= 27.53 release anchors / settle bbox 259x223x120 | 自穿    3 | 布穿杯   0 | 反轉   0 | 體積比 0.9886 | 邊長比 [0.490,1.550] | 杯心 ( 10.4, -5.7, 44.6) | 箱位移 (0,0,0) 蓋z(相對箱底) fxp=123.4 fxn=123.4 fyp=128.7 fyn=128.7
t= 28.03 release anchors / settle bbox 263x223x125 | 自穿    1 | 布穿杯   0 | 反轉   0 | 體積比 0.9886 | 邊長比 [0.582,1.574] | 杯心 ( 13.6, -4.3, 41.7) | 箱位移 (0,0,0) 蓋z(相對箱底) fxp=123.4 fxn=123.4 fyp=128.7 fyn=128.7 | 杯頂上 1 層 間距 14.66 頂厚 23.2
t= 28.53 release anchors / settle bbox 263x223x125 | 自穿    0 | 布穿杯   0 | 反轉   0 | 體積比 0.9888 | 邊長比 [0.586,1.582] | 杯心 ( 11.1, -5.1, 41.7) | 箱位移 (0,0,0) 蓋z(相對箱底) fxp=123.4 fxn=123.4 fyp=128.7 fyn=128.7
t= 29.03 move box                 bbox 263x223x123 | 自穿    0 | 布穿杯   0 | 反轉   0 | 體積比 0.9882 | 邊長比 [0.558,1.572] | 杯心 ( 11.5, -4.9, 41.7) | 箱位移 (0,0,0) 蓋z(相對箱底) fxp=123.4 fxn=123.4 fyp=128.7 fyn=128.7
t= 29.53 move box                 bbox 264x223x123 | 自穿    1 | 布穿杯   0 | 反轉   0 | 體積比 0.9880 | 邊長比 [0.539,1.566] | 杯心 ( 11.8,  1.1, 44.7) | 箱位移 (0,6,3) 蓋z(相對箱底) fxp=123.4 fxn=123.4 fyp=128.7 fyn=128.7
t= 30.03 move box                 bbox 263x223x124 | 自穿    1 | 布穿杯   0 | 反轉   0 | 體積比 0.9875 | 邊長比 [0.496,1.567] | 杯心 ( 12.1, 13.3, 50.8) | 箱位移 (0,19,9) 蓋z(相對箱底) fxp=123.4 fxn=123.4 fyp=128.7 fyn=128.7 | 杯頂上 1 層 間距 14.23 頂厚 22.6
t= 30.53 move box                 bbox 263x223x125 | 自穿    1 | 布穿杯   0 | 反轉   0 | 體積比 0.9885 | 邊長比 [0.522,1.566] | 杯心 ( 12.0, 31.0, 59.8) | 箱位移 (0,36,18) 蓋z(相對箱底) fxp=123.4 fxn=123.4 fyp=128.7 fyn=128.7
t= 31.03 move box                 bbox 263x223x121 | 自穿    0 | 布穿杯   0 | 反轉   0 | 體積比 0.9877 | 邊長比 [0.514,1.561] | 杯心 ( 12.0, 52.4, 70.4) | 箱位移 (0,58,29) 蓋z(相對箱底) fxp=123.4 fxn=123.4 fyp=128.7 fyn=128.7
t= 31.53 move box                 bbox 263x223x121 | 自穿    0 | 布穿杯   0 | 反轉   0 | 體積比 0.9877 | 邊長比 [0.473,1.544] | 杯心 ( 12.4, 76.5, 82.3) | 箱位移 (0,82,41) 蓋z(相對箱底) fxp=123.4 fxn=123.4 fyp=128.7 fyn=128.7
t= 32.03 move box                 bbox 263x223x121 | 自穿    0 | 布穿杯   0 | 反轉   0 | 體積比 0.9884 | 邊長比 [0.542,1.545] | 杯心 ( 12.9,101.4, 94.7) | 箱位移 (0,107,53) 蓋z(相對箱底) fxp=123.4 fxn=123.4 fyp=128.7 fyn=128.7 | 杯頂上 1 層 間距 13.57 頂厚 14.3
t= 32.53 move box                 bbox 263x223x122 | 自穿    0 | 布穿杯   0 | 反轉   0 | 體積比 0.9880 | 邊長比 [0.554,1.549] | 杯心 ( 13.2,125.8,107.1) | 箱位移 (0,131,66) 蓋z(相對箱底) fxp=123.4 fxn=123.4 fyp=128.7 fyn=128.7
t= 33.03 move box                 bbox 263x223x120 | 自穿    0 | 布穿杯   0 | 反轉   0 | 體積比 0.9879 | 邊長比 [0.495,1.546] | 杯心 ( 13.0,148.6,118.5) | 箱位移 (0,154,77) 蓋z(相對箱底) fxp=123.4 fxn=123.4 fyp=128.7 fyn=128.7
t= 33.53 move box                 bbox 263x223x120 | 自穿    0 | 布穿杯   0 | 反轉   0 | 體積比 0.9883 | 邊長比 [0.550,1.543] | 杯心 ( 13.0,168.4,128.4) | 箱位移 (0,174,87) 蓋z(相對箱底) fxp=123.4 fxn=123.4 fyp=128.7 fyn=128.7
t= 34.03 move box                 bbox 263x223x126 | 自穿    0 | 布穿杯   0 | 反轉   0 | 體積比 0.9883 | 邊長比 [0.526,1.537] | 杯心 ( 12.9,183.6,135.9) | 箱位移 (0,189,94) 蓋z(相對箱底) fxp=123.4 fxn=123.4 fyp=128.7 fyn=128.7 | 杯頂上 1 層 間距 16.23 頂厚 26.3
t= 34.53 move box                 bbox 263x223x121 | 自穿    0 | 布穿杯   0 | 反轉   0 | 體積比 0.9881 | 邊長比 [0.542,1.547] | 杯心 ( 12.8,192.6,140.5) | 箱位移 (0,198,99) 蓋z(相對箱底) fxp=123.4 fxn=123.4 fyp=128.7 fyn=128.7
t= 35.03 settle                   bbox 263x223x121 | 自穿    0 | 布穿杯   0 | 反轉   0 | 體積比 0.9879 | 邊長比 [0.534,1.556] | 杯心 ( 13.3,194.6,141.4) | 箱位移 (0,200,100) 蓋z(相對箱底) fxp=123.4 fxn=123.4 fyp=128.7 fyn=128.7
t= 35.53 settle                   bbox 263x223x125 | 自穿    0 | 布穿杯   0 | 反轉   0 | 體積比 0.9879 | 邊長比 [0.509,1.564] | 杯心 ( 13.4,194.9,141.6) | 箱位移 (0,200,100) 蓋z(相對箱底) fxp=123.4 fxn=123.4 fyp=128.7 fyn=128.7
t= 36.03 settle                   bbox 263x223x127 | 自穿    1 | 布穿杯   0 | 反轉   0 | 體積比 0.9883 | 邊長比 [0.526,1.557] | 杯心 ( 13.3,195.0,141.5) | 箱位移 (0,200,100) 蓋z(相對箱底) fxp=123.4 fxn=123.4 fyp=128.7 fyn=128.7 | 杯頂上 1 層 間距 17.46 頂厚 35.1
t= 36.53 settle                   bbox 263x223x127 | 自穿    0 | 布穿杯   0 | 反轉   0 | 體積比 0.9879 | 邊長比 [0.535,1.552] | 杯心 ( 13.8,195.1,141.6) | 箱位移 (0,200,100) 蓋z(相對箱底) fxp=123.4 fxn=123.4 fyp=128.7 fyn=128.7
t= 37.03 open upper lids          bbox 263x223x127 | 自穿    0 | 布穿杯   0 | 反轉   0 | 體積比 0.9877 | 邊長比 [0.529,1.556] | 杯心 ( 13.8,195.3,141.5) | 箱位移 (0,200,100) 蓋z(相對箱底) fxp=123.4 fxn=123.4 fyp=129.7 fyn=129.7
t= 37.53 open upper lids          bbox 263x223x128 | 自穿    0 | 布穿杯   0 | 反轉   0 | 體積比 0.9882 | 邊長比 [0.530,1.556] | 杯心 ( 13.7,195.3,141.5) | 箱位移 (0,200,100) 蓋z(相對箱底) fxp=123.4 fxn=123.4 fyp=148.1 fyn=148.1
t= 38.03 open upper lids          bbox 263x223x128 | 自穿    0 | 布穿杯   0 | 反轉   0 | 體積比 0.9881 | 邊長比 [0.528,1.562] | 杯心 ( 13.8,195.3,141.6) | 箱位移 (0,200,100) 蓋z(相對箱底) fxp=123.4 fxn=123.4 fyp=174.3 fyn=174.3 | 杯頂上 1 層 間距 17.24 頂厚 32.1
t= 38.53 open upper lids          bbox 263x223x126 | 自穿    2 | 布穿杯   0 | 反轉   0 | 體積比 0.9879 | 邊長比 [0.526,1.560] | 杯心 ( 14.0,195.3,141.6) | 箱位移 (0,200,100) 蓋z(相對箱底) fxp=123.4 fxn=123.4 fyp=180.1 fyn=180.1
t= 39.03 open upper lids          bbox 263x223x126 | 自穿    0 | 布穿杯   0 | 反轉   0 | 體積比 0.9878 | 邊長比 [0.525,1.557] | 杯心 ( 14.0,195.2,141.5) | 箱位移 (0,200,100) 蓋z(相對箱底) fxp=123.4 fxn=123.4 fyp=157.5 fyn=157.5
t= 39.53 open upper lids          bbox 263x223x125 | 自穿    0 | 布穿杯   0 | 反轉   0 | 體積比 0.9876 | 邊長比 [0.522,1.562] | 杯心 ( 14.1,195.2,141.5) | 箱位移 (0,200,100) 蓋z(相對箱底) fxp=123.4 fxn=123.4 fyp=131.4 fyn=131.4
t= 40.03 open lower lids          bbox 263x223x129 | 自穿    0 | 布穿杯   0 | 反轉   0 | 體積比 0.9876 | 邊長比 [0.519,1.560] | 杯心 ( 14.2,195.2,141.4) | 箱位移 (0,200,100) 蓋z(相對箱底) fxp=124.4 fxn=124.4 fyp=124.3 fyn=124.3 | 杯頂上 1 層 間距 17.49 頂厚 32.8
t= 40.53 open lower lids          bbox 263x223x156 | 自穿    0 | 布穿杯   0 | 反轉   0 | 體積比 0.9882 | 邊長比 [0.524,1.558] | 杯心 ( 14.3,195.1,141.5) | 箱位移 (0,200,100) 蓋z(相對箱底) fxp=143.4 fxn=143.4 fyp=124.3 fyn=124.3
t= 41.03 open lower lids          bbox 263x223x157 | 自穿    0 | 布穿杯   0 | 反轉   0 | 體積比 0.9867 | 邊長比 [0.511,1.551] | 杯心 ( 14.3,194.9,141.5) | 箱位移 (0,200,100) 蓋z(相對箱底) fxp=170.3 fxn=170.3 fyp=124.3 fyn=124.3
t= 41.53 open lower lids          bbox 263x235x166 | 自穿    0 | 布穿杯   0 | 反轉   0 | 體積比 0.9878 | 邊長比 [0.533,1.545] | 杯心 ( 13.9,194.8,141.5) | 箱位移 (0,200,100) 蓋z(相對箱底) fxp=175.5 fxn=175.5 fyp=124.3 fyn=124.3
t= 42.03 open lower lids          bbox 263x236x166 | 自穿    0 | 布穿杯   0 | 反轉   0 | 體積比 0.9880 | 邊長比 [0.537,1.538] | 杯心 ( 13.9,194.4,141.4) | 箱位移 (0,200,100) 蓋z(相對箱底) fxp=151.4 fxn=151.4 fyp=124.3 fyn=124.3 | 杯頂上 1 層 間距 18.35 頂厚 15.3
t= 42.53 open lower lids          bbox 263x232x166 | 自穿    0 | 布穿杯   0 | 反轉   0 | 體積比 0.9879 | 邊長比 [0.543,1.541] | 杯心 ( 13.8,194.7,141.4) | 箱位移 (0,200,100) 蓋z(相對箱底) fxp=124.1 fxn=124.1 fyp=124.3 fyn=124.3
t= 43.03 hold                     bbox 263x230x165 | 自穿    1 | 布穿杯   0 | 反轉   0 | 體積比 0.9884 | 邊長比 [0.512,1.538] | 杯心 ( 14.0,194.9,141.4) | 箱位移 (0,200,100) 蓋z(相對箱底) fxp=116.6 fxn=116.6 fyp=124.3 fyn=124.3
t= 43.53 hold                     bbox 263x223x162 | 自穿    0 | 布穿杯   0 | 反轉   0 | 體積比 0.9882 | 邊長比 [0.477,1.533] | 杯心 ( 14.2,194.8,141.4) | 箱位移 (0,200,100) 蓋z(相對箱底) fxp=116.6 fxn=116.6 fyp=124.3 fyn=124.3
t= 44.03 hold                     bbox 263x223x156 | 自穿    0 | 布穿杯   0 | 反轉   0 | 體積比 0.9879 | 邊長比 [0.490,1.531] | 杯心 ( 14.1,195.0,141.5) | 箱位移 (0,200,100) 蓋z(相對箱底) fxp=116.6 fxn=116.6 fyp=124.3 fyn=124.3 | 杯頂上 1 層 間距 19.66 頂厚 15.1
t= 44.53 hold                     bbox 263x223x149 | 自穿    1 | 布穿杯   0 | 反轉   0 | 體積比 0.9886 | 邊長比 [0.523,1.538] | 杯心 ( 13.8,195.6,141.5) | 箱位移 (0,200,100) 蓋z(相對箱底) fxp=116.6 fxn=116.6 fyp=124.3 fyn=124.3
t= 45.03 hold                     bbox 263x223x143 | 自穿    2 | 布穿杯   0 | 反轉   0 | 體積比 0.9875 | 邊長比 [0.525,1.555] | 杯心 ( 14.3,196.4,141.5) | 箱位移 (0,200,100) 蓋z(相對箱底) fxp=116.6 fxn=116.6 fyp=124.3 fyn=124.3
t= 45.53 hold                     bbox 263x223x133 | 自穿    1 | 布穿杯   0 | 反轉   0 | 體積比 0.9880 | 邊長比 [0.501,1.546] | 杯心 ( 14.0,196.1,141.6) | 箱位移 (0,200,100) 蓋z(相對箱底) fxp=116.6 fxn=116.6 fyp=124.3 fyn=124.3
t= 46.03 grasp settle             bbox 263x223x125 | 自穿    1 | 布穿杯   0 | 反轉   0 | 體積比 0.9874 | 邊長比 [0.511,1.550] | 杯心 ( 14.2,196.1,141.5) | 箱位移 (0,200,100) 蓋z(相對箱底) fxp=116.6 fxn=116.6 fyp=124.3 fyn=124.3 | 杯頂上 1 層 間距 17.22 頂厚 14.4
t= 46.53 grasp settle             bbox 263x223x125 | 自穿    1 | 布穿杯   0 | 反轉   0 | 體積比 0.9874 | 邊長比 [0.523,1.552] | 杯心 ( 14.0,195.9,141.6) | 箱位移 (0,200,100) 蓋z(相對箱底) fxp=116.6 fxn=116.6 fyp=124.3 fyn=124.3

★ t=46.90 [yn] 抓取點即時排名(60 候選,(a)上方沒被壓 18 / (b)掃掠不撞 13 / (c)下方空隙>=6mm 26 / 全過 13;算了 61.1s)
   #1 v9    tip  yn   flat(-121,-250) 位置(箱局部) (-118.0, -19.1, 126.6) 坡度  36.9° 下方空隙  31.2 上方他層 0 掃掠 牆/底/杯/布 0/0/0/0 OK
   #2 v10   tip  yn   flat(-107,-250) 位置(箱局部) (-103.1, -21.4, 125.0) 坡度  35.6° 下方空隙  30.0 上方他層 0 掃掠 牆/底/杯/布 0/0/0/0 OK
   #3 v11   tip  yn   flat( -93,-250) 位置(箱局部) ( -89.5, -20.9, 120.5) 坡度  35.0° 下方空隙  28.9 上方他層 0 掃掠 牆/底/杯/布 0/0/0/0 OK
   #4 v26   tip  yn   flat( 121,-250) 位置(箱局部) ( 109.0, -14.6, 124.2) 坡度  31.9° 下方空隙  27.8 上方他層 0 掃掠 牆/底/杯/布 0/0/0/0 OK
   #5 v27   tip  yn   flat( 136,-250) 位置(箱局部) ( 119.0,  -6.7, 117.0) 坡度  31.3° 下方空隙  26.8 上方他層 0 掃掠 牆/底/杯/布 0/0/0/0 OK
   #6 v25   tip  yn   flat( 107,-250) 位置(箱局部) (  95.3, -17.2, 122.2) 坡度  31.3° 下方空隙  26.5 上方他層 0 掃掠 牆/底/杯/布 0/0/0/0 OK
  [yn] 選 合格第 1 名:v9(tip)位置 (-118.0,-19.1,126.6) mm、邊坡度 36.9°、下方空隙 31.2 mm;外法線 u=(0.04,0.80,0.60);指面沿邊置中在 v9/v10 之間(t 偏 7.5mm)
  [yn] 挑角路徑(jaw 模式,箱局部 mm):下指從上方降到 [-109.4   -0.6  129.7](足跡 u∈[+7,+27]、頂面在布底下 3mm)→ 沿 −u 伸進 25mm 到 [-110.5  -20.6  114.7](足跡 u∈[-18,2])→ 上抬 25mm 到 [-110.5  -20.6  139.7]
  [yn] 翻面量測集:yn 片在折線(y=-71.5mm)內側的頂點 307 個;他片 yp/xp/xn 共 1728 頂點;杯頂俯視覆蓋 90%(露出 10%)
t= 47.03 yn pick: lower jaw to corner bbox 263x223x125 | 自穿    1 | 布穿杯   0 | 反轉   0 | 體積比 0.9874 | 邊長比 [0.520,1.560] | 杯心 ( 14.4,195.8,141.5) | 箱位移 (0,200,100) 蓋z(相對箱底) fxp=116.6 fxn=116.6 fyp=124.3 fyn=124.3
  G[yn] t= 47.03 yn pick: lower jaw to corner 上指 (3000.0,2900.0, 903.0) 下指 (2848.9,2854.2, 869.3) | 夾到  0 | 滑動 中位 - 最大 - | yn 越過折線   0%(整片  46%)| 他片 >10mm    0(0.0%)最大   2.2 | 杯位移 0.0 | 自穿 1 穿杯 0 反轉 0
t= 47.53 yn pick: lower jaw to corner bbox 263x223x125 | 自穿    1 | 布穿杯   0 | 反轉   0 | 體積比 0.9875 | 邊長比 [0.522,1.557] | 杯心 ( 14.5,195.8,141.5) | 箱位移 (0,200,100) 蓋z(相對箱底) fxp=116.6 fxn=116.6 fyp=124.3 fyn=124.3
  G[yn] t= 47.53 yn pick: lower jaw to corner 上指 (3000.0,2900.0, 903.0) 下指 ( 838.1, 913.8, 421.0) | 夾到  0 | 滑動 中位 - 最大 - | yn 越過折線   0%(整片  46%)| 他片 >10mm    0(0.0%)最大   2.8 | 杯位移 0.1 | 自穿 1 穿杯 0 反轉 0
t= 48.03 yn pick: lower jaw to corner bbox 263x223x124 | 自穿    1 | 布穿杯   0 | 反轉   0 | 體積比 0.9876 | 邊長比 [0.521,1.563] | 杯心 ( 14.1,195.9,141.5) | 箱位移 (0,200,100) 蓋z(相對箱底) fxp=116.6 fxn=116.6 fyp=124.3 fyn=124.3 | 杯頂上 1 層 間距 16.90 頂厚 13.5
  G[yn] t= 48.03 yn pick: lower jaw to corner 上指 (3000.0,2900.0, 903.0) 下指 (-109.4,  -0.6, 205.9) | 夾到  0 | 滑動 中位 - 最大 - | yn 越過折線   0%(整片  46%)| 他片 >10mm    0(0.0%)最大   9.5 | 杯位移 0.3 | 自穿 1 穿杯 0 反轉 0
t= 48.53 yn pick: lower jaw to corner bbox 263x223x123 | 自穿    1 | 布穿杯   0 | 反轉   0 | 體積比 0.9874 | 邊長比 [0.516,1.566] | 杯心 ( 14.2,196.0,141.5) | 箱位移 (0,200,100) 蓋z(相對箱底) fxp=116.6 fxn=116.6 fyp=124.3 fyn=124.3
  G[yn] t= 48.53 yn pick: lower jaw to corner 上指 (3000.0,2900.0, 903.0) 下指 (-109.4,  -0.6, 154.1) | 夾到  0 | 滑動 中位 - 最大 - | yn 越過折線   0%(整片  46%)| 他片 >10mm    1(0.1%)最大  10.2 | 杯位移 0.3 | 自穿 1 穿杯 0 反轉 0
t= 49.03 yn pick: lower jaw insert bbox 263x223x123 | 自穿    0 | 布穿杯   0 | 反轉   0 | 體積比 0.9873 | 邊長比 [0.519,1.564] | 杯心 ( 14.5,196.0,141.4) | 箱位移 (0,200,100) 蓋z(相對箱底) fxp=116.6 fxn=116.6 fyp=124.3 fyn=124.3
  G[yn] t= 49.03 yn pick: lower jaw insert  上指 (3000.0,2900.0, 903.0) 下指 (-109.5,  -1.6, 129.0) | 夾到  0 | 滑動 中位 - 最大 - | yn 越過折線   0%(整片  46%)| 他片 >10mm    0(0.0%)最大   9.5 | 杯位移 0.2 | 自穿 0 穿杯 0 反轉 0
t= 49.53 yn pick: lower jaw insert bbox 263x223x122 | 自穿    0 | 布穿杯   0 | 反轉   0 | 體積比 0.9872 | 邊長比 [0.494,1.563] | 杯心 ( 14.5,195.9,141.5) | 箱位移 (0,200,100) 蓋z(相對箱底) fxp=116.6 fxn=116.6 fyp=124.3 fyn=124.3
  G[yn] t= 49.53 yn pick: lower jaw insert  上指 (3000.0,2900.0, 903.0) 下指 (-110.2, -14.5, 119.3) | 夾到  0 | 滑動 中位 - 最大 - | yn 越過折線   0%(整片  48%)| 他片 >10mm    0(0.0%)最大  10.0 | 杯位移 0.1 | 自穿 0 穿杯 0 反轉 0
t= 50.03 yn pick: lift corner     bbox 263x223x121 | 自穿    0 | 布穿杯   0 | 反轉   0 | 體積比 0.9864 | 邊長比 [0.503,1.563] | 杯心 ( 14.5,195.9,141.4) | 箱位移 (0,200,100) 蓋z(相對箱底) fxp=116.6 fxn=116.6 fyp=124.3 fyn=124.3 | 杯頂上 1 層 間距 15.51 頂厚 12.4
  G[yn] t= 50.03 yn pick: lift corner       上指 (3000.0,2900.0, 903.0) 下指 (-110.5, -20.6, 115.9) | 夾到  0 | 滑動 中位 - 最大 - | yn 越過折線   0%(整片  49%)| 他片 >10mm    1(0.1%)最大  10.9 | 杯位移 0.2 | 自穿 0 穿杯 0 反轉 0
t= 50.53 yn pick: lift corner     bbox 263x223x130 | 自穿    0 | 布穿杯   0 | 反轉   0 | 體積比 0.9874 | 邊長比 [0.513,1.567] | 杯心 ( 14.5,196.2,141.5) | 箱位移 (0,200,100) 蓋z(相對箱底) fxp=116.6 fxn=116.6 fyp=124.3 fyn=124.3
  G[yn] t= 50.53 yn pick: lift corner       上指 (3000.0,2900.0, 903.0) 下指 (-110.5, -20.6, 132.1) | 夾到  0 | 滑動 中位 - 最大 - | yn 越過折線   0%(整片  49%)| 他片 >10mm    1(0.1%)最大  10.2 | 杯位移 0.4 | 自穿 0 穿杯 0 反轉 0
t= 51.03 yn pick: lift corner     bbox 263x223x123 | 自穿    0 | 布穿杯   0 | 反轉   0 | 體積比 0.9875 | 邊長比 [0.516,1.565] | 杯心 ( 14.4,196.1,141.4) | 箱位移 (0,200,100) 蓋z(相對箱底) fxp=116.6 fxn=116.6 fyp=124.3 fyn=124.3
  G[yn] t= 51.03 yn pick: lift corner       上指 (3000.0,2900.0, 903.0) 下指 (-110.5, -20.6, 139.7) | 夾到  0 | 滑動 中位 - 最大 - | yn 越過折線   0%(整片  46%)| 他片 >10mm    1(0.1%)最大  10.1 | 杯位移 0.3 | 自穿 0 穿杯 0 反轉 0

★ t=51.40 [yn] 挑角完:角 v9 z 126.6 → 124.9 mm(+-1.7);下方空隙 31.2 → 29.0 mm;相鄰層(非 yn 片)位移 >10mm 頂點 0 / 1968,最大 9.8 mm
  [yn] 上指:從 +z 降到下指正上方 [-111.4  -37.1  161.7] → 沿 −n 合 15mm 到 [-110.9  -28.1  149.7](指面間距 4.5mm);挑角後躺在下指頂面上(0~7mm)的布頂點 0 個
t= 51.53 yn upper jaw down        bbox 263x223x124 | 自穿    0 | 布穿杯   0 | 反轉   0 | 體積比 0.9876 | 邊長比 [0.523,1.561] | 杯心 ( 14.4,196.1,141.4) | 箱位移 (0,200,100) 蓋z(相對箱底) fxp=116.6 fxn=116.6 fyp=124.3 fyn=124.3
  G[yn] t= 51.53 yn upper jaw down          上指 (2769.5,2682.4, 852.5) 下指 (-110.5, -20.6, 139.7) | 夾到  0 | 滑動 中位 - 最大 - | yn 越過折線   0%(整片  46%)| 他片 >10mm    0(0.0%)最大   9.8 | 杯位移 0.3 | 自穿 0 穿杯 0 反轉 0
t= 52.03 yn upper jaw down        bbox 263x223x124 | 自穿    0 | 布穿杯   0 | 反轉   0 | 體積比 0.9877 | 邊長比 [0.523,1.561] | 杯心 ( 14.4,196.1,141.4) | 箱位移 (0,200,100) 蓋z(相對箱底) fxp=116.6 fxn=116.6 fyp=124.3 fyn=124.3 | 杯頂上 1 層 間距 15.45 頂厚 12.7
  G[yn] t= 52.03 yn upper jaw down          上指 ( 237.4, 292.2, 298.1) 下指 (-110.5, -20.6, 139.7) | 夾到  0 | 滑動 中位 - 最大 - | yn 越過折線   0%(整片  46%)| 他片 >10mm    0(0.0%)最大  10.0 | 杯位移 0.3 | 自穿 0 穿杯 0 反轉 0
t= 52.53 yn upper jaw down        bbox 263x223x122 | 自穿    0 | 布穿杯   0 | 反轉   0 | 體積比 0.9874 | 邊長比 [0.523,1.562] | 杯心 ( 14.5,196.2,141.3) | 箱位移 (0,200,100) 蓋z(相對箱底) fxp=116.6 fxn=116.6 fyp=124.3 fyn=124.3
  G[yn] t= 52.53 yn upper jaw down          上指 (-111.4, -37.1, 199.1) 下指 (-110.5, -20.6, 139.7) | 夾到  0 | 滑動 中位 - 最大 - | yn 越過折線   0%(整片  46%)| 他片 >10mm    1(0.1%)最大  10.1 | 杯位移 0.4 | 自穿 0 穿杯 0 反轉 0
t= 53.03 yn close jaws            bbox 263x223x123 | 自穿    0 | 布穿杯   0 | 反轉   0 | 體積比 0.9878 | 邊長比 [0.519,1.564] | 杯心 ( 14.4,196.3,141.4) | 箱位移 (0,200,100) 蓋z(相對箱底) fxp=116.6 fxn=116.6 fyp=124.3 fyn=124.3
  G[yn] t= 53.03 yn close jaws              上指 (-111.4, -37.0, 161.6) 下指 (-110.5, -20.6, 139.7) | 夾到  0 | 滑動 中位 - 最大 - | yn 越過折線   0%(整片  46%)| 他片 >10mm    0(0.0%)最大   9.7 | 杯位移 0.5 | 自穿 0 穿杯 0 反轉 0
t= 53.53 yn close jaws            bbox 263x223x122 | 自穿    0 | 布穿杯   0 | 反轉   0 | 體積比 0.9877 | 邊長比 [0.518,1.561] | 杯心 ( 14.4,196.2,141.4) | 箱位移 (0,200,100) 蓋z(相對箱底) fxp=116.6 fxn=116.6 fyp=124.3 fyn=124.3
  G[yn] t= 53.53 yn close jaws              上指 (-111.1, -30.4, 152.8) 下指 (-110.5, -20.6, 139.7) | 夾到  0 | 滑動 中位 - 最大 - | yn 越過折線   0%(整片  45%)| 他片 >10mm    1(0.1%)最大  10.1 | 杯位移 0.5 | 自穿 0 穿杯 0 反轉 0
t= 54.03 yn grip hold             bbox 263x223x122 | 自穿    0 | 布穿杯   0 | 反轉   0 | 體積比 0.9877 | 邊長比 [0.525,1.557] | 杯心 ( 14.5,196.3,141.5) | 箱位移 (0,200,100) 蓋z(相對箱底) fxp=116.6 fxn=116.6 fyp=124.3 fyn=124.3 | 杯頂上 1 層 間距 14.87 頂厚 12.9
  G[yn] t= 54.03 yn grip hold               上指 (-110.9, -28.1, 149.7) 下指 (-110.5, -20.6, 139.7) | 夾到  0 | 滑動 中位 - 最大 - | yn 越過折線   0%(整片  45%)| 他片 >10mm    0(0.0%)最大   9.5 | 杯位移 0.5 | 自穿 0 穿杯 0 反轉 0
t= 54.53 yn grip hold             bbox 263x223x123 | 自穿    0 | 布穿杯   0 | 反轉   0 | 體積比 0.9877 | 邊長比 [0.524,1.559] | 杯心 ( 14.5,196.3,141.4) | 箱位移 (0,200,100) 蓋z(相對箱底) fxp=116.6 fxn=116.6 fyp=124.3 fyn=124.3
  G[yn] t= 54.53 yn grip hold               上指 (-110.9, -28.1, 149.7) 下指 (-110.5, -20.6, 139.7) | 夾到  0 | 滑動 中位 - 最大 - | yn 越過折線   0%(整片  45%)| 他片 >10mm    1(0.1%)最大  10.5 | 杯位移 0.6 | 自穿 0 穿杯 0 反轉 0
t= 55.03 yn grip hold             bbox 263x223x124 | 自穿    0 | 布穿杯   0 | 反轉   0 | 體積比 0.9878 | 邊長比 [0.524,1.559] | 杯心 ( 14.4,196.3,141.4) | 箱位移 (0,200,100) 蓋z(相對箱底) fxp=116.6 fxn=116.6 fyp=124.3 fyn=124.3
  G[yn] t= 55.03 yn grip hold               上指 (-110.9, -28.1, 149.7) 下指 (-110.5, -20.6, 139.7) | 夾到  0 | 滑動 中位 - 最大 - | yn 越過折線   0%(整片  45%)| 他片 >10mm    1(0.1%)最大  10.1 | 杯位移 0.5 | 自穿 0 穿杯 0 反轉 0
t= 55.53 yn grip hold             bbox 263x223x124 | 自穿    0 | 布穿杯   0 | 反轉   0 | 體積比 0.9877 | 邊長比 [0.517,1.563] | 杯心 ( 14.3,196.2,141.4) | 箱位移 (0,200,100) 蓋z(相對箱底) fxp=116.6 fxn=116.6 fyp=124.3 fyn=124.3
  G[yn] t= 55.53 yn grip hold               上指 (-110.9, -28.1, 149.7) 下指 (-110.5, -20.6, 139.7) | 夾到  0 | 滑動 中位 - 最大 - | yn 越過折線   0%(整片  45%)| 他片 >10mm    1(0.1%)最大  10.0 | 杯位移 0.5 | 自穿 0 穿杯 0 反轉 0
t= 56.03 yn grip hold             bbox 263x223x123 | 自穿    0 | 布穿杯   0 | 反轉   0 | 體積比 0.9876 | 邊長比 [0.521,1.562] | 杯心 ( 14.4,196.4,141.4) | 箱位移 (0,200,100) 蓋z(相對箱底) fxp=116.6 fxn=116.6 fyp=124.3 fyn=124.3 | 杯頂上 1 層 間距 15.29 頂厚 13.2
  G[yn] t= 56.03 yn grip hold               上指 (-110.9, -28.1, 149.7) 下指 (-110.5, -20.6, 139.7) | 夾到  0 | 滑動 中位 - 最大 - | yn 越過折線   0%(整片  45%)| 他片 >10mm    2(0.1%)最大  12.0 | 杯位移 0.7 | 自穿 0 穿杯 0 反轉 0
t= 56.53 yn grip hold             bbox 263x223x123 | 自穿    0 | 布穿杯   0 | 反轉   0 | 體積比 0.9875 | 邊長比 [0.523,1.557] | 杯心 ( 14.5,196.6,141.3) | 箱位移 (0,200,100) 蓋z(相對箱底) fxp=116.6 fxn=116.6 fyp=124.3 fyn=124.3
  G[yn] t= 56.53 yn grip hold               上指 (-110.9, -28.1, 149.7) 下指 (-110.5, -20.6, 139.7) | 夾到  0 | 滑動 中位 - 最大 - | yn 越過折線   0%(整片  45%)| 他片 >10mm    1(0.1%)最大  10.8 | 杯位移 0.9 | 自穿 0 穿杯 0 反轉 0
  [yn] 實際 rod 位置(箱局部)[3000. 2800.  903.] mm vs 目標 [3000. 2800.  903.]
  [yn] 實際 up 位置(箱局部)[-110.9  -28.1  149.7] mm vs 目標 [-110.9  -28.1  149.7]
  [yn] 實際 lo 位置(箱局部)[-110.5  -20.6  139.7] mm vs 目標 [-110.5  -20.6  139.7]

★ t=56.60 [yn] 夾好:指面之間(間距 4.5mm、足跡 20x20)的布頂點 0 個(歸屬 {})
  [yn] 參考:足跡外擴 2.5mm、離指面 <=2.5mm 的布頂點 0 個;夾爪 30mm 內布頂點的 (t,u,n) mm:v9(-10,-6,-20); v10(6,-8,-19); v11(20,-10,-23); v45(-10,-21,-18); v46(5,-22,-18); v47(20,-24,-22); v1305(-9,-6,-23); v1306(6,-8,-23); v1307(19,-10,-27); v1341(-8,-21,-22); v1342(5,-23,-22); v1343(19,-25,-26)
  [yn] 弧線:彎折處(夾點那欄,即時)y=-92.0 z=76.9 mm(|flat x|<CX 各欄中位 y=-93.6 z=68.3;題目名義折線 y=-71.5);材料長度 現在 89.4 / flat 85.7 mm → 半徑 0.90 x (89.4 − 7.5) = 73.7 mm(夾爪中心起始離彎折處 95.8 mm,前 30% 角度內漸變)
  [yn] 第 1 段繞彎折處 45° → 112°(指向箱壁外頂角 y=-113.5 z=130.5);第 2 段 繞箱壁頂角 半徑 15.9mm 轉到 180°;箱外指頭最低點 >= 蓋頂 129.5 + T + 2 = 135.5 mm;終點夾爪中心 (-110.7,-129.4,147.4) mm;3.0s 後停 2.0s 再放開
t= 57.03 yn PEEL arc              bbox 263x223x123 | 自穿    0 | 布穿杯   0 | 反轉   0 | 體積比 0.9879 | 邊長比 [0.509,1.559] | 杯心 ( 14.3,196.7,141.5) | 箱位移 (0,200,100) 蓋z(相對箱底) fxp=116.6 fxn=116.6 fyp=124.3 fyn=124.3
  G[yn] t= 57.03 yn PEEL arc                上指 (-110.9, -37.4, 150.7) 下指 (-110.5, -29.1, 141.4) | 夾到  0 | 滑動 中位 - 最大 - | yn 越過折線   0%(整片  45%)| 他片 >10mm    1(0.1%)最大  11.2 | 杯位移 0.9 | 自穿 0 穿杯 0 反轉 0
t= 57.53 yn PEEL arc              bbox 263x223x123 | 自穿    0 | 布穿杯   0 | 反轉   0 | 體積比 0.9879 | 邊長比 [0.518,1.561] | 杯心 ( 14.3,196.8,141.5) | 箱位移 (0,200,100) 蓋z(相對箱底) fxp=116.6 fxn=116.6 fyp=124.3 fyn=124.3
  G[yn] t= 57.53 yn PEEL arc                上指 (-110.9, -64.0, 147.8) 下指 (-110.5, -53.7, 140.8) | 夾到  0 | 滑動 中位 - 最大 - | yn 越過折線   0%(整片  45%)| 他片 >10mm    2(0.1%)最大  12.0 | 杯位移 1.0 | 自穿 0 穿杯 0 反轉 0

★ t=57.60 [yn] peel_1_3
  G[yn] t= 57.60 yn PEEL arc                上指 (-110.9, -67.5, 147.7) 下指 (-110.5, -56.9, 141.0) | 夾到  0 | 滑動 中位 - 最大 - | yn 越過折線   0%(整片  45%)| 他片 >10mm    2(0.1%)最大  12.0 | 杯位移 1.0 | 自穿 0 穿杯 0 反轉 0
t= 58.03 yn PEEL arc              bbox 263x223x123 | 自穿    0 | 布穿杯   0 | 反轉   0 | 體積比 0.9879 | 邊長比 [0.523,1.555] | 杯心 ( 14.4,196.8,141.4) | 箱位移 (0,200,100) 蓋z(相對箱底) fxp=116.6 fxn=116.6 fyp=124.3 fyn=124.3 | 杯頂上 1 層 間距 15.03 頂厚 13.0
  G[yn] t= 58.03 yn PEEL arc                上指 (-110.9, -89.2, 151.7) 下指 (-110.5, -77.1, 148.5) | 夾到  0 | 滑動 中位 - 最大 - | yn 越過折線   0%(整片  45%)| 他片 >10mm    2(0.1%)最大  11.4 | 杯位移 1.0 | 自穿 0 穿杯 0 反轉 0
t= 58.53 yn PEEL arc              bbox 263x223x123 | 自穿    0 | 布穿杯   0 | 反轉   0 | 體積比 0.9875 | 邊長比 [0.519,1.560] | 杯心 ( 14.5,196.9,141.3) | 箱位移 (0,200,100) 蓋z(相對箱底) fxp=116.6 fxn=116.6 fyp=124.3 fyn=124.3
  G[yn] t= 58.53 yn PEEL arc                上指 (-110.9,-114.8, 148.2) 下指 (-110.5,-102.3, 149.2) | 夾到  0 | 滑動 中位 - 最大 - | yn 越過折線   0%(整片  45%)| 他片 >10mm    1(0.1%)最大  10.0 | 杯位移 1.2 | 自穿 0 穿杯 0 反轉 0

★ t=58.60 [yn] peel_2_3
  G[yn] t= 58.60 yn PEEL arc                上指 (-110.9,-117.8, 147.1) 下指 (-110.5,-105.4, 148.7) | 夾到  0 | 滑動 中位 - 最大 - | yn 越過折線   0%(整片  45%)| 他片 >10mm    2(0.1%)最大  11.1 | 杯位移 0.9 | 自穿 0 穿杯 0 反轉 0
t= 59.03 yn PEEL arc              bbox 263x223x123 | 自穿    0 | 布穿杯   0 | 反轉   0 | 體積比 0.9876 | 邊長比 [0.522,1.559] | 杯心 ( 14.5,196.8,141.4) | 箱位移 (0,200,100) 蓋z(相對箱底) fxp=116.6 fxn=116.6 fyp=124.3 fyn=124.3
  G[yn] t= 59.03 yn PEEL arc                上指 (-110.9,-130.8, 145.8) 下指 (-110.5,-122.2, 154.9) | 夾到  0 | 滑動 中位 - 最大 - | yn 越過折線   0%(整片  45%)| 他片 >10mm    2(0.1%)最大  10.7 | 杯位移 1.0 | 自穿 0 穿杯 0 反轉 0
t= 59.53 yn PEEL arc              bbox 263x223x122 | 自穿    0 | 布穿杯   0 | 反轉   0 | 體積比 0.9877 | 邊長比 [0.516,1.564] | 杯心 ( 14.5,196.9,141.4) | 箱位移 (0,200,100) 蓋z(相對箱底) fxp=116.6 fxn=116.6 fyp=124.3 fyn=124.3
  G[yn] t= 59.53 yn PEEL arc                上指 (-110.9,-130.4, 141.3) 下指 (-110.5,-128.5, 153.7) | 夾到  0 | 滑動 中位 - 最大 - | yn 越過折線   0%(整片  45%)| 他片 >10mm    1(0.1%)最大  10.1 | 杯位移 1.1 | 自穿 0 穿杯 0 反轉 0

★ t=59.60 [yn] peeled
  G[yn] t= 59.60 yn hold peeled             上指 (-110.9,-130.3, 141.2) 下指 (-110.5,-128.6, 153.6) | 夾到  0 | 滑動 中位 - 最大 - | yn 越過折線   0%(整片  45%)| 他片 >10mm    1(0.1%)最大  11.4 | 杯位移 1.0 | 自穿 0 穿杯 0 反轉 0
t= 60.03 yn hold peeled           bbox 263x223x122 | 自穿    0 | 布穿杯   0 | 反轉   0 | 體積比 0.9875 | 邊長比 [0.525,1.557] | 杯心 ( 14.6,196.9,141.3) | 箱位移 (0,200,100) 蓋z(相對箱底) fxp=116.6 fxn=116.6 fyp=124.3 fyn=124.3 | 杯頂上 1 層 間距 14.63 頂厚 12.5
  G[yn] t= 60.03 yn hold peeled             上指 (-110.9,-130.3, 141.2) 下指 (-110.5,-128.6, 153.6) | 夾到  0 | 滑動 中位 - 最大 - | yn 越過折線   0%(整片  45%)| 他片 >10mm    0(0.0%)最大   9.9 | 杯位移 1.1 | 自穿 0 穿杯 0 反轉 0
t= 60.53 yn hold peeled           bbox 263x223x122 | 自穿    0 | 布穿杯   0 | 反轉   0 | 體積比 0.9877 | 邊長比 [0.524,1.557] | 杯心 ( 14.5,196.7,141.4) | 箱位移 (0,200,100) 蓋z(相對箱底) fxp=116.6 fxn=116.6 fyp=124.3 fyn=124.3
  G[yn] t= 60.53 yn hold peeled             上指 (-110.9,-130.3, 141.2) 下指 (-110.5,-128.6, 153.6) | 夾到  0 | 滑動 中位 - 最大 - | yn 越過折線   0%(整片  45%)| 他片 >10mm    1(0.1%)最大  11.1 | 杯位移 1.0 | 自穿 0 穿杯 0 反轉 0
t= 61.03 yn hold peeled           bbox 263x223x123 | 自穿    0 | 布穿杯   0 | 反轉   0 | 體積比 0.9878 | 邊長比 [0.516,1.560] | 杯心 ( 14.5,196.8,141.3) | 箱位移 (0,200,100) 蓋z(相對箱底) fxp=116.6 fxn=116.6 fyp=124.3 fyn=124.3
  G[yn] t= 61.03 yn hold peeled             上指 (-110.9,-130.3, 141.2) 下指 (-110.5,-128.6, 153.6) | 夾到  0 | 滑動 中位 - 最大 - | yn 越過折線   0%(整片  45%)| 他片 >10mm    2(0.1%)最大  10.2 | 杯位移 1.1 | 自穿 0 穿杯 0 反轉 0
t= 61.53 yn hold peeled           bbox 263x223x123 | 自穿    0 | 布穿杯   0 | 反轉   0 | 體積比 0.9876 | 邊長比 [0.522,1.560] | 杯心 ( 14.6,196.8,141.3) | 箱位移 (0,200,100) 蓋z(相對箱底) fxp=116.6 fxn=116.6 fyp=124.3 fyn=124.3
  G[yn] t= 61.53 yn hold peeled             上指 (-110.9,-130.3, 141.2) 下指 (-110.5,-128.6, 153.6) | 夾到  0 | 滑動 中位 - 最大 - | yn 越過折線   0%(整片  45%)| 他片 >10mm    0(0.0%)最大   9.9 | 杯位移 1.1 | 自穿 0 穿杯 0 反轉 0

★ t=61.60 [yn] held
  G[yn] t= 61.60 yn release                 上指 (-110.9,-130.3, 141.2) 下指 (-110.5,-128.6, 153.6) | 夾到  0 | 滑動 中位 - 最大 - | yn 越過折線   0%(整片  45%)| 他片 >10mm    2(0.1%)最大  10.3 | 杯位移 1.0 | 自穿 0 穿杯 0 反轉 0
  杯頂俯視覆蓋 91% → 露出 9%(開始時 10%)
t= 62.03 yn release               bbox 263x223x123 | 自穿    0 | 布穿杯   0 | 反轉   0 | 體積比 0.9876 | 邊長比 [0.507,1.560] | 杯心 ( 14.5,196.8,141.3) | 箱位移 (0,200,100) 蓋z(相對箱底) fxp=116.6 fxn=116.6 fyp=124.3 fyn=124.3 | 杯頂上 1 層 間距 14.87 頂厚 12.2
  G[yn] t= 62.03 yn release                 上指 (-111.2,-131.7, 131.8) 下指 (-110.2,-127.2, 163.0) | 夾到  0 | 滑動 中位 - 最大 - | yn 越過折線   0%(整片  45%)| 他片 >10mm    3(0.2%)最大  10.5 | 杯位移 1.0 | 自穿 0 穿杯 0 反轉 0
t= 62.53 yn release               bbox 263x223x122 | 自穿    0 | 布穿杯   0 | 反轉   0 | 體積比 0.9878 | 邊長比 [0.514,1.564] | 杯心 ( 14.6,197.0,141.4) | 箱位移 (0,200,100) 蓋z(相對箱底) fxp=116.6 fxn=116.6 fyp=124.3 fyn=124.3
  G[yn] t= 62.53 yn release                 上指 (-110.0,-160.0, 135.4) 下指 (-109.0,-155.4, 167.5) | 夾到  0 | 滑動 中位 - 最大 - | yn 越過折線   0%(整片  45%)| 他片 >10mm    2(0.1%)最大  10.8 | 杯位移 1.2 | 自穿 0 穿杯 0 反轉 0
t= 63.03 yn release               bbox 263x223x122 | 自穿    0 | 布穿杯   0 | 反轉   0 | 體積比 0.9877 | 邊長比 [0.520,1.561] | 杯心 ( 14.4,196.8,141.4) | 箱位移 (0,200,100) 蓋z(相對箱底) fxp=116.6 fxn=116.6 fyp=124.3 fyn=124.3
  G[yn] t= 63.03 yn release                 上指 (-110.0,-161.4, 189.6) 下指 (-108.9,-156.8, 221.7) | 夾到  0 | 滑動 中位 - 最大 - | yn 越過折線   0%(整片  45%)| 他片 >10mm    2(0.1%)最大  10.9 | 杯位移 1.1 | 自穿 0 穿杯 0 反轉 0
t= 63.53 yn release               bbox 263x223x123 | 自穿    0 | 布穿杯   0 | 反轉   0 | 體積比 0.9879 | 邊長比 [0.516,1.561] | 杯心 ( 14.3,197.0,141.3) | 箱位移 (0,200,100) 蓋z(相對箱底) fxp=116.6 fxn=116.6 fyp=124.3 fyn=124.3
  G[yn] t= 63.53 yn release                 上指 (-110.0,-161.4, 215.6) 下指 (-108.9,-156.8, 247.7) | 夾到  0 | 滑動 中位 - 最大 - | yn 越過折線   0%(整片  45%)| 他片 >10mm    2(0.1%)最大  11.2 | 杯位移 1.2 | 自穿 0 穿杯 0 反轉 0

★ t=63.55 [yn] released
  G[yn] t= 63.55 yn release                 上指 (-110.0,-161.4, 215.6) 下指 (-108.9,-156.8, 247.7) | 夾到  0 | 滑動 中位 - 最大 - | yn 越過折線   0%(整片  45%)| 他片 >10mm    2(0.1%)最大  10.8 | 杯位移 1.2 | 自穿 0 穿杯 0 反轉 0
  杯頂俯視覆蓋 91% → 露出 9%(開始時 10%)

★ t=63.60 [yp] 抓取點即時排名(60 候選,(a)上方沒被壓 2 / (b)掃掠不撞 0 / (c)下方空隙>=6mm 25 / 全過 0;算了 147.8s)
   #1 v1278 tip  yp   flat(   7, 250) 位置(箱局部) (  -4.9,   8.3, 112.1) 坡度   5.2° 下方空隙   6.3 上方他層 0 掃掠 牆/底/杯/布 0/0/24/41 NG
   #2 v1279 tip  yp   flat(  21, 250) 位置(箱局部) (   8.8,   7.3, 109.1) 坡度   5.1° 下方空隙   3.5 上方他層 0 掃掠 牆/底/杯/布 0/0/30/80 NG
   #3 v828  side xn   flat(-250,  79) 位置(箱局部) ( -21.4,  65.5,  67.9) 坡度  42.5° 下方空隙  62.1 上方他層 24 掃掠 牆/底/杯/布 0/0/0/722 NG
   #4 v1007 side xp   flat( 250, 136) 位置(箱局部) (  39.1,  84.7,  69.6) 坡度  36.2° 下方空隙  51.5 上方他層 11 掃掠 牆/底/杯/布 0/0/0/588 NG
   #5 v864  side xn   flat(-250,  93) 位置(箱局部) ( -13.3,  74.4,  58.1) 坡度  36.6° 下方空隙  42.6 上方他層 23 掃掠 牆/底/杯/布 0/0/0/660 NG
   #6 v1269 tip  yp   flat(-121, 250) 位置(箱局部) (-124.2,  -2.9,  85.4) 坡度   3.2° 下方空隙  41.1 上方他層 13 掃掠 牆/底/杯/布 288/0/0/848 NG
  [yp] 選 ★ 沒有合格點 → 退而求其次:下方空隙最大:v828(side)位置 (-21.4,65.5,67.9) mm、邊坡度 42.5°、下方空隙 62.1 mm;外法線 u=(0.74,0.06,0.68);指面沿邊置中在 v828/v828 之間(t 偏 0.0mm)
  [yp] 挑角路徑(jaw 模式,箱局部 mm):下指從上方降到 [-2.9 66.9 72.8](足跡 u∈[+7,+27]、頂面在布底下 3mm)→ 沿 −u 伸進 25mm 到 [-21.3  65.5  55.9](足跡 u∈[-18,2])→ 上抬 25mm 到 [-21.3  65.5  80.9]
  [yp] 翻面量測集:yp 片在折線(y=+71.5mm)內側的頂點 349 個;他片 xp/xn 共 1104 頂點;杯頂俯視覆蓋 90%(露出 10%)
t= 64.03 yp pick: lower jaw to corner bbox 263x223x123 | 自穿    0 | 布穿杯   0 | 反轉   0 | 體積比 0.9878 | 邊長比 [0.519,1.562] | 杯心 ( 14.6,197.2,141.3) | 箱位移 (0,200,100) 蓋z(相對箱底) fxp=116.6 fxn=116.6 fyp=124.3 fyn=124.3 | 杯頂上 1 層 間距 14.80 頂厚 12.6
  G[yp] t= 64.03 yp pick: lower jaw to corner 上指 (-110.0,-161.4, 215.6) 下指 ( -66.4, -67.2, 209.7) | 夾到  0 | 滑動 中位 - 最大 - | yp 越過折線   0%(整片  44%)| 他片 >10mm    0(0.0%)最大   2.8 | 杯位移 0.5 | 自穿 0 穿杯 0 反轉 0
t= 64.53 yp pick: lower jaw to corner bbox 263x223x122 | 自穿    0 | 布穿杯   0 | 反轉   0 | 體積比 0.9877 | 邊長比 [0.515,1.566] | 杯心 ( 14.5,197.0,141.3) | 箱位移 (0,200,100) 蓋z(相對箱底) fxp=116.6 fxn=116.6 fyp=124.3 fyn=124.3
  G[yp] t= 64.53 yp pick: lower jaw to corner 上指 (-110.0,-161.4, 215.6) 下指 (  -4.2,  64.0, 154.0) | 夾到  0 | 滑動 中位 - 最大 - | yp 越過折線   0%(整片  44%)| 他片 >10mm    0(0.0%)最大   2.4 | 杯位移 0.3 | 自穿 0 穿杯 0 反轉 0
t= 65.03 yp pick: lower jaw to corner bbox 263x223x122 | 自穿    0 | 布穿杯   0 | 反轉   0 | 體積比 0.9877 | 邊長比 [0.517,1.559] | 杯心 ( 14.5,197.1,141.4) | 箱位移 (0,200,100) 蓋z(相對箱底) fxp=116.6 fxn=116.6 fyp=124.3 fyn=124.3
  G[yp] t= 65.03 yp pick: lower jaw to corner 上指 (-110.0,-161.4, 215.6) 下指 (  -2.9,  66.9, 120.7) | 夾到  0 | 滑動 中位 - 最大 - | yp 越過折線   0%(整片  44%)| 他片 >10mm    0(0.0%)最大   1.9 | 杯位移 0.3 | 自穿 0 穿杯 0 反轉 0
t= 65.53 yp pick: lower jaw to corner bbox 263x223x129 | 自穿    0 | 布穿杯   0 | 反轉   0 | 體積比 0.9866 | 邊長比 [0.419,1.975] | 杯心 ( 14.0,196.2,141.3) | 箱位移 (0,200,100) 蓋z(相對箱底) fxp=116.6 fxn=116.6 fyp=124.3 fyn=124.3
  G[yp] t= 65.53 yp pick: lower jaw to corner 上指 (-110.0,-161.4, 215.6) 下指 (  -2.9,  66.9,  73.8) | 夾到  0 | 滑動 中位 - 最大 - | yp 越過折線   0%(整片  44%)| 他片 >10mm   79(7.2%)最大  18.2 | 杯位移 0.7 | 自穿 0 穿杯 0 反轉 0
t= 66.03 yp pick: lower jaw insert bbox 263x223x132 | 自穿    0 | 布穿杯   0 | 反轉   0 | 體積比 0.9864 | 邊長比 [0.435,1.684] | 杯心 ( 13.1,194.7,141.1) | 箱位移 (0,200,100) 蓋z(相對箱底) fxp=116.6 fxn=116.6 fyp=124.3 fyn=124.3 | 杯頂上 1 層 間距 16.76 頂厚 21.8
  G[yp] t= 66.03 yp pick: lower jaw insert  上指 (-110.0,-161.4, 215.6) 下指 ( -10.2,  66.3,  66.0) | 夾到  0 | 滑動 中位 - 最大 - | yp 越過折線   0%(整片  44%)| 他片 >10mm  127(11.5%)最大  25.1 | 杯位移 2.5 | 自穿 0 穿杯 0 反轉 0
t= 66.53 yp pick: lower jaw insert bbox 263x223x129 | 自穿    0 | 布穿杯   0 | 反轉   0 | 體積比 0.9841 | 邊長比 [0.424,1.762] | 杯心 ( 11.0,194.0,141.5) | 箱位移 (0,200,100) 蓋z(相對箱底) fxp=116.6 fxn=116.6 fyp=124.3 fyn=124.3
  G[yp] t= 66.53 yp pick: lower jaw insert  上指 (-110.0,-161.4, 215.6) 下指 ( -21.0,  65.5,  56.1) | 夾到  0 | 滑動 中位 - 最大 - | yp 越過折線   1%(整片  44%)| 他片 >10mm  218(19.7%)最大  36.0 | 杯位移 4.3 | 自穿 0 穿杯 0 反轉 0
t= 67.03 yp pick: lift corner     bbox 263x223x130 | 自穿    0 | 布穿杯   0 | 反轉   0 | 體積比 0.9846 | 邊長比 [0.465,1.621] | 杯心 ( 11.4,193.4,141.3) | 箱位移 (0,200,100) 蓋z(相對箱底) fxp=116.6 fxn=116.6 fyp=124.3 fyn=124.3
  G[yp] t= 67.03 yp pick: lift corner       上指 (-110.0,-161.4, 215.6) 下指 ( -21.3,  65.5,  65.9) | 夾到  0 | 滑動 中位 - 最大 - | yp 越過折線   1%(整片  44%)| 他片 >10mm  205(18.6%)最大  31.6 | 杯位移 4.5 | 自穿 0 穿杯 0 反轉 0
t= 67.53 yp pick: lift corner     bbox 263x223x129 | 自穿    0 | 布穿杯   0 | 反轉   0 | 體積比 0.9852 | 邊長比 [0.481,1.613] | 杯心 ( 11.7,193.2,141.4) | 箱位移 (0,200,100) 蓋z(相對箱底) fxp=116.6 fxn=116.6 fyp=124.3 fyn=124.3
  G[yp] t= 67.53 yp pick: lift corner       上指 (-110.0,-161.4, 215.6) 下指 ( -21.3,  65.5,  80.6) | 夾到  0 | 滑動 中位 - 最大 - | yp 越過折線   1%(整片  44%)| 他片 >10mm  190(17.2%)最大  25.1 | 杯位移 4.5 | 自穿 0 穿杯 0 反轉 0
t= 68.03 yp pick: lift corner     bbox 263x223x130 | 自穿    0 | 布穿杯   0 | 反轉   0 | 體積比 0.9853 | 邊長比 [0.485,1.613] | 杯心 ( 11.6,193.0,141.3) | 箱位移 (0,200,100) 蓋z(相對箱底) fxp=116.6 fxn=116.6 fyp=124.3 fyn=124.3 | 杯頂上 1 層 間距 15.68 頂厚 19.7
  G[yp] t= 68.03 yp pick: lift corner       上指 (-110.0,-161.4, 215.6) 下指 ( -21.3,  65.5,  80.9) | 夾到  0 | 滑動 中位 - 最大 - | yp 越過折線   1%(整片  44%)| 他片 >10mm  176(15.9%)最大  26.0 | 杯位移 4.7 | 自穿 0 穿杯 0 反轉 0

★ t=68.10 [yp] 挑角完:角 v828 z 67.9 → 53.5 mm(+-14.4);下方空隙 62.1 → 47.8 mm;相鄰層(非 yp 片)位移 >10mm 頂點 213 / 1968,最大 25.2 mm
  [yp] 上指:從 +z 降到下指正上方 [-39.8  64.  101.2] → 沿 −n 合 15mm 到 [-29.7  64.8  90.1](指面間距 4.5mm);挑角後躺在下指頂面上(0~7mm)的布頂點 0 個
t= 68.53 yp upper jaw down        bbox 263x223x130 | 自穿    0 | 布穿杯   0 | 反轉   0 | 體積比 0.9854 | 邊長比 [0.483,1.609] | 杯心 ( 11.6,192.9,141.3) | 箱位移 (0,200,100) 蓋z(相對箱底) fxp=116.6 fxn=116.6 fyp=124.3 fyn=124.3
  G[yp] t= 68.53 yp upper jaw down          上指 ( -70.5, -34.6, 185.0) 下指 ( -21.3,  65.5,  80.9) | 夾到  0 | 滑動 中位 - 最大 - | yp 越過折線   1%(整片  44%)| 他片 >10mm  170(15.4%)最大  25.6 | 杯位移 4.8 | 自穿 0 穿杯 0 反轉 0
t= 69.03 yp upper jaw down        bbox 263x223x130 | 自穿    0 | 布穿杯   0 | 反轉   0 | 體積比 0.9852 | 邊長比 [0.484,1.609] | 杯心 ( 11.7,192.4,141.3) | 箱位移 (0,200,100) 蓋z(相對箱底) fxp=116.6 fxn=116.6 fyp=124.3 fyn=124.3
  G[yp] t= 69.03 yp upper jaw down          上指 ( -39.8,  64.0, 156.7) 下指 ( -21.3,  65.5,  80.9) | 夾到  0 | 滑動 中位 - 最大 - | yp 越過折線   1%(整片  44%)| 他片 >10mm  168(15.2%)最大  25.1 | 杯位移 5.1 | 自穿 0 穿杯 0 反轉 0
t= 69.53 yp upper jaw down        bbox 263x223x130 | 自穿    0 | 布穿杯   0 | 反轉   0 | 體積比 0.9852 | 邊長比 [0.482,1.607] | 杯心 ( 11.8,191.7,141.2) | 箱位移 (0,200,100) 蓋z(相對箱底) fxp=116.6 fxn=116.6 fyp=124.3 fyn=124.3
  G[yp] t= 69.53 yp upper jaw down          上指 ( -39.8,  64.0, 107.9) 下指 ( -21.3,  65.5,  80.9) | 夾到  0 | 滑動 中位 - 最大 - | yp 越過折線   1%(整片  44%)| 他片 >10mm  166(15.0%)最大  25.2 | 杯位移 5.8 | 自穿 0 穿杯 0 反轉 0
t= 70.03 yp close jaws            bbox 263x223x130 | 自穿    0 | 布穿杯   0 | 反轉   0 | 體積比 0.9857 | 邊長比 [0.485,1.608] | 杯心 ( 11.8,191.8,141.4) | 箱位移 (0,200,100) 蓋z(相對箱底) fxp=116.6 fxn=116.6 fyp=124.3 fyn=124.3 | 杯頂上 1 層 間距 16.10 頂厚 19.6
  G[yp] t= 70.03 yp close jaws              上指 ( -36.0,  64.3,  97.0) 下指 ( -21.3,  65.5,  80.9) | 夾到  0 | 滑動 中位 - 最大 - | yp 越過折線   1%(整片  44%)| 他片 >10mm  163(14.8%)最大  25.4 | 杯位移 5.6 | 自穿 0 穿杯 0 反轉 0
t= 70.53 yp grip hold             bbox 263x223x130 | 自穿    0 | 布穿杯   0 | 反轉   0 | 體積比 0.9856 | 邊長比 [0.487,1.605] | 杯心 ( 11.9,191.5,141.4) | 箱位移 (0,200,100) 蓋z(相對箱底) fxp=116.6 fxn=116.6 fyp=124.3 fyn=124.3
  G[yp] t= 70.53 yp grip hold               上指 ( -29.7,  64.8,  90.1) 下指 ( -21.3,  65.5,  80.9) | 夾到  0 | 滑動 中位 - 最大 - | yp 越過折線   1%(整片  44%)| 他片 >10mm  161(14.6%)最大  25.1 | 杯位移 5.9 | 自穿 0 穿杯 0 反轉 0
t= 71.03 yp grip hold             bbox 263x223x130 | 自穿    0 | 布穿杯   0 | 反轉   0 | 體積比 0.9856 | 邊長比 [0.447,1.606] | 杯心 ( 12.0,191.6,141.4) | 箱位移 (0,200,100) 蓋z(相對箱底) fxp=116.6 fxn=116.6 fyp=124.3 fyn=124.3
  G[yp] t= 71.03 yp grip hold               上指 ( -29.7,  64.8,  90.1) 下指 ( -21.3,  65.5,  80.9) | 夾到  0 | 滑動 中位 - 最大 - | yp 越過折線   1%(整片  44%)| 他片 >10mm  163(14.8%)最大  25.0 | 杯位移 5.7 | 自穿 0 穿杯 0 反轉 0
t= 71.53 yp grip hold             bbox 263x223x130 | 自穿    0 | 布穿杯   0 | 反轉   0 | 體積比 0.9856 | 邊長比 [0.426,1.605] | 杯心 ( 12.1,191.4,141.3) | 箱位移 (0,200,100) 蓋z(相對箱底) fxp=116.6 fxn=116.6 fyp=124.3 fyn=124.3
  G[yp] t= 71.53 yp grip hold               上指 ( -29.7,  64.8,  90.1) 下指 ( -21.3,  65.5,  80.9) | 夾到  0 | 滑動 中位 - 最大 - | yp 越過折線   1%(整片  44%)| 他片 >10mm  161(14.6%)最大  25.6 | 杯位移 5.9 | 自穿 0 穿杯 0 反轉 0
t= 72.03 yp grip hold             bbox 263x223x129 | 自穿    0 | 布穿杯   0 | 反轉   0 | 體積比 0.9854 | 邊長比 [0.449,1.606] | 杯心 ( 12.1,191.5,141.3) | 箱位移 (0,200,100) 蓋z(相對箱底) fxp=116.6 fxn=116.6 fyp=124.3 fyn=124.3 | 杯頂上 1 層 間距 15.70 頂厚 19.0
  G[yp] t= 72.03 yp grip hold               上指 ( -29.7,  64.8,  90.1) 下指 ( -21.3,  65.5,  80.9) | 夾到  0 | 滑動 中位 - 最大 - | yp 越過折線   1%(整片  44%)| 他片 >10mm  162(14.7%)最大  26.0 | 杯位移 5.7 | 自穿 0 穿杯 0 反轉 0
t= 72.53 yp grip hold             bbox 263x223x129 | 自穿    0 | 布穿杯   0 | 反轉   0 | 體積比 0.9855 | 邊長比 [0.443,1.602] | 杯心 ( 12.1,191.3,141.3) | 箱位移 (0,200,100) 蓋z(相對箱底) fxp=116.6 fxn=116.6 fyp=124.3 fyn=124.3
  G[yp] t= 72.53 yp grip hold               上指 ( -29.7,  64.8,  90.1) 下指 ( -21.3,  65.5,  80.9) | 夾到  0 | 滑動 中位 - 最大 - | yp 越過折線   1%(整片  44%)| 他片 >10mm  157(14.2%)最大  25.3 | 杯位移 5.9 | 自穿 0 穿杯 0 反轉 0
t= 73.03 yp grip hold             bbox 263x223x130 | 自穿    0 | 布穿杯   0 | 反轉   0 | 體積比 0.9857 | 邊長比 [0.482,1.605] | 杯心 ( 12.2,191.5,141.4) | 箱位移 (0,200,100) 蓋z(相對箱底) fxp=116.6 fxn=116.6 fyp=124.3 fyn=124.3
  G[yp] t= 73.03 yp grip hold               上指 ( -29.7,  64.8,  90.1) 下指 ( -21.3,  65.5,  80.9) | 夾到  0 | 滑動 中位 - 最大 - | yp 越過折線   1%(整片  44%)| 他片 >10mm  161(14.6%)最大  25.9 | 杯位移 5.8 | 自穿 0 穿杯 0 反轉 0
  [yp] 實際 rod 位置(箱局部)[3000. 2800.  903.] mm vs 目標 [3000. 2800.  903.]
  [yp] 實際 up 位置(箱局部)[-29.7  64.8  90.1] mm vs 目標 [-29.7  64.8  90.1]
  [yp] 實際 lo 位置(箱局部)[-21.3  65.5  80.9] mm vs 目標 [-21.3  65.5  80.9]

★ t=73.30 [yp] 夾好:指面之間(間距 4.5mm、足跡 20x20)的布頂點 0 個(歸屬 {})
  [yp] 參考:足跡外擴 2.5mm、離指面 <=2.5mm 的布頂點 0 個;夾爪 30mm 內布頂點的 (t,u,n) mm:v720(18,-18,21); v756(11,-22,6); v792(3,-22,-9); v828(-5,-23,-22); v1008(-22,-17,-14); v1009(-22,-30,-11); v1044(-9,-17,-9); v1060(-30,-13,-8); v1061(-28,-6,-20); v1080(3,-19,-2); v1095(-17,-21,9); v1096(-16,-12,-2); v1097(-14,-8,-15); v1098(-12,-0,-26)
  [yp] 弧線:彎折處(夾點那欄,即時)y=98.6 z=58.1 mm(|flat x|<CX 各欄中位 y=103.3 z=57.4;題目名義折線 y=+71.5);材料長度 現在 108.8 / flat 57.1 mm → 半徑 0.90 x (108.8 − 7.5) = 91.1 mm(夾爪中心起始離彎折處 43.3 mm,前 30% 角度內漸變)
  [yp] 第 1 段繞彎折處 39° → 102°(指向箱壁外頂角 y=+113.5 z=130.5);第 2 段 繞箱壁頂角 半徑 17.2mm 轉到 180°;箱外指頭最低點 >= 蓋頂 129.5 + T + 2 = 135.5 mm;終點夾爪中心 (-25.5,130.7,152.9) mm;3.0s 後停 2.0s 再放開
t= 73.53 yp PEEL arc              bbox 263x223x130 | 自穿    0 | 布穿杯   0 | 反轉   0 | 體積比 0.9857 | 邊長比 [0.490,1.601] | 杯心 ( 12.3,190.9,141.4) | 箱位移 (0,200,100) 蓋z(相對箱底) fxp=116.6 fxn=116.6 fyp=124.3 fyn=124.3
  G[yp] t= 73.53 yp PEEL arc                上指 ( -29.7,  63.0,  93.1) 下指 ( -21.3,  63.4,  83.8) | 夾到  0 | 滑動 中位 - 最大 - | yp 越過折線   1%(整片  44%)| 他片 >10mm  154(13.9%)最大  24.8 | 杯位移 6.2 | 自穿 0 穿杯 0 反轉 0
t= 74.03 yp PEEL arc              bbox 263x223x130 | 自穿    0 | 布穿杯   0 | 反轉   0 | 體積比 0.9869 | 邊長比 [0.506,1.593] | 杯心 ( 12.6,190.9,141.5) | 箱位移 (0,200,100) 蓋z(相對箱底) fxp=116.6 fxn=116.6 fyp=124.3 fyn=124.3 | 杯頂上 1 層 間距 16.22 頂厚 18.0
  G[yp] t= 74.03 yp PEEL arc                上指 ( -29.7,  53.2, 119.2) 下指 ( -21.3,  52.0, 110.0) | 夾到  0 | 滑動 中位 - 最大 - | yp 越過折線   0%(整片  43%)| 他片 >10mm  119(10.8%)最大  18.5 | 杯位移 6.2 | 自穿 0 穿杯 0 反轉 0

★ t=74.30 [yp] peel_1_3
  G[yp] t= 74.30 yp PEEL arc                上指 ( -29.7,  53.4, 140.9) 下指 ( -21.3,  50.8, 132.0) | 夾到  0 | 滑動 中位 - 最大 - | yp 越過折線   0%(整片  44%)| 他片 >10mm  102(9.2%)最大  16.4 | 杯位移 5.4 | 自穿 0 穿杯 0 反轉 0
t= 74.53 yp PEEL arc              bbox 263x223x130 | 自穿    0 | 布穿杯   0 | 反轉   0 | 體積比 0.9873 | 邊長比 [0.519,1.587] | 杯心 ( 12.5,191.8,141.4) | 箱位移 (0,200,100) 蓋z(相對箱底) fxp=116.6 fxn=116.6 fyp=124.3 fyn=124.3
  G[yp] t= 74.53 yp PEEL arc                上指 ( -29.7,  65.9, 146.6) 下指 ( -21.3,  62.1, 138.2) | 夾到  0 | 滑動 中位 - 最大 - | yp 越過折線   0%(整片  44%)| 他片 >10mm   76(6.9%)最大  14.8 | 杯位移 5.4 | 自穿 0 穿杯 0 反轉 0
t= 75.03 yp PEEL arc              bbox 265x223x130 | 自穿    0 | 布穿杯   0 | 反轉   0 | 體積比 0.9876 | 邊長比 [0.521,1.583] | 杯心 ( 12.3,192.1,141.4) | 箱位移 (0,200,100) 蓋z(相對箱底) fxp=116.6 fxn=116.6 fyp=124.3 fyn=124.3
  G[yp] t= 75.03 yp PEEL arc                上指 ( -29.7,  96.7, 152.4) 下指 ( -21.3,  90.3, 145.7) | 夾到  0 | 滑動 中位 - 最大 - | yp 越過折線   1%(整片  44%)| 他片 >10mm   54(4.9%)最大  12.8 | 杯位移 5.1 | 自穿 0 穿杯 0 反轉 0

★ t=75.30 [yp] peel_2_3
  G[yp] t= 75.30 yp PEEL arc                上指 ( -29.7, 112.5, 151.4) 下指 ( -21.3, 105.1, 145.9) | 夾到  0 | 滑動 中位 - 最大 - | yp 越過折線   1%(整片  44%)| 他片 >10mm   54(4.9%)最大  12.7 | 杯位移 4.9 | 自穿 0 穿杯 0 反轉 0
t= 75.53 yp PEEL arc              bbox 263x223x129 | 自穿    0 | 布穿杯   0 | 反轉   0 | 體積比 0.9874 | 邊長比 [0.511,1.578] | 杯心 ( 12.4,192.3,141.3) | 箱位移 (0,200,100) 蓋z(相對箱底) fxp=116.6 fxn=116.6 fyp=124.3 fyn=124.3
  G[yp] t= 75.53 yp PEEL arc                上指 ( -29.7, 124.7, 150.5) 下指 ( -21.3, 116.0, 147.4) | 夾到  0 | 滑動 中位 - 最大 - | yp 越過折線   1%(整片  44%)| 他片 >10mm   48(4.3%)最大  12.4 | 杯位移 4.9 | 自穿 0 穿杯 0 反轉 0
t= 76.03 yp PEEL arc              bbox 263x223x129 | 自穿    0 | 布穿杯   0 | 反轉   0 | 體積比 0.9879 | 邊長比 [0.525,1.576] | 杯心 ( 12.3,192.4,141.3) | 箱位移 (0,200,100) 蓋z(相對箱底) fxp=116.6 fxn=116.6 fyp=124.3 fyn=124.3 | 杯頂上 1 層 間距 16.79 頂厚 17.5
  G[yp] t= 76.03 yp PEEL arc                上指 ( -29.7, 134.1, 149.7) 下指 ( -21.3, 126.8, 155.3) | 夾到  0 | 滑動 中位 - 最大 - | yp 越過折線   1%(整片  44%)| 他片 >10mm   18(1.6%)最大  12.2 | 杯位移 4.9 | 自穿 0 穿杯 0 反轉 0

★ t=76.30 [yp] peeled
  G[yp] t= 76.30 yp PEEL arc                上指 ( -29.7, 133.9, 149.6) 下指 ( -21.3, 127.5, 156.3) | 夾到  0 | 滑動 中位 - 最大 - | yp 越過折線   1%(整片  44%)| 他片 >10mm   14(1.3%)最大  11.3 | 杯位移 4.9 | 自穿 0 穿杯 0 反轉 0
t= 76.53 yp hold peeled           bbox 263x223x128 | 自穿    0 | 布穿杯   0 | 反轉   0 | 體積比 0.9875 | 邊長比 [0.504,1.579] | 杯心 ( 12.5,192.4,141.4) | 箱位移 (0,200,100) 蓋z(相對箱底) fxp=116.6 fxn=116.6 fyp=124.3 fyn=124.3
  G[yp] t= 76.53 yp hold peeled             上指 ( -29.7, 133.9, 149.6) 下指 ( -21.3, 127.5, 156.3) | 夾到  0 | 滑動 中位 - 最大 - | yp 越過折線   1%(整片  44%)| 他片 >10mm   20(1.8%)最大  11.8 | 杯位移 4.8 | 自穿 0 穿杯 0 反轉 0
t= 77.03 yp hold peeled           bbox 263x223x129 | 自穿    0 | 布穿杯   0 | 反轉   0 | 體積比 0.9877 | 邊長比 [0.529,1.580] | 杯心 ( 12.4,192.4,141.4) | 箱位移 (0,200,100) 蓋z(相對箱底) fxp=116.6 fxn=116.6 fyp=124.3 fyn=124.3
  G[yp] t= 77.03 yp hold peeled             上指 ( -29.7, 133.9, 149.6) 下指 ( -21.3, 127.5, 156.3) | 夾到  0 | 滑動 中位 - 最大 - | yp 越過折線   1%(整片  44%)| 他片 >10mm   23(2.1%)最大  11.6 | 杯位移 4.8 | 自穿 0 穿杯 0 反轉 0
t= 77.53 yp hold peeled           bbox 263x223x128 | 自穿    0 | 布穿杯   0 | 反轉   0 | 體積比 0.9876 | 邊長比 [0.508,1.576] | 杯心 ( 12.4,192.5,141.3) | 箱位移 (0,200,100) 蓋z(相對箱底) fxp=116.6 fxn=116.6 fyp=124.3 fyn=124.3
  G[yp] t= 77.53 yp hold peeled             上指 ( -29.7, 133.9, 149.6) 下指 ( -21.3, 127.5, 156.3) | 夾到  0 | 滑動 中位 - 最大 - | yp 越過折線   1%(整片  44%)| 他片 >10mm   13(1.2%)最大  11.5 | 杯位移 4.7 | 自穿 0 穿杯 0 反轉 0
t= 78.03 yp hold peeled           bbox 263x223x128 | 自穿    0 | 布穿杯   0 | 反轉   0 | 體積比 0.9875 | 邊長比 [0.490,1.578] | 杯心 ( 12.3,192.6,141.3) | 箱位移 (0,200,100) 蓋z(相對箱底) fxp=116.6 fxn=116.6 fyp=124.3 fyn=124.3 | 杯頂上 1 層 間距 16.50 頂厚 17.3
  G[yp] t= 78.03 yp hold peeled             上指 ( -29.7, 133.9, 149.6) 下指 ( -21.3, 127.5, 156.3) | 夾到  0 | 滑動 中位 - 最大 - | yp 越過折線   1%(整片  44%)| 他片 >10mm   13(1.2%)最大  11.3 | 杯位移 4.6 | 自穿 0 穿杯 0 反轉 0

★ t=78.30 [yp] held
  G[yp] t= 78.30 yp hold peeled             上指 ( -29.7, 133.9, 149.6) 下指 ( -21.3, 127.5, 156.3) | 夾到  0 | 滑動 中位 - 最大 - | yp 越過折線   1%(整片  44%)| 他片 >10mm   14(1.3%)最大  11.4 | 杯位移 4.6 | 自穿 0 穿杯 0 反轉 0
  杯頂俯視覆蓋 84% → 露出 16%(開始時 10%)
t= 78.53 yp release               bbox 263x223x127 | 自穿    0 | 布穿杯   0 | 反轉   0 | 體積比 0.9877 | 邊長比 [0.491,1.575] | 杯心 ( 12.4,192.7,141.4) | 箱位移 (0,200,100) 蓋z(相對箱底) fxp=116.6 fxn=116.6 fyp=124.3 fyn=124.3
  G[yp] t= 78.53 yp release                 上指 ( -32.7, 136.1, 147.1) 下指 ( -18.2, 125.2, 158.7) | 夾到  0 | 滑動 中位 - 最大 - | yp 越過折線   1%(整片  44%)| 他片 >10mm   18(1.6%)最大  11.4 | 杯位移 4.5 | 自穿 0 穿杯 0 反轉 0
t= 79.03 yp release               bbox 263x223x127 | 自穿    0 | 布穿杯   0 | 反轉   0 | 體積比 0.9875 | 邊長比 [0.527,1.578] | 杯心 ( 12.6,192.6,141.3) | 箱位移 (0,200,100) 蓋z(相對箱底) fxp=116.6 fxn=116.6 fyp=124.3 fyn=124.3
  G[yp] t= 79.03 yp release                 上指 ( -26.5, 144.1, 136.6) 下指 (  -4.6, 127.6, 154.1) | 夾到  0 | 滑動 中位 - 最大 - | yp 越過折線   1%(整片  44%)| 他片 >10mm    8(0.7%)最大  10.7 | 杯位移 4.5 | 自穿 0 穿杯 0 反轉 0
t= 79.53 yp release               bbox 263x223x128 | 自穿    0 | 布穿杯   0 | 反轉   0 | 體積比 0.9877 | 邊長比 [0.528,1.577] | 杯心 ( 12.7,192.7,141.3) | 箱位移 (0,200,100) 蓋z(相對箱底) fxp=116.6 fxn=116.6 fyp=124.3 fyn=124.3
  G[yp] t= 79.53 yp release                 上指 ( -14.3, 150.5, 148.2) 下指 (   7.5, 134.0, 165.6) | 夾到  0 | 滑動 中位 - 最大 - | yp 越過折線   1%(整片  44%)| 他片 >10mm    8(0.7%)最大  10.9 | 杯位移 4.4 | 自穿 0 穿杯 0 反轉 0
t= 80.03 yp release               bbox 263x223x128 | 自穿    0 | 布穿杯   0 | 反轉   0 | 體積比 0.9877 | 邊長比 [0.527,1.576] | 杯心 ( 12.7,192.8,141.4) | 箱位移 (0,200,100) 蓋z(相對箱底) fxp=116.6 fxn=116.6 fyp=124.3 fyn=124.3 | 杯頂上 1 層 間距 16.13 頂厚 17.4
  G[yp] t= 80.03 yp release                 上指 ( -14.3, 150.5, 207.4) 下指 (   7.5, 134.0, 224.9) | 夾到  0 | 滑動 中位 - 最大 - | yp 越過折線   1%(整片  44%)| 他片 >10mm    8(0.7%)最大  10.8 | 杯位移 4.3 | 自穿 0 穿杯 0 反轉 0

★ t=80.25 [yp] released
  G[yp] t= 80.25 yp release                 上指 ( -14.3, 150.5, 207.4) 下指 (   7.5, 134.0, 224.9) | 夾到  0 | 滑動 中位 - 最大 - | yp 越過折線   1%(整片  44%)| 他片 >10mm    9(0.8%)最大  10.9 | 杯位移 4.3 | 自穿 0 穿杯 0 反轉 0
  杯頂俯視覆蓋 84% → 露出 16%(開始時 10%)
t= 80.30 yp release               bbox 263x223x127 | 自穿    0 | 布穿杯   0 | 反轉   0 | 體積比 0.9877 | 邊長比 [0.527,1.572] | 杯心 ( 12.6,193.0,141.4) | 箱位移 (0,200,100) 蓋z(相對箱底) fxp=116.6 fxn=116.6 fyp=124.3 fyn=124.3 | 杯頂上 1 層 間距 16.41 頂厚 17.4
  G[yp] t= 80.30 yp release                 上指 ( -14.3, 150.5, 207.4) 下指 (   7.5, 134.0, 224.9) | 夾到  0 | 滑動 中位 - 最大 - | yp 越過折線   1%(整片  44%)| 他片 >10mm    8(0.7%)最大  11.1 | 杯位移 4.2 | 自穿 0 穿杯 0 反轉 0

影片 → grasp/out_g/wrap.mp4(2409 幀);wall 608.9s / sim 80.30s = 7.58

===== 判讀 wrap_vol sheet 500(跑到 all)=====
  fold_xn                t=  7.47 bbox 布 241x503x105 / 含杯 241x503x105 | 體積÷杯 9.61 | 自穿 0 | 布穿杯 0 | 反轉 0 | 體積比 0.9977 | 杯頂上 1.0 層(分佈 {0: 128, 1: 208})間距 nan 頂厚 12.0 第1層離杯頂 8.0 | 杯頂俯視覆蓋 70%
  fold_end               t= 17.50 bbox 布 250x216x127 / 含杯 250x216x127 | 體積÷杯 5.21 | 自穿 3 | 布穿杯 0 | 反轉 0 | 體積比 0.9906 | 杯頂上 3.0 層(分佈 {0: 5, 1: 90, 2: 40, 3: 183, 4: 18})間距 6.86 頂厚 25.9 第1層離杯頂 17.3 | 杯頂俯視覆蓋 99%
  closed_pre_release     t= 26.90 bbox 布 250x223x124 / 含杯 250x223x124 | 體積÷杯 5.23 | 自穿 4 | 布穿杯 0 | 反轉 0 | 體積比 0.9912 | 杯頂上 3.0 層(分佈 {0: 3, 1: 73, 2: 62, 3: 174, 4: 24})間距 7.03 頂厚 26.5 第1層離杯頂 15.9 | 杯頂俯視覆蓋 99%
  before_move            t= 28.87 bbox 布 263x223x123 / 含杯 263x223x123 | 體積÷杯 5.48 | 自穿 2 | 布穿杯 0 | 反轉 0 | 體積比 0.9885 | 杯頂上 1.0 層(分佈 {0: 39, 1: 179, 2: 58, 3: 74, 4: 10})間距 12.65 頂厚 22.2 第1層離杯頂 12.2 | 杯頂俯視覆蓋 94%
  after_move             t= 36.87 bbox 布 263x223x127 / 含杯 263x223x127 | 體積÷杯 5.62 | 自穿 0 | 布穿杯 0 | 反轉 0 | 體積比 0.9878 | 杯頂上 1.0 層(分佈 {0: 89, 1: 157, 2: 40, 3: 50, 4: 4})間距 17.75 頂厚 34.7 第1層離杯頂 10.9 | 杯頂俯視覆蓋 85%
  end                    t= 45.87 bbox 布 263x223x127 / 含杯 263x223x127 | 體積÷杯 5.65 | 自穿 1 | 布穿杯 0 | 反轉 0 | 體積比 0.9876 | 杯頂上 1.0 層(分佈 {0: 66, 1: 172, 2: 44, 3: 49, 4: 9})間距 16.93 頂厚 14.7 第1層離杯頂 7.9 | 杯頂俯視覆蓋 89%
  final                  t= 80.30 bbox 布 263x223x127 / 含杯 263x223x127 | 體積÷杯 5.66 | 自穿 0 | 布穿杯 0 | 反轉 0 | 體積比 0.9877 | 杯頂上 1.0 層(分佈 {0: 99, 1: 163, 2: 45, 3: 47, 4: 6})間距 16.41 頂厚 17.4 第1層離杯頂 10.3 | 杯頂俯視覆蓋 84%
  全程最大:自穿 8(t=14.53 tuck ears (side squeeze))| 布穿杯 1 | 反轉 0 | 邊長比 [0.419, 1.975]
  每階段結束時自穿:
    settle                     結束 t=0.03 自穿 0
    fold xp                    結束 t=3.53 自穿 0
    fold xn                    結束 t=7.03 自穿 0
    fold yp                    結束 t=10.53 自穿 1
    fold yn                    結束 t=14.03 自穿 2
    tuck ears (side squeeze)   結束 t=17.03 自穿 5
    into box                   結束 t=18.03 自穿 4
    close lower lids           結束 t=22.03 自穿 4
    close upper lids           結束 t=26.03 自穿 3
    release paddles            結束 t=26.53 自穿 3
    release anchors / settle   結束 t=28.53 自穿 0
    move box                   結束 t=34.53 自穿 0
    settle                     結束 t=36.53 自穿 0
    open upper lids            結束 t=39.53 自穿 0
    open lower lids            結束 t=42.53 自穿 0
    hold                       結束 t=45.53 自穿 1
    grasp settle               結束 t=46.53 自穿 1
    yn pick: lower jaw to corner 結束 t=48.53 自穿 1
    yn pick: lower jaw insert  結束 t=49.53 自穿 0
    yn pick: lift corner       結束 t=51.03 自穿 0
    yn upper jaw down          結束 t=52.53 自穿 0
    yn close jaws              結束 t=53.53 自穿 0
    yn grip hold               結束 t=56.53 自穿 0
    yn PEEL arc                結束 t=59.53 自穿 0
    yn hold peeled             結束 t=61.53 自穿 0
    yn release                 結束 t=63.53 自穿 0
    yp pick: lower jaw to corner 結束 t=65.53 自穿 0
    yp pick: lower jaw insert  結束 t=66.53 自穿 0
    yp pick: lift corner       結束 t=68.03 自穿 0
    yp upper jaw down          結束 t=69.53 自穿 0
    yp close jaws              結束 t=70.03 自穿 0
    yp grip hold               結束 t=73.03 自穿 0
    yp PEEL arc                結束 t=76.03 自穿 0
    yp hold peeled             結束 t=78.03 自穿 0
    yp release                 結束 t=80.30 自穿 0
  折 xp 尖端(綁的、|x|<=CX 的 20 點)along 19.6~20.0 z 100.5~104.7 mm(目標 along 19.9 z 103.1±2)
  折 xn 尖端(綁的、|x|<=CX 的 20 點)along 19.8~19.9 z 100.6~104.7 mm(目標 along 19.9 z 103.1±2)
  折 yp 尖端(綁的、|x|<=CX 的 24 點)along -1.8~-0.9 z 105.5~110.1 mm(目標 along -1.4 z 108.1±2)
  折 yn 尖端(綁的、|x|<=CX 的 24 點)along 3.6~4.5 z 110.6~114.7 mm(目標 along 3.6 z 113.1±2)

===== 真的入箱了嗎(逐頂點比對內腔)=====
 關蓋後(放錨前):
  布     2592 點;超出內腔 0 | x 超 0 / y 超 0 / 低於底 0(最深 0.00mm)/ 高於口 0 | x -127.0~123.3(±132) y -111.5~111.5(±112) z 3.5~127.2(3.0~133.9)
  杯子   24832 點;超出內腔 0 | x 超 0 / y 超 0 / 低於底 0(最深 0.00mm)/ 高於口 0 | x -66.6~66.6(±132) y -53.5~53.5(±112) z 9.5~102.1(3.0~133.9)
 搬前:
  布     2592 點;超出內腔 0 | x 超 0 / y 超 0 / 低於底 0(最深 0.00mm)/ 高於口 0 | x -131.9~131.5(±132) y -111.5~111.5(±112) z 3.4~126.6(3.0~133.9)
  杯子   24832 點;超出內腔 0 | x 超 0 / y 超 0 / 低於底 0(最深 0.00mm)/ 高於口 0 | x -55.2~73.1(±132) y -63.6~51.7(±112) z 8.7~103.6(3.0~133.9)
 搬後(原點 = 箱子最終位置):
  布     2592 點;超出內腔 0 | x 超 0 / y 超 0 / 低於底 0(最深 0.00mm)/ 高於口 0 | x -131.5~131.5(±132) y -111.5~111.5(±112) z 3.3~129.9(3.0~133.9)
  杯子   24832 點;超出內腔 0 | x 超 0 / y 超 0 / 低於底 0(最深 0.00mm)/ 高於口 0 | x -51.4~76.4(±132) y -62.7~51.9(±112) z 8.8~103.6(3.0~133.9)
  搬箱:箱位移 (0.0,200.0,100.0) mm;布質心相對箱 搬前→搬後 差 1.0 mm;杯心相對箱 差 2.6 mm
  杯心相對箱中心(搬後):(+13.8, -4.8, +41.5) mm(z 相對箱底內面)
 開蓋後(結束):
  布     2592 點;超出內腔 1 | x 超 0 / y 超 0 / 低於底 1(最深 1.02mm)/ 高於口 0 | x -131.5~131.5(±132) y -111.5~111.5(±112) z 2.0~129.2(3.0~133.9)
  杯子   24832 點;超出內腔 0 | x 超 0 / y 超 0 / 低於底 0(最深 0.00mm)/ 高於口 0 | x -51.5~76.5(±132) y -61.4~52.6(±112) z 8.5~103.0(3.0~133.9)
  蓋中心 z(相對箱底內面):fxp=116.6 fxn=116.6 fyp=124.3 fyn=124.3;關著時預設 fxp=123.4 fxn=123.4 fyp=128.7 fyn=128.7
  驗收:pre_in PASS(布 0 杯 0) | closed PASS(布 0 杯 0) | bm PASS(布 0 杯 0) | am PASS(布 0 杯 0) | end WARN(布 1 杯 0)(pre_in / end 蓋子開著,只計 x/y/底)
  杯子姿態:相對初始轉了 27.4°(dynamic 之後)

===== SUMMARY =====
  E 2e+03 T 4.0mm 面密度 0.10 cont 2.00 rest 0.50 tuck 1
  四折後(收耳前 t=14.03)bbox 249x240x125;側板內縮目標 258x218 ⇒ 側板會碰到布(四折後 bbox 是否超出)
  收耳後/入箱前 bbox 250x216x127
  關蓋後 bbox 250x223x124 體積÷杯 5.23
  頂力代理:下蓋底面 120.0mm;布頂 z(max/99%)放錨前 124.2/117.6 → 放錨後 2s 123.6/114.3;離蓋底 <2mm 的頂點 21 → 8
  開蓋後 3s:布頂 z max 126.2 / 99% 112.7 mm(箱口 130.9);杯頂俯視覆蓋 89%
  全程最大 自穿 8 布穿杯 1 反轉 0 邊長比 [0.419,1.975] 體積比 [0.9841,1.0008]
  wall 608.9s

===== 抓取段判讀(--grasp 1;rank 1、挑角 25/25mm、半徑係數 0.90、掀 3.0s、間距 4.5mm、指面摩擦 2.0)=====
  [yn] 抓取點 v9 位置 (-118.0,-19.1,126.6) 坡度 36.9° 空隙 31.2 | 挑角後 z 126.6→124.9 空隙 31.2→29.0 相鄰層 >10mm 0(最大 9.8)
  [yn] 夾到 0 NG | 滑動(夾持中 中位/最大頂點)nan / nan mm NG | 越過折線 0%(整片 45%)NG;放開後 0% | 他片 >10mm 2(0.1%)最大 10.3 mm {'yp': 1, 'xp': 0, 'xn': 1} OK | 杯位移最大 1.2 mm OK | 自穿最多 1 穿杯 0 OK 反轉 0 | 露出 10% → 9%(放開後 9%)⇒ FAIL
  [yp] 抓取點 v828 位置 (-21.4,65.5,67.9) 坡度 42.5° 空隙 62.1 | 挑角後 z 67.9→53.5 空隙 62.1→47.8 相鄰層 >10mm 213(最大 25.2)
  [yp] 夾到 0 NG | 滑動(夾持中 中位/最大頂點)nan / nan mm NG | 越過折線 1%(整片 44%)NG;放開後 1% | 他片 >10mm 14(1.3%)最大 11.4 mm {'xp': 4, 'xn': 10} OK | 杯位移最大 6.2 mm NG | 自穿最多 0 穿杯 0 OK 反轉 0 | 露出 10% → 16%(放開後 16%)⇒ FAIL
  抓取段明細 → grasp/out_g/grasp.json
npz → grasp/out_g/wrap.npz
