=== wrap_vol sheet 500 ===
args: {'sheet_mm': 500.0, 'sheet_x_mm': 0.0, 'sheet_y_mm': 0.0, 'out': 'grasp/out_g', 'mug': 'mug.stl', 'carton': 'carton_w131.usd', 'tex': 'bubble_normal.png', 'tex_mm': 200.0, 'thick_mm': 4.0, 'nxy': 35, 'young': 2000.0, 'poisson': 0.45, 'areal': 0.1, 'fric': 0.8, 'cont': 0.002, 'rest': 0.0005, 'solver': 128, 'dt': 0.004166666666666667, 'margin': 0.012, 'wall': 0.006, 'fold_span': 3.0, 'fold_hold': 0.5, 'slow': '', 'tip_extra': '', 'tip_over_mm': 30.0, 'lid_span': 4.0, 'open_span': 3.0, 'movebox': '0,0.20,0.10', 'move_t': 6.0, 'base_collider_pad': 0.02, 'squeeze_t': 2.5, 'squeeze_mm': 3.0, 'until': 'all', 'rest_npz': '', 'cam_ref': 0.586, 'meas_dt': 0.5, 'fps': 30, 'tuck': 1, 'grasp': 1, 'grasp_rank': 1, 'pick_mm': 25.0, 'pick_in_mm': 25.0, 'arc_k': 0.9, 'peel_t': 3.0, 'gap_mm': 4.5, 'ffric': 2.0, 'pick_mode': 'jaw', 'second': 0, 'gcam_focal': 2.8}
杯子躺平 133 x 107 x 93 mm;杯口 +y、杯耳 +x;watertight=True
折線 CX=84.63 CY=71.50 mm;折邊長 x 165.4 / y 178.5 mm
set_physics_volume_deformable_body(/World/plate) -> True
  collider /World/plate:schema 預設 contactOffset=-inf restOffset=-inf → 設 0.002 / 0.0005
板 500x500x4mm:2592 點 6125 tets;dxy 14.29mm;solver 128 dt 1/240
視覺網格 /World/sheet_vis:5180 三角形(上/下/側面),泡泡法線貼圖 bubble_normal.png
杯子 kinematic,底 z=6.5 頂 z=99.1 mm
錨 xp:最外圈 72 點中 SIDEPICK 歸本邊 68,綁 20 點(上下兩層)
錨 xn:最外圈 72 點中 SIDEPICK 歸本邊 68,綁 20 點(上下兩層)
錨 yp:最外圈 72 點中 SIDEPICK 歸本邊 72,綁 24 點(上下兩層)
錨 yn:最外圈 72 點中 SIDEPICK 歸本邊 72,綁 24 點(上下兩層)
  xp:折線 84.6、折邊 165.4、已疊 0 層 → 尖端中面 z=103.1(底面 101.1)、越過頂面 arm 64.7 → 尖端 along=19.9 mm(搆不到中線)
  xn:折線 84.6、折邊 165.4、已疊 0 層 → 尖端中面 z=103.1(底面 101.1)、越過頂面 arm 64.7 → 尖端 along=19.9 mm(搆不到中線)
  yp:折線 71.5、折邊 178.5、已疊 1 層 → 尖端中面 z=108.1(底面 106.1)、越過頂面 arm 72.9 → 尖端 along=-1.4 mm(到/越過中線)
  yn:折線 71.5、折邊 178.5、已疊 2 層 → 尖端中面 z=113.1(底面 111.1)、越過頂面 arm 67.9 → 尖端 along=3.6 mm(搆不到中線)
錨:26 個 kinematic 錨體(x 邊各 1 根桿;y 邊每欄 1 個,共 24 欄),全部無碰撞;VtxXformAttachment 掛 /World/attach/*
★ 紙箱 carton_w131.usd(meta carton_w131.meta.json):5 剛體 kinematic;bbox 270x230x134;箱底內面 z=3.0、箱口最高 133.9;內腔 ±132 x ±112;鉸鏈 123.0/129.5
★ 底板碰撞加厚 20mm(不可見)
  蓋 fxp:USD 預設中心 z=126.4 → 關;開 = 轉 +180°
  蓋 fxn:USD 預設中心 z=126.4 → 關;開 = 轉 +180°
  蓋 fyp:USD 預設中心 z=131.7 → 關;開 = 轉 +180°
  蓋 fyn:USD 預設中心 z=131.7 → 關;開 = 轉 +180°
★ 紙箱 reset 前擺到旁邊 [-800.  450.   -3.] mm、蓋子開(180°);箱底內面對齊地面(z 偏 −3.0mm)
★ --grasp 1:kinematic 指 rod [ 8. 30.  8.] / 上下指 [20. 20.  8.] mm,指面摩擦 2.0(rod 0.5),cont 1 / rest 0;停在 [3. 3. 1.]
錨 rigid body view:26 個(kinematic target)
抓取指 rigid body view:3 個
抓取段:open hold 完 45.90 → settle → yn@46.90 每片 16.7s(挑角 0~4.5、下指進 ~7.1、夾好 9.7、掀 3.0s、停 2.0s、放開);結束 63.60
時間表:折 xp@0.5(3.0s) xn@4.0(3.0s) yp@7.5(3.0s) yn@11.0(3.0s) | 折完 14.50 | 入箱 17.50 | 關下蓋 18.50 | 關上蓋 22.50 | 放錨+杯動態 26.50 | 搬 28.90~34.90 | 開上蓋 36.90 | 開下蓋 39.90 | 結束 45.90(本次跑到 63.60)
渲染 30 fps,每幀 8 物理步;共 1908 幀
t=  0.03 settle                   bbox 500x500x  5 | 自穿    0 | 布穿杯   0 | 反轉   0 | 體積比 0.9993 | 邊長比 [0.995,1.005] | 杯心 (  0.0,  0.0, 52.8) | 杯頂上 0 層 間距 nan 頂厚 nan
t=  0.53 fold xp                  bbox 500x500x  5 | 自穿    0 | 布穿杯   0 | 反轉   0 | 體積比 0.9993 | 邊長比 [0.994,1.007] | 杯心 (  0.0,  0.0, 52.8)
t=  1.03 fold xp                  bbox 499x500x 47 | 自穿    0 | 布穿杯   0 | 反轉   0 | 體積比 1.0001 | 邊長比 [0.886,1.214] | 杯心 (  0.0,  0.0, 52.8)
t=  1.53 fold xp                  bbox 476x500x129 | 自穿    0 | 布穿杯   0 | 反轉   0 | 體積比 1.0009 | 邊長比 [0.797,1.480] | 杯心 (  0.0,  0.0, 52.8)
t=  2.03 fold xp                  bbox 383x507x167 | 自穿    0 | 布穿杯   0 | 反轉   0 | 體積比 1.0002 | 邊長比 [0.834,1.382] | 杯心 (  0.0,  0.0, 52.8) | 杯頂上 0 層 間距 nan 頂厚 nan
t=  2.53 fold xp                  bbox 365x502x149 | 自穿    0 | 布穿杯   0 | 反轉   0 | 體積比 0.9995 | 邊長比 [0.879,1.248] | 杯心 (  0.0,  0.0, 52.8)
t=  3.03 fold xp                  bbox 368x501x117 | 自穿    0 | 布穿杯   0 | 反轉   0 | 體積比 0.9989 | 邊長比 [0.866,1.186] | 杯心 (  0.0,  0.0, 52.8)
t=  3.53 fold xp                  bbox 373x502x104 | 自穿    0 | 布穿杯   0 | 反轉   0 | 體積比 0.9987 | 邊長比 [0.858,1.222] | 杯心 (  0.0,  0.0, 52.8)
t=  4.03 fold xn                  bbox 372x502x104 | 自穿    0 | 布穿杯   0 | 反轉   0 | 體積比 0.9986 | 邊長比 [0.848,1.247] | 杯心 (  0.0,  0.0, 52.8) | 杯頂上 0 層 間距 nan 頂厚 31.2
t=  4.53 fold xn                  bbox 370x503x104 | 自穿    0 | 布穿杯   0 | 反轉   0 | 體積比 0.9993 | 邊長比 [0.839,1.258] | 杯心 (  0.0,  0.0, 52.8)
t=  5.03 fold xn                  bbox 347x503x129 | 自穿    0 | 布穿杯   0 | 反轉   0 | 體積比 1.0002 | 邊長比 [0.805,1.459] | 杯心 (  0.0,  0.0, 52.8)
t=  5.53 fold xn                  bbox 250x508x167 | 自穿    0 | 布穿杯   0 | 反轉   0 | 體積比 0.9995 | 邊長比 [0.842,1.343] | 杯心 (  0.0,  0.0, 52.8)
t=  6.03 fold xn                  bbox 235x503x149 | 自穿    0 | 布穿杯   0 | 反轉   0 | 體積比 0.9989 | 邊長比 [0.840,1.250] | 杯心 (  0.0,  0.0, 52.8) | 杯頂上 0 層 間距 nan 頂厚 36.5
t=  6.53 fold xn                  bbox 238x503x117 | 自穿    0 | 布穿杯   0 | 反轉   0 | 體積比 0.9982 | 邊長比 [0.840,1.251] | 杯心 (  0.0,  0.0, 52.8)
t=  7.03 fold xn                  bbox 242x503x105 | 自穿    0 | 布穿杯   0 | 反轉   0 | 體積比 0.9978 | 邊長比 [0.843,1.246] | 杯心 (  0.0,  0.0, 52.8)
t=  7.53 fold yp                  bbox 241x503x105 | 自穿    0 | 布穿杯   0 | 反轉   0 | 體積比 0.9977 | 邊長比 [0.844,1.250] | 杯心 (  0.0,  0.0, 52.8)
t=  8.03 fold yp                  bbox 244x500x105 | 自穿    0 | 布穿杯   0 | 反轉   0 | 體積比 0.9979 | 邊長比 [0.764,1.251] | 杯心 (  0.0,  0.0, 52.8) | 杯頂上 1 層 間距 nan 頂厚 12.3
t=  8.53 fold yp                  bbox 248x451x146 | 自穿    0 | 布穿杯   0 | 反轉   0 | 體積比 0.9982 | 邊長比 [0.770,1.369] | 杯心 (  0.0,  0.0, 52.8)
t=  9.03 fold yp                  bbox 246x380x181 | 自穿    0 | 布穿杯   0 | 反轉   0 | 體積比 0.9970 | 邊長比 [0.686,1.413] | 杯心 (  0.0,  0.0, 52.8)
t=  9.53 fold yp                  bbox 245x369x159 | 自穿    0 | 布穿杯   0 | 反轉   0 | 體積比 0.9964 | 邊長比 [0.636,1.512] | 杯心 (  0.0,  0.0, 52.8)
t= 10.03 fold yp                  bbox 244x368x124 | 自穿    0 | 布穿杯   0 | 反轉   0 | 體積比 0.9960 | 邊長比 [0.611,1.493] | 杯心 (  0.0,  0.0, 52.8) | 杯頂上 1 層 間距 10.97 頂厚 27.0
t= 10.53 fold yp                  bbox 245x370x119 | 自穿    1 | 布穿杯   0 | 反轉   0 | 體積比 0.9956 | 邊長比 [0.610,1.513] | 杯心 (  0.0,  0.0, 52.8)
t= 11.03 fold yn                  bbox 246x370x119 | 自穿    1 | 布穿杯   0 | 反轉   0 | 體積比 0.9956 | 邊長比 [0.603,1.547] | 杯心 (  0.0,  0.0, 52.8)
t= 11.53 fold yn                  bbox 248x368x119 | 自穿    2 | 布穿杯   0 | 反轉   0 | 體積比 0.9962 | 邊長比 [0.599,1.494] | 杯心 (  0.0,  0.0, 52.8)
t= 12.03 fold yn                  bbox 249x319x144 | 自穿    1 | 布穿杯   0 | 反轉   0 | 體積比 0.9960 | 邊長比 [0.598,1.599] | 杯心 (  0.0,  0.0, 52.8) | 杯頂上 1 層 間距 7.31 頂厚 22.0
t= 12.53 fold yn                  bbox 248x246x181 | 自穿    1 | 布穿杯   0 | 反轉   0 | 體積比 0.9946 | 邊長比 [0.604,1.559] | 杯心 (  0.0,  0.0, 52.8)
t= 13.03 fold yn                  bbox 247x238x161 | 自穿    1 | 布穿杯   0 | 反轉   0 | 體積比 0.9942 | 邊長比 [0.605,1.706] | 杯心 (  0.0,  0.0, 52.8)
t= 13.53 fold yn                  bbox 248x239x133 | 自穿    1 | 布穿杯   0 | 反轉   0 | 體積比 0.9939 | 邊長比 [0.601,1.757] | 杯心 (  0.0,  0.0, 52.8)
t= 14.03 fold yn                  bbox 250x241x124 | 自穿    4 | 布穿杯   0 | 反轉   0 | 體積比 0.9926 | 邊長比 [0.598,1.476] | 杯心 (  0.0,  0.0, 52.8) | 杯頂上 3 層 間距 6.62 頂厚 26.0
t= 14.53 tuck ears (side squeeze) bbox 251x241x125 | 自穿    2 | 布穿杯   0 | 反轉   0 | 體積比 0.9927 | 邊長比 [0.601,1.485] | 杯心 (  0.0,  0.0, 52.8)
t= 15.03 tuck ears (side squeeze) bbox 251x241x125 | 自穿    2 | 布穿杯   0 | 反轉   0 | 體積比 0.9925 | 邊長比 [0.600,1.479] | 杯心 (  0.0,  0.0, 52.8)
t= 15.53 tuck ears (side squeeze) bbox 252x241x127 | 自穿    1 | 布穿杯   0 | 反轉   0 | 體積比 0.9928 | 邊長比 [0.608,1.475] | 杯心 (  0.0,  0.0, 52.8)
t= 16.03 tuck ears (side squeeze) bbox 252x241x126 | 自穿    0 | 布穿杯   0 | 反轉   0 | 體積比 0.9928 | 邊長比 [0.610,1.476] | 杯心 (  0.0,  0.0, 52.8) | 杯頂上 3 層 間距 7.04 頂厚 27.3
t= 16.53 tuck ears (side squeeze) bbox 251x241x126 | 自穿    1 | 布穿杯   0 | 反轉   0 | 體積比 0.9930 | 邊長比 [0.601,1.477] | 杯心 (  0.0,  0.0, 52.8)
t= 17.03 tuck ears (side squeeze) bbox 252x216x128 | 自穿    1 | 布穿杯   0 | 反轉   0 | 體積比 0.9902 | 邊長比 [0.570,1.551] | 杯心 (  0.0,  0.0, 52.8)
  箱子 tensor set_transforms 瞬移 5 個剛體(base + 4 蓋)

★ t=17.500 入箱:包裹(布)bbox 中心 (0.0,0.0) mm,杯心 (0.0,0.0,52.8);箱子剛性瞬移到 [ 0.  0. -3.] mm(箱底內面 = 地面)
  入箱前(瞬移前)以箱子目標位置比對內腔:
  布     2592 點;超出內腔 0 | x 超 0 / y 超 0 / 低於底 0(最深 0.00mm)/ 高於口 0 | x -127.0~125.1(±132) y -108.0~108.0(±112) z 3.5~130.9(3.0~133.9)
  杯子   24832 點;超出內腔 0 | x 超 0 / y 超 0 / 低於底 0(最深 0.00mm)/ 高於口 0 | x -66.6~66.6(±132) y -53.5~53.5(±112) z 9.5~102.1(3.0~133.9)
  地板碰撞關閉(1 collider);箱底(+pad)接手
t= 17.53 into box                 bbox 252x216x129 | 自穿    3 | 布穿杯   0 | 反轉   0 | 體積比 0.9904 | 邊長比 [0.569,1.544] | 杯心 (  0.0,  0.0, 52.8) | 箱位移 (0,0,0) 蓋z(相對箱底) fxp=116.6 fxn=116.6 fyp=124.3 fyn=124.3
t= 18.03 into box                 bbox 252x216x129 | 自穿    3 | 布穿杯   0 | 反轉   0 | 體積比 0.9902 | 邊長比 [0.570,1.544] | 杯心 (  0.0,  0.0, 52.8) | 箱位移 (0,0,0) 蓋z(相對箱底) fxp=116.6 fxn=116.6 fyp=124.3 fyn=124.3 | 杯頂上 3 層 間距 6.80 頂厚 26.9
t= 18.53 close lower lids         bbox 252x216x129 | 自穿    3 | 布穿杯   0 | 反轉   0 | 體積比 0.9902 | 邊長比 [0.571,1.536] | 杯心 (  0.0,  0.0, 52.8) | 箱位移 (0,0,0) 蓋z(相對箱底) fxp=116.7 fxn=116.7 fyp=124.3 fyn=124.3
t= 19.03 close lower lids         bbox 252x216x130 | 自穿    3 | 布穿杯   0 | 反轉   0 | 體積比 0.9906 | 邊長比 [0.575,1.543] | 杯心 (  0.0,  0.0, 52.8) | 箱位移 (0,0,0) 蓋z(相對箱底) fxp=125.4 fxn=125.4 fyp=124.3 fyn=124.3
t= 19.53 close lower lids         bbox 253x216x129 | 自穿    5 | 布穿杯   0 | 反轉   0 | 體積比 0.9905 | 邊長比 [0.574,1.542] | 杯心 (  0.0,  0.0, 52.8) | 箱位移 (0,0,0) 蓋z(相對箱底) fxp=145.6 fxn=145.6 fyp=124.3 fyn=124.3
t= 20.03 close lower lids         bbox 252x216x128 | 自穿    1 | 布穿杯   0 | 反轉   0 | 體積比 0.9907 | 邊長比 [0.573,1.542] | 杯心 (  0.0,  0.0, 52.8) | 箱位移 (0,0,0) 蓋z(相對箱底) fxp=167.5 fxn=167.5 fyp=124.3 fyn=124.3 | 杯頂上 3 層 間距 7.05 頂厚 26.5
t= 20.53 close lower lids         bbox 250x216x129 | 自穿    1 | 布穿杯   0 | 反轉   0 | 體積比 0.9906 | 邊長比 [0.574,1.545] | 杯心 (  0.0,  0.0, 52.8) | 箱位移 (0,0,0) 蓋z(相對箱底) fxp=177.5 fxn=177.5 fyp=124.3 fyn=124.3
t= 21.03 close lower lids         bbox 252x216x127 | 自穿    3 | 布穿杯   0 | 反轉   0 | 體積比 0.9909 | 邊長比 [0.574,1.537] | 杯心 (  0.0,  0.0, 52.8) | 箱位移 (0,0,0) 蓋z(相對箱底) fxp=168.9 fxn=168.9 fyp=124.3 fyn=124.3
t= 21.53 close lower lids         bbox 253x216x126 | 自穿    2 | 布穿杯   0 | 反轉   0 | 體積比 0.9908 | 邊長比 [0.574,1.540] | 杯心 (  0.0,  0.0, 52.8) | 箱位移 (0,0,0) 蓋z(相對箱底) fxp=148.6 fxn=148.6 fyp=124.3 fyn=124.3
t= 22.03 close lower lids         bbox 253x216x123 | 自穿    2 | 布穿杯   0 | 反轉   0 | 體積比 0.9907 | 邊長比 [0.576,1.540] | 杯心 (  0.0,  0.0, 52.8) | 箱位移 (0,0,0) 蓋z(相對箱底) fxp=130.1 fxn=130.1 fyp=124.3 fyn=124.3 | 杯頂上 3 層 間距 6.93 頂厚 25.8
t= 22.53 close upper lids         bbox 253x216x121 | 自穿    3 | 布穿杯   0 | 反轉   0 | 體積比 0.9907 | 邊長比 [0.572,1.547] | 杯心 (  0.0,  0.0, 52.8) | 箱位移 (0,0,0) 蓋z(相對箱底) fxp=123.4 fxn=123.4 fyp=124.3 fyn=124.3
t= 23.03 close upper lids         bbox 253x216x122 | 自穿    3 | 布穿杯   0 | 反轉   0 | 體積比 0.9907 | 邊長比 [0.573,1.543] | 杯心 (  0.0,  0.0, 52.8) | 箱位移 (0,0,0) 蓋z(相對箱底) fxp=123.4 fxn=123.4 fyp=132.7 fyn=132.7
t= 23.53 close upper lids         bbox 253x216x122 | 自穿    3 | 布穿杯   0 | 反轉   0 | 體積比 0.9907 | 邊長比 [0.573,1.542] | 杯心 (  0.0,  0.0, 52.8) | 箱位移 (0,0,0) 蓋z(相對箱底) fxp=123.4 fxn=123.4 fyp=152.1 fyn=152.1
t= 24.03 close upper lids         bbox 253x216x122 | 自穿    3 | 布穿杯   0 | 反轉   0 | 體積比 0.9907 | 邊長比 [0.574,1.540] | 杯心 (  0.0,  0.0, 52.8) | 箱位移 (0,0,0) 蓋z(相對箱底) fxp=123.4 fxn=123.4 fyp=172.7 fyn=172.7 | 杯頂上 3 層 間距 6.88 頂厚 25.8
t= 24.53 close upper lids         bbox 253x216x121 | 自穿    2 | 布穿杯   0 | 反轉   0 | 體積比 0.9907 | 邊長比 [0.574,1.542] | 杯心 (  0.0,  0.0, 52.8) | 箱位移 (0,0,0) 蓋z(相對箱底) fxp=123.4 fxn=123.4 fyp=181.8 fyn=181.8
t= 25.03 close upper lids         bbox 253x216x122 | 自穿    3 | 布穿杯   0 | 反轉   0 | 體積比 0.9905 | 邊長比 [0.574,1.544] | 杯心 (  0.0,  0.0, 52.8) | 箱位移 (0,0,0) 蓋z(相對箱底) fxp=123.4 fxn=123.4 fyp=172.9 fyn=172.9
t= 25.53 close upper lids         bbox 253x216x122 | 自穿    2 | 布穿杯   0 | 反轉   0 | 體積比 0.9907 | 邊長比 [0.572,1.541] | 杯心 (  0.0,  0.0, 52.8) | 箱位移 (0,0,0) 蓋z(相對箱底) fxp=123.4 fxn=123.4 fyp=153.1 fyn=153.1
t= 26.03 close upper lids         bbox 253x216x122 | 自穿    3 | 布穿杯   0 | 反轉   0 | 體積比 0.9908 | 邊長比 [0.571,1.540] | 杯心 (  0.0,  0.0, 52.8) | 箱位移 (0,0,0) 蓋z(相對箱底) fxp=123.4 fxn=123.4 fyp=135.2 fyn=135.2 | 杯頂上 3 層 間距 6.96 頂厚 25.8
t= 26.53 release paddles          bbox 255x219x122 | 自穿    3 | 布穿杯   0 | 反轉   0 | 體積比 0.9910 | 邊長比 [0.581,1.533] | 杯心 (  0.0,  0.0, 52.8) | 箱位移 (0,0,0) 蓋z(相對箱底) fxp=123.4 fxn=123.4 fyp=128.7 fyn=128.7

★ t=26.900 關蓋完成 → RemovePrim 全部錨點(4 scope);杯子轉 dynamic
t= 27.03 release anchors / settle bbox 258x223x123 | 自穿    1 | 布穿杯   0 | 反轉   0 | 體積比 0.9898 | 邊長比 [0.584,1.545] | 杯心 (  3.3, -6.4, 47.9) | 箱位移 (0,0,0) 蓋z(相對箱底) fxp=123.4 fxn=123.4 fyp=128.7 fyn=128.7
t= 27.53 release anchors / settle bbox 260x223x123 | 自穿    1 | 布穿杯   0 | 反轉   0 | 體積比 0.9893 | 邊長比 [0.548,1.547] | 杯心 (  3.3, -4.0, 47.6) | 箱位移 (0,0,0) 蓋z(相對箱底) fxp=123.4 fxn=123.4 fyp=128.7 fyn=128.7
t= 28.03 release anchors / settle bbox 259x223x123 | 自穿    1 | 布穿杯   0 | 反轉   0 | 體積比 0.9891 | 邊長比 [0.390,1.556] | 杯心 (  4.1, -4.0, 47.2) | 箱位移 (0,0,0) 蓋z(相對箱底) fxp=123.4 fxn=123.4 fyp=128.7 fyn=128.7 | 杯頂上 2 層 間距 7.46 頂厚 20.6
t= 28.53 release anchors / settle bbox 258x223x123 | 自穿    0 | 布穿杯   0 | 反轉   0 | 體積比 0.9889 | 邊長比 [0.397,1.565] | 杯心 (  8.0, -4.8, 45.2) | 箱位移 (0,0,0) 蓋z(相對箱底) fxp=123.4 fxn=123.4 fyp=128.7 fyn=128.7
t= 29.03 move box                 bbox 261x223x120 | 自穿    0 | 布穿杯   0 | 反轉   0 | 體積比 0.9881 | 邊長比 [0.537,1.542] | 杯心 ( 12.5, -3.5, 42.8) | 箱位移 (0,0,0) 蓋z(相對箱底) fxp=123.4 fxn=123.4 fyp=128.7 fyn=128.7
t= 29.53 move box                 bbox 262x223x117 | 自穿    0 | 布穿杯   0 | 反轉   0 | 體積比 0.9870 | 邊長比 [0.551,1.543] | 杯心 ( 15.1,  2.4, 45.3) | 箱位移 (0,6,3) 蓋z(相對箱底) fxp=123.4 fxn=123.4 fyp=128.7 fyn=128.7
t= 30.03 move box                 bbox 260x223x110 | 自穿    1 | 布穿杯   0 | 反轉   0 | 體積比 0.9869 | 邊長比 [0.541,1.559] | 杯心 ( 16.3, 14.3, 51.0) | 箱位移 (0,19,9) 蓋z(相對箱底) fxp=123.4 fxn=123.4 fyp=128.7 fyn=128.7 | 杯頂上 1 層 間距 11.37 頂厚 13.1
t= 30.53 move box                 bbox 260x223x116 | 自穿    0 | 布穿杯   0 | 反轉   0 | 體積比 0.9873 | 邊長比 [0.552,1.555] | 杯心 ( 16.0, 31.3, 59.8) | 箱位移 (0,36,18) 蓋z(相對箱底) fxp=123.4 fxn=123.4 fyp=128.7 fyn=128.7
t= 31.03 move box                 bbox 262x223x115 | 自穿    0 | 布穿杯   0 | 反轉   0 | 體積比 0.9873 | 邊長比 [0.548,1.558] | 杯心 ( 15.7, 52.6, 70.4) | 箱位移 (0,58,29) 蓋z(相對箱底) fxp=123.4 fxn=123.4 fyp=128.7 fyn=128.7
t= 31.53 move box                 bbox 264x223x120 | 自穿    0 | 布穿杯   0 | 反轉   0 | 體積比 0.9876 | 邊長比 [0.546,1.556] | 杯心 ( 15.7, 76.1, 82.4) | 箱位移 (0,82,41) 蓋z(相對箱底) fxp=123.4 fxn=123.4 fyp=128.7 fyn=128.7
t= 32.03 move box                 bbox 262x223x119 | 自穿    0 | 布穿杯   0 | 反轉   0 | 體積比 0.9876 | 邊長比 [0.545,1.556] | 杯心 ( 15.8,100.9, 94.8) | 箱位移 (0,107,53) 蓋z(相對箱底) fxp=123.4 fxn=123.4 fyp=128.7 fyn=128.7 | 杯頂上 1 層 間距 12.98 頂厚 14.2
t= 32.53 move box                 bbox 263x223x121 | 自穿    0 | 布穿杯   0 | 反轉   0 | 體積比 0.9878 | 邊長比 [0.547,1.558] | 杯心 ( 15.8,125.3,107.1) | 箱位移 (0,131,66) 蓋z(相對箱底) fxp=123.4 fxn=123.4 fyp=128.7 fyn=128.7
t= 33.03 move box                 bbox 263x223x120 | 自穿    0 | 布穿杯   0 | 反轉   0 | 體積比 0.9876 | 邊長比 [0.547,1.560] | 杯心 ( 15.6,147.7,118.4) | 箱位移 (0,154,77) 蓋z(相對箱底) fxp=123.4 fxn=123.4 fyp=128.7 fyn=128.7
t= 33.53 move box                 bbox 264x223x121 | 自穿    0 | 布穿杯   0 | 反轉   0 | 體積比 0.9877 | 邊長比 [0.539,1.559] | 杯心 ( 15.7,167.1,128.1) | 箱位移 (0,174,87) 蓋z(相對箱底) fxp=123.4 fxn=123.4 fyp=128.7 fyn=128.7
t= 34.03 move box                 bbox 263x223x120 | 自穿    0 | 布穿杯   0 | 反轉   0 | 體積比 0.9878 | 邊長比 [0.492,1.560] | 杯心 ( 15.6,182.2,135.7) | 箱位移 (0,189,94) 蓋z(相對箱底) fxp=123.4 fxn=123.4 fyp=128.7 fyn=128.7 | 杯頂上 1 層 間距 13.77 頂厚 14.3
t= 34.53 move box                 bbox 263x223x120 | 自穿    0 | 布穿杯   0 | 反轉   0 | 體積比 0.9877 | 邊長比 [0.466,1.555] | 杯心 ( 15.6,191.4,140.3) | 箱位移 (0,198,99) 蓋z(相對箱底) fxp=123.4 fxn=123.4 fyp=128.7 fyn=128.7
t= 35.03 settle                   bbox 263x223x121 | 自穿    0 | 布穿杯   0 | 反轉   0 | 體積比 0.9880 | 邊長比 [0.537,1.558] | 杯心 ( 15.2,193.7,141.3) | 箱位移 (0,200,100) 蓋z(相對箱底) fxp=123.4 fxn=123.4 fyp=128.7 fyn=128.7
t= 35.53 settle                   bbox 264x223x120 | 自穿    0 | 布穿杯   0 | 反轉   0 | 體積比 0.9878 | 邊長比 [0.525,1.553] | 杯心 ( 15.3,193.8,141.4) | 箱位移 (0,200,100) 蓋z(相對箱底) fxp=123.4 fxn=123.4 fyp=128.7 fyn=128.7
t= 36.03 settle                   bbox 264x223x120 | 自穿    0 | 布穿杯   0 | 反轉   0 | 體積比 0.9877 | 邊長比 [0.525,1.552] | 杯心 ( 15.3,193.8,141.4) | 箱位移 (0,200,100) 蓋z(相對箱底) fxp=123.4 fxn=123.4 fyp=128.7 fyn=128.7 | 杯頂上 1 層 間距 13.65 頂厚 14.7
t= 36.53 settle                   bbox 263x223x120 | 自穿    0 | 布穿杯   0 | 反轉   0 | 體積比 0.9878 | 邊長比 [0.521,1.554] | 杯心 ( 15.3,193.8,141.4) | 箱位移 (0,200,100) 蓋z(相對箱底) fxp=123.4 fxn=123.4 fyp=128.7 fyn=128.7
t= 37.03 open upper lids          bbox 264x223x120 | 自穿    0 | 布穿杯   0 | 反轉   0 | 體積比 0.9878 | 邊長比 [0.521,1.554] | 杯心 ( 15.3,193.8,141.4) | 箱位移 (0,200,100) 蓋z(相對箱底) fxp=123.4 fxn=123.4 fyp=129.7 fyn=129.7
t= 37.53 open upper lids          bbox 263x223x120 | 自穿    0 | 布穿杯   0 | 反轉   0 | 體積比 0.9877 | 邊長比 [0.519,1.552] | 杯心 ( 15.3,193.8,141.4) | 箱位移 (0,200,100) 蓋z(相對箱底) fxp=123.4 fxn=123.4 fyp=148.1 fyn=148.1
t= 38.03 open upper lids          bbox 263x223x120 | 自穿    0 | 布穿杯   0 | 反轉   0 | 體積比 0.9878 | 邊長比 [0.519,1.552] | 杯心 ( 15.3,193.8,141.4) | 箱位移 (0,200,100) 蓋z(相對箱底) fxp=123.4 fxn=123.4 fyp=174.3 fyn=174.3 | 杯頂上 1 層 間距 13.99 頂厚 14.8
t= 38.53 open upper lids          bbox 262x223x120 | 自穿    0 | 布穿杯   0 | 反轉   0 | 體積比 0.9879 | 邊長比 [0.520,1.551] | 杯心 ( 15.3,193.8,141.4) | 箱位移 (0,200,100) 蓋z(相對箱底) fxp=123.4 fxn=123.4 fyp=180.1 fyn=180.1
t= 39.03 open upper lids          bbox 263x223x120 | 自穿    0 | 布穿杯   0 | 反轉   0 | 體積比 0.9881 | 邊長比 [0.521,1.553] | 杯心 ( 15.5,193.7,141.5) | 箱位移 (0,200,100) 蓋z(相對箱底) fxp=123.4 fxn=123.4 fyp=157.5 fyn=157.5
t= 39.53 open upper lids          bbox 262x223x121 | 自穿    0 | 布穿杯   0 | 反轉   0 | 體積比 0.9878 | 邊長比 [0.519,1.548] | 杯心 ( 15.8,193.6,141.4) | 箱位移 (0,200,100) 蓋z(相對箱底) fxp=123.4 fxn=123.4 fyp=131.4 fyn=131.4
t= 40.03 open lower lids          bbox 263x223x121 | 自穿    0 | 布穿杯   0 | 反轉   0 | 體積比 0.9879 | 邊長比 [0.516,1.552] | 杯心 ( 15.7,193.8,141.4) | 箱位移 (0,200,100) 蓋z(相對箱底) fxp=124.4 fxn=124.4 fyp=124.3 fyn=124.3 | 杯頂上 1 層 間距 14.10 頂厚 15.3
t= 40.53 open lower lids          bbox 262x223x122 | 自穿    0 | 布穿杯   0 | 反轉   0 | 體積比 0.9879 | 邊長比 [0.488,1.552] | 杯心 ( 15.7,193.9,141.4) | 箱位移 (0,200,100) 蓋z(相對箱底) fxp=143.4 fxn=143.4 fyp=124.3 fyn=124.3
t= 41.03 open lower lids          bbox 263x223x121 | 自穿    0 | 布穿杯   0 | 反轉   0 | 體積比 0.9878 | 邊長比 [0.514,1.554] | 杯心 ( 15.8,193.9,141.4) | 箱位移 (0,200,100) 蓋z(相對箱底) fxp=170.3 fxn=170.3 fyp=124.3 fyn=124.3
t= 41.53 open lower lids          bbox 263x223x122 | 自穿    0 | 布穿杯   0 | 反轉   0 | 體積比 0.9880 | 邊長比 [0.525,1.554] | 杯心 ( 15.8,194.0,141.5) | 箱位移 (0,200,100) 蓋z(相對箱底) fxp=175.5 fxn=175.5 fyp=124.3 fyn=124.3
t= 42.03 open lower lids          bbox 263x223x121 | 自穿    0 | 布穿杯   0 | 反轉   0 | 體積比 0.9878 | 邊長比 [0.514,1.572] | 杯心 ( 15.3,194.1,141.5) | 箱位移 (0,200,100) 蓋z(相對箱底) fxp=151.4 fxn=151.4 fyp=124.3 fyn=124.3 | 杯頂上 1 層 間距 14.08 頂厚 15.0
t= 42.53 open lower lids          bbox 263x223x121 | 自穿    0 | 布穿杯   0 | 反轉   0 | 體積比 0.9875 | 邊長比 [0.437,1.577] | 杯心 ( 15.5,193.8,141.3) | 箱位移 (0,200,100) 蓋z(相對箱底) fxp=124.1 fxn=124.1 fyp=124.3 fyn=124.3
t= 43.03 hold                     bbox 263x223x122 | 自穿    0 | 布穿杯   0 | 反轉   0 | 體積比 0.9878 | 邊長比 [0.511,1.595] | 杯心 ( 15.7,193.6,141.3) | 箱位移 (0,200,100) 蓋z(相對箱底) fxp=116.6 fxn=116.6 fyp=124.3 fyn=124.3
t= 43.53 hold                     bbox 263x223x122 | 自穿    0 | 布穿杯   0 | 反轉   0 | 體積比 0.9873 | 邊長比 [0.436,1.598] | 杯心 ( 15.6,193.6,141.2) | 箱位移 (0,200,100) 蓋z(相對箱底) fxp=116.6 fxn=116.6 fyp=124.3 fyn=124.3
t= 44.03 hold                     bbox 263x223x122 | 自穿    0 | 布穿杯   0 | 反轉   0 | 體積比 0.9877 | 邊長比 [0.463,1.600] | 杯心 ( 15.5,193.6,141.4) | 箱位移 (0,200,100) 蓋z(相對箱底) fxp=116.6 fxn=116.6 fyp=124.3 fyn=124.3 | 杯頂上 1 層 間距 13.95 頂厚 14.7
t= 44.53 hold                     bbox 263x223x122 | 自穿    0 | 布穿杯   0 | 反轉   0 | 體積比 0.9876 | 邊長比 [0.456,1.604] | 杯心 ( 15.5,193.7,141.4) | 箱位移 (0,200,100) 蓋z(相對箱底) fxp=116.6 fxn=116.6 fyp=124.3 fyn=124.3
t= 45.03 hold                     bbox 263x223x123 | 自穿    0 | 布穿杯   0 | 反轉   0 | 體積比 0.9875 | 邊長比 [0.443,1.607] | 杯心 ( 15.6,193.5,141.3) | 箱位移 (0,200,100) 蓋z(相對箱底) fxp=116.6 fxn=116.6 fyp=124.3 fyn=124.3
t= 45.53 hold                     bbox 264x223x122 | 自穿    0 | 布穿杯   0 | 反轉   0 | 體積比 0.9875 | 邊長比 [0.432,1.608] | 杯心 ( 15.5,193.5,141.3) | 箱位移 (0,200,100) 蓋z(相對箱底) fxp=116.6 fxn=116.6 fyp=124.3 fyn=124.3
t= 46.03 grasp settle             bbox 263x223x122 | 自穿    0 | 布穿杯   0 | 反轉   0 | 體積比 0.9874 | 邊長比 [0.428,1.604] | 杯心 ( 15.5,193.4,141.3) | 箱位移 (0,200,100) 蓋z(相對箱底) fxp=116.6 fxn=116.6 fyp=124.3 fyn=124.3 | 杯頂上 1 層 間距 14.12 頂厚 15.2
t= 46.53 grasp settle             bbox 263x223x121 | 自穿    0 | 布穿杯   0 | 反轉   0 | 體積比 0.9874 | 邊長比 [0.475,1.604] | 杯心 ( 15.5,193.4,141.3) | 箱位移 (0,200,100) 蓋z(相對箱底) fxp=116.6 fxn=116.6 fyp=124.3 fyn=124.3

★ t=46.90 [yn] 抓取點即時排名(60 候選,(a)上方沒被壓 10 / (b)掃掠不撞 5 / (c)下方空隙>=6mm 21 / 全過 5;算了 64.7s)
   #1 v9    tip  yn   flat(-121,-250) 位置(箱局部) (-120.3, -10.2, 118.8) 坡度  25.5° 下方空隙  23.2 上方他層 0 掃掠 牆/底/杯/布 0/0/0/0 OK
   #2 v26   tip  yn   flat( 121,-250) 位置(箱局部) ( 109.7, -13.8, 122.5) 坡度  33.2° 下方空隙  20.0 上方他層 0 掃掠 牆/底/杯/布 0/0/0/0 OK
   #3 v10   tip  yn   flat(-107,-250) 位置(箱局部) (-105.8, -11.8, 118.3) 坡度  23.2° 下方空隙  19.5 上方他層 0 掃掠 牆/底/杯/布 0/0/0/0 OK
   #4 v25   tip  yn   flat( 107,-250) 位置(箱局部) (  97.1, -12.4, 116.7) 坡度  32.2° 下方空隙  12.1 上方他層 0 掃掠 牆/底/杯/布 0/0/0/0 OK
   #5 v11   tip  yn   flat( -93,-250) 位置(箱局部) ( -93.1,  -9.9, 112.3) 坡度  21.3° 下方空隙  10.9 上方他層 0 掃掠 牆/底/杯/布 0/0/0/0 OK
   #6 v27   tip  yn   flat( 136,-250) 位置(箱局部) ( 123.3,  -9.7, 121.1) 坡度  34.3° 下方空隙  24.1 上方他層 0 掃掠 牆/底/杯/布 66/0/0/0 NG
  [yn] 選 合格第 1 名:v9(tip)位置 (-120.3,-10.2,118.8) mm、邊坡度 25.5°、下方空隙 23.2 mm;外法線 u=(0.01,0.90,0.43);指面沿邊置中在 v9/v10 之間(t 偏 7.3mm)
  [yn] 挑角路徑(jaw 模式,箱局部 mm):下指從上方降到 [-112.8    9.   118. ](足跡 u∈[+7,+27]、頂面在布底下 3mm)→ 沿 −u 伸進 25mm 到 [-113.   -13.6  107.3](足跡 u∈[-18,2])→ 上抬 25mm 到 [-113.   -13.6  132.3]
  [yn] 翻面量測集:yn 片在折線(y=-71.5mm)內側的頂點 332 個;他片 yp/xp/xn 共 1728 頂點;杯頂俯視覆蓋 92%(露出 8%)
t= 47.03 yn pick: lower jaw to corner bbox 263x223x122 | 自穿    0 | 布穿杯   0 | 反轉   0 | 體積比 0.9878 | 邊長比 [0.506,1.604] | 杯心 ( 15.5,193.5,141.3) | 箱位移 (0,200,100) 蓋z(相對箱底) fxp=116.6 fxn=116.6 fyp=124.3 fyn=124.3
  G[yn] t= 47.03 yn pick: lower jaw to corner 上指 (3000.0,2900.0, 903.0) 下指 (2848.7,2854.7, 868.7) | 夾到  0 | 滑動 中位 - 最大 - | yn 越過折線   0%(整片  46%)| 他片 >10mm    0(0.0%)最大   0.7 | 杯位移 0.1 | 自穿 0 穿杯 0 反轉 0
t= 47.53 yn pick: lower jaw to corner bbox 263x223x121 | 自穿    0 | 布穿杯   0 | 反轉   0 | 體積比 0.9875 | 邊長比 [0.445,1.604] | 杯心 ( 15.5,193.6,141.3) | 箱位移 (0,200,100) 蓋z(相對箱底) fxp=116.6 fxn=116.6 fyp=124.3 fyn=124.3
  G[yn] t= 47.53 yn pick: lower jaw to corner 上指 (3000.0,2900.0, 903.0) 下指 ( 835.8, 920.5, 412.9) | 夾到  0 | 滑動 中位 - 最大 - | yn 越過折線   0%(整片  46%)| 他片 >10mm    0(0.0%)最大   0.8 | 杯位移 0.1 | 自穿 0 穿杯 0 反轉 0
t= 48.03 yn pick: lower jaw to corner bbox 263x223x121 | 自穿    0 | 布穿杯   0 | 反轉   0 | 體積比 0.9873 | 邊長比 [0.430,1.607] | 杯心 ( 15.4,193.5,141.3) | 箱位移 (0,200,100) 蓋z(相對箱底) fxp=116.6 fxn=116.6 fyp=124.3 fyn=124.3 | 杯頂上 1 層 間距 13.91 頂厚 14.9
  G[yn] t= 48.03 yn pick: lower jaw to corner 上指 (3000.0,2900.0, 903.0) 下指 (-112.8,   9.0, 194.1) | 夾到  0 | 滑動 中位 - 最大 - | yn 越過折線   0%(整片  46%)| 他片 >10mm    0(0.0%)最大   0.9 | 杯位移 0.2 | 自穿 0 穿杯 0 反轉 0
    pick t=48.40 下指足跡內:頂面上 0~8mm 0 點 / 穿進指內 0 點 / 底面下 0~8mm 0 點;角 v9 z=119.0
    pick t=48.50 下指足跡內:頂面上 0~8mm 0 點 / 穿進指內 0 點 / 底面下 0~8mm 0 點;角 v9 z=119.2
t= 48.53 yn pick: lower jaw to corner bbox 263x223x122 | 自穿    0 | 布穿杯   0 | 反轉   0 | 體積比 0.9877 | 邊長比 [0.445,1.605] | 杯心 ( 15.3,193.5,141.3) | 箱位移 (0,200,100) 蓋z(相對箱底) fxp=116.6 fxn=116.6 fyp=124.3 fyn=124.3
  G[yn] t= 48.53 yn pick: lower jaw to corner 上指 (3000.0,2900.0, 903.0) 下指 (-112.8,   9.0, 142.4) | 夾到  0 | 滑動 中位 - 最大 - | yn 越過折線   0%(整片  46%)| 他片 >10mm    0(0.0%)最大   1.0 | 杯位移 0.2 | 自穿 0 穿杯 0 反轉 0
    pick t=48.60 下指足跡內:頂面上 0~8mm 0 點 / 穿進指內 0 點 / 底面下 0~8mm 0 點;角 v9 z=119.0
    pick t=48.70 下指足跡內:頂面上 0~8mm 0 點 / 穿進指內 0 點 / 底面下 0~8mm 0 點;角 v9 z=119.2
    pick t=48.80 下指足跡內:頂面上 0~8mm 0 點 / 穿進指內 0 點 / 底面下 0~8mm 0 點;角 v9 z=119.3
    pick t=48.90 下指足跡內:頂面上 0~8mm 0 點 / 穿進指內 0 點 / 底面下 0~8mm 0 點;角 v9 z=119.4
    pick t=49.00 下指足跡內:頂面上 0~8mm 0 點 / 穿進指內 0 點 / 底面下 0~8mm 0 點;角 v9 z=119.2
t= 49.03 yn pick: lower jaw insert bbox 263x223x121 | 自穿    0 | 布穿杯   0 | 反轉   0 | 體積比 0.9874 | 邊長比 [0.480,1.605] | 杯心 ( 15.3,193.5,141.3) | 箱位移 (0,200,100) 蓋z(相對箱底) fxp=116.6 fxn=116.6 fyp=124.3 fyn=124.3
  G[yn] t= 49.03 yn pick: lower jaw insert  上指 (3000.0,2900.0, 903.0) 下指 (-112.9,   7.9, 117.5) | 夾到  0 | 滑動 中位 - 最大 - | yn 越過折線   0%(整片  46%)| 他片 >10mm    0(0.0%)最大   1.1 | 杯位移 0.2 | 自穿 0 穿杯 0 反轉 0
    pick t=49.10 下指足跡內:頂面上 0~8mm 0 點 / 穿進指內 0 點 / 底面下 0~8mm 0 點;角 v9 z=118.7
    pick t=49.20 下指足跡內:頂面上 0~8mm 0 點 / 穿進指內 0 點 / 底面下 0~8mm 0 點;角 v9 z=118.6
    pick t=49.30 下指足跡內:頂面上 0~8mm 0 點 / 穿進指內 0 點 / 底面下 0~8mm 1 點;角 v9 z=117.9
    pick t=49.40 下指足跡內:頂面上 0~8mm 3 點 / 穿進指內 0 點 / 底面下 0~8mm 1 點;角 v9 z=116.5
    pick t=49.50 下指足跡內:頂面上 0~8mm 3 點 / 穿進指內 0 點 / 底面下 0~8mm 1 點;角 v9 z=115.0
t= 49.53 yn pick: lower jaw insert bbox 263x223x121 | 自穿    0 | 布穿杯   0 | 反轉   0 | 體積比 0.9871 | 邊長比 [0.430,1.603] | 杯心 ( 15.4,193.3,141.3) | 箱位移 (0,200,100) 蓋z(相對箱底) fxp=116.6 fxn=116.6 fyp=124.3 fyn=124.3
  G[yn] t= 49.53 yn pick: lower jaw insert  上指 (3000.0,2900.0, 903.0) 下指 (-113.0,  -6.7, 110.6) | 夾到  0 | 滑動 中位 - 最大 - | yn 越過折線   0%(整片  47%)| 他片 >10mm    0(0.0%)最大   2.9 | 杯位移 0.2 | 自穿 0 穿杯 0 反轉 0
    pick t=49.60 下指足跡內:頂面上 0~8mm 3 點 / 穿進指內 0 點 / 底面下 0~8mm 1 點;角 v9 z=113.7
    pick t=49.70 下指足跡內:頂面上 0~8mm 3 點 / 穿進指內 0 點 / 底面下 0~8mm 1 點;角 v9 z=112.6
    pick t=49.80 下指足跡內:頂面上 0~8mm 1 點 / 穿進指內 0 點 / 底面下 0~8mm 1 點;角 v9 z=112.1
    pick t=49.90 下指足跡內:頂面上 0~8mm 1 點 / 穿進指內 0 點 / 底面下 0~8mm 1 點;角 v9 z=111.7
    pick t=50.00 下指足跡內:頂面上 0~8mm 1 點 / 穿進指內 0 點 / 底面下 0~8mm 1 點;角 v9 z=112.4
t= 50.03 yn pick: lift corner     bbox 263x223x122 | 自穿    0 | 布穿杯   0 | 反轉   0 | 體積比 0.9872 | 邊長比 [0.490,1.604] | 杯心 ( 15.5,193.5,141.4) | 箱位移 (0,200,100) 蓋z(相對箱底) fxp=116.6 fxn=116.6 fyp=124.3 fyn=124.3 | 杯頂上 1 層 間距 14.06 頂厚 14.9
  G[yn] t= 50.03 yn pick: lift corner       上指 (3000.0,2900.0, 903.0) 下指 (-113.0, -13.6, 108.5) | 夾到  0 | 滑動 中位 - 最大 - | yn 越過折線   0%(整片  47%)| 他片 >10mm    0(0.0%)最大   4.6 | 杯位移 0.1 | 自穿 0 穿杯 0 反轉 0
    pick t=50.10 下指足跡內:頂面上 0~8mm 1 點 / 穿進指內 0 點 / 底面下 0~8mm 0 點;角 v9 z=114.5
    pick t=50.20 下指足跡內:頂面上 0~8mm 1 點 / 穿進指內 0 點 / 底面下 0~8mm 0 點;角 v9 z=117.3
    pick t=50.30 下指足跡內:頂面上 0~8mm 2 點 / 穿進指內 0 點 / 底面下 0~8mm 0 點;角 v9 z=120.6
    pick t=50.40 下指足跡內:頂面上 0~8mm 2 點 / 穿進指內 0 點 / 底面下 0~8mm 0 點;角 v9 z=124.3
    pick t=50.50 下指足跡內:頂面上 0~8mm 2 點 / 穿進指內 0 點 / 底面下 0~8mm 0 點;角 v9 z=128.0
t= 50.53 yn pick: lift corner     bbox 263x223x127 | 自穿    0 | 布穿杯   0 | 反轉   0 | 體積比 0.9873 | 邊長比 [0.436,1.601] | 杯心 ( 15.2,193.4,141.3) | 箱位移 (0,200,100) 蓋z(相對箱底) fxp=116.6 fxn=116.6 fyp=124.3 fyn=124.3
  G[yn] t= 50.53 yn pick: lift corner       上指 (3000.0,2900.0, 903.0) 下指 (-113.0, -13.6, 124.7) | 夾到  0 | 滑動 中位 - 最大 - | yn 越過折線   1%(整片  47%)| 他片 >10mm    0(0.0%)最大   4.8 | 杯位移 0.3 | 自穿 0 穿杯 0 反轉 0
    pick t=50.60 下指足跡內:頂面上 0~8mm 2 點 / 穿進指內 0 點 / 底面下 0~8mm 0 點;角 v9 z=131.4
    pick t=50.70 下指足跡內:頂面上 0~8mm 1 點 / 穿進指內 0 點 / 底面下 0~8mm 0 點;角 v9 z=134.0
    pick t=50.80 下指足跡內:頂面上 0~8mm 1 點 / 穿進指內 0 點 / 底面下 0~8mm 0 點;角 v9 z=135.2
    pick t=50.90 下指足跡內:頂面上 0~8mm 1 點 / 穿進指內 0 點 / 底面下 0~8mm 0 點;角 v9 z=135.9
    pick t=51.00 下指足跡內:頂面上 0~8mm 1 點 / 穿進指內 0 點 / 底面下 0~8mm 0 點;角 v9 z=135.9
t= 51.03 yn pick: lift corner     bbox 264x223x134 | 自穿    0 | 布穿杯   0 | 反轉   0 | 體積比 0.9874 | 邊長比 [0.476,1.610] | 杯心 ( 15.5,193.5,141.3) | 箱位移 (0,200,100) 蓋z(相對箱底) fxp=116.6 fxn=116.6 fyp=124.3 fyn=124.3
  G[yn] t= 51.03 yn pick: lift corner       上指 (3000.0,2900.0, 903.0) 下指 (-113.0, -13.6, 132.3) | 夾到  0 | 滑動 中位 - 最大 - | yn 越過折線   1%(整片  47%)| 他片 >10mm    0(0.0%)最大   6.4 | 杯位移 0.2 | 自穿 0 穿杯 0 反轉 0
    pick t=51.10 下指足跡內:頂面上 0~8mm 1 點 / 穿進指內 0 點 / 底面下 0~8mm 0 點;角 v9 z=135.9
    pick t=51.20 下指足跡內:頂面上 0~8mm 1 點 / 穿進指內 0 點 / 底面下 0~8mm 0 點;角 v9 z=135.9
    pick t=51.30 下指足跡內:頂面上 0~8mm 1 點 / 穿進指內 0 點 / 底面下 0~8mm 0 點;角 v9 z=135.9
    pick t=51.40 下指足跡內:頂面上 0~8mm 1 點 / 穿進指內 0 點 / 底面下 0~8mm 0 點;角 v9 z=135.9

★ t=51.40 [yn] 挑角完:角 v9 z 118.8 → 135.9 mm(+17.1);下方空隙 23.2 → 47.9 mm;相鄰層(非 yn 片)位移 >10mm 頂點 0 / 1968,最大 6.8 mm
  [yn] 上指:從 +z 降到下指正上方 [-113.1  -25.4  157.1] → 沿 −n 合 15mm 到 [-113.1  -19.   143.6](指面間距 4.5mm);挑角後躺在下指頂面上(0~7mm)的布頂點 1 個
t= 51.53 yn upper jaw down        bbox 264x223x134 | 自穿    0 | 布穿杯   0 | 反轉   0 | 體積比 0.9875 | 邊長比 [0.514,1.614] | 杯心 ( 15.4,193.6,141.2) | 箱位移 (0,200,100) 蓋z(相對箱底) fxp=116.6 fxn=116.6 fyp=124.3 fyn=124.3
  G[yn] t= 51.53 yn upper jaw down          上指 (2769.4,2683.3, 852.2) 下指 (-113.0, -13.6, 132.3) | 夾到  0 | 滑動 中位 - 最大 - | yn 越過折線   1%(整片  47%)| 他片 >10mm    0(0.0%)最大   6.8 | 杯位移 0.3 | 自穿 0 穿杯 0 反轉 0
t= 52.03 yn upper jaw down        bbox 264x223x134 | 自穿    0 | 布穿杯   0 | 反轉   0 | 體積比 0.9876 | 邊長比 [0.438,1.614] | 杯心 ( 15.3,193.5,141.3) | 箱位移 (0,200,100) 蓋z(相對箱底) fxp=116.6 fxn=116.6 fyp=124.3 fyn=124.3 | 杯頂上 1 層 間距 14.33 頂厚 15.6
  G[yn] t= 52.03 yn upper jaw down          上指 ( 235.9, 302.6, 294.0) 下指 (-113.0, -13.6, 132.3) | 夾到  0 | 滑動 中位 - 最大 - | yn 越過折線   1%(整片  47%)| 他片 >10mm    0(0.0%)最大   7.2 | 杯位移 0.2 | 自穿 0 穿杯 0 反轉 0
t= 52.53 yn upper jaw down        bbox 264x223x134 | 自穿    0 | 布穿杯   0 | 反轉   0 | 體積比 0.9876 | 邊長比 [0.482,1.608] | 杯心 ( 15.4,193.7,141.3) | 箱位移 (0,200,100) 蓋z(相對箱底) fxp=116.6 fxn=116.6 fyp=124.3 fyn=124.3
  G[yn] t= 52.53 yn upper jaw down          上指 (-113.1, -25.4, 194.5) 下指 (-113.0, -13.6, 132.3) | 夾到  0 | 滑動 中位 - 最大 - | yn 越過折線   1%(整片  47%)| 他片 >10mm    0(0.0%)最大   7.1 | 杯位移 0.3 | 自穿 0 穿杯 0 反轉 0
t= 53.03 yn close jaws            bbox 264x223x135 | 自穿    0 | 布穿杯   0 | 反轉   0 | 體積比 0.9878 | 邊長比 [0.509,1.613] | 杯心 ( 15.5,193.8,141.3) | 箱位移 (0,200,100) 蓋z(相對箱底) fxp=116.6 fxn=116.6 fyp=124.3 fyn=124.3
  G[yn] t= 53.03 yn close jaws              上指 (-113.1, -25.4, 157.1) 下指 (-113.0, -13.6, 132.3) | 夾到  0 | 滑動 中位 - 最大 - | yn 越過折線   1%(整片  47%)| 他片 >10mm    0(0.0%)最大   6.7 | 杯位移 0.4 | 自穿 0 穿杯 0 反轉 0
t= 53.53 yn close jaws            bbox 264x223x134 | 自穿    0 | 布穿杯   0 | 反轉   0 | 體積比 0.9876 | 邊長比 [0.490,1.612] | 杯心 ( 15.3,193.7,141.3) | 箱位移 (0,200,100) 蓋z(相對箱底) fxp=116.6 fxn=116.6 fyp=124.3 fyn=124.3
  G[yn] t= 53.53 yn close jaws              上指 (-113.1, -20.7, 147.1) 下指 (-113.0, -13.6, 132.3) | 夾到  1 | 滑動 中位 - 最大 - | yn 越過折線   1%(整片  47%)| 他片 >10mm    0(0.0%)最大   7.0 | 杯位移 0.3 | 自穿 0 穿杯 0 反轉 0
t= 54.03 yn grip hold             bbox 265x223x134 | 自穿    0 | 布穿杯   0 | 反轉   0 | 體積比 0.9876 | 邊長比 [0.496,1.611] | 杯心 ( 15.4,193.7,141.3) | 箱位移 (0,200,100) 蓋z(相對箱底) fxp=116.6 fxn=116.6 fyp=124.3 fyn=124.3 | 杯頂上 1 層 間距 14.47 頂厚 16.0
  G[yn] t= 54.03 yn grip hold               上指 (-113.1, -19.0, 143.6) 下指 (-113.0, -13.6, 132.3) | 夾到  1 | 滑動 中位 - 最大 - | yn 越過折線   0%(整片  46%)| 他片 >10mm    0(0.0%)最大   7.0 | 杯位移 0.3 | 自穿 0 穿杯 0 反轉 0
t= 54.53 yn grip hold             bbox 264x223x134 | 自穿    0 | 布穿杯   0 | 反轉   0 | 體積比 0.9875 | 邊長比 [0.490,1.609] | 杯心 ( 15.4,193.7,141.3) | 箱位移 (0,200,100) 蓋z(相對箱底) fxp=116.6 fxn=116.6 fyp=124.3 fyn=124.3
  G[yn] t= 54.53 yn grip hold               上指 (-113.1, -19.0, 143.6) 下指 (-113.0, -13.6, 132.3) | 夾到  1 | 滑動 中位 - 最大 - | yn 越過折線   0%(整片  46%)| 他片 >10mm    0(0.0%)最大   6.9 | 杯位移 0.3 | 自穿 0 穿杯 0 反轉 0
t= 55.03 yn grip hold             bbox 264x223x134 | 自穿    0 | 布穿杯   0 | 反轉   0 | 體積比 0.9876 | 邊長比 [0.494,1.611] | 杯心 ( 15.4,193.7,141.3) | 箱位移 (0,200,100) 蓋z(相對箱底) fxp=116.6 fxn=116.6 fyp=124.3 fyn=124.3
  G[yn] t= 55.03 yn grip hold               上指 (-113.1, -19.0, 143.6) 下指 (-113.0, -13.6, 132.3) | 夾到  1 | 滑動 中位 - 最大 - | yn 越過折線   0%(整片  46%)| 他片 >10mm    0(0.0%)最大   6.9 | 杯位移 0.3 | 自穿 0 穿杯 0 反轉 0
t= 55.53 yn grip hold             bbox 264x223x134 | 自穿    0 | 布穿杯   0 | 反轉   0 | 體積比 0.9875 | 邊長比 [0.504,1.609] | 杯心 ( 15.4,193.7,141.3) | 箱位移 (0,200,100) 蓋z(相對箱底) fxp=116.6 fxn=116.6 fyp=124.3 fyn=124.3
  G[yn] t= 55.53 yn grip hold               上指 (-113.1, -19.0, 143.6) 下指 (-113.0, -13.6, 132.3) | 夾到  1 | 滑動 中位 - 最大 - | yn 越過折線   0%(整片  46%)| 他片 >10mm    0(0.0%)最大   6.9 | 杯位移 0.3 | 自穿 0 穿杯 0 反轉 0
t= 56.03 yn grip hold             bbox 264x223x134 | 自穿    0 | 布穿杯   0 | 反轉   0 | 體積比 0.9876 | 邊長比 [0.489,1.608] | 杯心 ( 15.4,193.6,141.3) | 箱位移 (0,200,100) 蓋z(相對箱底) fxp=116.6 fxn=116.6 fyp=124.3 fyn=124.3 | 杯頂上 1 層 間距 14.39 頂厚 16.1
  G[yn] t= 56.03 yn grip hold               上指 (-113.1, -19.0, 143.6) 下指 (-113.0, -13.6, 132.3) | 夾到  1 | 滑動 中位 - 最大 - | yn 越過折線   0%(整片  46%)| 他片 >10mm    0(0.0%)最大   6.8 | 杯位移 0.3 | 自穿 0 穿杯 0 反轉 0
t= 56.53 yn grip hold             bbox 264x223x134 | 自穿    0 | 布穿杯   0 | 反轉   0 | 體積比 0.9875 | 邊長比 [0.496,1.608] | 杯心 ( 15.4,193.6,141.3) | 箱位移 (0,200,100) 蓋z(相對箱底) fxp=116.6 fxn=116.6 fyp=124.3 fyn=124.3
  G[yn] t= 56.53 yn grip hold               上指 (-113.1, -19.0, 143.6) 下指 (-113.0, -13.6, 132.3) | 夾到  1 | 滑動 中位 - 最大 - | yn 越過折線   0%(整片  46%)| 他片 >10mm    0(0.0%)最大   6.8 | 杯位移 0.3 | 自穿 0 穿杯 0 反轉 0
  [yn] 實際 rod 位置(箱局部)[3000. 2800.  903.] mm vs 目標 [3000. 2800.  903.]
  [yn] 實際 up 位置(箱局部)[-113.1  -19.   143.6] mm vs 目標 [-113.1  -19.   143.6]
  [yn] 實際 lo 位置(箱局部)[-113.   -13.6  132.3] mm vs 目標 [-113.   -13.6  132.3]

★ t=56.60 [yn] 夾好:指面之間(間距 4.5mm、足跡 20x20)的布頂點 1 個(歸屬 {'yn': 1})
  [yn] 參考:足跡外擴 2.5mm、離指面 <=2.5mm 的布頂點 3 個;夾爪 30mm 內布頂點的 (t,u,n) mm:v7(-14,-3,-22); v8(-19,-10,-7); v9(-8,-13,5); v10(10,-11,3); v11(22,-9,-9); v43(-12,-16,-29); v44(-16,-22,-13); v45(-6,-26,-0); v46(11,-24,-1); v47(24,-22,-11); v1300(30,1,-29); v1301(15,0,-29); v1302(1,-1,-27); v1303(-11,-4,-20)
  [yn] 弧線:彎折處(夾點那欄,即時)y=-94.0 z=83.1 mm(|flat x|<CX 各欄中位 y=-99.3 z=59.5;題目名義折線 y=-71.5);材料長度 現在 84.5 / flat 85.7 mm → 半徑 0.90 x (85.7 − 7.5) = 70.4 mm(夾爪中心起始離彎折處 95.1 mm,前 30% 角度內漸變)
  [yn] 第 1 段繞彎折處 35° → 112°(指向箱壁外頂角 y=-113.5 z=130.5);第 2 段 繞箱壁頂角 半徑 19.2mm 轉到 180°;箱外指頭最低點 >= 蓋頂 129.5 + T + 2 = 135.5 mm;終點夾爪中心 (-113.1,-132.7,147.3) mm;3.0s 後停 2.0s 再放開
t= 57.03 yn PEEL arc              bbox 264x223x136 | 自穿    0 | 布穿杯   0 | 反轉   0 | 體積比 0.9874 | 邊長比 [0.485,1.604] | 杯心 ( 15.4,193.5,141.3) | 箱位移 (0,200,100) 蓋z(相對箱底) fxp=116.6 fxn=116.6 fyp=124.3 fyn=124.3
  G[yn] t= 57.03 yn PEEL arc                上指 (-113.1, -29.4, 146.6) 下指 (-113.0, -23.0, 135.9) | 夾到  1 | 滑動 中位 0.3 最大 0.3 | yn 越過折線   2%(整片  47%)| 他片 >10mm    0(0.0%)最大   6.9 | 杯位移 0.2 | 自穿 0 穿杯 0 反轉 0
t= 57.53 yn PEEL arc              bbox 264x223x133 | 自穿    0 | 布穿杯   0 | 反轉   0 | 體積比 0.9869 | 邊長比 [0.478,1.602] | 杯心 ( 15.4,193.5,141.3) | 箱位移 (0,200,100) 蓋z(相對箱底) fxp=116.6 fxn=116.6 fyp=124.3 fyn=124.3
  G[yn] t= 57.53 yn PEEL arc                上指 (-113.1, -59.8, 147.5) 下指 (-113.0, -50.6, 139.1) | 夾到  0 | 滑動 中位 1.8 最大 1.8 | yn 越過折線   3%(整片  48%)| 他片 >10mm    0(0.0%)最大   9.1 | 杯位移 0.2 | 自穿 0 穿杯 0 反轉 0

★ t=57.60 [yn] peel_1_3
  G[yn] t= 57.60 yn PEEL arc                上指 (-113.1, -63.6, 148.1) 下指 (-113.0, -54.0, 140.1) | 夾到  0 | 滑動 中位 1.7 最大 1.7 | yn 越過折線   3%(整片  48%)| 他片 >10mm    0(0.0%)最大   9.7 | 杯位移 0.2 | 自穿 0 穿杯 0 反轉 0
t= 58.03 yn PEEL arc              bbox 264x223x141 | 自穿    0 | 布穿杯   0 | 反轉   0 | 體積比 0.9868 | 邊長比 [0.503,1.603] | 杯心 ( 15.6,193.3,141.3) | 箱位移 (0,200,100) 蓋z(相對箱底) fxp=116.6 fxn=116.6 fyp=124.3 fyn=124.3 | 杯頂上 1 層 間距 17.60 頂厚 20.1
  G[yn] t= 58.03 yn PEEL arc                上指 (-113.1, -87.4, 154.5) 下指 (-113.0, -75.7, 150.3) | 夾到  1 | 滑動 中位 0.9 最大 0.9 | yn 越過折線  11%(整片  52%)| 他片 >10mm   19(1.1%)最大  18.3 | 杯位移 0.2 | 自穿 0 穿杯 0 反轉 0
t= 58.53 yn PEEL arc              bbox 264x225x149 | 自穿    0 | 布穿杯   0 | 反轉   0 | 體積比 0.9866 | 邊長比 [0.433,1.609] | 杯心 ( 15.4,193.7,141.3) | 箱位移 (0,200,100) 蓋z(相對箱底) fxp=116.6 fxn=116.6 fyp=124.3 fyn=124.3
  G[yn] t= 58.53 yn PEEL arc                上指 (-113.1,-116.2, 151.3) 下指 (-113.0,-103.8, 152.1) | 夾到  1 | 滑動 中位 0.9 最大 0.9 | yn 越過折線  26%(整片  58%)| 他片 >10mm   58(3.4%)最大  63.5 | 杯位移 0.3 | 自穿 0 穿杯 0 反轉 0

★ t=58.60 [yn] peel_2_3
  G[yn] t= 58.60 yn PEEL arc                上指 (-113.1,-119.6, 150.1) 下指 (-113.0,-107.2, 151.5) | 夾到  1 | 滑動 中位 1.0 最大 1.0 | yn 越過折線  28%(整片  59%)| 他片 >10mm   63(3.6%)最大  66.0 | 杯位移 0.3 | 自穿 0 穿杯 0 反轉 0
t= 59.03 yn PEEL arc              bbox 263x223x158 | 自穿    0 | 布穿杯   0 | 反轉   0 | 體積比 0.9877 | 邊長比 [0.433,1.609] | 杯心 ( 15.4,193.5,141.3) | 箱位移 (0,200,100) 蓋z(相對箱底) fxp=116.6 fxn=116.6 fyp=124.3 fyn=124.3
  G[yn] t= 59.03 yn PEEL arc                上指 (-113.1,-133.8, 145.3) 下指 (-113.0,-125.4, 154.5) | 夾到  0 | 滑動 中位 73.5 最大 73.5 | yn 越過折線  12%(整片  52%)| 他片 >10mm   52(3.0%)最大  44.5 | 杯位移 0.2 | 自穿 0 穿杯 0 反轉 0
t= 59.53 yn PEEL arc              bbox 263x223x121 | 自穿    0 | 布穿杯   0 | 反轉   0 | 體積比 0.9871 | 邊長比 [0.429,1.610] | 杯心 ( 15.6,193.7,141.3) | 箱位移 (0,200,100) 蓋z(相對箱底) fxp=116.6 fxn=116.6 fyp=124.3 fyn=124.3
  G[yn] t= 59.53 yn PEEL arc                上指 (-113.1,-133.8, 141.3) 下指 (-113.0,-131.6, 153.6) | 夾到  0 | 滑動 中位 115.3 最大 115.3 | yn 越過折線   0%(整片  46%)| 他片 >10mm    1(0.1%)最大  11.6 | 杯位移 0.3 | 自穿 0 穿杯 0 反轉 0

★ t=59.60 [yn] peeled
  G[yn] t= 59.60 yn hold peeled             上指 (-113.1,-133.7, 141.2) 下指 (-113.0,-131.6, 153.5) | 夾到  0 | 滑動 中位 115.6 最大 115.6 | yn 越過折線   0%(整片  46%)| 他片 >10mm    1(0.1%)最大  11.8 | 杯位移 0.6 | 自穿 0 穿杯 0 反轉 0
t= 60.03 yn hold peeled           bbox 263x223x121 | 自穿    0 | 布穿杯   0 | 反轉   0 | 體積比 0.9871 | 邊長比 [0.419,1.610] | 杯心 ( 15.6,193.8,141.3) | 箱位移 (0,200,100) 蓋z(相對箱底) fxp=116.6 fxn=116.6 fyp=124.3 fyn=124.3 | 杯頂上 1 層 間距 14.30 頂厚 14.0
  G[yn] t= 60.03 yn hold peeled             上指 (-113.1,-133.7, 141.2) 下指 (-113.0,-131.6, 153.5) | 夾到  0 | 滑動 中位 115.7 最大 115.7 | yn 越過折線   0%(整片  46%)| 他片 >10mm    1(0.1%)最大  11.7 | 杯位移 0.4 | 自穿 0 穿杯 0 反轉 0
t= 60.53 yn hold peeled           bbox 263x223x121 | 自穿    0 | 布穿杯   0 | 反轉   0 | 體積比 0.9873 | 邊長比 [0.436,1.609] | 杯心 ( 15.7,193.9,141.4) | 箱位移 (0,200,100) 蓋z(相對箱底) fxp=116.6 fxn=116.6 fyp=124.3 fyn=124.3
  G[yn] t= 60.53 yn hold peeled             上指 (-113.1,-133.7, 141.2) 下指 (-113.0,-131.6, 153.5) | 夾到  0 | 滑動 中位 115.2 最大 115.2 | yn 越過折線   0%(整片  46%)| 他片 >10mm    1(0.1%)最大  12.0 | 杯位移 0.5 | 自穿 0 穿杯 0 反轉 0
t= 61.03 yn hold peeled           bbox 263x223x122 | 自穿    0 | 布穿杯   0 | 反轉   0 | 體積比 0.9872 | 邊長比 [0.430,1.609] | 杯心 ( 15.6,194.0,141.3) | 箱位移 (0,200,100) 蓋z(相對箱底) fxp=116.6 fxn=116.6 fyp=124.3 fyn=124.3
  G[yn] t= 61.03 yn hold peeled             上指 (-113.1,-133.7, 141.2) 下指 (-113.0,-131.6, 153.5) | 夾到  0 | 滑動 中位 115.5 最大 115.5 | yn 越過折線   0%(整片  46%)| 他片 >10mm    2(0.1%)最大  12.1 | 杯位移 0.6 | 自穿 0 穿杯 0 反轉 0
t= 61.53 yn hold peeled           bbox 263x223x121 | 自穿    0 | 布穿杯   0 | 反轉   0 | 體積比 0.9872 | 邊長比 [0.426,1.609] | 杯心 ( 15.5,194.0,141.4) | 箱位移 (0,200,100) 蓋z(相對箱底) fxp=116.6 fxn=116.6 fyp=124.3 fyn=124.3
  G[yn] t= 61.53 yn hold peeled             上指 (-113.1,-133.7, 141.2) 下指 (-113.0,-131.6, 153.5) | 夾到  0 | 滑動 中位 115.2 最大 115.2 | yn 越過折線   0%(整片  46%)| 他片 >10mm    2(0.1%)最大  12.2 | 杯位移 0.6 | 自穿 0 穿杯 0 反轉 0

★ t=61.60 [yn] held
  G[yn] t= 61.60 yn release                 上指 (-113.1,-133.7, 141.2) 下指 (-113.0,-131.6, 153.5) | 夾到  0 | 滑動 中位 115.3 最大 115.3 | yn 越過折線   0%(整片  46%)| 他片 >10mm    2(0.1%)最大  12.4 | 杯位移 0.6 | 自穿 0 穿杯 0 反轉 0
  杯頂俯視覆蓋 87% → 露出 13%(開始時 8%)
t= 62.03 yn release               bbox 263x223x121 | 自穿    0 | 布穿杯   0 | 反轉   0 | 體積比 0.9870 | 邊長比 [0.408,1.607] | 杯心 ( 15.6,194.1,141.3) | 箱位移 (0,200,100) 蓋z(相對箱底) fxp=116.6 fxn=116.6 fyp=124.3 fyn=124.3 | 杯頂上 1 層 間距 14.28 頂厚 13.9
  G[yn] t= 62.03 yn release                 上指 (-113.1,-135.3, 131.8) 下指 (-113.0,-130.0, 162.9) | 夾到  0 | 滑動 中位 - 最大 - | yn 越過折線   0%(整片  46%)| 他片 >10mm    2(0.1%)最大  12.4 | 杯位移 0.7 | 自穿 0 穿杯 0 反轉 0
t= 62.53 yn release               bbox 263x223x121 | 自穿    0 | 布穿杯   0 | 反轉   0 | 體積比 0.9870 | 邊長比 [0.414,1.610] | 杯心 ( 15.7,194.0,141.3) | 箱位移 (0,200,100) 蓋z(相對箱底) fxp=116.6 fxn=116.6 fyp=124.3 fyn=124.3
  G[yn] t= 62.53 yn release                 上指 (-112.9,-163.6, 136.1) 下指 (-112.8,-158.1, 168.2) | 夾到  0 | 滑動 中位 - 最大 - | yn 越過折線   0%(整片  46%)| 他片 >10mm    2(0.1%)最大  12.3 | 杯位移 0.6 | 自穿 0 穿杯 0 反轉 0
t= 63.03 yn release               bbox 263x223x122 | 自穿    0 | 布穿杯   0 | 反轉   0 | 體積比 0.9873 | 邊長比 [0.434,1.610] | 杯心 ( 15.8,194.1,141.4) | 箱位移 (0,200,100) 蓋z(相對箱底) fxp=116.6 fxn=116.6 fyp=124.3 fyn=124.3
  G[yn] t= 63.03 yn release                 上指 (-112.9,-165.0, 190.4) 下指 (-112.8,-159.5, 222.4) | 夾到  0 | 滑動 中位 - 最大 - | yn 越過折線   0%(整片  46%)| 他片 >10mm    2(0.1%)最大  12.4 | 杯位移 0.7 | 自穿 0 穿杯 0 反轉 0
t= 63.53 yn release               bbox 263x223x122 | 自穿    0 | 布穿杯   0 | 反轉   0 | 體積比 0.9874 | 邊長比 [0.500,1.608] | 杯心 ( 15.8,194.0,141.2) | 箱位移 (0,200,100) 蓋z(相對箱底) fxp=116.6 fxn=116.6 fyp=124.3 fyn=124.3
  G[yn] t= 63.53 yn release                 上指 (-112.9,-165.0, 216.4) 下指 (-112.8,-159.5, 248.4) | 夾到  0 | 滑動 中位 - 最大 - | yn 越過折線   0%(整片  46%)| 他片 >10mm    2(0.1%)最大  12.3 | 杯位移 0.7 | 自穿 0 穿杯 0 反轉 0

★ t=63.55 [yn] released
  G[yn] t= 63.55 yn release                 上指 (-112.9,-165.0, 216.4) 下指 (-112.8,-159.5, 248.4) | 夾到  0 | 滑動 中位 - 最大 - | yn 越過折線   0%(整片  46%)| 他片 >10mm    2(0.1%)最大  12.4 | 杯位移 0.7 | 自穿 0 穿杯 0 反轉 0
  杯頂俯視覆蓋 88% → 露出 12%(開始時 8%)
t= 63.60 yn release               bbox 263x223x122 | 自穿    0 | 布穿杯   0 | 反轉   0 | 體積比 0.9875 | 邊長比 [0.457,1.608] | 杯心 ( 15.8,194.3,141.4) | 箱位移 (0,200,100) 蓋z(相對箱底) fxp=116.6 fxn=116.6 fyp=124.3 fyn=124.3 | 杯頂上 1 層 間距 14.44 頂厚 13.8
  G[yn] t= 63.60 yn release                 上指 (-112.9,-165.0, 216.4) 下指 (-112.8,-159.5, 248.4) | 夾到  0 | 滑動 中位 - 最大 - | yn 越過折線   0%(整片  46%)| 他片 >10mm    2(0.1%)最大  12.5 | 杯位移 0.9 | 自穿 0 穿杯 0 反轉 0

影片 → grasp/out_g/wrap.mp4(1908 幀);wall 371.4s / sim 63.60s = 5.84

===== 判讀 wrap_vol sheet 500(跑到 all)=====
  fold_xn                t=  7.47 bbox 布 241x503x105 / 含杯 241x503x105 | 體積÷杯 9.62 | 自穿 0 | 布穿杯 0 | 反轉 0 | 體積比 0.9977 | 杯頂上 1.0 層(分佈 {0: 128, 1: 208})間距 nan 頂厚 11.8 第1層離杯頂 7.8 | 杯頂俯視覆蓋 70%
  fold_end               t= 17.50 bbox 布 252x216x127 / 含杯 252x216x127 | 體積÷杯 5.25 | 自穿 2 | 布穿杯 0 | 反轉 0 | 體積比 0.9907 | 杯頂上 3.0 層(分佈 {0: 6, 1: 87, 2: 41, 3: 186, 4: 16})間距 7.15 頂厚 27.7 第1層離杯頂 18.5 | 杯頂俯視覆蓋 99%
  closed_pre_release     t= 26.90 bbox 布 255x223x122 / 含杯 255x223x122 | 體積÷杯 5.24 | 自穿 2 | 布穿杯 0 | 反轉 0 | 體積比 0.9913 | 杯頂上 3.0 層(分佈 {0: 6, 1: 99, 2: 29, 3: 186, 4: 16})間距 6.78 頂厚 25.7 第1層離杯頂 17.4 | 杯頂俯視覆蓋 99%
  before_move            t= 28.87 bbox 布 260x223x120 / 含杯 260x223x120 | 體積÷杯 5.29 | 自穿 0 | 布穿杯 0 | 反轉 0 | 體積比 0.9877 | 杯頂上 1.0 層(分佈 {0: 37, 1: 154, 2: 57, 3: 116, 4: 14})間距 11.91 頂厚 18.3 第1層離杯頂 8.1 | 杯頂俯視覆蓋 94%
  after_move             t= 36.87 bbox 布 263x223x120 / 含杯 263x223x120 | 體積÷杯 5.32 | 自穿 0 | 布穿杯 0 | 反轉 0 | 體積比 0.9878 | 杯頂上 1.0 層(分佈 {0: 49, 1: 173, 2: 57, 3: 52, 4: 9})間距 13.91 頂厚 15.0 第1層離杯頂 7.6 | 杯頂俯視覆蓋 92%
  end                    t= 45.87 bbox 布 263x223x122 / 含杯 263x223x122 | 體積÷杯 5.42 | 自穿 0 | 布穿杯 0 | 反轉 0 | 體積比 0.9875 | 杯頂上 1.0 層(分佈 {0: 51, 1: 197, 2: 54, 3: 49, 4: 9})間距 13.95 頂厚 15.3 第1層離杯頂 7.7 | 杯頂俯視覆蓋 92%
  final                  t= 63.60 bbox 布 263x223x122 / 含杯 263x223x122 | 體積÷杯 5.41 | 自穿 0 | 布穿杯 0 | 反轉 0 | 體積比 0.9875 | 杯頂上 1.0 層(分佈 {0: 70, 1: 170, 2: 49, 3: 43, 4: 8})間距 14.44 頂厚 13.8 第1層離杯頂 7.7 | 杯頂俯視覆蓋 88%
  全程最大:自穿 5(t=19.53 close lower lids)| 布穿杯 0 | 反轉 0 | 邊長比 [0.390, 1.757]
  每階段結束時自穿:
    settle                     結束 t=0.03 自穿 0
    fold xp                    結束 t=3.53 自穿 0
    fold xn                    結束 t=7.03 自穿 0
    fold yp                    結束 t=10.53 自穿 1
    fold yn                    結束 t=14.03 自穿 4
    tuck ears (side squeeze)   結束 t=17.03 自穿 1
    into box                   結束 t=18.03 自穿 3
    close lower lids           結束 t=22.03 自穿 2
    close upper lids           結束 t=26.03 自穿 3
    release paddles            結束 t=26.53 自穿 3
    release anchors / settle   結束 t=28.53 自穿 0
    move box                   結束 t=34.53 自穿 0
    settle                     結束 t=36.53 自穿 0
    open upper lids            結束 t=39.53 自穿 0
    open lower lids            結束 t=42.53 自穿 0
    hold                       結束 t=45.53 自穿 0
    grasp settle               結束 t=46.53 自穿 0
    yn pick: lower jaw to corner 結束 t=48.53 自穿 0
    yn pick: lower jaw insert  結束 t=49.53 自穿 0
    yn pick: lift corner       結束 t=51.03 自穿 0
    yn upper jaw down          結束 t=52.53 自穿 0
    yn close jaws              結束 t=53.53 自穿 0
    yn grip hold               結束 t=56.53 自穿 0
    yn PEEL arc                結束 t=59.53 自穿 0
    yn hold peeled             結束 t=61.53 自穿 0
    yn release                 結束 t=63.60 自穿 0
  折 xp 尖端(綁的、|x|<=CX 的 20 點)along 19.6~20.0 z 100.5~104.7 mm(目標 along 19.9 z 103.1±2)
  折 xn 尖端(綁的、|x|<=CX 的 20 點)along 19.8~20.0 z 100.6~104.7 mm(目標 along 19.9 z 103.1±2)
  折 yp 尖端(綁的、|x|<=CX 的 24 點)along -1.5~-1.0 z 105.2~109.8 mm(目標 along -1.4 z 108.1±2)
  折 yn 尖端(綁的、|x|<=CX 的 24 點)along 3.4~4.4 z 110.5~115.2 mm(目標 along 3.6 z 113.1±2)

===== 真的入箱了嗎(逐頂點比對內腔)=====
 關蓋後(放錨前):
  布     2592 點;超出內腔 0 | x 超 0 / y 超 0 / 低於底 0(最深 0.00mm)/ 高於口 0 | x -129.1~125.5(±132) y -111.5~111.5(±112) z 3.5~125.5(3.0~133.9)
  杯子   24832 點;超出內腔 0 | x 超 0 / y 超 0 / 低於底 0(最深 0.00mm)/ 高於口 0 | x -66.6~66.6(±132) y -53.5~53.5(±112) z 9.5~102.1(3.0~133.9)
 搬前:
  布     2592 點;超出內腔 1 | x 超 1 / y 超 0 / 低於底 0(最深 0.00mm)/ 高於口 0 | x -127.3~132.9(±132) y -111.5~111.5(±112) z 2.6~123.0(3.0~133.9)
  杯子   24832 點;超出內腔 0 | x 超 0 / y 超 0 / 低於底 0(最深 0.00mm)/ 高於口 0 | x -52.2~78.3(±132) y -60.4~55.1(±112) z 8.2~102.6(3.0~133.9)
 搬後(原點 = 箱子最終位置):
  布     2592 點;超出內腔 0 | x 超 0 / y 超 0 / 低於底 0(最深 0.00mm)/ 高於口 0 | x -131.3~131.5(±132) y -111.5~111.5(±112) z 3.2~123.2(3.0~133.9)
  杯子   24832 點;超出內腔 0 | x 超 0 / y 超 0 / 低於底 0(最深 0.00mm)/ 高於口 0 | x -48.6~79.3(±132) y -63.3~51.7(±112) z 8.5~103.6(3.0~133.9)
  搬箱:箱位移 (0.0,200.0,100.0) mm;布質心相對箱 搬前→搬後 差 4.3 mm;杯心相對箱 差 4.5 mm
  杯心相對箱中心(搬後):(+15.3, -6.2, +41.4) mm(z 相對箱底內面)
 開蓋後(結束):
  布     2592 點;超出內腔 1 | x 超 0 / y 超 0 / 低於底 1(最深 0.50mm)/ 高於口 0 | x -131.5~131.5(±132) y -111.5~111.5(±112) z 2.5~124.5(3.0~133.9)
  杯子   24832 點;超出內腔 0 | x 超 0 / y 超 0 / 低於底 0(最深 0.00mm)/ 高於口 0 | x -48.7~79.2(±132) y -64.1~51.2(±112) z 8.6~103.9(3.0~133.9)
  蓋中心 z(相對箱底內面):fxp=116.6 fxn=116.6 fyp=124.3 fyn=124.3;關著時預設 fxp=123.4 fxn=123.4 fyp=128.7 fyn=128.7
  驗收:pre_in PASS(布 0 杯 0) | closed PASS(布 0 杯 0) | bm FAIL(布 1 杯 0) | am PASS(布 0 杯 0) | end WARN(布 1 杯 0)(pre_in / end 蓋子開著,只計 x/y/底)
  杯子姿態:相對初始轉了 25.8°(dynamic 之後)

===== SUMMARY =====
  E 2e+03 T 4.0mm 面密度 0.10 cont 2.00 rest 0.50 tuck 1
  四折後(收耳前 t=14.03)bbox 250x241x124;側板內縮目標 258x218 ⇒ 側板會碰到布(四折後 bbox 是否超出)
  收耳後/入箱前 bbox 252x216x127
  關蓋後 bbox 255x223x122 體積÷杯 5.24
  頂力代理:下蓋底面 120.0mm;布頂 z(max/99%)放錨前 122.5/117.8 → 放錨後 2s 120.0/110.8;離蓋底 <2mm 的頂點 25 → 2
  開蓋後 3s:布頂 z max 121.5 / 99% 111.4 mm(箱口 130.9);杯頂俯視覆蓋 92%
  全程最大 自穿 5 布穿杯 0 反轉 0 邊長比 [0.390,1.757] 體積比 [0.9866,1.0009]
  wall 371.4s

===== 抓取段判讀(--grasp 1;rank 1、挑角 25/25mm、半徑係數 0.90、掀 3.0s、間距 4.5mm、指面摩擦 2.0)=====
  [yn] 抓取點 v9 位置 (-120.3,-10.2,118.8) 坡度 25.5° 空隙 23.2 | 挑角後 z 118.8→135.9 空隙 23.2→47.9 相鄰層 >10mm 0(最大 6.8)
  [yn] 夾到 1 NG | 滑動(夾持中 中位/最大頂點)115.7 / 115.7 mm NG | 越過折線 0%(整片 46%)NG;放開後 0% | 他片 >10mm 2(0.1%)最大 12.4 mm {'yp': 2, 'xp': 0, 'xn': 0} OK | 杯位移最大 0.9 mm OK | 自穿最多 0 穿杯 0 OK 反轉 0 | 露出 8% → 13%(放開後 12%)⇒ FAIL
  抓取段明細 → grasp/out_g/grasp.json
npz → grasp/out_g/wrap.npz
