板 500mm n35 nz1 h=14.29mm T=4 r=27.3mm(6.82T)align=1 gap=6mm;杯底 6.5 杯頂 99.5 mm
  xp:折線 84.65 → 弧1起點 s1=64.29(格線? True)牆中面 91.57;頂面中面 z=103.5;弧2 s2=153.1;尖端 along=+10.2 mm
  xn:折線 84.65 → 弧1起點 s1=64.29(格線? True)牆中面 91.57;頂面中面 z=103.5;弧2 s2=153.1;尖端 along=+10.2 mm
  yp:折線 71.50 → 弧1起點 s1=50.00(格線? True)牆中面 77.28;頂面中面 z=109.5;弧2 s2=144.8;尖端 along=-12.4 mm
  yn:折線 71.50 → 弧1起點 s1=50.00(格線? True)牆中面 77.28;頂面中面 z=115.5;弧2 s2=150.8;尖端 along=-6.4 mm
角落 ARAP:1456 個角落頂點自由、其餘固定,1000 次迭代

[SIDEPICK 初值(角落不連續)]
 (a) 邊長誤差 max:平面段 0.00% | 圓弧段 11.5%(理論彎曲應變 ±T/2r=7.3%)| 角落 2315.4% | 非角落 >5% 的邊 408 條
 (b) 體積比 V_rest/V_flat ∈ [-15.785, 17.365];<=0 的 212 個;min/max 非角落 0.745 全部 -0.909
 (c) σ*=max(σ1,1/σ3):非角落 max 1.282(>1.4 有 0)| 角落 max 1000000000.000(>1.4 有 396)| 伸縮>50% 的 tet 633 | 能量 proxy 8.819e-01(非角落 4.536e-06)
 (d) 不相鄰頂點最小距:全部 1.01 | 非角落 4.85 | 頂面層間 4.85 mm(要求 >= gap-T = 2.0)| 杯內頂點 0 | 自互穿 84

[最終(角落 ARAP)]
 (a) 邊長誤差 max:平面段 0.00% | 圓弧段 11.5%(理論彎曲應變 ±T/2r=7.3%)| 角落 93.2% | 非角落 >5% 的邊 408 條
 (b) 體積比 V_rest/V_flat ∈ [-0.228, 1.213];<=0 的 5 個;min/max 非角落 0.745 全部 -0.188
 (c) σ*=max(σ1,1/σ3):非角落 max 1.282(>1.4 有 0)| 角落 max 102.422(>1.4 有 251)| 伸縮>50% 的 tet 163 | 能量 proxy 8.995e-05(非角落 4.536e-06)
 (d) 不相鄰頂點最小距:全部 0.57 | 非角落 4.85 | 頂面層間 4.85 mm(要求 >= gap-T = 2.0)| 杯內頂點 0 | 自互穿 50

[十字形(去掉角落格 3640 tets,剩 2485)]
 (a) 邊長誤差 max:平面段 0.00% | 圓弧段 8.4%(理論彎曲應變 ±T/2r=7.3%)| 角落 0.0% | 非角落 >5% 的邊 406 條
 (b) 體積比 V_rest/V_flat ∈ [0.885, 1.034];<=0 的 0 個;min/max 非角落 0.856 全部 0.856
 (c) σ*=max(σ1,1/σ3):非角落 max 1.222(>1.4 有 0)| 角落 max 0.000(>1.4 有 0)| 伸縮>50% 的 tet 0 | 能量 proxy 4.492e-06(非角落 4.492e-06)
 (d) 不相鄰頂點最小距:全部 4.85 | 非角落 4.85 | 頂面層間 4.85 mm(要求 >= gap-T = 2.0)| 杯內頂點 0 | 自互穿 0

對照:wrap_vol 快照 σ* 2.43 能量 5.964e-05 | 單折探針 σ* 1.38 能量 2.031e-06 | 本 rest 能量 / 單折 = 2.2,/ 快照 = 0.08
存 rest_g6.npz
