板 500mm n35 nz1 h=14.29mm T=4 r=12.0mm(3.00T)align=1 gap=10mm;杯底 6.5 杯頂 99.5 mm
  xp:折線 84.65 → 弧1起點 s1=78.57(格線? True)牆中面 90.57;頂面中面 z=103.5;弧2 s2=173.9;尖端 along=+21.3 mm
  xn:折線 84.65 → 弧1起點 s1=78.57(格線? True)牆中面 90.57;頂面中面 z=103.5;弧2 s2=173.9;尖端 along=+21.3 mm
  yp:折線 71.50 → 弧1起點 s1=64.29(格線? True)牆中面 76.29;頂面中面 z=113.5;弧2 s2=169.6;尖端 along=+2.8 mm
  yn:折線 71.50 → 弧1起點 s1=64.29(格線? True)牆中面 76.29;頂面中面 z=123.5;弧2 s2=179.6;尖端 along=+12.8 mm
角落 ARAP:1248 個角落頂點自由、其餘固定,1000 次迭代

[SIDEPICK 初值(角落不連續)]
 (a) 邊長誤差 max:平面段 0.00% | 圓弧段 35.0%(理論彎曲應變 ±T/2r=16.7%)| 角落 2186.0% | 非角落 >5% 的邊 529 條
 (b) 體積比 V_rest/V_flat ∈ [-15.006, 16.306];<=0 的 221 個;min/max 非角落 0.403 全部 -0.920
 (c) σ*=max(σ1,1/σ3):非角落 max 1.906(>1.4 有 291)| 角落 max 1000000000.000(>1.4 有 570)| 伸縮>50% 的 tet 908 | 能量 proxy 1.851e-02(非角落 1.532e-05)
 (d) 不相鄰頂點最小距:全部 0.40 | 非角落 7.42 | 頂面層間 7.42 mm(要求 >= gap-T = 6.0)| 杯內頂點 0 | 自互穿 8

[最終(角落 ARAP)]
 (a) 邊長誤差 max:平面段 0.00% | 圓弧段 35.0%(理論彎曲應變 ±T/2r=16.7%)| 角落 94.8% | 非角落 >5% 的邊 529 條
 (b) 體積比 V_rest/V_flat ∈ [-0.505, 1.222];<=0 的 12 個;min/max 非角落 0.403 全部 -0.413
 (c) σ*=max(σ1,1/σ3):非角落 max 1.906(>1.4 有 291)| 角落 max 136.065(>1.4 有 282)| 伸縮>50% 的 tet 368 | 能量 proxy 2.614e-04(非角落 1.532e-05)
 (d) 不相鄰頂點最小距:全部 0.65 | 非角落 7.42 | 頂面層間 7.42 mm(要求 >= gap-T = 6.0)| 杯內頂點 0 | 自互穿 30

[十字形(去掉角落格 3120 tets,剩 3005)]
 (a) 邊長誤差 max:平面段 0.00% | 圓弧段 21.5%(理論彎曲應變 ±T/2r=16.7%)| 角落 0.0% | 非角落 >5% 的邊 525 條
 (b) 體積比 V_rest/V_flat ∈ [0.650, 1.049];<=0 的 0 個;min/max 非角落 0.620 全部 0.620
 (c) σ*=max(σ1,1/σ3):非角落 max 1.746(>1.4 有 287)| 角落 max 0.000(>1.4 有 0)| 伸縮>50% 的 tet 160 | 能量 proxy 1.507e-05(非角落 1.507e-05)
 (d) 不相鄰頂點最小距:全部 7.42 | 非角落 7.42 | 頂面層間 7.42 mm(要求 >= gap-T = 6.0)| 杯內頂點 0 | 自互穿 0

對照:wrap_vol 快照 σ* 2.43 能量 5.964e-05 | 單折探針 σ* 1.38 能量 2.031e-06 | 本 rest 能量 / 單折 = 7.4,/ 快照 = 0.25
存 rest_g10_r3T.npz
