板 500mm n35 nz1 h=14.29mm T=4 r=27.3mm(6.82T)align=1 gap=10mm;杯底 6.5 杯頂 99.5 mm
  xp:折線 84.65 → 弧1起點 s1=64.29(格線? True)牆中面 91.57;頂面中面 z=103.5;弧2 s2=153.1;尖端 along=+10.2 mm
  xn:折線 84.65 → 弧1起點 s1=64.29(格線? True)牆中面 91.57;頂面中面 z=103.5;弧2 s2=153.1;尖端 along=+10.2 mm
  yp:折線 71.50 → 弧1起點 s1=50.00(格線? True)牆中面 77.28;頂面中面 z=113.5;弧2 s2=148.8;尖端 along=-8.4 mm
  yn:折線 71.50 → 弧1起點 s1=50.00(格線? True)牆中面 77.28;頂面中面 z=123.5;弧2 s2=158.8;尖端 along=+1.6 mm
角落 ARAP:1456 個角落頂點自由、其餘固定,1000 次迭代

[SIDEPICK 初值(角落不連續)]
 (a) 邊長誤差 max:平面段 0.00% | 圓弧段 11.5%(理論彎曲應變 ±T/2r=7.3%)| 角落 2296.0% | 非角落 >5% 的邊 408 條
 (b) 體積比 V_rest/V_flat ∈ [-15.785, 17.085];<=0 的 217 個;min/max 非角落 0.745 全部 -0.924
 (c) σ*=max(σ1,1/σ3):非角落 max 1.282(>1.4 有 0)| 角落 max 1000000000.000(>1.4 有 396)| 伸縮>50% 的 tet 632 | 能量 proxy 8.099e-01(非角落 4.525e-06)
 (d) 不相鄰頂點最小距:全部 1.01 | 非角落 6.85 | 頂面層間 6.85 mm(要求 >= gap-T = 6.0)| 杯內頂點 0 | 自互穿 87

[最終(角落 ARAP)]
 (a) 邊長誤差 max:平面段 0.00% | 圓弧段 11.5%(理論彎曲應變 ±T/2r=7.3%)| 角落 92.9% | 非角落 >5% 的邊 408 條
 (b) 體積比 V_rest/V_flat ∈ [-0.225, 1.213];<=0 的 4 個;min/max 非角落 0.745 全部 -0.185
 (c) σ*=max(σ1,1/σ3):非角落 max 1.282(>1.4 有 0)| 角落 max 75.880(>1.4 有 252)| 伸縮>50% 的 tet 162 | 能量 proxy 8.779e-05(非角落 4.525e-06)
 (d) 不相鄰頂點最小距:全部 1.71 | 非角落 6.85 | 頂面層間 6.85 mm(要求 >= gap-T = 6.0)| 杯內頂點 0 | 自互穿 35

[十字形(去掉角落格 3640 tets,剩 2485)]
 (a) 邊長誤差 max:平面段 0.00% | 圓弧段 8.4%(理論彎曲應變 ±T/2r=7.3%)| 角落 0.0% | 非角落 >5% 的邊 406 條
 (b) 體積比 V_rest/V_flat ∈ [0.885, 1.034];<=0 的 0 個;min/max 非角落 0.856 全部 0.856
 (c) σ*=max(σ1,1/σ3):非角落 max 1.222(>1.4 有 0)| 角落 max 0.000(>1.4 有 0)| 伸縮>50% 的 tet 0 | 能量 proxy 4.481e-06(非角落 4.481e-06)
 (d) 不相鄰頂點最小距:全部 6.85 | 非角落 6.85 | 頂面層間 6.85 mm(要求 >= gap-T = 6.0)| 杯內頂點 0 | 自互穿 0

對照:wrap_vol 快照 σ* 2.43 能量 5.964e-05 | 單折探針 σ* 1.38 能量 2.031e-06 | 本 rest 能量 / 單折 = 2.2,/ 快照 = 0.08
存 rest_g10.npz
