[Info] [carb] Logging to file: /isaac-sim/kit/logs/Kit/Isaac-Sim Python/5.1/kit_20261002_055004.log
2026-10-02T05:50:04Z [0ms] [Warning] [carb.crashreporter-breakpad.plugin] [previous crash] preventing upload of minidump due to user opt-out: '/isaac-sim/kit/data/Kit/Isaac-Sim Python/5.1/3af4ce4e-eaba-4e43-026f7ca0-4df8ede5.dmp'
2026-10-02T05:50:04Z [1ms] [Warning] [carb.crashreporter-breakpad.plugin] [previous crash] preventing upload of minidump due to user opt-out: '/isaac-sim/kit/data/Kit/Isaac-Sim Python/5.1/993c5fad-48c2-4685-8b6edab3-6a22c27f.dmp'
2026-10-02T05:50:04Z [1ms] [Warning] [carb.crashreporter-breakpad.plugin] [previous crash] preventing upload of minidump due to user opt-out: '/isaac-sim/kit/data/Kit/Isaac-Sim Python/5.1/fb56405e-12ba-4cd3-9f1ff887-0dc8898b.dmp'
2026-10-02T05:50:04Z [1ms] [Warning] [carb.crashreporter-breakpad.plugin] Failed to parse toml file '/isaac-sim/kit/data/Kit/Isaac-Sim Python/5.1/4f600334-c71b-4482-85db5b9f-f04f137f.dmp.toml': /isaac-sim/kit/data/Kit/Isaac-Sim Python/5.1/4f600334-c71b-4482-85db5b9f-f04f137f.dmp.toml could not be opened for parsing
2026-10-02T05:50:04Z [1ms] [Warning] [carb.crashreporter-breakpad.plugin] [previous crash] preventing upload of minidump due to user opt-out: '/isaac-sim/kit/data/Kit/Isaac-Sim Python/5.1/4f600334-c71b-4482-85db5b9f-f04f137f.dmp'
2026-10-02T05:50:04Z [1ms] [Warning] [carb.crashreporter-breakpad.plugin] [previous crash] preventing upload of minidump due to user opt-out: '/isaac-sim/kit/data/Kit/Isaac-Sim Python/5.1/f73f703d-6097-430f-d35826ac-aad6d3dc.dmp'
2026-10-02T05:50:04Z [1ms] [Warning] [carb.crashreporter-breakpad.plugin] [previous crash] preventing upload of minidump due to user opt-out: '/isaac-sim/kit/data/Kit/Isaac-Sim Python/5.1/4861b20d-fbb2-480f-9b79ff94-c68a3940.dmp'
2026-10-02T05:50:04Z [1ms] [Warning] [carb.crashreporter-breakpad.plugin] [previous crash] preventing upload of minidump due to user opt-out: '/isaac-sim/kit/data/Kit/Isaac-Sim Python/5.1/83b25c98-cfc0-4c70-6d932789-9686e6aa.dmp'
2026-10-02T05:50:04Z [1ms] [Warning] [carb.crashreporter-breakpad.plugin] [previous crash] preventing upload of minidump due to user opt-out: '/isaac-sim/kit/data/Kit/Isaac-Sim Python/5.1/04d92423-df22-4516-f800ad88-5001dd06.dmp'
2026-10-02T05:50:04Z [2ms] [Warning] [carb.crashreporter-breakpad.plugin] [previous crash] preventing upload of minidump due to user opt-out: '/isaac-sim/kit/data/Kit/Isaac-Sim Python/5.1/60f0c2d1-adcb-4ecc-d06115ad-3c6abce5.dmp'
2026-10-02T05:50:04Z [2ms] [Warning] [carb.crashreporter-breakpad.plugin] [previous crash] preventing upload of minidump due to user opt-out: '/isaac-sim/kit/data/Kit/Isaac-Sim Python/5.1/e1bafb25-5d68-44e9-ecb00091-f55b059d.dmp'
2026-10-02T05:50:04Z [2ms] [Warning] [carb.crashreporter-breakpad.plugin] [previous crash] preventing upload of minidump due to user opt-out: '/isaac-sim/kit/data/Kit/Isaac-Sim Python/5.1/0e1478ee-e277-469e-9f9d9680-b4429682.dmp'
[0.035s] [ext: omni.kit.async_engine-0.0.3] startup
[0.378s] [ext: omni.metrics.core-0.0.3] startup
[0.379s] [ext: omni.client.lib-1.1.0] startup
[0.393s] [ext: omni.blobkey-1.1.2] startup
[0.394s] [ext: omni.stats-1.0.1] startup
[0.395s] [ext: omni.datastore-0.0.0] startup
[0.403s] [ext: omni.client-1.3.0] startup
[0.406s] [ext: omni.ujitso.default-1.0.0] startup
[0.409s] [ext: omni.hsscclient-1.1.2] startup
[0.420s] [ext: omni.gpu_foundation.shadercache.vulkan-1.0.0] startup
[0.422s] [ext: omni.assets.plugins-0.0.0] startup
[0.423s] [ext: omni.gpu_foundation-0.0.0] startup
[0.432s] [ext: carb.windowing.plugins-1.0.0] startup
2026-10-02T05:50:05Z [419ms] [Warning] [carb.windowing-glfw.plugin] GLFW initialization failed.
2026-10-02T05:50:05Z [419ms] [Warning] [carb] Failed to startup plugin carb.windowing-glfw.plugin (interfaces: [carb::windowing::IGLContext v1.0],[carb::windowing::IWindowing v1.5]) (impl: carb.windowing-glfw.plugin)
[0.433s] [ext: omni.kit.renderer.init-0.0.0] startup
2026-10-02T05:50:05Z [442ms] [Warning] [omni.platforminfo.plugin] failed to open the default display.  Can't verify X Server version.

|---------------------------------------------------------------------------------------------|
| Driver Version: 580.173.02    | Graphics API: Vulkan
|=============================================================================================|
| GPU | Name                             | Active | LDA | GPU Memory | Vendor-ID | LUID       |
|     |                                  |        |     |            | Device-ID | UUID       |
|     |                                  |        |     |            | Bus-ID    |            |
|---------------------------------------------------------------------------------------------|
| 0   | NVIDIA GeForce RTX 5090          | Yes: 0 |     | 32607   MB | 10de      | 0          |
|     |                                  |        |     |            | 2b85      | 1bc29a6a.. |
|     |                                  |        |     |            | 1         |            |
|=============================================================================================|
| OS: 24.04.2 LTS (Noble Numbat) ubuntu, Version: 24.04.2, Kernel: 7.0.0-28-generic
| Processor: AMD Ryzen 9 9950X3D 16-Core Processor
| Cores: 16 | Logical Cores: 32
|---------------------------------------------------------------------------------------------|
| Total Memory (MB): 190838 | Free Memory: 164929
| Total Page/Swap (MB): 8191 | Free Page/Swap: 4300
|---------------------------------------------------------------------------------------------|
2026-10-02T05:50:06Z [1,086ms] [Warning] [gpu.foundation.plugin] CPU performance profile is set to powersave. This profile sets the CPU to the lowest frequency reducing performance.
2026-10-02T05:50:06Z [1,095ms] [Warning] [gpu.foundation.plugin] PCIe link width current (8) and maximum (16) for device 0 don't match.
2026-10-02T05:50:06Z [1,095ms] [Warning] [gpu.foundation.plugin] IOMMU is enabled.
[1.270s] [ext: omni.kit.pipapi-0.0.0] startup
[1.272s] [ext: omni.kit.pip_archive-0.0.0] startup
[1.273s] [ext: omni.pip.compute-1.6.3] startup
[1.273s] [ext: omni.materialx.libs-1.0.7] startup
[1.283s] [ext: omni.pip.cloud-1.4.3] startup
[1.288s] [ext: omni.isaac.core_archive-3.0.0] startup
[1.289s] [ext: omni.usd.config-1.0.6] startup
[1.293s] [ext: omni.gpucompute.plugins-0.0.0] startup
[1.294s] [ext: omni.usd.libs-1.0.1] startup
[1.383s] [ext: omni.mdl-56.0.3] startup
[1.474s] [ext: omni.iray.libs-0.0.0] startup
[1.478s] [ext: omni.mdl.neuraylib-0.2.12] startup
[1.481s] [ext: omni.kit.usd.mdl-1.1.5] startup
[1.564s] [ext: omni.services.pip_archive-0.16.0] startup
[1.565s] [ext: omni.isaac.ml_archive-3.0.4] startup
[1.565s] [ext: omni.kit.telemetry-0.5.2] startup
[1.584s] [ext: omni.kit.loop-isaac-1.3.7] startup
[1.585s] [ext: omni.kit.test-2.0.1] startup
[1.622s] [ext: omni.appwindow-1.1.10] startup
2026-10-02T05:50:06Z [1,609ms] [Warning] [carb.windowing-glfw.plugin] GLFW initialization failed.
2026-10-02T05:50:06Z [1,609ms] [Warning] [carb] Failed to startup plugin carb.windowing-glfw.plugin (interfaces: [carb::windowing::IGLContext v1.0],[carb::windowing::IWindowing v1.5]) (impl: carb.windowing-glfw.plugin)
[1.625s] [ext: omni.kit.renderer.core-1.1.0] startup
2026-10-02T05:50:06Z [1,629ms] [Warning] [carb.windowing-glfw.plugin] GLFW initialization failed.
2026-10-02T05:50:06Z [1,629ms] [Warning] [carb] Failed to startup plugin carb.windowing-glfw.plugin (interfaces: [carb::windowing::IGLContext v1.0],[carb::windowing::IWindowing v1.5]) (impl: carb.windowing-glfw.plugin)
2026-10-02T05:50:06Z [1,634ms] [Warning] [carb.windowing-glfw.plugin] GLFW initialization failed.
2026-10-02T05:50:06Z [1,634ms] [Warning] [carb] Failed to startup plugin carb.windowing-glfw.plugin (interfaces: [carb::windowing::IGLContext v1.0],[carb::windowing::IWindowing v1.5]) (impl: carb.windowing-glfw.plugin)
[1.650s] [ext: omni.kit.renderer.capture-0.0.0] startup
[1.652s] [ext: omni.kit.renderer.imgui-2.0.5] startup
2026-10-02T05:50:06Z [1,640ms] [Warning] [carb.windowing-glfw.plugin] GLFW initialization failed.
2026-10-02T05:50:06Z [1,640ms] [Warning] [carb] Failed to startup plugin carb.windowing-glfw.plugin (interfaces: [carb::windowing::IGLContext v1.0],[carb::windowing::IWindowing v1.5]) (impl: carb.windowing-glfw.plugin)
2026-10-02T05:50:06Z [1,641ms] [Warning] [carb.windowing-glfw.plugin] GLFW initialization failed.
2026-10-02T05:50:06Z [1,641ms] [Warning] [carb] Failed to startup plugin carb.windowing-glfw.plugin (interfaces: [carb::windowing::IGLContext v1.0],[carb::windowing::IWindowing v1.5]) (impl: carb.windowing-glfw.plugin)
2026-10-02T05:50:06Z [1,641ms] [Warning] [carb.windowing-glfw.plugin] GLFW initialization failed.
2026-10-02T05:50:06Z [1,641ms] [Warning] [carb] Failed to startup plugin carb.windowing-glfw.plugin (interfaces: [carb::windowing::IGLContext v1.0],[carb::windowing::IWindowing v1.5]) (impl: carb.windowing-glfw.plugin)
[1.695s] [ext: omni.ui-2.27.1] startup
[1.704s] [ext: omni.kit.mainwindow-1.0.3] startup
[1.705s] [ext: carb.audio-0.1.0] startup
[1.708s] [ext: omni.uiaudio-1.0.0] startup
[1.709s] [ext: omni.kit.uiapp-0.0.0] startup
[1.709s] [ext: omni.usd.schema.metrics.assembler-107.3.1] startup
[1.711s] [ext: omni.anim.behavior.schema-107.3.0] startup
[1.719s] [ext: omni.usd.schema.omnigraph-1.0.0] startup
[1.723s] [ext: omni.usd.schema.geospatial-0.0.0] startup
[1.725s] [ext: omni.usd.schema.anim-0.0.0] startup
[1.738s] [ext: omni.usd.schema.audio-0.0.0] startup
[1.740s] [ext: isaacsim.robot.schema-3.6.0] startup
[1.746s] [ext: omni.usd_resolver-1.0.0] startup
[1.748s] [ext: omni.usd.core-1.5.3] startup
[1.749s] [ext: omni.usd.schema.omni_sensors-0.0.0] startup
[1.759s] [ext: omni.usd.schema.semantics-0.0.0] startup
[1.761s] [ext: omni.usd.schema.omni_lens_distortion-0.0.0] startup
[1.761s] [ext: omni.usd.schema.render_settings.rtx-0.0.0] startup
[1.762s] [ext: omni.graph.exec-0.9.6] startup
[1.762s] [ext: omni.kit.actions.core-1.0.0] startup
[1.764s] [ext: omni.kit.usd_undo-0.1.8] startup
[1.764s] [ext: omni.kit.exec.core-0.13.4] startup
[1.765s] [ext: omni.kit.commands-1.4.10] startup
[1.767s] [ext: omni.kit.window.popup_dialog-2.0.24] startup
[1.770s] [ext: omni.activity.core-1.0.3] startup
[1.771s] [ext: omni.resourcemonitor-107.0.1] startup
[1.772s] [ext: omni.timeline-1.0.14] startup
[1.773s] [ext: omni.kit.widget.nucleus_connector-2.0.1] startup
[1.774s] [ext: usdrt.scenegraph-7.6.1] startup
[1.800s] [ext: omni.kit.audiodeviceenum-1.0.2] startup
[1.801s] [ext: omni.hydra.usdrt_delegate-7.5.1] startup
[1.805s] [ext: omni.hydra.scene_delegate-0.3.4] startup
[1.807s] [ext: omni.usd-1.13.10] startup
[1.822s] [ext: omni.kit.asset_converter-5.0.17] startup
[1.829s] [ext: omni.usd.schema.physx-107.3.26] startup
[1.851s] [ext: omni.anim.navigation.schema-107.3.3] startup
[1.853s] [ext: omni.inspect-1.0.2] startup
[1.854s] [ext: omni.kit.notification_manager-1.0.10] startup
[1.855s] [ext: omni.graph.core-2.184.5] startup
[1.856s] [ext: isaacsim.core.deprecation_manager-0.2.7] startup
[1.857s] [ext: omni.usd.schema.omniscripting-1.0.0] startup
[1.860s] [ext: omni.usd.schema.flow-107.1.1] startup
[1.860s] [ext: omni.anim.graph.schema-107.3.3] startup
[1.864s] [ext: omni.usd.schema.isaac-3.0.5] startup
[1.864s] [ext: isaacsim.core.version-2.0.6] startup
[1.864s] [ext: omni.ui.scene-1.11.5] startup
[1.867s] [ext: isaacsim.storage.native-1.5.1] startup
[1.868s] [ext: omni.kit.widget.options_menu-1.1.6] startup
[1.870s] [ext: omni.kit.menu.core-1.1.2] startup
[1.870s] [ext: omni.graph.tools-1.79.2] startup
[1.885s] [ext: omni.kit.widget.filter-1.1.4] startup
[1.885s] [ext: omni.kit.menu.utils-2.0.5] startup
[1.890s] [ext: omni.graph-1.141.2] startup
[1.916s] [ext: omni.kit.hotkeys.core-1.3.10] startup
[1.917s] [ext: omni.anim.curve.core-1.3.1] startup
[1.927s] [ext: omni.kit.clipboard-1.0.5] startup
[1.929s] [ext: omni.usdphysics-107.3.26] startup
[1.931s] [ext: omni.physx.foundation-107.3.26] startup
[1.933s] [ext: omni.kit.widget.context_menu-1.2.5] startup
[1.934s] [ext: omni.kit.helper.file_utils-0.1.9] startup
[1.936s] [ext: omni.kit.widget.path_field-2.0.11] startup
[1.937s] [ext: omni.kvdb-107.3.26] startup
[1.939s] [ext: omni.kit.widget.options_button-1.0.3] startup
[1.939s] [ext: omni.kit.widget.filebrowser-2.12.3] startup
[1.943s] [ext: omni.kit.widget.browser_bar-2.0.10] startup
[1.944s] [ext: omni.localcache-107.3.26] startup
[1.945s] [ext: omni.convexdecomposition-107.3.26] startup
[1.947s] [ext: omni.kit.window.filepicker-2.13.4] startup
[1.956s] [ext: omni.physx.cooking-107.3.26] startup
[1.958s] [ext: omni.physics-107.3.26] startup
[1.961s] [ext: omni.kit.window.file_exporter-1.0.33] startup
[1.963s] [ext: omni.kit.stage_template.core-1.1.22] startup
[1.964s] [ext: omni.physx-107.3.26] startup
[1.970s] [ext: omni.kit.usd.layers-2.2.11] startup
[1.974s] [ext: omni.kit.window.file_importer-1.1.18] startup
[1.975s] [ext: omni.physics.physx-107.3.26] startup
2026-10-02T05:50:06Z [1,963ms] [Warning] [carb] Acquiring non optional plugin interface which is not listed as dependency: [omni::physx::IPhysxBenchmarks v1.0] (plugin: <default plugin>), by client: omni.physics.physx.plugin. Add it to CARB_PLUGIN_IMPL_DEPS() macro of a client.
[1.977s] [ext: omni.kit.numpy.common-0.1.3] startup
[1.978s] [ext: omni.kit.window.file-2.0.5] startup
[1.981s] [ext: omni.physics.stageupdate-107.3.26] startup
[1.982s] [ext: omni.kit.window.drop_support-1.0.5] startup
[1.983s] [ext: omni.kit.window.content_browser_registry-0.0.6] startup
[1.983s] [ext: omni.isaac.dynamic_control-2.0.7] startup
2026-10-02T05:50:06Z [1,973ms] [Warning] [omni.isaac.dynamic_control] omni.isaac.dynamic_control is deprecated as of Isaac Sim 4.5. No action is needed from end-users.
[1.987s] [ext: omni.kit.window.content_browser-3.1.3] startup
[1.995s] [ext: omni.graph.action_core-1.1.7] startup
[1.997s] [ext: omni.kit.usd.collect-2.4.5] startup
[1.999s] [ext: isaacsim.gui.content_browser-0.1.11] startup
[2.001s] [ext: omni.graph.action_nodes-1.50.4] startup
[2.003s] [ext: omni.kit.widget.prompt-1.0.7] startup
[2.005s] [ext: omni.graph.action-1.130.0] startup
[2.005s] [ext: omni.kit.tool.collect-2.2.18] startup
[2.009s] [ext: omni.index.libs-380600.8087.0] startup
[2.010s] [ext: omni.ujitso.client-0.0.0] startup
[2.011s] [ext: omni.index-1.0.1] startup
[2.011s] [ext: omni.volume-0.5.2] startup
[2.014s] [ext: omni.hydra.rtx.shadercache.vulkan-1.0.0] startup
[2.015s] [ext: omni.kit.context_menu-1.8.6] startup
[2.017s] [ext: omni.hydra.rtx-1.0.0] startup
2026-10-02T05:50:07Z [2,016ms] [Warning] [omni.log] Source: omni.hydra was already registered.
[2.042s] [ext: omni.kit.material.library-2.0.7] startup
[2.053s] [ext: omni.hydra.engine.stats-1.0.3] startup
[2.055s] [ext: omni.kit.widget.stage_icons-1.0.8] startup
[2.056s] [ext: omni.kit.viewport.scene_camera_model-1.0.6] startup
[2.058s] [ext: omni.kit.hydra_texture-1.4.6] startup
[2.061s] [ext: omni.kit.viewport.legacy_gizmos-1.0.19] startup
[2.062s] [ext: omni.kit.widget.searchfield-1.1.8] startup
[2.063s] [ext: omni.kit.widget.viewport-107.1.3] startup
[2.066s] [ext: omni.kit.viewport.registry-104.0.6] startup
[2.067s] [ext: omni.kit.raycast.query-1.1.0] startup
[2.070s] [ext: omni.kit.widget.stage-3.1.4] startup
[2.079s] [ext: omni.kit.widget.zoombar-1.0.6] startup
[2.079s] [ext: omni.kit.viewport.window-107.2.0] startup
[2.092s] [ext: omni.kit.window.stage-2.6.1] startup
[2.096s] [ext: omni.kit.browser.core-2.3.13] startup
[2.100s] [ext: omni.kit.menu.stage-1.2.7] startup
[2.101s] [ext: omni.kit.browser.folder.core-1.10.9] startup
[2.106s] [ext: omni.kit.property.adapter.core-1.0.2] startup
[2.108s] [ext: omni.kit.widget.highlight_label-1.0.3] startup
[2.109s] [ext: omni.kit.property.adapter.usd-1.0.2] startup
[2.110s] [ext: omni.ui_query-1.1.8] startup
[2.111s] [ext: omni.kit.window.property-1.12.1] startup
[2.113s] [ext: omni.kit.property.adapter.fabric-1.0.3] startup
[2.114s] [ext: omni.kit.ui_test-1.3.7] startup
[2.115s] [ext: omni.kit.property.usd-4.5.12] startup
[2.121s] [ext: omni.kit.viewport.utility-1.1.2] startup
[2.122s] [ext: omni.kit.manipulator.viewport-107.0.1] startup
[2.123s] [ext: omni.kit.usdz_export-1.0.9] startup
[2.126s] [ext: omni.kit.window.extensions-1.4.27] startup
[2.129s] [ext: omni.graph.visualization.nodes-2.1.3] startup
[2.133s] [ext: omni.kit.tool.asset_importer-4.3.2] startup
[2.141s] [ext: isaacsim.gui.components-1.2.1] startup
[2.148s] [ext: isaacsim.examples.browser-0.2.1] startup
[2.152s] [ext: isaacsim.asset.importer.urdf-2.4.30] startup
[2.195s] [ext: omni.kit.menu.create-2.0.1] startup
[2.197s] [ext: omni.physics.tensors-107.3.26] startup
[2.202s] [ext: omni.usd.metrics.assembler-107.3.1] startup
[2.207s] [ext: omni.kit.widget.graph-2.0.0] startup
[2.211s] [ext: omni.kit.widget.searchable_combobox-1.0.6] startup
[2.212s] [ext: omni.warp.core-1.8.2] startup
[2.342s] [ext: omni.usd.metrics.assembler.physics-107.3.26] startup
[2.344s] [ext: omni.kit.graph.delegate.default-1.2.3] startup
[2.346s] [ext: omni.kit.scripting-107.3.2] startup
[2.349s] [ext: omni.physx.tensors-107.3.26] startup
[2.353s] [ext: isaacsim.core.utils-3.5.1] startup
[2.355s] [ext: omni.anim.asset-107.3.0] startup
[2.357s] [ext: isaacsim.core.simulation_manager-1.4.4] startup
[3.250s] [ext: omni.graph.scriptnode-1.50.0] startup
[3.253s] [ext: omni.kit.graph.editor.core-1.5.3] startup
[3.258s] [ext: omni.kit.widget.settings-1.2.6] startup
[3.260s] [ext: omni.kit.primitive.mesh-1.0.17] startup
[3.267s] [ext: isaacsim.core.prims-0.6.1] startup
[3.287s] [ext: omni.kit.widget.material_preview-1.0.16] startup
[3.290s] [ext: omni.kit.graph.usd.commands-1.3.1] startup
[3.292s] [ext: omni.graph.image.core-0.6.1] startup
[3.293s] [ext: omni.kit.window.preferences-1.8.0] startup
[3.298s] [ext: omni.kit.stage_templates-2.0.0] startup
[3.299s] [ext: isaacsim.asset.browser-1.3.23] startup
[3.340s] [ext: omni.graph.image.nodes-1.3.1] startup
[3.341s] [ext: omni.kit.viewport.menubar.core-107.2.1] startup
[3.350s] [ext: isaacsim.core.api-4.8.0] startup
[3.356s] [ext: omni.kit.window.material_graph-1.9.1] startup
[3.362s] [ext: omni.kit.viewport.actions-107.0.2] startup
[3.366s] [ext: omni.graph.nodes-1.170.10] startup
[3.373s] [ext: omni.syntheticdata-0.6.13] startup
[3.388s] [ext: omni.isaac.assets_check-0.3.13] startup
2026-10-02T05:50:08Z [3,375ms] [Warning] [omni.isaac.assets_check] omni.isaac.assets_check has been deprecated in favor of isaacsim.asset.browser. Please update your code accordingly.
[3.389s] [ext: isaacsim.core.cloner-1.4.10] startup
[3.391s] [ext: omni.kit.viewport.menubar.display-107.0.3] startup
[3.394s] [ext: omni.graph.ui_nodes-1.50.5] startup
[3.400s] [ext: omni.videoencoding-0.1.2] startup
[3.402s] [ext: omni.isaac.cloner-1.0.7] startup
2026-10-02T05:50:08Z [3,388ms] [Warning] [omni.isaac.cloner] omni.isaac.cloner has been deprecated in favor of isaacsim.core.cloner. Please update your code accordingly.
[3.403s] [ext: isaacsim.gui.sensors.icon-2.0.3] startup
[3.416s] [ext: omni.warp-1.8.2] startup
[3.422s] [ext: omni.anim.retarget.core-107.3.3] startup
[3.428s] [ext: omni.debugdraw-0.1.4] startup
[3.430s] [ext: omni.replicator.core-1.12.27] startup
2026-10-02T05:50:08Z [3,425ms] [Warning] [pxr.Semantics] pxr.Semantics is deprecated - please use Semantics instead
2026-10-02T05:50:08Z [3,557ms] [Warning] [omni.graph.core.plugin] Found duplicate of category 'Replicator' - was 'Annotators', adding 'Fabric Reader'
2026-10-02T05:50:08Z [3,557ms] [Warning] [omni.graph.core.plugin] Category 'Replicator' not accepted on node type 'omni.replicator.core.FabricReader' in extension 'omni.replicator.core'
2026-10-02T05:50:08Z [3,558ms] [Warning] [omni.replicator.core.scripts.extension] No material configuration file, adding configuration to material settings directly.
[3.575s] [ext: omni.kit.quicklayout-1.0.8] startup
[3.579s] [ext: omni.anim.navigation.core-107.3.8] startup
[3.587s] [ext: omni.anim.graph.core-107.3.4] startup
[3.596s] [ext: omni.metropolis.utils-0.1.20] startup
[3.631s] [ext: isaacsim.asset.importer.mjcf-2.5.13] startup
[3.644s] [ext: omni.anim.people-0.7.9] startup
2026-10-02T05:50:08Z [3,652ms] [Warning] [omni.graph.core._impl._registration.register_python_ogn] Python import process in omni.anim.graph.core failed - 'NoneType' object is not subscriptable. Aborting Python node registration
[3.680s] [ext: isaacsim.test.docstring-1.1.0] startup
[3.690s] [ext: isaacsim.core.experimental.utils-0.3.0] startup
[3.696s] [ext: isaacsim.anim.robot-0.0.15] startup
[3.739s] [ext: isaacsim.core.experimental.prims-0.8.1] startup
[3.829s] [ext: isaacsim.core.nodes-3.4.3] startup
[3.869s] [ext: omni.flowusd-107.1.8] startup
2026-10-02T05:50:08Z [3,858ms] [Warning] [omni.stageupdate.plugin] Deprecated: direct use of IStageUpdate callbacks is deprecated. Use IStageUpdate::getStageUpdate instead.
[3.888s] [ext: omni.sensors.nv.common-3.0.0] startup
[3.922s] [ext: isaacsim.core.experimental.materials-0.4.0] startup
[3.992s] [ext: omni.isaac.core-4.0.7] startup
2026-10-02T05:50:08Z [4,002ms] [Warning] [omni.isaac.core.physics_context.physics_context] omni.isaac.core.physics_context.physics_context has been deprecated in favor of isaacsim.core.api.physics_context.physics_context. Please update your code accordingly.
2026-10-02T05:50:08Z [4,006ms] [Warning] [omni.isaac.core.simulation_context.simulation_context] omni.isaac.core.simulation_context.simulation_context has been deprecated in favor of isaacsim.core.api.simulation_context.simulation_context. Please update your code accordingly.
2026-10-02T05:50:09Z [4,012ms] [Warning] [omni.isaac.core.world.world] omni.isaac.core.world.world has been deprecated in favor of isaacsim.core.api.world.world. Please update your code accordingly.
2026-10-02T05:50:09Z [4,012ms] [Warning] [omni.isaac.core] omni.isaac.core has been deprecated in favor of isaacsim.core.api. Please update your code accordingly.
[4.029s] [ext: isaacsim.replicator.incident-0.1.28] startup
[4.218s] [ext: omni.sensors.net-1.0.0] startup
[4.230s] [ext: omni.sensors.nv.materials-2.0.0] startup
[4.237s] [ext: isaacsim.sensors.camera-1.3.6] startup
[4.271s] [ext: omni.sensors.nv.wpm-3.0.0] startup
[4.278s] [ext: isaacsim.util.debug_draw-3.1.0] startup
[4.312s] [ext: omni.sensors.nv.ids-2.0.0] startup
[4.327s] [ext: omni.sensors.nv.lidar-3.0.0] startup
[4.346s] [ext: omni.sensors.nv.radar-3.0.0] startup
[4.367s] [ext: isaacsim.sensors.physics-0.4.3] startup
[4.413s] [ext: isaacsim.robot_motion.lula-4.0.8] startup
[4.445s] [ext: isaacsim.robot.surface_gripper-3.3.1] startup
[4.500s] [ext: isaacsim.sensors.rtx-15.8.4] startup
[4.545s] [ext: omni.kit.mesh.raycast-107.0.1] startup
[4.554s] [ext: isaacsim.robot_motion.motion_generation-8.0.26] startup
[4.585s] [ext: isaacsim.robot.manipulators-3.3.6] startup
[4.592s] [ext: isaacsim.core.experimental.objects-0.4.0] startup
[4.605s] [ext: omni.isaac.core_nodes-2.0.6] startup
2026-10-02T05:50:09Z [4,597ms] [Warning] [omni.isaac.core_nodes] omni.isaac.core_nodes has been deprecated in favor of isaacsim.core.nodes. Please update your code accordingly.
[4.613s] [ext: isaacsim.replicator.agent.core-0.7.28] startup
[4.644s] [ext: isaacsim.robot.manipulators.examples-1.1.2] startup
[4.647s] [ext: isaacsim.simulation_app-2.12.2] startup
[4.650s] [ext: omni.kit.selection-0.1.6] startup
[4.653s] [ext: omni.isaac.franka-1.0.7] startup
2026-10-02T05:50:09Z [4,640ms] [Warning] [omni.isaac.franka] omni.isaac.franka has been deprecated in favor of isaacsim.robot.manipulators.examples.franka. Please update your code accordingly.
2026-10-02T05:50:09Z [4,640ms] [Warning] [omni.isaac.franka.franka] omni.isaac.franka has been deprecated in favor of isaacsim.robot.manipulators.examples.franka. Please update your code accordingly.
2026-10-02T05:50:09Z [4,657ms] [Warning] [omni.isaac.franka.kinematics_solver] omni.isaac.franka has been deprecated in favor of isaacsim.robot.manipulators.examples.franka. Please update your code accordingly.
[4.672s] [ext: isaacsim.robot_motion.lula_test_widget-1.0.12] startup
[4.677s] [ext: omni.isaac.kit-2.0.6] startup
2026-10-02T05:50:09Z [4,665ms] [Warning] [omni.isaac.kit] omni.isaac.kit has been deprecated in favor of isaacsim.simulation_app. Please update your code accordingly.
[4.679s] [ext: isaacsim.gui.menu-2.4.4] startup
[4.687s] [ext: omni.isaac.asset_browser-1.0.6] startup
2026-10-02T05:50:09Z [4,675ms] [Warning] [omni.isaac.asset_browser] omni.isaac.asset_browser has been deprecated in favor of isaacsim.asset.browser. Please update your code accordingly.
[4.689s] [ext: omni.isaac.lula_test_widget-1.0.6] startup
2026-10-02T05:50:09Z [4,678ms] [Warning] [omni.isaac.lula_test_widget] omni.isaac.lula_test_widget has been deprecated in favor of isaacsim.robot_motion.lula_test_widget. Please update your code accordingly.
[4.692s] [ext: omni.isaac.manipulators-3.0.7] startup
2026-10-02T05:50:09Z [4,679ms] [Warning] [omni.isaac.manipulators] omni.isaac.manipulators has been deprecated in favor of isaacsim.robot.manipulators. Please update your code accordingly.
2026-10-02T05:50:09Z [4,683ms] [Warning] [omni.isaac.manipulators.controllers] omni.isaac.manipulators has been deprecated in favor of isaacsim.robot.manipulators. Please update your code accordingly.
2026-10-02T05:50:09Z [4,683ms] [Warning] [omni.isaac.manipulators.controllers.pick_place_controller] omni.isaac.manipulators has been deprecated in favor of isaacsim.robot.manipulators. Please update your code accordingly.
2026-10-02T05:50:09Z [4,685ms] [Warning] [omni.isaac.manipulators.controllers.stacking_controller] omni.isaac.manipulators has been deprecated in favor of isaacsim.robot.manipulators. Please update your code accordingly.
2026-10-02T05:50:09Z [4,685ms] [Warning] [omni.isaac.manipulators.grippers] omni.isaac.manipulators has been deprecated in favor of isaacsim.robot.manipulators. Please update your code accordingly.
2026-10-02T05:50:09Z [4,685ms] [Warning] [omni.isaac.manipulators.grippers.gripper] omni.isaac.manipulators has been deprecated in favor of isaacsim.robot.manipulators. Please update your code accordingly.
2026-10-02T05:50:09Z [4,685ms] [Warning] [omni.isaac.manipulators.grippers.parallel_gripper] omni.isaac.manipulators has been deprecated in favor of isaacsim.robot.manipulators. Please update your code accordingly.
2026-10-02T05:50:09Z [4,685ms] [Warning] [omni.isaac.manipulators.grippers.surface_gripper] omni.isaac.manipulators has been deprecated in favor of isaacsim.robot.manipulators. Please update your code accordingly.
2026-10-02T05:50:09Z [4,685ms] [Warning] [omni.isaac.manipulators.manipulators] omni.isaac.manipulators has been deprecated in favor of isaacsim.robot.manipulators. Please update your code accordingly.
2026-10-02T05:50:09Z [4,686ms] [Warning] [omni.isaac.manipulators.manipulators.single_manipulator] omni.isaac.manipulators has been deprecated in favor of isaacsim.robot.manipulators. Please update your code accordingly.
[4.700s] [ext: omni.isaac.menu-1.0.6] startup
2026-10-02T05:50:09Z [4,687ms] [Warning] [omni.isaac.menu] omni.isaac.menu has been deprecated in favor of isaacsim.gui.menu. Please update your code accordingly.
[4.702s] [ext: isaacsim.robot.policy.examples-4.1.11] startup
[4.708s] [ext: isaacsim.sensors.physx-2.3.2] startup
[4.713s] [ext: omni.isaac.motion_generation-8.0.7] startup
2026-10-02T05:50:09Z [4,701ms] [Warning] [omni.isaac.motion_generation] omni.isaac.motion_generation has been deprecated in favor of isaacsim.robot_motion.motion_generation. Please update your code accordingly.
2026-10-02T05:50:09Z [4,701ms] [Warning] [omni.isaac.motion_generation.articulation_kinematics_solver] omni.isaac.motion_generation has been deprecated in favor of isaacsim.robot_motion.motion_generation. Please update your code accordingly.
2026-10-02T05:50:09Z [4,701ms] [Warning] [omni.isaac.motion_generation.articulation_motion_policy] omni.isaac.motion_generation has been deprecated in favor of isaacsim.robot_motion.motion_generation. Please update your code accordingly.
2026-10-02T05:50:09Z [4,701ms] [Warning] [omni.isaac.motion_generation.articulation_trajectory] omni.isaac.motion_generation has been deprecated in favor of isaacsim.robot_motion.motion_generation. Please update your code accordingly.
2026-10-02T05:50:09Z [4,701ms] [Warning] [omni.isaac.motion_generation.kinematics_interface] omni.isaac.motion_generation has been deprecated in favor of isaacsim.robot_motion.motion_generation. Please update your code accordingly.
2026-10-02T05:50:09Z [4,702ms] [Warning] [omni.isaac.motion_generation.lula] omni.isaac.motion_generation has been deprecated in favor of isaacsim.robot_motion.motion_generation. Please update your code accordingly.
2026-10-02T05:50:09Z [4,702ms] [Warning] [omni.isaac.motion_generation.lula.kinematics] omni.isaac.motion_generation has been deprecated in favor of isaacsim.robot_motion.motion_generation. Please update your code accordingly.
2026-10-02T05:50:09Z [4,703ms] [Warning] [omni.isaac.motion_generation.lula.motion_policies] omni.isaac.motion_generation has been deprecated in favor of isaacsim.robot_motion.motion_generation. Please update your code accordingly.
2026-10-02T05:50:09Z [4,703ms] [Warning] [omni.isaac.motion_generation.lula.path_planners] omni.isaac.motion_generation has been deprecated in favor of isaacsim.robot_motion.motion_generation. Please update your code accordingly.
2026-10-02T05:50:09Z [4,703ms] [Warning] [omni.isaac.motion_generation.lula.trajectory_generator] omni.isaac.motion_generation has been deprecated in favor of isaacsim.robot_motion.motion_generation. Please update your code accordingly.
2026-10-02T05:50:09Z [4,703ms] [Warning] [omni.isaac.motion_generation.motion_policy_controller] omni.isaac.motion_generation has been deprecated in favor of isaacsim.robot_motion.motion_generation. Please update your code accordingly.
2026-10-02T05:50:09Z [4,703ms] [Warning] [omni.isaac.motion_generation.motion_policy_interface] omni.isaac.motion_generation has been deprecated in favor of isaacsim.robot_motion.motion_generation. Please update your code accordingly.
2026-10-02T05:50:09Z [4,703ms] [Warning] [omni.isaac.motion_generation.path_planner_visualizer] omni.isaac.motion_generation has been deprecated in favor of isaacsim.robot_motion.motion_generation. Please update your code accordingly.
2026-10-02T05:50:09Z [4,703ms] [Warning] [omni.isaac.motion_generation.path_planning_interface] omni.isaac.motion_generation has been deprecated in favor of isaacsim.robot_motion.motion_generation. Please update your code accordingly.
2026-10-02T05:50:09Z [4,703ms] [Warning] [omni.isaac.motion_generation.trajectory] omni.isaac.motion_generation has been deprecated in favor of isaacsim.robot_motion.motion_generation. Please update your code accordingly.
2026-10-02T05:50:09Z [4,703ms] [Warning] [omni.isaac.motion_generation.world_interface] omni.isaac.motion_generation has been deprecated in favor of isaacsim.robot_motion.motion_generation. Please update your code accordingly.
[4.718s] [ext: omni.isaac.nucleus-1.0.6] startup
2026-10-02T05:50:09Z [4,705ms] [Warning] [omni.isaac.nucleus] omni.isaac.nucleus has been deprecated in favor of isaacsim.storage.native. Please update your code accordingly.
2026-10-02T05:50:09Z [4,705ms] [Warning] [omni.isaac.nucleus.nucleus] omni.isaac.nucleus.nucleus has been deprecated in favor of isaacsim.storage.native. Please update your code accordingly.
[4.719s] [ext: omni.isaac.quadruped-3.0.7] startup
2026-10-02T05:50:09Z [4,706ms] [Warning] [omni.isaac.quadruped] omni.isaac.quadruped has been deprecated in favor of isaacsim.robot.policy.examples. Please update your code accordingly.
[4.720s] [ext: omni.isaac.range_sensor-4.0.6] startup
2026-10-02T05:50:09Z [4,709ms] [Warning] [omni.isaac.range_sensor] omni.isaac.range_sensor has been deprecated in favor of isaacsim.sensors.physx. Please update your code accordingly.
2026-10-02T05:50:09Z [4,709ms] [Warning] [omni.isaac.range_sensor.commands] omni.isaac.range_sensor.commands has been deprecated in favor of isaacsim.sensors.physx.commands. Please update your code accordingly.
[4.723s] [ext: omni.isaac.sensor-13.0.7] startup
2026-10-02T05:50:09Z [4,711ms] [Warning] [omni.isaac.sensor] omni.isaac.sensor has been deprecated in favor of isaacsim.sensors.camera, isaacsim.sensors.physics, isaacsim.sensors.physx, and isaacsim.sensors.rtx. Please update your code accordingly.
2026-10-02T05:50:09Z [4,712ms] [Warning] [omni.isaac.sensor.camera] omni.isaac.sensor.camera has been deprecated in favor of isaacsim.sensors.camera.camera. Please update your code accordingly.
2026-10-02T05:50:09Z [4,713ms] [Warning] [omni.isaac.sensor.camera_view] omni.isaac.sensor.camera_view has been deprecated in favor of isaacsim.sensors.camera.camera_view. Please update your code accordingly.
2026-10-02T05:50:09Z [4,713ms] [Warning] [omni.isaac.sensor.commands] omni.isaac.sensor.commands has been deprecated in favor of isaacsim.sensors.physics.commands, isaacsim.sensors.physx.commands, and isaacsim.sensors.rtx.commands. Please update your code accordingly.
2026-10-02T05:50:09Z [4,713ms] [Warning] [omni.isaac.sensor.contact_sensor] omni.isaac.sensor.contact_sensor has been deprecated in favor of isaacsim.sensors.physics.contact_sensor. Please update your code accordingly.
2026-10-02T05:50:09Z [4,713ms] [Warning] [omni.isaac.sensor.imu_sensor] omni.isaac.sensor.imu_sensor has been deprecated in favor of isaacsim.sensors.physics.imu_sensor. Please update your code accordingly.
2026-10-02T05:50:09Z [4,713ms] [Warning] [omni.isaac.sensor.lidar_rtx] omni.isaac.sensor.lidar_rtx has been deprecated in favor of isaacsim.sensors.rtx.lidar_rtx. Please update your code accordingly.
2026-10-02T05:50:09Z [4,713ms] [Warning] [omni.isaac.sensor.rotating_lidar_physX] omni.isaac.sensor.imu_sensor has been deprecated in favor of isaacsim.sensors.physix.rotating_lidar_physX. Please update your code accordingly.
2026-10-02T05:50:09Z [4,714ms] [Warning] [omni.isaac.sensor.scripts.samples.contact_sensor] omni.isaac.sensor.scripts.samples.contact_sensor has been deprecated in favor of isaacsim.sensors.physics.scripts.samples.contact_sensor. Please update your code accordingly.
2026-10-02T05:50:09Z [4,714ms] [Warning] [omni.isaac.sensor.scripts.samples.imu_sensor] omni.isaac.sensor.scripts.samples.imu_sensor has been deprecated in favor of isaacsim.sensors.physics.scripts.samples.imu_sensor. Please update your code accordingly.
2026-10-02T05:50:09Z [4,714ms] [Warning] [omni.isaac.sensor.scripts.samples.lightbeam_sensor] omni.isaac.sensor.scripts.samples.lightbeam_sensor has been deprecated in favor of isaacsim.sensors.physx.scripts.samples.lightbeam_sensor. Please update your code accordingly.
[4.728s] [ext: omni.isaac.surface_gripper-2.0.6] startup
2026-10-02T05:50:09Z [4,716ms] [Warning] [omni.isaac.surface_gripper] omni.isaac.surface_gripper has been deprecated in favor of isaacsim.robot.surface_gripper. Please update your code accordingly.
[4.730s] [ext: omni.kit.widget.toolbar-2.0.1] startup
[4.743s] [ext: omni.kit.manipulator.transform-107.0.0] startup
[4.746s] [ext: omni.kit.manipulator.selector-1.1.3] startup
[4.747s] [ext: isaacsim.app.about-2.0.11] startup
[4.751s] [ext: isaacsim.cortex.framework-1.0.12] startup
[4.752s] [ext: omni.kit.manipulator.tool.snap-1.5.13] startup
[4.757s] [ext: omni.isaac.universal_robots-1.0.6] startup
2026-10-02T05:50:09Z [4,744ms] [Warning] [omni.isaac.universal_robots] omni.isaac.universal_robots has been deprecated in favor of isaacsim.robot.manipulators.examples.universal_robots. Please update your code accordingly.
2026-10-02T05:50:09Z [4,744ms] [Warning] [omni.isaac.universal_robots.kinematics_solver] omni.isaac.franka has been deprecated in favor of isaacsim.robot.manipulators.examples.universal_robots. Please update your code accordingly.
2026-10-02T05:50:09Z [4,744ms] [Warning] [omni.isaac.universal_robots.ur10] omni.isaac.franka has been deprecated in favor of isaacsim.robot.manipulators.examples.universal_robots. Please update your code accordingly.
[4.758s] [ext: omni.isaac.utils-2.0.6] startup
[4.760s] [ext: omni.isaac.cortex-1.0.5] startup
2026-10-02T05:50:09Z [4,748ms] [Warning] [omni.isaac.cortex] omni.isaac.cortex has been deprecated in favor of isaacsim.cortex.framework. Please update your code accordingly.
[4.762s] [ext: omni.kit.viewport.manipulator.transform-107.0.4] startup
[4.765s] [ext: omni.isaac.window.about-2.0.7] startup
2026-10-02T05:50:09Z [4,753ms] [Warning] [omni.isaac.window.about] omni.isaac.window.about has been deprecated in favor of isaacsim.app.about. Please update your code accordingly.
2026-10-02T05:50:09Z [4,753ms] [Warning] [omni.isaac.window.about.about] omni.isaac.window.about.about has been deprecated in favor of isaacsim.app.about.about. Please update your code accordingly.
[4.767s] [ext: omni.kit.manipulator.camera-106.0.4] startup
[4.770s] [ext: omni.kit.property.audio-1.0.16] startup
[4.772s] [ext: omni.fabric.commands-1.1.6] startup
[4.775s] [ext: omni.kit.manipulator.prim.core-107.0.8] startup
[4.779s] [ext: omni.kit.property.camera-1.0.10] startup
[4.781s] [ext: omni.kit.property.geometry-2.0.4] startup
[4.783s] [ext: omni.kit.property.light-1.0.12] startup
[4.798s] [ext: omni.hydra.scene_api-0.1.2] startup
[4.801s] [ext: omni.kit.manipulator.prim.fabric-107.0.4] startup
[4.804s] [ext: omni.kit.manipulator.prim.usd-107.0.3] startup
[4.805s] [ext: omni.kit.property.material-1.11.9] startup
[4.809s] [ext: omni.kit.property.render-1.2.1] startup
[4.811s] [ext: omni.kit.property.transform-1.5.13] startup
[4.815s] [ext: isaacsim.gui.property-1.1.3] startup
[4.817s] [ext: omni.kit.manipulator.prim-107.0.0] startup
[4.818s] [ext: omni.kit.manipulator.selection-106.0.1] startup
[4.819s] [ext: omni.isaac.lula-4.0.6] startup
2026-10-02T05:50:09Z [4,805ms] [Warning] [omni.isaac.lula] omni.isaac.lula has been deprecated in favor of isaacsim.robot_motion.lula. Please update your code accordingly.
[4.819s] [ext: omni.kit.property.bundle-1.4.1] startup
[4.821s] [ext: omni.kit.property.isaac-1.0.6] startup
2026-10-02T05:50:09Z [4,807ms] [Warning] [omni.kit.property.isaac] omni.kit.property.isaac has been deprecated in favor of isaacsim.gui.property. Please update your code accordingly.
2026-10-02T05:50:09Z [4,808ms] [Warning] [omni.kit.property.isaac.widgets] omni.kit.property.isaac.widgets has been deprecated in favor of isaacsim.gui.property.widgets. Please update your code accordingly.
[4.822s] [ext: isaacsim.replicator.writers-1.0.17] startup
[4.833s] [ext: omni.kit.viewport.menubar.camera-107.0.6] startup
[4.841s] [ext: omni.kit.viewport.menubar.lighting-107.3.1] startup
[4.846s] [ext: omni.kit.viewport.menubar.render-107.0.10] startup
[4.849s] [ext: omni.kit.viewport.menubar.settings-107.0.3] startup
[4.851s] [ext: isaacsim.replicator.domain_randomization-1.0.16] startup
[4.853s] [ext: isaacsim.replicator.examples-1.3.6] startup
[4.856s] [ext: omni.ocio-0.1.1] startup
[4.859s] [ext: omni.rtx.window.settings-0.6.19] startup
[4.869s] [ext: omni.kit.window.console-1.1.4] startup
[4.879s] [ext: omni.kit.window.status_bar-0.1.9] startup
[4.884s] [ext: omni.kit.window.toolbar-2.0.0] startup
[4.885s] [ext: omni.replicator.isaac-2.0.8] startup
2026-10-02T05:50:09Z [4,872ms] [Warning] [omni.replicator.isaac] omni.replicator.isaac has been deprecated in favor of isaacsim.replicator.domain_randomization, isaacsim.replicator.examples, isaacsim.replicator.writers. Please update your code accordingly.
[4.886s] [ext: omni.replicator.replicator_yaml-2.0.11] startup
[4.891s] [ext: omni.rtx.settings.core-0.6.5] startup
[4.895s] [ext: omni.usd.metrics.assembler.ui-107.3.1] startup
[4.907s] [ext: isaacsim.robot.wheeled_robots-4.0.24] startup
[4.913s] [ext: isaacsim.cortex.behaviors-2.0.14] startup
[4.914s] [ext: omni.isaac.version-2.0.7] startup
2026-10-02T05:50:09Z [4,901ms] [Warning] [omni.isaac.version] omni.isaac.version has been deprecated in favor of isaacsim.core.version. Please update your code accordingly.
[4.916s] [ext: semantics.schema.editor-2.0.2] startup
[4.920s] [ext: omni.kit.ui.actions-1.0.5] startup
[4.922s] [ext: semantics.schema.property-2.0.1] startup
[4.925s] [ext: omni.isaac.wheeled_robots-3.0.7] startup
2026-10-02T05:50:09Z [4,912ms] [Warning] [omni.isaac.wheeled_robots] omni.isaac.wheeled_robots has been deprecated in favor of isaacsim.robot.wheeled_robots. Please update your code accordingly.
2026-10-02T05:50:09Z [4,913ms] [Warning] [omni.isaac.wheeled_robots.controllers] omni.isaac.wheeled_robots has been deprecated in favor of isaacsim.robot.wheeled_robots. Please update your code accordingly.
2026-10-02T05:50:09Z [4,913ms] [Warning] [omni.isaac.wheeled_robots.controllers.ackermann_controller] omni.isaac.wheeled_robots has been deprecated in favor of isaacsim.robot.wheeled_robots. Please update your code accordingly.
2026-10-02T05:50:09Z [4,913ms] [Warning] [omni.isaac.wheeled_robots.controllers.differential_controller] omni.isaac.wheeled_robots has been deprecated in favor of isaacsim.robot.wheeled_robots. Please update your code accordingly.
2026-10-02T05:50:09Z [4,913ms] [Warning] [omni.isaac.wheeled_robots.controllers.holonomic_controller] omni.isaac.wheeled_robots has been deprecated in favor of isaacsim.robot.wheeled_robots. Please update your code accordingly.
2026-10-02T05:50:09Z [4,914ms] [Warning] [omni.isaac.wheeled_robots.controllers.quintic_path_planner] omni.isaac.wheeled_robots has been deprecated in favor of isaacsim.robot.wheeled_robots. Please update your code accordingly.
2026-10-02T05:50:09Z [4,914ms] [Warning] [omni.isaac.wheeled_robots.controllers.stanley_control] omni.isaac.wheeled_robots has been deprecated in favor of isaacsim.robot.wheeled_robots. Please update your code accordingly.
2026-10-02T05:50:09Z [4,914ms] [Warning] [omni.isaac.wheeled_robots.controllers.wheel_base_pose_controller] omni.isaac.wheeled_robots has been deprecated in favor of isaacsim.robot.wheeled_robots. Please update your code accordingly.
2026-10-02T05:50:09Z [4,914ms] [Warning] [omni.isaac.wheeled_robots.impl] omni.isaac.wheeled_robots has been deprecated in favor of isaacsim.robot.wheeled_robots. Please update your code accordingly.
2026-10-02T05:50:09Z [4,915ms] [Warning] [omni.isaac.wheeled_robots.robots] omni.isaac.wheeled_robots has been deprecated in favor of isaacsim.robot.wheeled_robots. Please update your code accordingly.
2026-10-02T05:50:09Z [4,915ms] [Warning] [omni.isaac.wheeled_robots.robots.holonomic_robot_usd_setup] omni.isaac.wheeled_robots has been deprecated in favor of isaacsim.robot.wheeled_robots. Please update your code accordingly.
2026-10-02T05:50:09Z [4,916ms] [Warning] [omni.isaac.wheeled_robots.robots.wheeled_robot] omni.isaac.wheeled_robots has been deprecated in favor of isaacsim.robot.wheeled_robots. Please update your code accordingly.
[4.931s] [ext: omni.isaac.cortex.sample_behaviors-2.0.5] startup
2026-10-02T05:50:09Z [4,919ms] [Warning] [omni.isaac.cortex.sample_behaviors] omni.isaac.cortex.sample_behaviors has been deprecated in favor of isaacsim.cortex.behaviors. Please update your code accordingly.
[4.933s] [ext: isaacsim.replicator.behavior-1.1.16] startup
[4.936s] [ext: isaacsim.core.throttling-2.2.2] startup
[4.939s] [ext: omni.kit.menu.common-2.0.1] startup
[4.943s] [ext: isaacsim.exp.base-5.1.0] startup
[4.944s] [ext: isaacsim.exp.base.python-5.1.0] startup
[4.945s] Simulation App Starting
2026-10-02T05:50:09Z [4,988ms] [Warning] [omni.kvdb.plugin] Disabling key-value database because another kit process is locking it
2026-10-02T05:50:09Z [4,993ms] [Warning] [carb.audio.device] audio device is misconfigured or broken {deviceIndex = 0, name = 'default'} (The device is likely misconfigured, check your $HOME/.asoundrc)
2026-10-02T05:50:09Z [4,993ms] [Warning] [carb.audio.output] failed to retrieve the capabilities for device 0 {result = eDeviceLost (2)}
2026-10-02T05:50:09Z [4,993ms] [Warning] [carb.audio.context] failed to set the requested output during context creation.  Using a null streamer instead {result = eDeviceLost (2)}
2026-10-02T05:50:10Z [5,011ms] [Warning] [omni.fabric.plugin] Warning: attribute viewportHandle not found for bucket id 9

[5.057s] app ready
Starting kit application with the following args:  ['/isaac-sim/exts/isaacsim.simulation_app/isaacsim/simulation_app/simulation_app.py', '/isaac-sim/apps/isaacsim.exp.base.python.kit', '--/app/tokens/exe-path=/isaac-sim/kit', '--/persistent/app/viewport/displayOptions=3094', '--/rtx/materialDb/syncLoads=True', '--/rtx/hydra/materialSyncLoads=True', '--/omni.kit.plugin/syncUsdLoads=True', '--/app/renderer/resolution/width=1280', '--/app/renderer/resolution/height=720', '--/app/window/width=1440', '--/app/window/height=900', '--/renderer/multiGpu/enabled=True', '--/app/fastShutdown=True', '--/app/installSignalHandlers=0', '--ext-folder', '/isaac-sim/exts', '--ext-folder', '/isaac-sim/apps', '--/physics/cudaDevice=0', '--/plugins/carb.tasking.plugin/threadCount=32', '--/plugins/omni.tbb.globalcontrol/maxThreadCount=32', '--portable', '--no-window', '--/app/window/hideUi=1', '--allow-root']
Passing the following args to the base kit application:  ['--carton', '/isaac-sim/test_scripts/manip_fr3/handoff_20260929/work/carton_w131.usd', '--out', '/isaac-sim/test_scripts/manip_fr3/handoff_20260929/work/yield/over30', '--name', 'over30', '--target_deg', '32.2289', '--settle_s', '8.0']
Warp 1.8.2 initialized:
   CUDA Toolkit 12.8, Driver 13.0
   Devices:
     "cpu"      : "x86_64"
     "cuda:0"   : "NVIDIA GeForce RTX 5090" (31 GiB, sm_120, mempool enabled)
   Kernel cache:
     /root/.cache/warp/1.8.2
[isaacsim.replicator.incident] started
Warp DeprecationWarning: The `warp.sim` module is deprecated and will be removed in v1.10. Please transition to using the forthcoming Newton library instead.
sidecar /isaac-sim/test_scripts/manip_fr3/handoff_20260929/work/carton_w131.meta.json (builder make_carton_P/2026-08-17)
tune=v2 k=3.20 My0=0.60 H=0.85 clip=3.0 | 降伏角 My0/k = 10.74 度(與軟硬倍率無關)
力上限 30.0 N;力臂 上層 0.1105 下層 0.1150 m -> 力矩上限 3.315 / 3.450 N*m
============================================================================
yield_run  target 32.23 deg  tune v2  降伏角 10.74 deg  目標/降伏 = 3.00 倍
步1 靜置(靜置判準)
  fxp tilt-1.63 fxn tilt-1.65 fyp tilt-0.56 fyn tilt-0.56
步1b 方向校正(實測)
  fxp: +0.30 N*m 重心 z -0.0054 -> 往箱內 = 正向
  fxn: +0.30 N*m 重心 z -0.0054 -> 往箱內 = 正向
  fyp: +0.30 N*m 重心 z -0.0022 -> 往箱內 = 正向
  fyn: +0.30 N*m 重心 z -0.0022 -> 往箱內 = 正向
步1c 起點展示 1.0 s
  起點 Z: fyp=0.000 fyn=2.289
步2 準靜態加壓到 32.23 deg(ramp_to,tau_step 0.003,每 20 步擷一幀)
  ramp_to 回傳 峰值 32.23 deg @ 0.861 N*m  力上限 False  靠住 False  步數 21299(sim 88.7 s)
步3 保持 1.0 s(力矩不變)
  放開那一刻 X: fyp=32.482 fyn=34.771 | 加壓+保持期間最大 fyp=32.482 fyn=34.771 | 保持中爬行 fyp=+0.249 fyn=+0.249
  保持時的推力矩 fyp=-0.8610 N*m fyn=-0.8610 N*m
步4 放開(推力矩歸零),前 0.50 s 每 1 步擷一幀
  放開後 0.50 s 角度: fyp=17.101 fyn=19.390
步5 靜置 7.5 s(固定,不提早結束),每 4 步擷一幀
============================================================================
結果(over,主角 fyp)
  起點 Z = 0.00 deg   壓到 X = 32.48 deg(目標 32.23)   停在 Y = 17.05 deg   |Y-Z| = 17.05 deg
  最後 3 s 角度變化 0.000 deg   目前靜置判準 True   模型預測留住 17.18 deg
  另一片 fyn: Z 2.29  X 34.77  Y 19.34  |Y-Z| 17.05  最後3s 0.000
  判準 {'resid_ge_10': True, 'last3_lt_1': True} -> PASS
WROTE over30_steps.csv rows=25087
WROTE over30_frames.json frames=1786
WROTE over30_raw.mp4 frames=1786  (3D 原始,交給 compose 疊圖表)
WROTE over30_result.json   wall 108 s
[7.418s] Simulation App Startup Complete
2026-10-02T05:50:13Z [8,735ms] [Warning] [isaacsim.sensors.camera.camera] 'verticalAperture' (1.5290800094604493) and 'horizontalAperture' (2.0954999923706055) are inconsistent with the pixel resolution aspect ratio (1.475). Setting 'verticalAperture' to 1.420677960929224 to ensure square pixels.
2026-10-02T05:50:13Z [8,764ms] [Warning] [omni.fabric.plugin] USD->Fabric: Unhandled array type string[]
2026-10-02T05:50:13Z [8,769ms] [Warning] [usdrt.population.plugin] [UsdNoticeHandler] Unhandled attribute type VtArray<std::string> (prim attribute: omni:rtx:material:db:flattener:transmittance_color)
2026-10-02T05:50:13Z [8,769ms] [Warning] [usdrt.population.plugin] [UsdNoticeHandler] Unhandled attribute type VtArray<std::string> (prim attribute: omni:rtx:material:db:flattener:reflection_roughness_constant)
2026-10-02T05:50:13Z [8,769ms] [Warning] [usdrt.population.plugin] [UsdNoticeHandler] Unhandled attribute type VtArray<std::string> (prim attribute: omni:rtx:material:db:flattener:ior_constant)
2026-10-02T05:50:14Z [9,607ms] [Warning] [omni.syntheticdata.plugin] OgnSdPostRenderVarToHost : rendervar copy from texture directly to host buffer is counter-performant. Please use copy from texture to device buffer first.
2026-10-02T05:50:14Z [9,630ms] [Warning] [omni.physx.plugin] Lower angle limit on a revolute D6 joint was clamped to -180 degrees. /World/Carton/crease_fxp
2026-10-02T05:50:14Z [9,630ms] [Warning] [omni.physx.plugin] Upper angle limit on a revolute D6 joint was clamped to 180 degrees. /World/Carton/crease_fxp
2026-10-02T05:50:14Z [9,630ms] [Warning] [omni.physx.plugin] Lower angle limit on a revolute D6 joint was clamped to -180 degrees. /World/Carton/crease_fxn
2026-10-02T05:50:14Z [9,630ms] [Warning] [omni.physx.plugin] Upper angle limit on a revolute D6 joint was clamped to 180 degrees. /World/Carton/crease_fxn
2026-10-02T05:50:14Z [9,630ms] [Warning] [omni.physx.plugin] Lower angle limit on a revolute D6 joint was clamped to -180 degrees. /World/Carton/crease_fyp
2026-10-02T05:50:14Z [9,630ms] [Warning] [omni.physx.plugin] Upper angle limit on a revolute D6 joint was clamped to 180 degrees. /World/Carton/crease_fyp
2026-10-02T05:50:14Z [9,630ms] [Warning] [omni.physx.plugin] Lower angle limit on a revolute D6 joint was clamped to -180 degrees. /World/Carton/crease_fyn
2026-10-02T05:50:14Z [9,630ms] [Warning] [omni.physx.plugin] Upper angle limit on a revolute D6 joint was clamped to 180 degrees. /World/Carton/crease_fyn
2026-10-02T05:50:14Z [9,639ms] [Warning] [carb] Plugin interface for a client: omni.hydratexture.plugin was already released.
2026-10-02T05:50:14Z [9,981ms] [Warning] [omni.syntheticdata.plugin] SdRenderVarPtr missing valid input renderVar LdrColorSDhost
2026-10-02T05:50:16Z [11,238ms] [Warning] [carb] Client gpu.foundation.plugin has acquired [gpu::unstable::IMemoryBudgetManagerFactory v0.1] 100 times. Consider accessing this interface with carb::getCachedInterface() (Performance warning)
2026-10-02T05:50:31Z [26,219ms] [Warning] [isaacsim.core.simulation_manager.plugin] No adjacent samples found for interpolation at time 648/30
2026-10-02T05:51:54Z [109,064ms] [Warning] [carb] Plugin interface for a client: omni.hydratexture.plugin was already released.
2026-10-02T05:51:54Z [109,064ms] [Warning] [omni.usd] Unexpected reference count of 2 for UsdStage 'anon:0x775998b9e310:World0.usd' while being closed in UsdContext (this may indicate it is still resident in memory).
[109.135s] Simulation App Shutting Down
exit=0
