[Info] [carb] Logging to file: /isaac-sim/kit/logs/Kit/Isaac-Sim Python/5.1/kit_20261002_054718.log
2026-10-02T05:47:18Z [0ms] [Warning] [carb.crashreporter-breakpad.plugin] [previous crash] preventing upload of minidump due to user opt-out: '/isaac-sim/kit/data/Kit/Isaac-Sim Python/5.1/3af4ce4e-eaba-4e43-026f7ca0-4df8ede5.dmp'
2026-10-02T05:47:18Z [0ms] [Warning] [carb.crashreporter-breakpad.plugin] [previous crash] preventing upload of minidump due to user opt-out: '/isaac-sim/kit/data/Kit/Isaac-Sim Python/5.1/993c5fad-48c2-4685-8b6edab3-6a22c27f.dmp'
2026-10-02T05:47:18Z [1ms] [Warning] [carb.crashreporter-breakpad.plugin] [previous crash] preventing upload of minidump due to user opt-out: '/isaac-sim/kit/data/Kit/Isaac-Sim Python/5.1/fb56405e-12ba-4cd3-9f1ff887-0dc8898b.dmp'
2026-10-02T05:47:18Z [1ms] [Warning] [carb.crashreporter-breakpad.plugin] Failed to parse toml file '/isaac-sim/kit/data/Kit/Isaac-Sim Python/5.1/4f600334-c71b-4482-85db5b9f-f04f137f.dmp.toml': /isaac-sim/kit/data/Kit/Isaac-Sim Python/5.1/4f600334-c71b-4482-85db5b9f-f04f137f.dmp.toml could not be opened for parsing
2026-10-02T05:47:18Z [1ms] [Warning] [carb.crashreporter-breakpad.plugin] [previous crash] preventing upload of minidump due to user opt-out: '/isaac-sim/kit/data/Kit/Isaac-Sim Python/5.1/4f600334-c71b-4482-85db5b9f-f04f137f.dmp'
2026-10-02T05:47:18Z [1ms] [Warning] [carb.crashreporter-breakpad.plugin] [previous crash] preventing upload of minidump due to user opt-out: '/isaac-sim/kit/data/Kit/Isaac-Sim Python/5.1/f73f703d-6097-430f-d35826ac-aad6d3dc.dmp'
2026-10-02T05:47:18Z [1ms] [Warning] [carb.crashreporter-breakpad.plugin] [previous crash] preventing upload of minidump due to user opt-out: '/isaac-sim/kit/data/Kit/Isaac-Sim Python/5.1/4861b20d-fbb2-480f-9b79ff94-c68a3940.dmp'
2026-10-02T05:47:18Z [1ms] [Warning] [carb.crashreporter-breakpad.plugin] [previous crash] preventing upload of minidump due to user opt-out: '/isaac-sim/kit/data/Kit/Isaac-Sim Python/5.1/83b25c98-cfc0-4c70-6d932789-9686e6aa.dmp'
2026-10-02T05:47:18Z [1ms] [Warning] [carb.crashreporter-breakpad.plugin] [previous crash] preventing upload of minidump due to user opt-out: '/isaac-sim/kit/data/Kit/Isaac-Sim Python/5.1/04d92423-df22-4516-f800ad88-5001dd06.dmp'
2026-10-02T05:47:18Z [1ms] [Warning] [carb.crashreporter-breakpad.plugin] [previous crash] preventing upload of minidump due to user opt-out: '/isaac-sim/kit/data/Kit/Isaac-Sim Python/5.1/60f0c2d1-adcb-4ecc-d06115ad-3c6abce5.dmp'
2026-10-02T05:47:18Z [1ms] [Warning] [carb.crashreporter-breakpad.plugin] [previous crash] preventing upload of minidump due to user opt-out: '/isaac-sim/kit/data/Kit/Isaac-Sim Python/5.1/e1bafb25-5d68-44e9-ecb00091-f55b059d.dmp'
2026-10-02T05:47:18Z [2ms] [Warning] [carb.crashreporter-breakpad.plugin] [previous crash] preventing upload of minidump due to user opt-out: '/isaac-sim/kit/data/Kit/Isaac-Sim Python/5.1/0e1478ee-e277-469e-9f9d9680-b4429682.dmp'
[0.029s] [ext: omni.kit.async_engine-0.0.3] startup
[0.330s] [ext: omni.metrics.core-0.0.3] startup
[0.330s] [ext: omni.client.lib-1.1.0] startup
[0.340s] [ext: omni.blobkey-1.1.2] startup
[0.340s] [ext: omni.stats-1.0.1] startup
[0.341s] [ext: omni.datastore-0.0.0] startup
[0.345s] [ext: omni.client-1.3.0] startup
[0.347s] [ext: omni.ujitso.default-1.0.0] startup
[0.348s] [ext: omni.hsscclient-1.1.2] startup
[0.353s] [ext: omni.gpu_foundation.shadercache.vulkan-1.0.0] startup
[0.355s] [ext: omni.assets.plugins-0.0.0] startup
[0.356s] [ext: omni.gpu_foundation-0.0.0] startup
[0.361s] [ext: carb.windowing.plugins-1.0.0] startup
2026-10-02T05:47:19Z [351ms] [Warning] [carb.windowing-glfw.plugin] GLFW initialization failed.
2026-10-02T05:47:19Z [351ms] [Warning] [carb] Failed to startup plugin carb.windowing-glfw.plugin (interfaces: [carb::windowing::IGLContext v1.0],[carb::windowing::IWindowing v1.5]) (impl: carb.windowing-glfw.plugin)
[0.361s] [ext: omni.kit.renderer.init-0.0.0] startup
2026-10-02T05:47:19Z [363ms] [Warning] [omni.platforminfo.plugin] failed to open the default display.  Can't verify X Server version.

|---------------------------------------------------------------------------------------------|
| Driver Version: 580.173.02    | Graphics API: Vulkan
|=============================================================================================|
| GPU | Name                             | Active | LDA | GPU Memory | Vendor-ID | LUID       |
|     |                                  |        |     |            | Device-ID | UUID       |
|     |                                  |        |     |            | Bus-ID    |            |
|---------------------------------------------------------------------------------------------|
| 0   | NVIDIA GeForce RTX 5090          | Yes: 0 |     | 32607   MB | 10de      | 0          |
|     |                                  |        |     |            | 2b85      | 1bc29a6a.. |
|     |                                  |        |     |            | 1         |            |
|=============================================================================================|
| OS: 24.04.2 LTS (Noble Numbat) ubuntu, Version: 24.04.2, Kernel: 7.0.0-28-generic
| Processor: AMD Ryzen 9 9950X3D 16-Core Processor
| Cores: 16 | Logical Cores: 32
|---------------------------------------------------------------------------------------------|
| Total Memory (MB): 190838 | Free Memory: 172647
| Total Page/Swap (MB): 8191 | Free Page/Swap: 4288
|---------------------------------------------------------------------------------------------|
2026-10-02T05:47:19Z [838ms] [Warning] [gpu.foundation.plugin] CPU performance profile is set to powersave. This profile sets the CPU to the lowest frequency reducing performance.
2026-10-02T05:47:19Z [846ms] [Warning] [gpu.foundation.plugin] PCIe link width current (8) and maximum (16) for device 0 don't match.
2026-10-02T05:47:19Z [846ms] [Warning] [gpu.foundation.plugin] IOMMU is enabled.
[0.947s] [ext: omni.kit.pipapi-0.0.0] startup
[0.948s] [ext: omni.kit.pip_archive-0.0.0] startup
[0.948s] [ext: omni.pip.compute-1.6.3] startup
[0.949s] [ext: omni.materialx.libs-1.0.7] startup
[0.955s] [ext: omni.pip.cloud-1.4.3] startup
[0.957s] [ext: omni.isaac.core_archive-3.0.0] startup
[0.957s] [ext: omni.usd.config-1.0.6] startup
[0.959s] [ext: omni.gpucompute.plugins-0.0.0] startup
[0.960s] [ext: omni.usd.libs-1.0.1] startup
[1.009s] [ext: omni.mdl-56.0.3] startup
[1.072s] [ext: omni.iray.libs-0.0.0] startup
[1.076s] [ext: omni.mdl.neuraylib-0.2.12] startup
[1.079s] [ext: omni.kit.usd.mdl-1.1.5] startup
[1.139s] [ext: omni.services.pip_archive-0.16.0] startup
[1.139s] [ext: omni.isaac.ml_archive-3.0.4] startup
[1.139s] [ext: omni.kit.telemetry-0.5.2] startup
[1.156s] [ext: omni.kit.loop-isaac-1.3.7] startup
[1.156s] [ext: omni.kit.test-2.0.1] startup
[1.189s] [ext: omni.appwindow-1.1.10] startup
2026-10-02T05:47:19Z [1,180ms] [Warning] [carb.windowing-glfw.plugin] GLFW initialization failed.
2026-10-02T05:47:19Z [1,180ms] [Warning] [carb] Failed to startup plugin carb.windowing-glfw.plugin (interfaces: [carb::windowing::IGLContext v1.0],[carb::windowing::IWindowing v1.5]) (impl: carb.windowing-glfw.plugin)
[1.191s] [ext: omni.kit.renderer.core-1.1.0] startup
2026-10-02T05:47:19Z [1,196ms] [Warning] [carb.windowing-glfw.plugin] GLFW initialization failed.
2026-10-02T05:47:19Z [1,196ms] [Warning] [carb] Failed to startup plugin carb.windowing-glfw.plugin (interfaces: [carb::windowing::IGLContext v1.0],[carb::windowing::IWindowing v1.5]) (impl: carb.windowing-glfw.plugin)
2026-10-02T05:47:19Z [1,201ms] [Warning] [carb.windowing-glfw.plugin] GLFW initialization failed.
2026-10-02T05:47:19Z [1,201ms] [Warning] [carb] Failed to startup plugin carb.windowing-glfw.plugin (interfaces: [carb::windowing::IGLContext v1.0],[carb::windowing::IWindowing v1.5]) (impl: carb.windowing-glfw.plugin)
[1.212s] [ext: omni.kit.renderer.capture-0.0.0] startup
[1.213s] [ext: omni.kit.renderer.imgui-2.0.5] startup
2026-10-02T05:47:19Z [1,205ms] [Warning] [carb.windowing-glfw.plugin] GLFW initialization failed.
2026-10-02T05:47:19Z [1,205ms] [Warning] [carb] Failed to startup plugin carb.windowing-glfw.plugin (interfaces: [carb::windowing::IGLContext v1.0],[carb::windowing::IWindowing v1.5]) (impl: carb.windowing-glfw.plugin)
2026-10-02T05:47:19Z [1,206ms] [Warning] [carb.windowing-glfw.plugin] GLFW initialization failed.
2026-10-02T05:47:19Z [1,206ms] [Warning] [carb] Failed to startup plugin carb.windowing-glfw.plugin (interfaces: [carb::windowing::IGLContext v1.0],[carb::windowing::IWindowing v1.5]) (impl: carb.windowing-glfw.plugin)
2026-10-02T05:47:19Z [1,206ms] [Warning] [carb.windowing-glfw.plugin] GLFW initialization failed.
2026-10-02T05:47:19Z [1,206ms] [Warning] [carb] Failed to startup plugin carb.windowing-glfw.plugin (interfaces: [carb::windowing::IGLContext v1.0],[carb::windowing::IWindowing v1.5]) (impl: carb.windowing-glfw.plugin)
[1.249s] [ext: omni.ui-2.27.1] startup
[1.255s] [ext: omni.kit.mainwindow-1.0.3] startup
[1.256s] [ext: carb.audio-0.1.0] startup
[1.258s] [ext: omni.uiaudio-1.0.0] startup
[1.259s] [ext: omni.kit.uiapp-0.0.0] startup
[1.259s] [ext: omni.usd.schema.metrics.assembler-107.3.1] startup
[1.261s] [ext: omni.anim.behavior.schema-107.3.0] startup
[1.266s] [ext: omni.usd.schema.omnigraph-1.0.0] startup
[1.269s] [ext: omni.usd.schema.geospatial-0.0.0] startup
[1.271s] [ext: omni.usd.schema.anim-0.0.0] startup
[1.279s] [ext: omni.usd.schema.audio-0.0.0] startup
[1.281s] [ext: isaacsim.robot.schema-3.6.0] startup
[1.286s] [ext: omni.usd_resolver-1.0.0] startup
[1.288s] [ext: omni.usd.core-1.5.3] startup
[1.289s] [ext: omni.usd.schema.omni_sensors-0.0.0] startup
[1.299s] [ext: omni.usd.schema.semantics-0.0.0] startup
[1.300s] [ext: omni.usd.schema.omni_lens_distortion-0.0.0] startup
[1.300s] [ext: omni.usd.schema.render_settings.rtx-0.0.0] startup
[1.301s] [ext: omni.graph.exec-0.9.6] startup
[1.301s] [ext: omni.kit.actions.core-1.0.0] startup
[1.302s] [ext: omni.kit.usd_undo-0.1.8] startup
[1.303s] [ext: omni.kit.exec.core-0.13.4] startup
[1.304s] [ext: omni.kit.commands-1.4.10] startup
[1.306s] [ext: omni.kit.window.popup_dialog-2.0.24] startup
[1.308s] [ext: omni.activity.core-1.0.3] startup
[1.309s] [ext: omni.resourcemonitor-107.0.1] startup
[1.310s] [ext: omni.timeline-1.0.14] startup
[1.311s] [ext: omni.kit.widget.nucleus_connector-2.0.1] startup
[1.312s] [ext: usdrt.scenegraph-7.6.1] startup
[1.336s] [ext: omni.kit.audiodeviceenum-1.0.2] startup
[1.337s] [ext: omni.hydra.usdrt_delegate-7.5.1] startup
[1.340s] [ext: omni.hydra.scene_delegate-0.3.4] startup
[1.342s] [ext: omni.usd-1.13.10] startup
[1.356s] [ext: omni.kit.asset_converter-5.0.17] startup
[1.365s] [ext: omni.usd.schema.physx-107.3.26] startup
[1.386s] [ext: omni.anim.navigation.schema-107.3.3] startup
[1.388s] [ext: omni.inspect-1.0.2] startup
[1.389s] [ext: omni.kit.notification_manager-1.0.10] startup
[1.390s] [ext: omni.graph.core-2.184.5] startup
[1.391s] [ext: isaacsim.core.deprecation_manager-0.2.7] startup
[1.392s] [ext: omni.usd.schema.omniscripting-1.0.0] startup
[1.394s] [ext: omni.usd.schema.flow-107.1.1] startup
[1.395s] [ext: omni.anim.graph.schema-107.3.3] startup
[1.398s] [ext: omni.usd.schema.isaac-3.0.5] startup
[1.398s] [ext: isaacsim.core.version-2.0.6] startup
[1.399s] [ext: omni.ui.scene-1.11.5] startup
[1.401s] [ext: isaacsim.storage.native-1.5.1] startup
[1.402s] [ext: omni.kit.widget.options_menu-1.1.6] startup
[1.404s] [ext: omni.kit.menu.core-1.1.2] startup
[1.404s] [ext: omni.graph.tools-1.79.2] startup
[1.418s] [ext: omni.kit.widget.filter-1.1.4] startup
[1.418s] [ext: omni.kit.menu.utils-2.0.5] startup
[1.423s] [ext: omni.graph-1.141.2] startup
[1.448s] [ext: omni.kit.hotkeys.core-1.3.10] startup
[1.449s] [ext: omni.anim.curve.core-1.3.1] startup
[1.458s] [ext: omni.kit.clipboard-1.0.5] startup
[1.460s] [ext: omni.usdphysics-107.3.26] startup
[1.462s] [ext: omni.physx.foundation-107.3.26] startup
[1.463s] [ext: omni.kit.widget.context_menu-1.2.5] startup
[1.464s] [ext: omni.kit.helper.file_utils-0.1.9] startup
[1.465s] [ext: omni.kit.widget.path_field-2.0.11] startup
[1.467s] [ext: omni.kvdb-107.3.26] startup
[1.468s] [ext: omni.kit.widget.options_button-1.0.3] startup
[1.468s] [ext: omni.kit.widget.filebrowser-2.12.3] startup
[1.471s] [ext: omni.kit.widget.browser_bar-2.0.10] startup
[1.472s] [ext: omni.localcache-107.3.26] startup
[1.473s] [ext: omni.convexdecomposition-107.3.26] startup
[1.475s] [ext: omni.kit.window.filepicker-2.13.4] startup
[1.484s] [ext: omni.physx.cooking-107.3.26] startup
[1.486s] [ext: omni.physics-107.3.26] startup
[1.488s] [ext: omni.kit.window.file_exporter-1.0.33] startup
[1.490s] [ext: omni.kit.stage_template.core-1.1.22] startup
[1.491s] [ext: omni.physx-107.3.26] startup
[1.496s] [ext: omni.kit.usd.layers-2.2.11] startup
[1.501s] [ext: omni.kit.window.file_importer-1.1.18] startup
[1.502s] [ext: omni.physics.physx-107.3.26] startup
2026-10-02T05:47:20Z [1,493ms] [Warning] [carb] Acquiring non optional plugin interface which is not listed as dependency: [omni::physx::IPhysxBenchmarks v1.0] (plugin: <default plugin>), by client: omni.physics.physx.plugin. Add it to CARB_PLUGIN_IMPL_DEPS() macro of a client.
[1.503s] [ext: omni.kit.numpy.common-0.1.3] startup
[1.504s] [ext: omni.kit.window.file-2.0.5] startup
[1.506s] [ext: omni.physics.stageupdate-107.3.26] startup
[1.508s] [ext: omni.kit.window.drop_support-1.0.5] startup
[1.509s] [ext: omni.kit.window.content_browser_registry-0.0.6] startup
[1.509s] [ext: omni.isaac.dynamic_control-2.0.7] startup
2026-10-02T05:47:20Z [1,503ms] [Warning] [omni.isaac.dynamic_control] omni.isaac.dynamic_control is deprecated as of Isaac Sim 4.5. No action is needed from end-users.
[1.513s] [ext: omni.kit.window.content_browser-3.1.3] startup
[1.520s] [ext: omni.graph.action_core-1.1.7] startup
[1.521s] [ext: omni.kit.usd.collect-2.4.5] startup
[1.523s] [ext: isaacsim.gui.content_browser-0.1.11] startup
[1.525s] [ext: omni.graph.action_nodes-1.50.4] startup
[1.526s] [ext: omni.kit.widget.prompt-1.0.7] startup
[1.528s] [ext: omni.graph.action-1.130.0] startup
[1.529s] [ext: omni.kit.tool.collect-2.2.18] startup
[1.532s] [ext: omni.index.libs-380600.8087.0] startup
[1.533s] [ext: omni.ujitso.client-0.0.0] startup
[1.533s] [ext: omni.index-1.0.1] startup
[1.534s] [ext: omni.volume-0.5.2] startup
[1.535s] [ext: omni.hydra.rtx.shadercache.vulkan-1.0.0] startup
[1.538s] [ext: omni.kit.context_menu-1.8.6] startup
[1.539s] [ext: omni.hydra.rtx-1.0.0] startup
2026-10-02T05:47:20Z [1,540ms] [Warning] [omni.log] Source: omni.hydra was already registered.
[1.561s] [ext: omni.kit.material.library-2.0.7] startup
[1.568s] [ext: omni.hydra.engine.stats-1.0.3] startup
[1.570s] [ext: omni.kit.widget.stage_icons-1.0.8] startup
[1.571s] [ext: omni.kit.viewport.scene_camera_model-1.0.6] startup
[1.573s] [ext: omni.kit.hydra_texture-1.4.6] startup
[1.575s] [ext: omni.kit.viewport.legacy_gizmos-1.0.19] startup
[1.576s] [ext: omni.kit.widget.searchfield-1.1.8] startup
[1.577s] [ext: omni.kit.widget.viewport-107.1.3] startup
[1.580s] [ext: omni.kit.viewport.registry-104.0.6] startup
[1.580s] [ext: omni.kit.raycast.query-1.1.0] startup
[1.583s] [ext: omni.kit.widget.stage-3.1.4] startup
[1.591s] [ext: omni.kit.widget.zoombar-1.0.6] startup
[1.591s] [ext: omni.kit.viewport.window-107.2.0] startup
[1.602s] [ext: omni.kit.window.stage-2.6.1] startup
[1.605s] [ext: omni.kit.browser.core-2.3.13] startup
[1.608s] [ext: omni.kit.menu.stage-1.2.7] startup
[1.608s] [ext: omni.kit.browser.folder.core-1.10.9] startup
[1.612s] [ext: omni.kit.property.adapter.core-1.0.2] startup
[1.613s] [ext: omni.kit.widget.highlight_label-1.0.3] startup
[1.614s] [ext: omni.kit.property.adapter.usd-1.0.2] startup
[1.615s] [ext: omni.ui_query-1.1.8] startup
[1.616s] [ext: omni.kit.window.property-1.12.1] startup
[1.617s] [ext: omni.kit.property.adapter.fabric-1.0.3] startup
[1.618s] [ext: omni.kit.ui_test-1.3.7] startup
[1.619s] [ext: omni.kit.property.usd-4.5.12] startup
[1.625s] [ext: omni.kit.viewport.utility-1.1.2] startup
[1.626s] [ext: omni.kit.manipulator.viewport-107.0.1] startup
[1.627s] [ext: omni.kit.usdz_export-1.0.9] startup
[1.629s] [ext: omni.kit.window.extensions-1.4.27] startup
[1.633s] [ext: omni.graph.visualization.nodes-2.1.3] startup
[1.637s] [ext: omni.kit.tool.asset_importer-4.3.2] startup
[1.642s] [ext: isaacsim.gui.components-1.2.1] startup
[1.646s] [ext: isaacsim.examples.browser-0.2.1] startup
[1.650s] [ext: isaacsim.asset.importer.urdf-2.4.30] startup
[1.691s] [ext: omni.kit.menu.create-2.0.1] startup
[1.694s] [ext: omni.physics.tensors-107.3.26] startup
[1.701s] [ext: omni.usd.metrics.assembler-107.3.1] startup
[1.704s] [ext: omni.kit.widget.graph-2.0.0] startup
[1.707s] [ext: omni.kit.widget.searchable_combobox-1.0.6] startup
[1.708s] [ext: omni.warp.core-1.8.2] startup
[1.833s] [ext: omni.usd.metrics.assembler.physics-107.3.26] startup
[1.835s] [ext: omni.kit.graph.delegate.default-1.2.3] startup
[1.836s] [ext: omni.kit.scripting-107.3.2] startup
[1.840s] [ext: omni.physx.tensors-107.3.26] startup
[1.843s] [ext: isaacsim.core.utils-3.5.1] startup
[1.844s] [ext: omni.anim.asset-107.3.0] startup
[1.846s] [ext: isaacsim.core.simulation_manager-1.4.4] startup
[2.716s] [ext: omni.graph.scriptnode-1.50.0] startup
[2.719s] [ext: omni.kit.graph.editor.core-1.5.3] startup
[2.722s] [ext: omni.kit.widget.settings-1.2.6] startup
[2.724s] [ext: omni.kit.primitive.mesh-1.0.17] startup
[2.730s] [ext: isaacsim.core.prims-0.6.1] startup
[2.747s] [ext: omni.kit.widget.material_preview-1.0.16] startup
[2.749s] [ext: omni.kit.graph.usd.commands-1.3.1] startup
[2.750s] [ext: omni.graph.image.core-0.6.1] startup
[2.751s] [ext: omni.kit.window.preferences-1.8.0] startup
[2.755s] [ext: omni.kit.stage_templates-2.0.0] startup
[2.756s] [ext: isaacsim.asset.browser-1.3.23] startup
[2.795s] [ext: omni.graph.image.nodes-1.3.1] startup
[2.796s] [ext: omni.kit.viewport.menubar.core-107.2.1] startup
[2.805s] [ext: isaacsim.core.api-4.8.0] startup
[2.811s] [ext: omni.kit.window.material_graph-1.9.1] startup
[2.817s] [ext: omni.kit.viewport.actions-107.0.2] startup
[2.820s] [ext: omni.graph.nodes-1.170.10] startup
[2.826s] [ext: omni.syntheticdata-0.6.13] startup
[2.842s] [ext: omni.isaac.assets_check-0.3.13] startup
2026-10-02T05:47:21Z [2,834ms] [Warning] [omni.isaac.assets_check] omni.isaac.assets_check has been deprecated in favor of isaacsim.asset.browser. Please update your code accordingly.
[2.843s] [ext: isaacsim.core.cloner-1.4.10] startup
[2.845s] [ext: omni.kit.viewport.menubar.display-107.0.3] startup
[2.847s] [ext: omni.graph.ui_nodes-1.50.5] startup
[2.850s] [ext: omni.videoencoding-0.1.2] startup
[2.854s] [ext: omni.isaac.cloner-1.0.7] startup
2026-10-02T05:47:21Z [2,847ms] [Warning] [omni.isaac.cloner] omni.isaac.cloner has been deprecated in favor of isaacsim.core.cloner. Please update your code accordingly.
[2.858s] [ext: isaacsim.gui.sensors.icon-2.0.3] startup
[2.870s] [ext: omni.warp-1.8.2] startup
[2.875s] [ext: omni.anim.retarget.core-107.3.3] startup
[2.880s] [ext: omni.debugdraw-0.1.4] startup
[2.884s] [ext: omni.replicator.core-1.12.27] startup
2026-10-02T05:47:21Z [2,884ms] [Warning] [pxr.Semantics] pxr.Semantics is deprecated - please use Semantics instead
2026-10-02T05:47:21Z [2,991ms] [Warning] [omni.graph.core.plugin] Found duplicate of category 'Replicator' - was 'Annotators', adding 'Fabric Reader'
2026-10-02T05:47:21Z [2,991ms] [Warning] [omni.graph.core.plugin] Category 'Replicator' not accepted on node type 'omni.replicator.core.FabricReader' in extension 'omni.replicator.core'
2026-10-02T05:47:21Z [2,992ms] [Warning] [omni.replicator.core.scripts.extension] No material configuration file, adding configuration to material settings directly.
[3.004s] [ext: omni.kit.quicklayout-1.0.8] startup
[3.006s] [ext: omni.anim.navigation.core-107.3.8] startup
[3.013s] [ext: omni.anim.graph.core-107.3.4] startup
[3.018s] [ext: omni.metropolis.utils-0.1.20] startup
[3.037s] [ext: isaacsim.asset.importer.mjcf-2.5.13] startup
[3.046s] [ext: omni.anim.people-0.7.9] startup
2026-10-02T05:47:21Z [3,044ms] [Warning] [omni.graph.core._impl._registration.register_python_ogn] Python import process in omni.anim.graph.core failed - 'NoneType' object is not subscriptable. Aborting Python node registration
[3.057s] [ext: isaacsim.test.docstring-1.1.0] startup
[3.063s] [ext: isaacsim.core.experimental.utils-0.3.0] startup
[3.067s] [ext: isaacsim.anim.robot-0.0.15] startup
[3.089s] [ext: isaacsim.core.experimental.prims-0.8.1] startup
[3.130s] [ext: isaacsim.core.nodes-3.4.3] startup
[3.148s] [ext: omni.flowusd-107.1.8] startup
2026-10-02T05:47:21Z [3,140ms] [Warning] [omni.stageupdate.plugin] Deprecated: direct use of IStageUpdate callbacks is deprecated. Use IStageUpdate::getStageUpdate instead.
[3.160s] [ext: omni.sensors.nv.common-3.0.0] startup
[3.190s] [ext: isaacsim.core.experimental.materials-0.4.0] startup
[3.235s] [ext: omni.isaac.core-4.0.7] startup
2026-10-02T05:47:21Z [3,228ms] [Warning] [omni.isaac.core.physics_context.physics_context] omni.isaac.core.physics_context.physics_context has been deprecated in favor of isaacsim.core.api.physics_context.physics_context. Please update your code accordingly.
2026-10-02T05:47:21Z [3,231ms] [Warning] [omni.isaac.core.simulation_context.simulation_context] omni.isaac.core.simulation_context.simulation_context has been deprecated in favor of isaacsim.core.api.simulation_context.simulation_context. Please update your code accordingly.
2026-10-02T05:47:21Z [3,233ms] [Warning] [omni.isaac.core.world.world] omni.isaac.core.world.world has been deprecated in favor of isaacsim.core.api.world.world. Please update your code accordingly.
2026-10-02T05:47:21Z [3,233ms] [Warning] [omni.isaac.core] omni.isaac.core has been deprecated in favor of isaacsim.core.api. Please update your code accordingly.
[3.243s] [ext: isaacsim.replicator.incident-0.1.28] startup
[3.481s] [ext: omni.sensors.net-1.0.0] startup
[3.484s] [ext: omni.sensors.nv.materials-2.0.0] startup
[3.487s] [ext: isaacsim.sensors.camera-1.3.6] startup
[3.496s] [ext: omni.sensors.nv.wpm-3.0.0] startup
[3.497s] [ext: isaacsim.util.debug_draw-3.1.0] startup
[3.501s] [ext: omni.sensors.nv.ids-2.0.0] startup
[3.504s] [ext: omni.sensors.nv.lidar-3.0.0] startup
[3.510s] [ext: omni.sensors.nv.radar-3.0.0] startup
[3.514s] [ext: isaacsim.sensors.physics-0.4.3] startup
[3.521s] [ext: isaacsim.robot_motion.lula-4.0.8] startup
[3.527s] [ext: isaacsim.robot.surface_gripper-3.3.1] startup
[3.530s] [ext: isaacsim.sensors.rtx-15.8.4] startup
[3.540s] [ext: omni.kit.mesh.raycast-107.0.1] startup
[3.545s] [ext: isaacsim.robot_motion.motion_generation-8.0.26] startup
[3.562s] [ext: isaacsim.robot.manipulators-3.3.6] startup
[3.569s] [ext: isaacsim.core.experimental.objects-0.4.0] startup
[3.575s] [ext: omni.isaac.core_nodes-2.0.6] startup
2026-10-02T05:47:22Z [3,568ms] [Warning] [omni.isaac.core_nodes] omni.isaac.core_nodes has been deprecated in favor of isaacsim.core.nodes. Please update your code accordingly.
[3.579s] [ext: isaacsim.replicator.agent.core-0.7.28] startup
[3.589s] [ext: isaacsim.robot.manipulators.examples-1.1.2] startup
[3.591s] [ext: isaacsim.simulation_app-2.12.2] startup
[3.593s] [ext: omni.kit.selection-0.1.6] startup
[3.594s] [ext: omni.isaac.franka-1.0.7] startup
2026-10-02T05:47:22Z [3,585ms] [Warning] [omni.isaac.franka] omni.isaac.franka has been deprecated in favor of isaacsim.robot.manipulators.examples.franka. Please update your code accordingly.
2026-10-02T05:47:22Z [3,585ms] [Warning] [omni.isaac.franka.franka] omni.isaac.franka has been deprecated in favor of isaacsim.robot.manipulators.examples.franka. Please update your code accordingly.
2026-10-02T05:47:22Z [3,598ms] [Warning] [omni.isaac.franka.kinematics_solver] omni.isaac.franka has been deprecated in favor of isaacsim.robot.manipulators.examples.franka. Please update your code accordingly.
[3.608s] [ext: isaacsim.robot_motion.lula_test_widget-1.0.12] startup
[3.610s] [ext: omni.isaac.kit-2.0.6] startup
2026-10-02T05:47:22Z [3,602ms] [Warning] [omni.isaac.kit] omni.isaac.kit has been deprecated in favor of isaacsim.simulation_app. Please update your code accordingly.
[3.612s] [ext: isaacsim.gui.menu-2.4.4] startup
[3.616s] [ext: omni.isaac.asset_browser-1.0.6] startup
2026-10-02T05:47:22Z [3,607ms] [Warning] [omni.isaac.asset_browser] omni.isaac.asset_browser has been deprecated in favor of isaacsim.asset.browser. Please update your code accordingly.
[3.617s] [ext: omni.isaac.lula_test_widget-1.0.6] startup
2026-10-02T05:47:22Z [3,609ms] [Warning] [omni.isaac.lula_test_widget] omni.isaac.lula_test_widget has been deprecated in favor of isaacsim.robot_motion.lula_test_widget. Please update your code accordingly.
[3.619s] [ext: omni.isaac.manipulators-3.0.7] startup
2026-10-02T05:47:22Z [3,610ms] [Warning] [omni.isaac.manipulators] omni.isaac.manipulators has been deprecated in favor of isaacsim.robot.manipulators. Please update your code accordingly.
2026-10-02T05:47:22Z [3,611ms] [Warning] [omni.isaac.manipulators.controllers] omni.isaac.manipulators has been deprecated in favor of isaacsim.robot.manipulators. Please update your code accordingly.
2026-10-02T05:47:22Z [3,612ms] [Warning] [omni.isaac.manipulators.controllers.pick_place_controller] omni.isaac.manipulators has been deprecated in favor of isaacsim.robot.manipulators. Please update your code accordingly.
2026-10-02T05:47:22Z [3,614ms] [Warning] [omni.isaac.manipulators.controllers.stacking_controller] omni.isaac.manipulators has been deprecated in favor of isaacsim.robot.manipulators. Please update your code accordingly.
2026-10-02T05:47:22Z [3,614ms] [Warning] [omni.isaac.manipulators.grippers] omni.isaac.manipulators has been deprecated in favor of isaacsim.robot.manipulators. Please update your code accordingly.
2026-10-02T05:47:22Z [3,614ms] [Warning] [omni.isaac.manipulators.grippers.gripper] omni.isaac.manipulators has been deprecated in favor of isaacsim.robot.manipulators. Please update your code accordingly.
2026-10-02T05:47:22Z [3,614ms] [Warning] [omni.isaac.manipulators.grippers.parallel_gripper] omni.isaac.manipulators has been deprecated in favor of isaacsim.robot.manipulators. Please update your code accordingly.
2026-10-02T05:47:22Z [3,614ms] [Warning] [omni.isaac.manipulators.grippers.surface_gripper] omni.isaac.manipulators has been deprecated in favor of isaacsim.robot.manipulators. Please update your code accordingly.
2026-10-02T05:47:22Z [3,614ms] [Warning] [omni.isaac.manipulators.manipulators] omni.isaac.manipulators has been deprecated in favor of isaacsim.robot.manipulators. Please update your code accordingly.
2026-10-02T05:47:22Z [3,614ms] [Warning] [omni.isaac.manipulators.manipulators.single_manipulator] omni.isaac.manipulators has been deprecated in favor of isaacsim.robot.manipulators. Please update your code accordingly.
[3.624s] [ext: omni.isaac.menu-1.0.6] startup
2026-10-02T05:47:22Z [3,615ms] [Warning] [omni.isaac.menu] omni.isaac.menu has been deprecated in favor of isaacsim.gui.menu. Please update your code accordingly.
[3.625s] [ext: isaacsim.robot.policy.examples-4.1.11] startup
[3.629s] [ext: isaacsim.sensors.physx-2.3.2] startup
[3.634s] [ext: omni.isaac.motion_generation-8.0.7] startup
2026-10-02T05:47:22Z [3,625ms] [Warning] [omni.isaac.motion_generation] omni.isaac.motion_generation has been deprecated in favor of isaacsim.robot_motion.motion_generation. Please update your code accordingly.
2026-10-02T05:47:22Z [3,625ms] [Warning] [omni.isaac.motion_generation.articulation_kinematics_solver] omni.isaac.motion_generation has been deprecated in favor of isaacsim.robot_motion.motion_generation. Please update your code accordingly.
2026-10-02T05:47:22Z [3,625ms] [Warning] [omni.isaac.motion_generation.articulation_motion_policy] omni.isaac.motion_generation has been deprecated in favor of isaacsim.robot_motion.motion_generation. Please update your code accordingly.
2026-10-02T05:47:22Z [3,625ms] [Warning] [omni.isaac.motion_generation.articulation_trajectory] omni.isaac.motion_generation has been deprecated in favor of isaacsim.robot_motion.motion_generation. Please update your code accordingly.
2026-10-02T05:47:22Z [3,625ms] [Warning] [omni.isaac.motion_generation.kinematics_interface] omni.isaac.motion_generation has been deprecated in favor of isaacsim.robot_motion.motion_generation. Please update your code accordingly.
2026-10-02T05:47:22Z [3,625ms] [Warning] [omni.isaac.motion_generation.lula] omni.isaac.motion_generation has been deprecated in favor of isaacsim.robot_motion.motion_generation. Please update your code accordingly.
2026-10-02T05:47:22Z [3,626ms] [Warning] [omni.isaac.motion_generation.lula.kinematics] omni.isaac.motion_generation has been deprecated in favor of isaacsim.robot_motion.motion_generation. Please update your code accordingly.
2026-10-02T05:47:22Z [3,626ms] [Warning] [omni.isaac.motion_generation.lula.motion_policies] omni.isaac.motion_generation has been deprecated in favor of isaacsim.robot_motion.motion_generation. Please update your code accordingly.
2026-10-02T05:47:22Z [3,626ms] [Warning] [omni.isaac.motion_generation.lula.path_planners] omni.isaac.motion_generation has been deprecated in favor of isaacsim.robot_motion.motion_generation. Please update your code accordingly.
2026-10-02T05:47:22Z [3,626ms] [Warning] [omni.isaac.motion_generation.lula.trajectory_generator] omni.isaac.motion_generation has been deprecated in favor of isaacsim.robot_motion.motion_generation. Please update your code accordingly.
2026-10-02T05:47:22Z [3,627ms] [Warning] [omni.isaac.motion_generation.motion_policy_controller] omni.isaac.motion_generation has been deprecated in favor of isaacsim.robot_motion.motion_generation. Please update your code accordingly.
2026-10-02T05:47:22Z [3,627ms] [Warning] [omni.isaac.motion_generation.motion_policy_interface] omni.isaac.motion_generation has been deprecated in favor of isaacsim.robot_motion.motion_generation. Please update your code accordingly.
2026-10-02T05:47:22Z [3,627ms] [Warning] [omni.isaac.motion_generation.path_planner_visualizer] omni.isaac.motion_generation has been deprecated in favor of isaacsim.robot_motion.motion_generation. Please update your code accordingly.
2026-10-02T05:47:22Z [3,627ms] [Warning] [omni.isaac.motion_generation.path_planning_interface] omni.isaac.motion_generation has been deprecated in favor of isaacsim.robot_motion.motion_generation. Please update your code accordingly.
2026-10-02T05:47:22Z [3,627ms] [Warning] [omni.isaac.motion_generation.trajectory] omni.isaac.motion_generation has been deprecated in favor of isaacsim.robot_motion.motion_generation. Please update your code accordingly.
2026-10-02T05:47:22Z [3,627ms] [Warning] [omni.isaac.motion_generation.world_interface] omni.isaac.motion_generation has been deprecated in favor of isaacsim.robot_motion.motion_generation. Please update your code accordingly.
[3.637s] [ext: omni.isaac.nucleus-1.0.6] startup
2026-10-02T05:47:22Z [3,629ms] [Warning] [omni.isaac.nucleus] omni.isaac.nucleus has been deprecated in favor of isaacsim.storage.native. Please update your code accordingly.
2026-10-02T05:47:22Z [3,629ms] [Warning] [omni.isaac.nucleus.nucleus] omni.isaac.nucleus.nucleus has been deprecated in favor of isaacsim.storage.native. Please update your code accordingly.
[3.639s] [ext: omni.isaac.quadruped-3.0.7] startup
2026-10-02T05:47:22Z [3,629ms] [Warning] [omni.isaac.quadruped] omni.isaac.quadruped has been deprecated in favor of isaacsim.robot.policy.examples. Please update your code accordingly.
[3.639s] [ext: omni.isaac.range_sensor-4.0.6] startup
2026-10-02T05:47:22Z [3,632ms] [Warning] [omni.isaac.range_sensor] omni.isaac.range_sensor has been deprecated in favor of isaacsim.sensors.physx. Please update your code accordingly.
2026-10-02T05:47:22Z [3,632ms] [Warning] [omni.isaac.range_sensor.commands] omni.isaac.range_sensor.commands has been deprecated in favor of isaacsim.sensors.physx.commands. Please update your code accordingly.
[3.642s] [ext: omni.isaac.sensor-13.0.7] startup
2026-10-02T05:47:22Z [3,634ms] [Warning] [omni.isaac.sensor] omni.isaac.sensor has been deprecated in favor of isaacsim.sensors.camera, isaacsim.sensors.physics, isaacsim.sensors.physx, and isaacsim.sensors.rtx. Please update your code accordingly.
2026-10-02T05:47:22Z [3,634ms] [Warning] [omni.isaac.sensor.camera] omni.isaac.sensor.camera has been deprecated in favor of isaacsim.sensors.camera.camera. Please update your code accordingly.
2026-10-02T05:47:22Z [3,635ms] [Warning] [omni.isaac.sensor.camera_view] omni.isaac.sensor.camera_view has been deprecated in favor of isaacsim.sensors.camera.camera_view. Please update your code accordingly.
2026-10-02T05:47:22Z [3,635ms] [Warning] [omni.isaac.sensor.commands] omni.isaac.sensor.commands has been deprecated in favor of isaacsim.sensors.physics.commands, isaacsim.sensors.physx.commands, and isaacsim.sensors.rtx.commands. Please update your code accordingly.
2026-10-02T05:47:22Z [3,635ms] [Warning] [omni.isaac.sensor.contact_sensor] omni.isaac.sensor.contact_sensor has been deprecated in favor of isaacsim.sensors.physics.contact_sensor. Please update your code accordingly.
2026-10-02T05:47:22Z [3,635ms] [Warning] [omni.isaac.sensor.imu_sensor] omni.isaac.sensor.imu_sensor has been deprecated in favor of isaacsim.sensors.physics.imu_sensor. Please update your code accordingly.
2026-10-02T05:47:22Z [3,636ms] [Warning] [omni.isaac.sensor.lidar_rtx] omni.isaac.sensor.lidar_rtx has been deprecated in favor of isaacsim.sensors.rtx.lidar_rtx. Please update your code accordingly.
2026-10-02T05:47:22Z [3,636ms] [Warning] [omni.isaac.sensor.rotating_lidar_physX] omni.isaac.sensor.imu_sensor has been deprecated in favor of isaacsim.sensors.physix.rotating_lidar_physX. Please update your code accordingly.
2026-10-02T05:47:22Z [3,636ms] [Warning] [omni.isaac.sensor.scripts.samples.contact_sensor] omni.isaac.sensor.scripts.samples.contact_sensor has been deprecated in favor of isaacsim.sensors.physics.scripts.samples.contact_sensor. Please update your code accordingly.
2026-10-02T05:47:22Z [3,636ms] [Warning] [omni.isaac.sensor.scripts.samples.imu_sensor] omni.isaac.sensor.scripts.samples.imu_sensor has been deprecated in favor of isaacsim.sensors.physics.scripts.samples.imu_sensor. Please update your code accordingly.
2026-10-02T05:47:22Z [3,636ms] [Warning] [omni.isaac.sensor.scripts.samples.lightbeam_sensor] omni.isaac.sensor.scripts.samples.lightbeam_sensor has been deprecated in favor of isaacsim.sensors.physx.scripts.samples.lightbeam_sensor. Please update your code accordingly.
[3.646s] [ext: omni.isaac.surface_gripper-2.0.6] startup
2026-10-02T05:47:22Z [3,637ms] [Warning] [omni.isaac.surface_gripper] omni.isaac.surface_gripper has been deprecated in favor of isaacsim.robot.surface_gripper. Please update your code accordingly.
[3.648s] [ext: omni.kit.widget.toolbar-2.0.1] startup
[3.658s] [ext: omni.kit.manipulator.transform-107.0.0] startup
[3.661s] [ext: omni.kit.manipulator.selector-1.1.3] startup
[3.662s] [ext: isaacsim.app.about-2.0.11] startup
[3.666s] [ext: isaacsim.cortex.framework-1.0.12] startup
[3.667s] [ext: omni.kit.manipulator.tool.snap-1.5.13] startup
[3.671s] [ext: omni.isaac.universal_robots-1.0.6] startup
2026-10-02T05:47:22Z [3,662ms] [Warning] [omni.isaac.universal_robots] omni.isaac.universal_robots has been deprecated in favor of isaacsim.robot.manipulators.examples.universal_robots. Please update your code accordingly.
2026-10-02T05:47:22Z [3,663ms] [Warning] [omni.isaac.universal_robots.kinematics_solver] omni.isaac.franka has been deprecated in favor of isaacsim.robot.manipulators.examples.universal_robots. Please update your code accordingly.
2026-10-02T05:47:22Z [3,663ms] [Warning] [omni.isaac.universal_robots.ur10] omni.isaac.franka has been deprecated in favor of isaacsim.robot.manipulators.examples.universal_robots. Please update your code accordingly.
[3.673s] [ext: omni.isaac.utils-2.0.6] startup
[3.675s] [ext: omni.isaac.cortex-1.0.5] startup
2026-10-02T05:47:22Z [3,666ms] [Warning] [omni.isaac.cortex] omni.isaac.cortex has been deprecated in favor of isaacsim.cortex.framework. Please update your code accordingly.
[3.676s] [ext: omni.kit.viewport.manipulator.transform-107.0.4] startup
[3.679s] [ext: omni.isaac.window.about-2.0.7] startup
2026-10-02T05:47:22Z [3,671ms] [Warning] [omni.isaac.window.about] omni.isaac.window.about has been deprecated in favor of isaacsim.app.about. Please update your code accordingly.
2026-10-02T05:47:22Z [3,671ms] [Warning] [omni.isaac.window.about.about] omni.isaac.window.about.about has been deprecated in favor of isaacsim.app.about.about. Please update your code accordingly.
[3.681s] [ext: omni.kit.manipulator.camera-106.0.4] startup
[3.683s] [ext: omni.kit.property.audio-1.0.16] startup
[3.685s] [ext: omni.fabric.commands-1.1.6] startup
[3.687s] [ext: omni.kit.manipulator.prim.core-107.0.8] startup
[3.692s] [ext: omni.kit.property.camera-1.0.10] startup
[3.693s] [ext: omni.kit.property.geometry-2.0.4] startup
[3.695s] [ext: omni.kit.property.light-1.0.12] startup
[3.711s] [ext: omni.hydra.scene_api-0.1.2] startup
[3.714s] [ext: omni.kit.manipulator.prim.fabric-107.0.4] startup
[3.715s] [ext: omni.kit.manipulator.prim.usd-107.0.3] startup
[3.716s] [ext: omni.kit.property.material-1.11.9] startup
[3.720s] [ext: omni.kit.property.render-1.2.1] startup
[3.721s] [ext: omni.kit.property.transform-1.5.13] startup
[3.724s] [ext: isaacsim.gui.property-1.1.3] startup
[3.725s] [ext: omni.kit.manipulator.prim-107.0.0] startup
[3.726s] [ext: omni.kit.manipulator.selection-106.0.1] startup
[3.727s] [ext: omni.isaac.lula-4.0.6] startup
2026-10-02T05:47:22Z [3,717ms] [Warning] [omni.isaac.lula] omni.isaac.lula has been deprecated in favor of isaacsim.robot_motion.lula. Please update your code accordingly.
[3.727s] [ext: omni.kit.property.bundle-1.4.1] startup
[3.729s] [ext: omni.kit.property.isaac-1.0.6] startup
2026-10-02T05:47:22Z [3,720ms] [Warning] [omni.kit.property.isaac] omni.kit.property.isaac has been deprecated in favor of isaacsim.gui.property. Please update your code accordingly.
2026-10-02T05:47:22Z [3,720ms] [Warning] [omni.kit.property.isaac.widgets] omni.kit.property.isaac.widgets has been deprecated in favor of isaacsim.gui.property.widgets. Please update your code accordingly.
[3.730s] [ext: isaacsim.replicator.writers-1.0.17] startup
[3.741s] [ext: omni.kit.viewport.menubar.camera-107.0.6] startup
[3.747s] [ext: omni.kit.viewport.menubar.lighting-107.3.1] startup
[3.750s] [ext: omni.kit.viewport.menubar.render-107.0.10] startup
[3.755s] [ext: omni.kit.viewport.menubar.settings-107.0.3] startup
[3.758s] [ext: isaacsim.replicator.domain_randomization-1.0.16] startup
[3.760s] [ext: isaacsim.replicator.examples-1.3.6] startup
[3.762s] [ext: omni.ocio-0.1.1] startup
[3.764s] [ext: omni.rtx.window.settings-0.6.19] startup
[3.771s] [ext: omni.kit.window.console-1.1.4] startup
[3.779s] [ext: omni.kit.window.status_bar-0.1.9] startup
[3.783s] [ext: omni.kit.window.toolbar-2.0.0] startup
[3.786s] [ext: omni.replicator.isaac-2.0.8] startup
2026-10-02T05:47:22Z [3,777ms] [Warning] [omni.replicator.isaac] omni.replicator.isaac has been deprecated in favor of isaacsim.replicator.domain_randomization, isaacsim.replicator.examples, isaacsim.replicator.writers. Please update your code accordingly.
[3.787s] [ext: omni.replicator.replicator_yaml-2.0.11] startup
[3.791s] [ext: omni.rtx.settings.core-0.6.5] startup
[3.797s] [ext: omni.usd.metrics.assembler.ui-107.3.1] startup
[3.804s] [ext: isaacsim.robot.wheeled_robots-4.0.24] startup
[3.808s] [ext: isaacsim.cortex.behaviors-2.0.14] startup
[3.810s] [ext: omni.isaac.version-2.0.7] startup
2026-10-02T05:47:22Z [3,801ms] [Warning] [omni.isaac.version] omni.isaac.version has been deprecated in favor of isaacsim.core.version. Please update your code accordingly.
[3.811s] [ext: semantics.schema.editor-2.0.2] startup
[3.816s] [ext: omni.kit.ui.actions-1.0.5] startup
[3.819s] [ext: semantics.schema.property-2.0.1] startup
[3.821s] [ext: omni.isaac.wheeled_robots-3.0.7] startup
2026-10-02T05:47:22Z [3,812ms] [Warning] [omni.isaac.wheeled_robots] omni.isaac.wheeled_robots has been deprecated in favor of isaacsim.robot.wheeled_robots. Please update your code accordingly.
2026-10-02T05:47:22Z [3,812ms] [Warning] [omni.isaac.wheeled_robots.controllers] omni.isaac.wheeled_robots has been deprecated in favor of isaacsim.robot.wheeled_robots. Please update your code accordingly.
2026-10-02T05:47:22Z [3,812ms] [Warning] [omni.isaac.wheeled_robots.controllers.ackermann_controller] omni.isaac.wheeled_robots has been deprecated in favor of isaacsim.robot.wheeled_robots. Please update your code accordingly.
2026-10-02T05:47:22Z [3,812ms] [Warning] [omni.isaac.wheeled_robots.controllers.differential_controller] omni.isaac.wheeled_robots has been deprecated in favor of isaacsim.robot.wheeled_robots. Please update your code accordingly.
2026-10-02T05:47:22Z [3,812ms] [Warning] [omni.isaac.wheeled_robots.controllers.holonomic_controller] omni.isaac.wheeled_robots has been deprecated in favor of isaacsim.robot.wheeled_robots. Please update your code accordingly.
2026-10-02T05:47:22Z [3,813ms] [Warning] [omni.isaac.wheeled_robots.controllers.quintic_path_planner] omni.isaac.wheeled_robots has been deprecated in favor of isaacsim.robot.wheeled_robots. Please update your code accordingly.
2026-10-02T05:47:22Z [3,813ms] [Warning] [omni.isaac.wheeled_robots.controllers.stanley_control] omni.isaac.wheeled_robots has been deprecated in favor of isaacsim.robot.wheeled_robots. Please update your code accordingly.
2026-10-02T05:47:22Z [3,813ms] [Warning] [omni.isaac.wheeled_robots.controllers.wheel_base_pose_controller] omni.isaac.wheeled_robots has been deprecated in favor of isaacsim.robot.wheeled_robots. Please update your code accordingly.
2026-10-02T05:47:22Z [3,813ms] [Warning] [omni.isaac.wheeled_robots.impl] omni.isaac.wheeled_robots has been deprecated in favor of isaacsim.robot.wheeled_robots. Please update your code accordingly.
2026-10-02T05:47:22Z [3,813ms] [Warning] [omni.isaac.wheeled_robots.robots] omni.isaac.wheeled_robots has been deprecated in favor of isaacsim.robot.wheeled_robots. Please update your code accordingly.
2026-10-02T05:47:22Z [3,813ms] [Warning] [omni.isaac.wheeled_robots.robots.holonomic_robot_usd_setup] omni.isaac.wheeled_robots has been deprecated in favor of isaacsim.robot.wheeled_robots. Please update your code accordingly.
2026-10-02T05:47:22Z [3,814ms] [Warning] [omni.isaac.wheeled_robots.robots.wheeled_robot] omni.isaac.wheeled_robots has been deprecated in favor of isaacsim.robot.wheeled_robots. Please update your code accordingly.
[3.824s] [ext: omni.isaac.cortex.sample_behaviors-2.0.5] startup
2026-10-02T05:47:22Z [3,816ms] [Warning] [omni.isaac.cortex.sample_behaviors] omni.isaac.cortex.sample_behaviors has been deprecated in favor of isaacsim.cortex.behaviors. Please update your code accordingly.
[3.826s] [ext: isaacsim.replicator.behavior-1.1.16] startup
[3.828s] [ext: isaacsim.core.throttling-2.2.2] startup
[3.830s] [ext: omni.kit.menu.common-2.0.1] startup
[3.833s] [ext: isaacsim.exp.base-5.1.0] startup
[3.834s] [ext: isaacsim.exp.base.python-5.1.0] startup
[3.837s] Simulation App Starting
2026-10-02T05:47:22Z [3,952ms] [Warning] [omni.kvdb.plugin] Disabling key-value database because another kit process is locking it
2026-10-02T05:47:22Z [3,955ms] [Warning] [carb.audio.device] audio device is misconfigured or broken {deviceIndex = 0, name = 'default'} (The device is likely misconfigured, check your $HOME/.asoundrc)
2026-10-02T05:47:22Z [3,955ms] [Warning] [carb.audio.output] failed to retrieve the capabilities for device 0 {result = eDeviceLost (2)}
2026-10-02T05:47:22Z [3,955ms] [Warning] [carb.audio.context] failed to set the requested output during context creation.  Using a null streamer instead {result = eDeviceLost (2)}
2026-10-02T05:47:22Z [3,971ms] [Warning] [omni.fabric.plugin] Warning: attribute viewportHandle not found for bucket id 9

[4.010s] app ready
Starting kit application with the following args:  ['/isaac-sim/exts/isaacsim.simulation_app/isaacsim/simulation_app/simulation_app.py', '/isaac-sim/apps/isaacsim.exp.base.python.kit', '--/app/tokens/exe-path=/isaac-sim/kit', '--/persistent/app/viewport/displayOptions=3094', '--/rtx/materialDb/syncLoads=True', '--/rtx/hydra/materialSyncLoads=True', '--/omni.kit.plugin/syncUsdLoads=True', '--/app/renderer/resolution/width=1280', '--/app/renderer/resolution/height=720', '--/app/window/width=1440', '--/app/window/height=900', '--/renderer/multiGpu/enabled=True', '--/app/fastShutdown=True', '--/app/installSignalHandlers=0', '--ext-folder', '/isaac-sim/exts', '--ext-folder', '/isaac-sim/apps', '--/physics/cudaDevice=0', '--/plugins/carb.tasking.plugin/threadCount=32', '--/plugins/omni.tbb.globalcontrol/maxThreadCount=32', '--portable', '--no-window', '--/app/window/hideUi=1', '--allow-root']
Passing the following args to the base kit application:  ['--carton', '/isaac-sim/test_scripts/manip_fr3/handoff_20260929/work/carton_w131.usd', '--out', '/isaac-sim/test_scripts/manip_fr3/handoff_20260929/work/yield/under', '--name', 'under', '--target_deg', '6.4458', '--settle_s', '8.0']
Warp 1.8.2 initialized:
   CUDA Toolkit 12.8, Driver 13.0
   Devices:
     "cpu"      : "x86_64"
     "cuda:0"   : "NVIDIA GeForce RTX 5090" (31 GiB, sm_120, mempool enabled)
   Kernel cache:
     /root/.cache/warp/1.8.2
Warp DeprecationWarning: The `warp.sim` module is deprecated and will be removed in v1.10. Please transition to using the forthcoming Newton library instead.
[isaacsim.replicator.incident] started
sidecar /isaac-sim/test_scripts/manip_fr3/handoff_20260929/work/carton_w131.meta.json (builder make_carton_P/2026-08-17)
tune=v2 k=3.20 My0=0.60 H=0.85 clip=3.0 | 降伏角 My0/k = 10.74 度(與軟硬倍率無關)
力上限 30.0 N;力臂 上層 0.1105 下層 0.1150 m -> 力矩上限 3.315 / 3.450 N*m
============================================================================
yield_run  target 6.45 deg  tune v2  降伏角 10.74 deg  目標/降伏 = 0.60 倍
步1 靜置(靜置判準)
  fxp tilt-1.63 fxn tilt-1.65 fyp tilt-0.56 fyn tilt-0.56
步1b 方向校正(實測)
  fxp: +0.30 N*m 重心 z -0.0054 -> 往箱內 = 正向
  fxn: +0.30 N*m 重心 z -0.0054 -> 往箱內 = 正向
  fyp: +0.30 N*m 重心 z -0.0022 -> 往箱內 = 正向
  fyn: +0.30 N*m 重心 z -0.0022 -> 往箱內 = 正向
步1c 起點展示 1.0 s
  起點 Z: fyp=0.000 fyn=2.289
步2 準靜態加壓到 6.45 deg(ramp_to,tau_step 0.003,每 20 步擷一幀)
  ramp_to 回傳 峰值 6.45 deg @ 0.372 N*m  力上限 False  靠住 False  步數 3705(sim 15.4 s)
步3 保持 1.0 s(力矩不變)
  放開那一刻 X: fyp=6.663 fyn=8.952 | 加壓+保持期間最大 fyp=6.663 fyn=8.952 | 保持中爬行 fyp=+0.200 fyn=+0.200
  保持時的推力矩 fyp=-0.3720 N*m fyn=-0.3720 N*m
步4 放開(推力矩歸零),前 0.50 s 每 1 步擷一幀
  放開後 0.50 s 角度: fyp=0.021 fyn=2.310
步5 靜置 7.5 s(固定,不提早結束),每 4 步擷一幀
============================================================================
結果(under,主角 fyp)
  起點 Z = 0.00 deg   壓到 X = 6.66 deg(目標 6.45)   停在 Y = 0.00 deg   |Y-Z| = 0.00 deg
  最後 3 s 角度變化 0.001 deg   目前靜置判準 True   模型預測留住 0.00 deg
  另一片 fyn: Z 2.29  X 8.95  Y 2.29  |Y-Z| 0.00  最後3s 0.000
  判準 {'resid_lt_2': True, 'last3_lt_1': True} -> PASS
WROTE under_steps.csv rows=7493
WROTE under_frames.json frames=907
WROTE under_raw.mp4 frames=907  (3D 原始,交給 compose 疊圖表)
WROTE under_result.json   wall 41 s
[5.890s] Simulation App Startup Complete
2026-10-02T05:47:25Z [7,029ms] [Warning] [isaacsim.sensors.camera.camera] 'verticalAperture' (1.5290800094604493) and 'horizontalAperture' (2.0954999923706055) are inconsistent with the pixel resolution aspect ratio (1.475). Setting 'verticalAperture' to 1.420677960929224 to ensure square pixels.
2026-10-02T05:47:25Z [7,054ms] [Warning] [omni.fabric.plugin] USD->Fabric: Unhandled array type string[]
2026-10-02T05:47:25Z [7,058ms] [Warning] [usdrt.population.plugin] [UsdNoticeHandler] Unhandled attribute type VtArray<std::string> (prim attribute: omni:rtx:material:db:flattener:reflection_roughness_constant)
2026-10-02T05:47:25Z [7,058ms] [Warning] [usdrt.population.plugin] [UsdNoticeHandler] Unhandled attribute type VtArray<std::string> (prim attribute: omni:rtx:material:db:flattener:ior_constant)
2026-10-02T05:47:25Z [7,059ms] [Warning] [usdrt.population.plugin] [UsdNoticeHandler] Unhandled attribute type VtArray<std::string> (prim attribute: omni:rtx:material:db:flattener:transmittance_color)
2026-10-02T05:47:26Z [7,938ms] [Warning] [omni.syntheticdata.plugin] OgnSdPostRenderVarToHost : rendervar copy from texture directly to host buffer is counter-performant. Please use copy from texture to device buffer first.
2026-10-02T05:47:26Z [7,980ms] [Warning] [omni.physx.plugin] Lower angle limit on a revolute D6 joint was clamped to -180 degrees. /World/Carton/crease_fxp
2026-10-02T05:47:26Z [7,980ms] [Warning] [omni.physx.plugin] Upper angle limit on a revolute D6 joint was clamped to 180 degrees. /World/Carton/crease_fxp
2026-10-02T05:47:26Z [7,980ms] [Warning] [omni.physx.plugin] Lower angle limit on a revolute D6 joint was clamped to -180 degrees. /World/Carton/crease_fxn
2026-10-02T05:47:26Z [7,980ms] [Warning] [omni.physx.plugin] Upper angle limit on a revolute D6 joint was clamped to 180 degrees. /World/Carton/crease_fxn
2026-10-02T05:47:26Z [7,980ms] [Warning] [omni.physx.plugin] Lower angle limit on a revolute D6 joint was clamped to -180 degrees. /World/Carton/crease_fyp
2026-10-02T05:47:26Z [7,980ms] [Warning] [omni.physx.plugin] Upper angle limit on a revolute D6 joint was clamped to 180 degrees. /World/Carton/crease_fyp
2026-10-02T05:47:26Z [7,980ms] [Warning] [omni.physx.plugin] Lower angle limit on a revolute D6 joint was clamped to -180 degrees. /World/Carton/crease_fyn
2026-10-02T05:47:26Z [7,980ms] [Warning] [omni.physx.plugin] Upper angle limit on a revolute D6 joint was clamped to 180 degrees. /World/Carton/crease_fyn
2026-10-02T05:47:26Z [7,989ms] [Warning] [carb] Plugin interface for a client: omni.hydratexture.plugin was already released.
2026-10-02T05:47:27Z [8,348ms] [Warning] [omni.syntheticdata.plugin] SdRenderVarPtr missing valid input renderVar LdrColorSDhost
2026-10-02T05:47:28Z [9,657ms] [Warning] [carb] Client gpu.foundation.plugin has acquired [gpu::unstable::IMemoryBudgetManagerFactory v0.1] 100 times. Consider accessing this interface with carb::getCachedInterface() (Performance warning)
2026-10-02T05:48:00Z [41,583ms] [Warning] [carb] Plugin interface for a client: omni.hydratexture.plugin was already released.
2026-10-02T05:48:00Z [41,583ms] [Warning] [omni.usd] Unexpected reference count of 2 for UsdStage 'anon:0x3e577480:World0.usd' while being closed in UsdContext (this may indicate it is still resident in memory).
[41.647s] Simulation App Shutting Down
exit=0
